<?xml version="1.0" encoding="UTF-8"?>
<testsuites name="jest tests" tests="962" failures="489" errors="0" time="32.209">
  <testsuite name="test/integration/socket-io-real-data.test.mjs" errors="0" failures="0" skipped="9" timestamp="2025-08-20T11:47:17" time="0.374" tests="9">
    <testcase classname="🔌 Socket.IO Real Data Integration Tests › 🚀 Connection and Session Management" name="should establish Socket.IO connection with real session data" time="0">
      <skipped/>
    </testcase>
    <testcase classname="🔌 Socket.IO Real Data Integration Tests › 🚀 Connection and Session Management" name="should register session with real session ID" time="0">
      <skipped/>
    </testcase>
    <testcase classname="🔌 Socket.IO Real Data Integration Tests › 📊 Real-time Progress Tracking" name="should track progress for small dataset import" time="0">
      <skipped/>
    </testcase>
    <testcase classname="🔌 Socket.IO Real Data Integration Tests › 📊 Real-time Progress Tracking" name="should handle progress updates for medium dataset" time="0">
      <skipped/>
    </testcase>
    <testcase classname="🔌 Socket.IO Real Data Integration Tests › 🚨 Error Handling with Real Data" name="should handle invalid data and report errors via Socket.IO" time="0">
      <skipped/>
    </testcase>
    <testcase classname="🔌 Socket.IO Real Data Integration Tests › 🚨 Error Handling with Real Data" name="should handle connection drops and reconnection" time="0">
      <skipped/>
    </testcase>
    <testcase classname="🔌 Socket.IO Real Data Integration Tests › ⚡ Performance Testing" name="should handle large dataset progress updates efficiently" time="0">
      <skipped/>
    </testcase>
    <testcase classname="🔌 Socket.IO Real Data Integration Tests › ⚡ Performance Testing" name="should handle multiple concurrent sessions" time="0">
      <skipped/>
    </testcase>
    <testcase classname="🔌 Socket.IO Real Data Integration Tests › 🔄 Real-world Scenarios" name="should simulate complete import workflow with real data" time="0">
      <skipped/>
    </testcase>
  </testsuite>
  <testsuite name="test/socket-io-comprehensive.test.js" errors="0" failures="0" skipped="19" timestamp="2025-08-20T11:47:17" time="0.418" tests="19">
    <testcase classname="Socket.IO and WebSocket Comprehensive Testing › Server Status Check" name="Server should be running and accessible" time="0">
      <skipped/>
    </testcase>
    <testcase classname="Socket.IO and WebSocket Comprehensive Testing › Server Status Check" name="Socket.IO endpoint should be available" time="0">
      <skipped/>
    </testcase>
    <testcase classname="Socket.IO and WebSocket Comprehensive Testing › Socket.IO Connection Tests" name="Should establish Socket.IO connection" time="0">
      <skipped/>
    </testcase>
    <testcase classname="Socket.IO and WebSocket Comprehensive Testing › Socket.IO Connection Tests" name="Should receive connection confirmation" time="0">
      <skipped/>
    </testcase>
    <testcase classname="Socket.IO and WebSocket Comprehensive Testing › Socket.IO Connection Tests" name="Should handle session-based events" time="0">
      <skipped/>
    </testcase>
    <testcase classname="Socket.IO and WebSocket Comprehensive Testing › WebSocket Fallback Tests" name="Should establish WebSocket connection as fallback" time="0">
      <skipped/>
    </testcase>
    <testcase classname="Socket.IO and WebSocket Comprehensive Testing › WebSocket Fallback Tests" name="Should send and receive WebSocket messages" time="0">
      <skipped/>
    </testcase>
    <testcase classname="Socket.IO and WebSocket Comprehensive Testing › Connection Manager Tests" name="Should handle connection manager status" time="0">
      <skipped/>
    </testcase>
    <testcase classname="Socket.IO and WebSocket Comprehensive Testing › Connection Manager Tests" name="Should handle connection statistics" time="0">
      <skipped/>
    </testcase>
    <testcase classname="Socket.IO and WebSocket Comprehensive Testing › Event Broadcasting Tests" name="Should broadcast progress events" time="0">
      <skipped/>
    </testcase>
    <testcase classname="Socket.IO and WebSocket Comprehensive Testing › Event Broadcasting Tests" name="Should broadcast completion events" time="0">
      <skipped/>
    </testcase>
    <testcase classname="Socket.IO and WebSocket Comprehensive Testing › Event Broadcasting Tests" name="Should broadcast error events" time="0">
      <skipped/>
    </testcase>
    <testcase classname="Socket.IO and WebSocket Comprehensive Testing › Error Handling and Recovery Tests" name="Should handle Socket.IO disconnection gracefully" time="0">
      <skipped/>
    </testcase>
    <testcase classname="Socket.IO and WebSocket Comprehensive Testing › Error Handling and Recovery Tests" name="Should handle WebSocket disconnection gracefully" time="0">
      <skipped/>
    </testcase>
    <testcase classname="Socket.IO and WebSocket Comprehensive Testing › Error Handling and Recovery Tests" name="Should handle connection timeouts" time="0">
      <skipped/>
    </testcase>
    <testcase classname="Socket.IO and WebSocket Comprehensive Testing › Performance and Load Tests" name="Should handle multiple concurrent connections" time="0">
      <skipped/>
    </testcase>
    <testcase classname="Socket.IO and WebSocket Comprehensive Testing › Performance and Load Tests" name="Should handle rapid event broadcasting" time="0">
      <skipped/>
    </testcase>
    <testcase classname="Socket.IO and WebSocket Comprehensive Testing › Integration Tests" name="Should handle import operation with real-time updates" time="0">
      <skipped/>
    </testcase>
    <testcase classname="Socket.IO and WebSocket Comprehensive Testing › Integration Tests" name="Should handle export operation with real-time updates" time="0">
      <skipped/>
    </testcase>
  </testsuite>
  <testsuite name="test/integration/comprehensive-startup-suite.test.mjs" errors="0" failures="0" skipped="20" timestamp="2025-08-20T11:47:17" time="0.532" tests="20">
    <testcase classname="🚀 Comprehensive Startup and System Tests › 📋 Startup Phase Testing" name="Server should start successfully with all phases" time="0">
      <skipped/>
    </testcase>
    <testcase classname="🚀 Comprehensive Startup and System Tests › 📋 Startup Phase Testing" name="Health check should be available after startup" time="0">
      <skipped/>
    </testcase>
    <testcase classname="🚀 Comprehensive Startup and System Tests › 📋 Startup Phase Testing" name="All critical services should be initialized" time="0">
      <skipped/>
    </testcase>
    <testcase classname="🚀 Comprehensive Startup and System Tests › 🔗 Service Dependencies" name="Express server should be running" time="0">
      <skipped/>
    </testcase>
    <testcase classname="🚀 Comprehensive Startup and System Tests › 🔗 Service Dependencies" name="Static file serving should work" time="0">
      <skipped/>
    </testcase>
    <testcase classname="🚀 Comprehensive Startup and System Tests › 🔗 Service Dependencies" name="API routes should be mounted" time="0">
      <skipped/>
    </testcase>
    <testcase classname="🚀 Comprehensive Startup and System Tests › 🔧 Configuration Loading" name="Environment variables should be loaded" time="0">
      <skipped/>
    </testcase>
    <testcase classname="🚀 Comprehensive Startup and System Tests › 🔧 Configuration Loading" name="Default settings should be available" time="0">
      <skipped/>
    </testcase>
    <testcase classname="🚀 Comprehensive Startup and System Tests › 🌐 Network and Connectivity" name="Server should bind to correct port" time="0">
      <skipped/>
    </testcase>
    <testcase classname="🚀 Comprehensive Startup and System Tests › 🌐 Network and Connectivity" name="CORS should be configured" time="0">
      <skipped/>
    </testcase>
    <testcase classname="🚀 Comprehensive Startup and System Tests › 🌐 Network and Connectivity" name="Request parsing should work" time="0">
      <skipped/>
    </testcase>
    <testcase classname="🚀 Comprehensive Startup and System Tests › 📊 Performance and Resource Usage" name="Server should start within reasonable time" time="0">
      <skipped/>
    </testcase>
    <testcase classname="🚀 Comprehensive Startup and System Tests › 📊 Performance and Resource Usage" name="Memory usage should be reasonable" time="0">
      <skipped/>
    </testcase>
    <testcase classname="🚀 Comprehensive Startup and System Tests › 📊 Performance and Resource Usage" name="Response times should be acceptable" time="0">
      <skipped/>
    </testcase>
    <testcase classname="🚀 Comprehensive Startup and System Tests › 🔌 Real-time Communication" name="Socket.IO should be available" time="0">
      <skipped/>
    </testcase>
    <testcase classname="🚀 Comprehensive Startup and System Tests › 🔌 Real-time Communication" name="WebSocket upgrade should be supported" time="0">
      <skipped/>
    </testcase>
    <testcase classname="🚀 Comprehensive Startup and System Tests › 🛡️ Security and Error Handling" name="Should handle malformed requests gracefully" time="0">
      <skipped/>
    </testcase>
    <testcase classname="🚀 Comprehensive Startup and System Tests › 🛡️ Security and Error Handling" name="Should return proper 404 for non-existent routes" time="0">
      <skipped/>
    </testcase>
    <testcase classname="🚀 Comprehensive Startup and System Tests › 🛡️ Security and Error Handling" name="Should handle server errors gracefully" time="0">
      <skipped/>
    </testcase>
    <testcase classname="🚀 Comprehensive Startup and System Tests › 🔄 Graceful Shutdown" name="Server should handle SIGTERM gracefully" time="0">
      <skipped/>
    </testcase>
  </testsuite>
  <testsuite name="test/integration/route-availability.test.js" errors="0" failures="4" skipped="0" timestamp="2025-08-20T11:47:17" time="1.834" tests="30">
    <testcase classname="Route Availability Integration Tests › Critical API Routes" name="should respond to get /api/health" time="0.02">
    </testcase>
    <testcase classname="Route Availability Integration Tests › Critical API Routes" name="should respond to get /api/version" time="0.006">
    </testcase>
    <testcase classname="Route Availability Integration Tests › Critical API Routes" name="should respond to get /api/settings" time="0.007">
    </testcase>
    <testcase classname="Route Availability Integration Tests › Critical API Routes" name="should respond to get /api/logs/ui" time="0.397">
    </testcase>
    <testcase classname="Route Availability Integration Tests › Critical API Routes" name="should respond to get /api/auth/status" time="0.004">
    </testcase>
    <testcase classname="Route Availability Integration Tests › Critical API Routes" name="should respond to get /api/auth/current-credentials" time="0.003">
    </testcase>
    <testcase classname="Route Availability Integration Tests › Critical API Routes" name="should respond to get /api/import/status" time="0.002">
    </testcase>
    <testcase classname="Route Availability Integration Tests › Critical API Routes" name="should respond to get /api/export/status" time="0.001">
    </testcase>
    <testcase classname="Route Availability Integration Tests › Critical API Routes" name="should respond to get /api/history" time="0.004">
    </testcase>
    <testcase classname="Route Availability Integration Tests › Critical API Routes" name="should respond to get /api/debug-log" time="0.037">
    </testcase>
    <testcase classname="Route Availability Integration Tests › POST Route Availability" name="should respond to POST /api/logs" time="0.009">
    </testcase>
    <testcase classname="Route Availability Integration Tests › POST Route Availability" name="should respond to POST /api/auth/refresh-token" time="0.003">
    </testcase>
    <testcase classname="Route Availability Integration Tests › POST Route Availability" name="should respond to POST /api/import/start" time="0.002">
    </testcase>
    <testcase classname="Route Availability Integration Tests › POST Route Availability" name="should respond to POST /api/export/start" time="0.002">
    </testcase>
    <testcase classname="Route Availability Integration Tests › Route Response Format" name="health endpoint should return JSON with status" time="0.003">
      <failure>Error: expect(received).toHaveProperty(path)

Expected path: &quot;status&quot;
Received path: []

Received value: {&quot;data&quot;: {&quot;checks&quot;: {&quot;environment&quot;: &quot;test&quot;, &quot;memory&quot;: {&quot;arrayBuffers&quot;: 5407388, &quot;external&quot;: 8074045, &quot;heapTotal&quot;: 219512832, &quot;heapUsed&quot;: 186752752, &quot;rss&quot;: 343343104}, &quot;requestId&quot;: &quot;req_1755690438677_jj53xviat&quot;, &quot;server&quot;: true, &quot;settings&quot;: true, &quot;timestamp&quot;: &quot;2025-08-20T11:47:18.677Z&quot;, &quot;tokenManager&quot;: false, &quot;tokenStatus&quot;: &quot;unavailable&quot;, &quot;uptime&quot;: 2.136869666}, &quot;responseTime&quot;: &quot;0ms&quot;, &quot;status&quot;: &quot;healthy&quot;}, &quot;message&quot;: &quot;Health check completed successfully&quot;, &quot;requestId&quot;: &quot;req_1755690438677_jj53xviat&quot;, &quot;success&quot;: true, &quot;timestamp&quot;: &quot;2025-08-20T11:47:18.677Z&quot;}
    at Object.&lt;anonymous&gt; (/Users/cmuir/P1Import-apps/P1-import-Subsystem/test/integration/route-availability.test.js:116:35)
    at processTicksAndRejections (node:internal/process/task_queues:105:5)</failure>
    </testcase>
    <testcase classname="Route Availability Integration Tests › Route Response Format" name="version endpoint should return JSON with version" time="0.002">
    </testcase>
    <testcase classname="Route Availability Integration Tests › Route Response Format" name="settings endpoint should return JSON" time="0.005">
    </testcase>
    <testcase classname="Route Availability Integration Tests › Route Response Format" name="logs UI endpoint should return JSON with logs array" time="0.406">
      <failure>Error: expect(received).toHaveProperty(path)

Expected path: &quot;logs&quot;
Received path: []

Received value: {&quot;data&quot;: {&quot;filtered&quot;: false, &quot;limit&quot;: 100, &quot;logs&quot;: [{&quot;level&quot;: &quot;info&quot;, &quot;message&quot;: &quot;[CLIENT] undefined&quot;, &quot;meta&quot;: {}, &quot;source&quot;: &quot;combined.log&quot;, &quot;timestamp&quot;: &quot;2025-08-20T11:47:18.668Z&quot;}, {&quot;level&quot;: &quot;error&quot;, &quot;message&quot;: &quot;invalid csrf token&quot;, &quot;meta&quot;: {}, &quot;source&quot;: &quot;combined.log&quot;, &quot;timestamp&quot;: &quot;2025-08-20 06:47:18.115&quot;}, {&quot;level&quot;: &quot;error&quot;, &quot;message&quot;: &quot;invalid csrf token&quot;, &quot;meta&quot;: {}, &quot;source&quot;: &quot;application.log&quot;, &quot;timestamp&quot;: &quot;2025-08-20 06:47:18.115&quot;}, {&quot;level&quot;: &quot;error&quot;, &quot;message&quot;: &quot;invalid csrf token&quot;, &quot;meta&quot;: {}, &quot;source&quot;: &quot;error.log&quot;, &quot;timestamp&quot;: &quot;2025-08-20 06:47:18.114&quot;}, {&quot;level&quot;: &quot;info&quot;, &quot;message&quot;: &quot;Performance Metric&quot;, &quot;meta&quot;: {}, &quot;source&quot;: &quot;combined.log&quot;, &quot;timestamp&quot;: &quot;2025-08-20 06:47:17.988&quot;}, {&quot;level&quot;: &quot;info&quot;, &quot;message&quot;: &quot;Health check completed&quot;, &quot;meta&quot;: {}, &quot;source&quot;: &quot;combined.log&quot;, &quot;timestamp&quot;: &quot;2025-08-20 06:47:17.988&quot;}, {&quot;level&quot;: &quot;info&quot;, &quot;message&quot;: &quot;Performance Metric&quot;, &quot;meta&quot;: {}, &quot;source&quot;: &quot;application.log&quot;, &quot;timestamp&quot;: &quot;2025-08-20 06:47:17.988&quot;}, {&quot;level&quot;: &quot;info&quot;, &quot;message&quot;: &quot;Health check completed&quot;, &quot;meta&quot;: {}, &quot;source&quot;: &quot;application.log&quot;, &quot;timestamp&quot;: &quot;2025-08-20 06:47:17.988&quot;}, {&quot;level&quot;: &quot;info&quot;, &quot;message&quot;: &quot;✅ Route Health Check PASSED&quot;, &quot;meta&quot;: {}, &quot;source&quot;: &quot;combined.log&quot;, &quot;timestamp&quot;: &quot;2025-08-20 06:46:41.584&quot;}, {&quot;level&quot;: &quot;debug&quot;, &quot;message&quot;: &quot;📋 All Registered Routes:&quot;, &quot;meta&quot;: {}, &quot;source&quot;: &quot;combined.log&quot;, &quot;timestamp&quot;: &quot;2025-08-20 06:46:41.584&quot;}, …], &quot;total&quot;: 61761}, &quot;message&quot;: &quot;Logs retrieved successfully&quot;, &quot;requestId&quot;: &quot;req_1755690438688_3akavhmyg&quot;, &quot;success&quot;: true, &quot;timestamp&quot;: &quot;2025-08-20T11:47:19.091Z&quot;}
    at Object.&lt;anonymous&gt; (/Users/cmuir/P1Import-apps/P1-import-Subsystem/test/integration/route-availability.test.js:140:35)
    at processTicksAndRejections (node:internal/process/task_queues:105:5)</failure>
    </testcase>
    <testcase classname="Route Availability Integration Tests › Route Error Handling" name="non-existent routes should return 404" time="0.003">
    </testcase>
    <testcase classname="Route Availability Integration Tests › Route Error Handling" name="malformed requests should not crash server" time="0.002">
    </testcase>
    <testcase classname="Route Availability Integration Tests › Route Performance" name="health endpoint should respond quickly" time="0.002">
    </testcase>
    <testcase classname="Route Availability Integration Tests › Route Performance" name="version endpoint should respond quickly" time="0.002">
    </testcase>
    <testcase classname="Route Availability Integration Tests › Route Security" name="should include security headers" time="0.002">
    </testcase>
    <testcase classname="Route Availability Integration Tests › Route Security" name="should handle CORS properly" time="0.002">
    </testcase>
    <testcase classname="Route Availability Integration Tests › Route Consistency" name="all API routes should return JSON content-type" time="0.387">
    </testcase>
    <testcase classname="Route Availability Integration Tests › Route Consistency" name="error responses should have consistent format" time="0.003">
    </testcase>
    <testcase classname="Route Health Check System" name="should detect all critical routes" time="0.006">
      <failure>Error: expect(received).toBe(expected) // Object.is equality

Expected: true
Received: false
    at Object.&lt;anonymous&gt; (/Users/cmuir/P1Import-apps/P1-import-Subsystem/test/integration/route-availability.test.js:243:32)
    at processTicksAndRejections (node:internal/process/task_queues:105:5)</failure>
    </testcase>
    <testcase classname="Route Health Check System" name="should generate comprehensive route report" time="0.003">
    </testcase>
    <testcase classname="Memory Monitoring Integration" name="should provide memory status" time="0.001">
    </testcase>
    <testcase classname="Memory Monitoring Integration" name="should detect memory usage levels" time="0">
      <failure>TypeError: getCurrentMemoryUsage is not a function
    at Object.&lt;anonymous&gt; (/Users/cmuir/P1Import-apps/P1-import-Subsystem/test/integration/route-availability.test.js:275:23)
    at processTicksAndRejections (node:internal/process/task_queues:105:5)</failure>
    </testcase>
  </testsuite>
  <testsuite name="test/debug/comprehensive-debug.test.js" errors="0" failures="1" skipped="0" timestamp="2025-08-20T11:47:17" time="2.368" tests="7">
    <testcase classname="Comprehensive Debug Test Suite › StartupOptimizer Comprehensive Testing" name="should initialize with detailed performance monitoring" time="0.271">
    </testcase>
    <testcase classname="Comprehensive Debug Test Suite › StartupOptimizer Comprehensive Testing" name="should handle errors gracefully with detailed logging" time="0.006">
    </testcase>
    <testcase classname="Comprehensive Debug Test Suite › StartupOptimizer Comprehensive Testing" name="should handle concurrent initialization attempts" time="0.283">
    </testcase>
    <testcase classname="Comprehensive Debug Test Suite › ErrorHandler Comprehensive Testing" name="should handle various error types with detailed classification" time="0.01">
    </testcase>
    <testcase classname="Comprehensive Debug Test Suite › ErrorHandler Comprehensive Testing" name="should handle retry logic with exponential backoff" time="1.006">
      <failure>Error: expect(received).toBe(expected) // Object.is equality

Expected: true
Received: false
    at Object.&lt;anonymous&gt; (/Users/cmuir/P1Import-apps/P1-import-Subsystem/test/debug/comprehensive-debug.test.js:464:36)</failure>
    </testcase>
    <testcase classname="Comprehensive Debug Test Suite › Integration Testing" name="should handle end-to-end startup optimization flow" time="0.343">
    </testcase>
    <testcase classname="Comprehensive Debug Test Suite › Performance and Load Testing" name="should handle multiple rapid health checks without degradation" time="0.206">
    </testcase>
  </testsuite>
  <testsuite name="test/api/comprehensive-api-suite.test.mjs" errors="0" failures="19" skipped="0" timestamp="2025-08-20T11:47:17" time="2.561" tests="23">
    <testcase classname="🔍 Comprehensive API Test Suite › 📊 Health and Status Endpoints" name="GET /api/health - should return system health" time="0.01">
      <failure>Error: expect(received).toHaveProperty(path)

Expected path: &quot;status&quot;
Received path: []

Received value: {&quot;data&quot;: {&quot;checks&quot;: {&quot;memory&quot;: &quot;ok&quot;, &quot;pingOneConfigured&quot;: &quot;ok&quot;, &quot;pingOneConnected&quot;: &quot;error&quot;, &quot;startupOptimization&quot;: &quot;warn&quot;, &quot;tokenAcquisition&quot;: &quot;error&quot;, &quot;websocket&quot;: &quot;ok&quot;}, &quot;optimization&quot;: {&quot;isInitialized&quot;: false, &quot;status&quot;: &quot;initializing&quot;, &quot;tokenCached&quot;: null, &quot;tokenStatus&quot;: {&quot;environmentId&quot;: null, &quot;expiresIn&quot;: 0, &quot;hasToken&quot;: false, &quot;isValid&quot;: false, &quot;lastUpdated&quot;: null, &quot;region&quot;: null}}, &quot;server&quot;: {&quot;isInitialized&quot;: false, &quot;isInitializing&quot;: false, &quot;pingOne&quot;: {&quot;environmentId&quot;: &quot;configured&quot;, &quot;hasRequiredConfig&quot;: &quot;test-environment-id&quot;, &quot;initialized&quot;: false, &quot;region&quot;: &quot;NA&quot;}, &quot;pingOneInitialized&quot;: false}, &quot;status&quot;: &quot;degraded&quot;, &quot;system&quot;: {&quot;env&quot;: &quot;test&quot;, &quot;memory&quot;: {&quot;arrayBuffers&quot;: 119791, &quot;external&quot;: 3770621, &quot;heapTotal&quot;: 128040960, &quot;heapUsed&quot;: 92106640, &quot;rss&quot;: 212795392}, &quot;memoryUsage&quot;: &quot;72%&quot;, &quot;node&quot;: &quot;v22.16.0&quot;, &quot;pid&quot;: 72921, &quot;platform&quot;: &quot;darwin&quot;}, &quot;timestamp&quot;: &quot;2025-08-20T11:47:18.812Z&quot;, &quot;token&quot;: {&quot;environmentId&quot;: null, &quot;expiresIn&quot;: 0, &quot;hasToken&quot;: false, &quot;isValid&quot;: false, &quot;region&quot;: null}, &quot;uptime&quot;: 1.007853291}, &quot;message&quot;: &quot;Operation completed successfully&quot;, &quot;requestId&quot;: &quot;req_1755690438812_ult1d42ut&quot;, &quot;success&quot;: true, &quot;timestamp&quot;: &quot;2025-08-20T11:47:18.812Z&quot;}
    at Object.&lt;anonymous&gt; (/Users/cmuir/P1Import-apps/P1-import-Subsystem/test/api/comprehensive-api-suite.test.mjs:82:35)
    at processTicksAndRejections (node:internal/process/task_queues:105:5)</failure>
    </testcase>
    <testcase classname="🔍 Comprehensive API Test Suite › 📊 Health and Status Endpoints" name="GET /api/bundle-info - should return bundle information" time="0.006">
      <failure>Error: expect(received).toContain(expected) // indexOf

Expected value: 500
Received array: [200, 404]
    at Object.&lt;anonymous&gt; (/Users/cmuir/P1Import-apps/P1-import-Subsystem/test/api/comprehensive-api-suite.test.mjs:96:32)
    at processTicksAndRejections (node:internal/process/task_queues:105:5)</failure>
    </testcase>
    <testcase classname="🔍 Comprehensive API Test Suite › 📊 Health and Status Endpoints" name="GET /api/bundle-health - should return bundle health status" time="0.004">
      <failure>Error: expect(received).toContain(expected) // indexOf

Expected value: 500
Received array: [200, 404]
    at Object.&lt;anonymous&gt; (/Users/cmuir/P1Import-apps/P1-import-Subsystem/test/api/comprehensive-api-suite.test.mjs:112:32)
    at processTicksAndRejections (node:internal/process/task_queues:105:5)</failure>
    </testcase>
    <testcase classname="🔍 Comprehensive API Test Suite › ⚙️ Settings Management Endpoints" name="GET /api/settings - should return current settings" time="0.008">
    </testcase>
    <testcase classname="🔍 Comprehensive API Test Suite › ⚙️ Settings Management Endpoints" name="POST /api/settings - should handle settings update" time="0.002">
      <failure>Error: expect(received).toContain(expected) // indexOf

Expected value: 403
Received array: [200, 400, 401]
    at Object.&lt;anonymous&gt; (/Users/cmuir/P1Import-apps/P1-import-Subsystem/test/api/comprehensive-api-suite.test.mjs:145:37)
    at processTicksAndRejections (node:internal/process/task_queues:105:5)</failure>
    </testcase>
    <testcase classname="🔍 Comprehensive API Test Suite › 🔐 Authentication Endpoints" name="GET /api/v1/auth/status - should return auth status" time="0.003">
      <failure>Error: expect(received).toHaveProperty(path)

Expected path: &quot;status&quot;
Received path: []

Received value: {&quot;data&quot;: {&quot;hasToken&quot;: false, &quot;status&quot;: &quot;No token available&quot;, &quot;timestamp&quot;: &quot;2025-08-20T11:47:18.838Z&quot;}, &quot;message&quot;: &quot;Operation completed successfully&quot;, &quot;requestId&quot;: &quot;req_1755690438837_rj7vprysc&quot;, &quot;success&quot;: true, &quot;timestamp&quot;: &quot;2025-08-20T11:47:18.838Z&quot;}
    at Object.&lt;anonymous&gt; (/Users/cmuir/P1Import-apps/P1-import-Subsystem/test/api/comprehensive-api-suite.test.mjs:168:39)
    at processTicksAndRejections (node:internal/process/task_queues:105:5)</failure>
    </testcase>
    <testcase classname="🔍 Comprehensive API Test Suite › 🔐 Authentication Endpoints" name="POST /api/v1/auth/validate-credentials - should validate credentials" time="0.004">
      <failure>Error: expect(received).toContain(expected) // indexOf

Expected value: 403
Received array: [200, 400, 401, 404]
    at Object.&lt;anonymous&gt; (/Users/cmuir/P1Import-apps/P1-import-Subsystem/test/api/comprehensive-api-suite.test.mjs:188:42)
    at processTicksAndRejections (node:internal/process/task_queues:105:5)</failure>
    </testcase>
    <testcase classname="🔍 Comprehensive API Test Suite › 🔑 Token Management Endpoints" name="POST /api/token - should handle token requests" time="0.003">
      <failure>Error: expect(received).toContain(expected) // indexOf

Expected value: 403
Received array: [200, 401, 404, 500]
    at Object.&lt;anonymous&gt; (/Users/cmuir/P1Import-apps/P1-import-Subsystem/test/api/comprehensive-api-suite.test.mjs:204:42)
    at processTicksAndRejections (node:internal/process/task_queues:105:5)</failure>
    </testcase>
    <testcase classname="🔍 Comprehensive API Test Suite › 🔑 Token Management Endpoints" name="POST /api/pingone/get-token - should handle PingOne token requests" time="0.002">
      <failure>Error: expect(received).toContain(expected) // indexOf

Expected value: 403
Received array: [200, 400, 401, 404, 500]
    at Object.&lt;anonymous&gt; (/Users/cmuir/P1Import-apps/P1-import-Subsystem/test/api/comprehensive-api-suite.test.mjs:223:47)
    at processTicksAndRejections (node:internal/process/task_queues:105:5)</failure>
    </testcase>
    <testcase classname="🔍 Comprehensive API Test Suite › 🔑 Token Management Endpoints" name="GET /api/pingone/test-connection - should test PingOne connection" time="0.165">
    </testcase>
    <testcase classname="🔍 Comprehensive API Test Suite › 📝 Logging Endpoints" name="GET /api/logs - should return logs summary" time="0.324">
      <failure>Error: expect(received).toHaveProperty(path)

Expected path: &quot;endpoints&quot;
Received path: []

Received value: {&quot;data&quot;: {&quot;logs&quot;: [{&quot;level&quot;: &quot;info&quot;, &quot;message&quot;: &quot;[CLIENT] undefined&quot;, &quot;meta&quot;: {}, &quot;source&quot;: &quot;combined.log&quot;, &quot;timestamp&quot;: &quot;2025-08-20T11:47:18.668Z&quot;}, {&quot;level&quot;: &quot;error&quot;, &quot;message&quot;: &quot;invalid csrf token&quot;, &quot;meta&quot;: {}, &quot;source&quot;: &quot;application.log&quot;, &quot;timestamp&quot;: &quot;2025-08-20 06:47:18.115&quot;}, {&quot;level&quot;: &quot;error&quot;, &quot;message&quot;: &quot;invalid csrf token&quot;, &quot;meta&quot;: {}, &quot;source&quot;: &quot;combined.log&quot;, &quot;timestamp&quot;: &quot;2025-08-20 06:47:18.115&quot;}, {&quot;level&quot;: &quot;error&quot;, &quot;message&quot;: &quot;invalid csrf token&quot;, &quot;meta&quot;: {}, &quot;source&quot;: &quot;error.log&quot;, &quot;timestamp&quot;: &quot;2025-08-20 06:47:18.114&quot;}, {&quot;level&quot;: &quot;info&quot;, &quot;message&quot;: &quot;Performance Metric&quot;, &quot;meta&quot;: {}, &quot;source&quot;: &quot;application.log&quot;, &quot;timestamp&quot;: &quot;2025-08-20 06:47:17.988&quot;}, {&quot;level&quot;: &quot;info&quot;, &quot;message&quot;: &quot;Health check completed&quot;, &quot;meta&quot;: {}, &quot;source&quot;: &quot;application.log&quot;, &quot;timestamp&quot;: &quot;2025-08-20 06:47:17.988&quot;}, {&quot;level&quot;: &quot;info&quot;, &quot;message&quot;: &quot;Performance Metric&quot;, &quot;meta&quot;: {}, &quot;source&quot;: &quot;combined.log&quot;, &quot;timestamp&quot;: &quot;2025-08-20 06:47:17.988&quot;}, {&quot;level&quot;: &quot;info&quot;, &quot;message&quot;: &quot;Health check completed&quot;, &quot;meta&quot;: {}, &quot;source&quot;: &quot;combined.log&quot;, &quot;timestamp&quot;: &quot;2025-08-20 06:47:17.988&quot;}, {&quot;level&quot;: &quot;info&quot;, &quot;message&quot;: &quot;✅ Route Health Check PASSED&quot;, &quot;meta&quot;: {}, &quot;source&quot;: &quot;application.log&quot;, &quot;timestamp&quot;: &quot;2025-08-20 06:46:41.584&quot;}, {&quot;level&quot;: &quot;info&quot;, &quot;message&quot;: &quot;✅ Route Health Check PASSED&quot;, &quot;meta&quot;: {}, &quot;source&quot;: &quot;combined.log&quot;, &quot;timestamp&quot;: &quot;2025-08-20 06:46:41.584&quot;}, …], &quot;pagination&quot;: {&quot;hasMore&quot;: true, &quot;limit&quot;: 50, &quot;offset&quot;: 0, &quot;total&quot;: 61761}}, &quot;message&quot;: &quot;Logs retrieved successfully&quot;, &quot;requestId&quot;: &quot;req_1755690439015_utane972j&quot;, &quot;success&quot;: true, &quot;timestamp&quot;: &quot;2025-08-20T11:47:19.336Z&quot;}
    at Object.&lt;anonymous&gt; (/Users/cmuir/P1Import-apps/P1-import-Subsystem/test/api/comprehensive-api-suite.test.mjs:257:39)
    at processTicksAndRejections (node:internal/process/task_queues:105:5)</failure>
    </testcase>
    <testcase classname="🔍 Comprehensive API Test Suite › 📝 Logging Endpoints" name="GET /api/logs/ui - should return UI logs" time="0.345">
      <failure>Error: expect(received).toHaveProperty(path)

Expected path: &quot;logs&quot;
Received path: []

Received value: {&quot;data&quot;: {&quot;filtered&quot;: false, &quot;limit&quot;: 100, &quot;logs&quot;: [{&quot;level&quot;: &quot;info&quot;, &quot;message&quot;: &quot;[CLIENT] undefined&quot;, &quot;meta&quot;: {}, &quot;source&quot;: &quot;combined.log&quot;, &quot;timestamp&quot;: &quot;2025-08-20T11:47:18.668Z&quot;}, {&quot;level&quot;: &quot;error&quot;, &quot;message&quot;: &quot;invalid csrf token&quot;, &quot;meta&quot;: {}, &quot;source&quot;: &quot;combined.log&quot;, &quot;timestamp&quot;: &quot;2025-08-20 06:47:18.115&quot;}, {&quot;level&quot;: &quot;error&quot;, &quot;message&quot;: &quot;invalid csrf token&quot;, &quot;meta&quot;: {}, &quot;source&quot;: &quot;application.log&quot;, &quot;timestamp&quot;: &quot;2025-08-20 06:47:18.115&quot;}, {&quot;level&quot;: &quot;error&quot;, &quot;message&quot;: &quot;invalid csrf token&quot;, &quot;meta&quot;: {}, &quot;source&quot;: &quot;error.log&quot;, &quot;timestamp&quot;: &quot;2025-08-20 06:47:18.114&quot;}, {&quot;level&quot;: &quot;info&quot;, &quot;message&quot;: &quot;Performance Metric&quot;, &quot;meta&quot;: {}, &quot;source&quot;: &quot;combined.log&quot;, &quot;timestamp&quot;: &quot;2025-08-20 06:47:17.988&quot;}, {&quot;level&quot;: &quot;info&quot;, &quot;message&quot;: &quot;Health check completed&quot;, &quot;meta&quot;: {}, &quot;source&quot;: &quot;combined.log&quot;, &quot;timestamp&quot;: &quot;2025-08-20 06:47:17.988&quot;}, {&quot;level&quot;: &quot;info&quot;, &quot;message&quot;: &quot;Performance Metric&quot;, &quot;meta&quot;: {}, &quot;source&quot;: &quot;application.log&quot;, &quot;timestamp&quot;: &quot;2025-08-20 06:47:17.988&quot;}, {&quot;level&quot;: &quot;info&quot;, &quot;message&quot;: &quot;Health check completed&quot;, &quot;meta&quot;: {}, &quot;source&quot;: &quot;application.log&quot;, &quot;timestamp&quot;: &quot;2025-08-20 06:47:17.988&quot;}, {&quot;level&quot;: &quot;info&quot;, &quot;message&quot;: &quot;✅ Route Health Check PASSED&quot;, &quot;meta&quot;: {}, &quot;source&quot;: &quot;combined.log&quot;, &quot;timestamp&quot;: &quot;2025-08-20 06:46:41.584&quot;}, {&quot;level&quot;: &quot;debug&quot;, &quot;message&quot;: &quot;📋 All Registered Routes:&quot;, &quot;meta&quot;: {}, &quot;source&quot;: &quot;combined.log&quot;, &quot;timestamp&quot;: &quot;2025-08-20 06:46:41.584&quot;}, …], &quot;total&quot;: 61761}, &quot;message&quot;: &quot;Logs retrieved successfully&quot;, &quot;requestId&quot;: &quot;req_1755690439341_jz4xe20fa&quot;, &quot;success&quot;: true, &quot;timestamp&quot;: &quot;2025-08-20T11:47:19.681Z&quot;}
    at Object.&lt;anonymous&gt; (/Users/cmuir/P1Import-apps/P1-import-Subsystem/test/api/comprehensive-api-suite.test.mjs:273:39)
    at processTicksAndRejections (node:internal/process/task_queues:105:5)</failure>
    </testcase>
    <testcase classname="🔍 Comprehensive API Test Suite › 📝 Logging Endpoints" name="POST /api/logs/ui - should accept log entries" time="0.07">
      <failure>Error: expect(received).toContain(expected) // indexOf

Expected value: 403
Received array: [200, 404]
    at Object.&lt;anonymous&gt; (/Users/cmuir/P1Import-apps/P1-import-Subsystem/test/api/comprehensive-api-suite.test.mjs:293:32)
    at processTicksAndRejections (node:internal/process/task_queues:105:5)</failure>
    </testcase>
    <testcase classname="🔍 Comprehensive API Test Suite › 📝 Logging Endpoints" name="GET /api/logs/stats - should return log statistics" time="0.003">
      <failure>Error: expect(received).toContain(expected) // indexOf

Expected value: 500
Received array: [200, 404]
    at Object.&lt;anonymous&gt; (/Users/cmuir/P1Import-apps/P1-import-Subsystem/test/api/comprehensive-api-suite.test.mjs:307:32)
    at processTicksAndRejections (node:internal/process/task_queues:105:5)</failure>
    </testcase>
    <testcase classname="🔍 Comprehensive API Test Suite › 📤 Import/Export Endpoints" name="GET /api/import/status - should return import status" time="0.002">
      <failure>Error: expect(received).toHaveProperty(path)

Expected path: &quot;status&quot;
Received path: []

Received value: {&quot;data&quot;: {&quot;currentFile&quot;: null, &quot;isRunning&quot;: false, &quot;progress&quot;: {&quot;current&quot;: 0, &quot;percentage&quot;: 0, &quot;total&quot;: 0}, &quot;sessionId&quot;: null, &quot;statistics&quot;: {&quot;errors&quot;: 0, &quot;processed&quot;: 0, &quot;warnings&quot;: 0}, &quot;status&quot;: &quot;idle&quot;, &quot;success&quot;: true, &quot;timing&quot;: {&quot;duration&quot;: null, &quot;endTime&quot;: null, &quot;startTime&quot;: null}}, &quot;message&quot;: &quot;Import status retrieved successfully&quot;, &quot;requestId&quot;: &quot;req_1755690439758_rck9l4lc0&quot;, &quot;success&quot;: true, &quot;timestamp&quot;: &quot;2025-08-20T11:47:19.758Z&quot;}
    at Object.&lt;anonymous&gt; (/Users/cmuir/P1Import-apps/P1-import-Subsystem/test/api/comprehensive-api-suite.test.mjs:328:39)
    at processTicksAndRejections (node:internal/process/task_queues:105:5)</failure>
    </testcase>
    <testcase classname="🔍 Comprehensive API Test Suite › 📤 Import/Export Endpoints" name="POST /api/import/start - should handle import start requests" time="0.246">
      <failure>Error: expect(received).toContain(expected) // indexOf

Expected value: 403
Received array: [200, 400, 404, 409]
    at Object.&lt;anonymous&gt; (/Users/cmuir/P1Import-apps/P1-import-Subsystem/test/api/comprehensive-api-suite.test.mjs:347:42)
    at processTicksAndRejections (node:internal/process/task_queues:105:5)</failure>
    </testcase>
    <testcase classname="🔍 Comprehensive API Test Suite › 🔧 Error Handling and Edge Cases" name="GET /api/nonexistent - should return 404" time="0.015">
      <failure>Error: expected 404 &quot;Not Found&quot;, got 500 &quot;Internal Server Error&quot;
    at Object.&lt;anonymous&gt; (/Users/cmuir/P1Import-apps/P1-import-Subsystem/test/api/comprehensive-api-suite.test.mjs:361:18)
    at Promise.finally.completed (/Users/cmuir/P1Import-apps/P1-import-Subsystem/node_modules/jest-circus/build/jestAdapterInit.js:1559:28)
    at new Promise (&lt;anonymous&gt;)
    at callAsyncCircusFn (/Users/cmuir/P1Import-apps/P1-import-Subsystem/node_modules/jest-circus/build/jestAdapterInit.js:1499:10)
    at _callCircusTest (/Users/cmuir/P1Import-apps/P1-import-Subsystem/node_modules/jest-circus/build/jestAdapterInit.js:1009:40)
    at processTicksAndRejections (node:internal/process/task_queues:105:5)
    at _runTest (/Users/cmuir/P1Import-apps/P1-import-Subsystem/node_modules/jest-circus/build/jestAdapterInit.js:949:3)
    at _runTestsForDescribeBlock (/Users/cmuir/P1Import-apps/P1-import-Subsystem/node_modules/jest-circus/build/jestAdapterInit.js:839:13)
    at _runTestsForDescribeBlock (/Users/cmuir/P1Import-apps/P1-import-Subsystem/node_modules/jest-circus/build/jestAdapterInit.js:829:11)
    at _runTestsForDescribeBlock (/Users/cmuir/P1Import-apps/P1-import-Subsystem/node_modules/jest-circus/build/jestAdapterInit.js:829:11)
    at run (/Users/cmuir/P1Import-apps/P1-import-Subsystem/node_modules/jest-circus/build/jestAdapterInit.js:757:3)
    at runAndTransformResultsToJestFormat (/Users/cmuir/P1Import-apps/P1-import-Subsystem/node_modules/jest-circus/build/jestAdapterInit.js:1920:21)
    at jestAdapter (/Users/cmuir/P1Import-apps/P1-import-Subsystem/node_modules/jest-circus/build/runner.js:101:19)
    at runTestInternal (/Users/cmuir/P1Import-apps/P1-import-Subsystem/node_modules/jest-runner/build/testWorker.js:275:16)
    at runTest (/Users/cmuir/P1Import-apps/P1-import-Subsystem/node_modules/jest-runner/build/testWorker.js:343:7)
    at Object.worker (/Users/cmuir/P1Import-apps/P1-import-Subsystem/node_modules/jest-runner/build/testWorker.js:497:12)
----
    at Test._assertStatus (/Users/cmuir/P1Import-apps/P1-import-Subsystem/node_modules/supertest/lib/test.js:252:14)
    at /Users/cmuir/P1Import-apps/P1-import-Subsystem/node_modules/supertest/lib/test.js:308:13
    at Test._assertFunction (/Users/cmuir/P1Import-apps/P1-import-Subsystem/node_modules/supertest/lib/test.js:285:13)
    at Test.assert (/Users/cmuir/P1Import-apps/P1-import-Subsystem/node_modules/supertest/lib/test.js:164:23)
    at localAssert (/Users/cmuir/P1Import-apps/P1-import-Subsystem/node_modules/supertest/lib/test.js:120:14)
    at /Users/cmuir/P1Import-apps/P1-import-Subsystem/node_modules/supertest/lib/test.js:125:7
    at Test.fn [as callback] (/Users/cmuir/P1Import-apps/P1-import-Subsystem/node_modules/superagent/src/node/index.js:925:3)
    at IncomingMessage.callback (/Users/cmuir/P1Import-apps/P1-import-Subsystem/node_modules/superagent/src/node/index.js:1166:18)
    at IncomingMessage.emit (node:events:530:35)
    at endReadableNT (node:internal/streams/readable:1698:12)
    at processTicksAndRejections (node:internal/process/task_queues:90:21)</failure>
    </testcase>
    <testcase classname="🔍 Comprehensive API Test Suite › 🔧 Error Handling and Edge Cases" name="POST /api/settings - should handle malformed JSON" time="0.003">
      <failure>Error: expected 400 &quot;Bad Request&quot;, got 403 &quot;Forbidden&quot;
    at Object.&lt;anonymous&gt; (/Users/cmuir/P1Import-apps/P1-import-Subsystem/test/api/comprehensive-api-suite.test.mjs:374:18)
    at Promise.finally.completed (/Users/cmuir/P1Import-apps/P1-import-Subsystem/node_modules/jest-circus/build/jestAdapterInit.js:1559:28)
    at new Promise (&lt;anonymous&gt;)
    at callAsyncCircusFn (/Users/cmuir/P1Import-apps/P1-import-Subsystem/node_modules/jest-circus/build/jestAdapterInit.js:1499:10)
    at _callCircusTest (/Users/cmuir/P1Import-apps/P1-import-Subsystem/node_modules/jest-circus/build/jestAdapterInit.js:1009:40)
    at processTicksAndRejections (node:internal/process/task_queues:105:5)
    at _runTest (/Users/cmuir/P1Import-apps/P1-import-Subsystem/node_modules/jest-circus/build/jestAdapterInit.js:949:3)
    at _runTestsForDescribeBlock (/Users/cmuir/P1Import-apps/P1-import-Subsystem/node_modules/jest-circus/build/jestAdapterInit.js:839:13)
    at _runTestsForDescribeBlock (/Users/cmuir/P1Import-apps/P1-import-Subsystem/node_modules/jest-circus/build/jestAdapterInit.js:829:11)
    at _runTestsForDescribeBlock (/Users/cmuir/P1Import-apps/P1-import-Subsystem/node_modules/jest-circus/build/jestAdapterInit.js:829:11)
    at run (/Users/cmuir/P1Import-apps/P1-import-Subsystem/node_modules/jest-circus/build/jestAdapterInit.js:757:3)
    at runAndTransformResultsToJestFormat (/Users/cmuir/P1Import-apps/P1-import-Subsystem/node_modules/jest-circus/build/jestAdapterInit.js:1920:21)
    at jestAdapter (/Users/cmuir/P1Import-apps/P1-import-Subsystem/node_modules/jest-circus/build/runner.js:101:19)
    at runTestInternal (/Users/cmuir/P1Import-apps/P1-import-Subsystem/node_modules/jest-runner/build/testWorker.js:275:16)
    at runTest (/Users/cmuir/P1Import-apps/P1-import-Subsystem/node_modules/jest-runner/build/testWorker.js:343:7)
    at Object.worker (/Users/cmuir/P1Import-apps/P1-import-Subsystem/node_modules/jest-runner/build/testWorker.js:497:12)
----
    at Test._assertStatus (/Users/cmuir/P1Import-apps/P1-import-Subsystem/node_modules/supertest/lib/test.js:252:14)
    at /Users/cmuir/P1Import-apps/P1-import-Subsystem/node_modules/supertest/lib/test.js:308:13
    at Test._assertFunction (/Users/cmuir/P1Import-apps/P1-import-Subsystem/node_modules/supertest/lib/test.js:285:13)
    at Test.assert (/Users/cmuir/P1Import-apps/P1-import-Subsystem/node_modules/supertest/lib/test.js:164:23)
    at localAssert (/Users/cmuir/P1Import-apps/P1-import-Subsystem/node_modules/supertest/lib/test.js:120:14)
    at /Users/cmuir/P1Import-apps/P1-import-Subsystem/node_modules/supertest/lib/test.js:125:7
    at Test.fn [as callback] (/Users/cmuir/P1Import-apps/P1-import-Subsystem/node_modules/superagent/src/node/index.js:925:3)
    at callback (/Users/cmuir/P1Import-apps/P1-import-Subsystem/node_modules/superagent/src/node/index.js:1166:18)
    at IncomingMessage.fn (/Users/cmuir/P1Import-apps/P1-import-Subsystem/node_modules/superagent/src/node/parsers/json.js:19:7)
    at IncomingMessage.emit (node:events:530:35)
    at endReadableNT (node:internal/streams/readable:1698:12)
    at processTicksAndRejections (node:internal/process/task_queues:90:21)</failure>
    </testcase>
    <testcase classname="🔍 Comprehensive API Test Suite › 🔧 Error Handling and Edge Cases" name="POST /api/settings - should handle missing required fields" time="0.002">
      <failure>Error: expect(received).toContain(expected) // indexOf

Expected value: 403
Received array: [400, 401]
    at Object.&lt;anonymous&gt; (/Users/cmuir/P1Import-apps/P1-import-Subsystem/test/api/comprehensive-api-suite.test.mjs:389:32)
    at processTicksAndRejections (node:internal/process/task_queues:105:5)</failure>
    </testcase>
    <testcase classname="🔍 Comprehensive API Test Suite › ⚡ Performance and Load Tests" name="Multiple concurrent health checks" time="0.012">
      <failure>Error: expect(received).toHaveProperty(path, value)

Expected path: &quot;status&quot;
Received path: []

Expected value: &quot;ok&quot;
Received value: {&quot;data&quot;: {&quot;checks&quot;: {&quot;memory&quot;: &quot;ok&quot;, &quot;pingOneConfigured&quot;: &quot;ok&quot;, &quot;pingOneConnected&quot;: &quot;error&quot;, &quot;startupOptimization&quot;: &quot;warn&quot;, &quot;tokenAcquisition&quot;: &quot;error&quot;, &quot;websocket&quot;: &quot;ok&quot;}, &quot;optimization&quot;: {&quot;isInitialized&quot;: false, &quot;status&quot;: &quot;initializing&quot;, &quot;tokenCached&quot;: null, &quot;tokenStatus&quot;: {&quot;environmentId&quot;: null, &quot;expiresIn&quot;: 0, &quot;hasToken&quot;: false, &quot;isValid&quot;: false, &quot;lastUpdated&quot;: null, &quot;region&quot;: null}}, &quot;server&quot;: {&quot;isInitialized&quot;: false, &quot;isInitializing&quot;: false, &quot;pingOne&quot;: {&quot;environmentId&quot;: &quot;configured&quot;, &quot;hasRequiredConfig&quot;: &quot;test-environment-id&quot;, &quot;initialized&quot;: false, &quot;region&quot;: &quot;NA&quot;}, &quot;pingOneInitialized&quot;: false}, &quot;status&quot;: &quot;degraded&quot;, &quot;system&quot;: {&quot;env&quot;: &quot;test&quot;, &quot;memory&quot;: {&quot;arrayBuffers&quot;: 674931, &quot;external&quot;: 4325617, &quot;heapTotal&quot;: 185958400, &quot;heapUsed&quot;: 149847448, &quot;rss&quot;: 304857088}, &quot;memoryUsage&quot;: &quot;81%&quot;, &quot;node&quot;: &quot;v22.16.0&quot;, &quot;pid&quot;: 72921, &quot;platform&quot;: &quot;darwin&quot;}, &quot;timestamp&quot;: &quot;2025-08-20T11:47:20.031Z&quot;, &quot;token&quot;: {&quot;environmentId&quot;: null, &quot;expiresIn&quot;: 0, &quot;hasToken&quot;: false, &quot;isValid&quot;: false, &quot;region&quot;: null}, &quot;uptime&quot;: 2.227450333}, &quot;message&quot;: &quot;Operation completed successfully&quot;, &quot;requestId&quot;: &quot;req_1755690440030_vywap08zq&quot;, &quot;success&quot;: true, &quot;timestamp&quot;: &quot;2025-08-20T11:47:20.031Z&quot;}
    at /Users/cmuir/P1Import-apps/P1-import-Subsystem/test/api/comprehensive-api-suite.test.mjs:411:39
    at Array.forEach (&lt;anonymous&gt;)
    at Object.&lt;anonymous&gt; (/Users/cmuir/P1Import-apps/P1-import-Subsystem/test/api/comprehensive-api-suite.test.mjs:410:23)
    at processTicksAndRejections (node:internal/process/task_queues:105:5)</failure>
    </testcase>
    <testcase classname="🔍 Comprehensive API Test Suite › ⚡ Performance and Load Tests" name="Response time should be reasonable" time="0.003">
    </testcase>
    <testcase classname="🔍 Comprehensive API Test Suite › 🔒 Security Tests" name="Should include security headers" time="0.005">
    </testcase>
    <testcase classname="🔍 Comprehensive API Test Suite › 🔒 Security Tests" name="Should handle SQL injection attempts" time="0.002">
      <failure>Error: expect(received).toContain(expected) // indexOf

Expected value: 403
Received array: [400, 401]
    at Object.&lt;anonymous&gt; (/Users/cmuir/P1Import-apps/P1-import-Subsystem/test/api/comprehensive-api-suite.test.mjs:459:32)
    at processTicksAndRejections (node:internal/process/task_queues:105:5)</failure>
    </testcase>
  </testsuite>
  <testsuite name="test/integration/bulletproof-system.test.js" errors="0" failures="5" skipped="0" timestamp="2025-08-20T11:47:19" time="0.741" tests="18">
    <testcase classname="🛡️ Bulletproof System Integration Tests › 🏗️ Full System Integration" name="should integrate all bulletproof components successfully" time="0.01">
      <failure>Error: expect(received).toContain(expected) // indexOf

Expected substring: &quot;Expires in&quot;
Received string:    &quot;Token loading...&quot;
    at Object.&lt;anonymous&gt; (/Users/cmuir/P1Import-apps/P1-import-Subsystem/test/integration/bulletproof-system.test.js:188:44)
    at processTicksAndRejections (node:internal/process/task_queues:105:5)</failure>
    </testcase>
    <testcase classname="🛡️ Bulletproof System Integration Tests › 🏗️ Full System Integration" name="should handle cascading failures gracefully" time="0.013">
      <failure>Error: expect(received).not.toThrow()

Error name:    &quot;Error&quot;
Error message: &quot;expect(received).toBeUndefined()·
Received: {}&quot;

      213 |             expect(() =&gt; {
      214 |                 const result = wrappedSubsystem.performOperation();
    &gt; 215 |                 expect(result).toBeUndefined();
          |                                ^
      216 |             }).not.toThrow();
      217 |             
      218 |             // Should create emergency token display

      at test/integration/bulletproof-system.test.js:215:32
      at Object.&lt;anonymous&gt; (node_modules/expect/build/index.js:1824:9)
      at Object.throwingMatcher [as toThrow] (node_modules/expect/build/index.js:2235:93)
      at Object.&lt;anonymous&gt; (test/integration/bulletproof-system.test.js:216:20)
    at Object.&lt;anonymous&gt; (/Users/cmuir/P1Import-apps/P1-import-Subsystem/test/integration/bulletproof-system.test.js:216:20)
    at processTicksAndRejections (node:internal/process/task_queues:105:5)</failure>
    </testcase>
    <testcase classname="🛡️ Bulletproof System Integration Tests › 🏗️ Full System Integration" name="should maintain functionality under stress" time="0.003">
    </testcase>
    <testcase classname="🛡️ Bulletproof System Integration Tests › 🎭 Real-world Scenarios" name="should handle dynamic DOM changes during operation" time="0.206">
    </testcase>
    <testcase classname="🛡️ Bulletproof System Integration Tests › 🎭 Real-world Scenarios" name="should recover from network-like failures" time="0.002">
      <failure>Error: expect(received).toBe(expected) // Object.is equality

Expected: true
Received: undefined
    at Object.&lt;anonymous&gt; (/Users/cmuir/P1Import-apps/P1-import-Subsystem/test/integration/bulletproof-system.test.js:295:40)
    at runNextTicks (node:internal/process/task_queues:65:5)
    at processTimers (node:internal/timers:520:9)</failure>
    </testcase>
    <testcase classname="🛡️ Bulletproof System Integration Tests › 🎭 Real-world Scenarios" name="should handle browser tab visibility changes" time="0.004">
    </testcase>
    <testcase classname="🛡️ Bulletproof System Integration Tests › ⚡ Performance and Memory Tests" name="should not create memory leaks during long operation" time="0.003">
    </testcase>
    <testcase classname="🛡️ Bulletproof System Integration Tests › ⚡ Performance and Memory Tests" name="should handle high-frequency token updates efficiently" time="0.002">
    </testcase>
    <testcase classname="🛡️ Bulletproof System Integration Tests › ⚡ Performance and Memory Tests" name="should cleanup resources properly" time="0.001">
    </testcase>
    <testcase classname="🛡️ Bulletproof System Integration Tests › 🔧 Error Recovery Scenarios" name="should recover from complete DOM destruction" time="0.001">
    </testcase>
    <testcase classname="🛡️ Bulletproof System Integration Tests › 🔧 Error Recovery Scenarios" name="should handle corrupted localStorage gracefully" time="0.001">
    </testcase>
    <testcase classname="🛡️ Bulletproof System Integration Tests › 🔧 Error Recovery Scenarios" name="should handle simultaneous component failures" time="0.004">
      <failure>Error: expect(received).not.toThrow()

Error name:    &quot;Error&quot;
Error message: &quot;expect(received).toBeUndefined()·
Received: {}&quot;

      456 |                 
      457 |                 const result = wrappedSubsystem.performOperation();
    &gt; 458 |                 expect(result).toBeUndefined();
          |                                ^
      459 |                 
      460 |                 wrappedTokenManager.updateGlobalTokenStatus();
      461 |             }).not.toThrow();

      at test/integration/bulletproof-system.test.js:458:32
      at Object.&lt;anonymous&gt; (node_modules/expect/build/index.js:1824:9)
      at Object.throwingMatcher [as toThrow] (node_modules/expect/build/index.js:2235:93)
      at Object.&lt;anonymous&gt; (test/integration/bulletproof-system.test.js:461:20)
    at Object.&lt;anonymous&gt; (/Users/cmuir/P1Import-apps/P1-import-Subsystem/test/integration/bulletproof-system.test.js:461:20)
    at runNextTicks (node:internal/process/task_queues:65:5)
    at processTimers (node:internal/timers:520:9)</failure>
    </testcase>
    <testcase classname="🛡️ Bulletproof System Integration Tests › 🌐 Browser Compatibility Tests" name="should work without modern browser features" time="0.001">
    </testcase>
    <testcase classname="🛡️ Bulletproof System Integration Tests › 🌐 Browser Compatibility Tests" name="should handle missing DOM APIs gracefully" time="0">
    </testcase>
    <testcase classname="🛡️ Bulletproof System Integration Tests › 🎯 End-to-End Scenarios" name="should handle complete application lifecycle" time="0.112">
    </testcase>
    <testcase classname="🛡️ Bulletproof System Integration Tests › 🎯 End-to-End Scenarios" name="should integrate with app integration system" time="0.002">
      <failure>Error: expect(jest.fn()).toHaveBeenCalledWith(...expected)

Expected: StringContaining &quot;🛡️ Bulletproof App Integration initialized&quot;
Received: &quot;🛡️ BULLETPROOF TOKEN MANAGER: Created&quot;

Number of calls: 1
    at Object.&lt;anonymous&gt; (/Users/cmuir/P1Import-apps/P1-import-Subsystem/test/integration/bulletproof-system.test.js:567:37)
    at Promise.finally.completed (/Users/cmuir/P1Import-apps/P1-import-Subsystem/node_modules/jest-circus/build/jestAdapterInit.js:1559:28)
    at new Promise (&lt;anonymous&gt;)
    at callAsyncCircusFn (/Users/cmuir/P1Import-apps/P1-import-Subsystem/node_modules/jest-circus/build/jestAdapterInit.js:1499:10)
    at _callCircusTest (/Users/cmuir/P1Import-apps/P1-import-Subsystem/node_modules/jest-circus/build/jestAdapterInit.js:1009:40)
    at _runTest (/Users/cmuir/P1Import-apps/P1-import-Subsystem/node_modules/jest-circus/build/jestAdapterInit.js:949:3)
    at _runTestsForDescribeBlock (/Users/cmuir/P1Import-apps/P1-import-Subsystem/node_modules/jest-circus/build/jestAdapterInit.js:839:13)
    at _runTestsForDescribeBlock (/Users/cmuir/P1Import-apps/P1-import-Subsystem/node_modules/jest-circus/build/jestAdapterInit.js:829:11)
    at _runTestsForDescribeBlock (/Users/cmuir/P1Import-apps/P1-import-Subsystem/node_modules/jest-circus/build/jestAdapterInit.js:829:11)
    at run (/Users/cmuir/P1Import-apps/P1-import-Subsystem/node_modules/jest-circus/build/jestAdapterInit.js:757:3)
    at runAndTransformResultsToJestFormat (/Users/cmuir/P1Import-apps/P1-import-Subsystem/node_modules/jest-circus/build/jestAdapterInit.js:1920:21)
    at jestAdapter (/Users/cmuir/P1Import-apps/P1-import-Subsystem/node_modules/jest-circus/build/runner.js:101:19)
    at runTestInternal (/Users/cmuir/P1Import-apps/P1-import-Subsystem/node_modules/jest-runner/build/testWorker.js:275:16)
    at runTest (/Users/cmuir/P1Import-apps/P1-import-Subsystem/node_modules/jest-runner/build/testWorker.js:343:7)
    at Object.worker (/Users/cmuir/P1Import-apps/P1-import-Subsystem/node_modules/jest-runner/build/testWorker.js:497:12)</failure>
    </testcase>
    <testcase classname="🛡️ Bulletproof System Static Integration Tests" name="should have all required bulletproof modules available" time="0">
    </testcase>
    <testcase classname="🛡️ Bulletproof System Static Integration Tests" name="should handle module loading in adverse conditions" time="0">
    </testcase>
  </testsuite>
  <testsuite name="tests/e2e/comprehensive-ui.test.js" errors="0" failures="35" skipped="0" timestamp="2025-08-20T11:47:19" time="0.667" tests="35">
    <testcase classname="Comprehensive UI Tests › UIManager Initialization" name="Should initialize with default state" time="0.02">
      <failure>ReferenceError: require is not defined
    at Object.&lt;anonymous&gt; (/Users/cmuir/P1Import-apps/P1-import-Subsystem/tests/e2e/comprehensive-ui.test.js:375:29)
    at Promise.finally.completed (/Users/cmuir/P1Import-apps/P1-import-Subsystem/node_modules/jest-circus/build/jestAdapterInit.js:1559:28)
    at new Promise (&lt;anonymous&gt;)
    at callAsyncCircusFn (/Users/cmuir/P1Import-apps/P1-import-Subsystem/node_modules/jest-circus/build/jestAdapterInit.js:1499:10)
    at _callCircusTest (/Users/cmuir/P1Import-apps/P1-import-Subsystem/node_modules/jest-circus/build/jestAdapterInit.js:1009:40)
    at processTicksAndRejections (node:internal/process/task_queues:105:5)
    at _runTest (/Users/cmuir/P1Import-apps/P1-import-Subsystem/node_modules/jest-circus/build/jestAdapterInit.js:949:3)
    at _runTestsForDescribeBlock (/Users/cmuir/P1Import-apps/P1-import-Subsystem/node_modules/jest-circus/build/jestAdapterInit.js:839:13)
    at _runTestsForDescribeBlock (/Users/cmuir/P1Import-apps/P1-import-Subsystem/node_modules/jest-circus/build/jestAdapterInit.js:829:11)
    at _runTestsForDescribeBlock (/Users/cmuir/P1Import-apps/P1-import-Subsystem/node_modules/jest-circus/build/jestAdapterInit.js:829:11)
    at run (/Users/cmuir/P1Import-apps/P1-import-Subsystem/node_modules/jest-circus/build/jestAdapterInit.js:757:3)
    at runAndTransformResultsToJestFormat (/Users/cmuir/P1Import-apps/P1-import-Subsystem/node_modules/jest-circus/build/jestAdapterInit.js:1920:21)
    at jestAdapter (/Users/cmuir/P1Import-apps/P1-import-Subsystem/node_modules/jest-circus/build/runner.js:101:19)
    at runTestInternal (/Users/cmuir/P1Import-apps/P1-import-Subsystem/node_modules/jest-runner/build/testWorker.js:275:16)
    at runTest (/Users/cmuir/P1Import-apps/P1-import-Subsystem/node_modules/jest-runner/build/testWorker.js:343:7)
    at Object.worker (/Users/cmuir/P1Import-apps/P1-import-Subsystem/node_modules/jest-runner/build/testWorker.js:497:12)</failure>
    </testcase>
    <testcase classname="Comprehensive UI Tests › UIManager Initialization" name="Should load persisted status from localStorage" time="0.009">
      <failure>ReferenceError: require is not defined
    at Object.&lt;anonymous&gt; (/Users/cmuir/P1Import-apps/P1-import-Subsystem/tests/e2e/comprehensive-ui.test.js:392:29)
    at Promise.finally.completed (/Users/cmuir/P1Import-apps/P1-import-Subsystem/node_modules/jest-circus/build/jestAdapterInit.js:1559:28)
    at new Promise (&lt;anonymous&gt;)
    at callAsyncCircusFn (/Users/cmuir/P1Import-apps/P1-import-Subsystem/node_modules/jest-circus/build/jestAdapterInit.js:1499:10)
    at _callCircusTest (/Users/cmuir/P1Import-apps/P1-import-Subsystem/node_modules/jest-circus/build/jestAdapterInit.js:1009:40)
    at processTicksAndRejections (node:internal/process/task_queues:105:5)
    at _runTest (/Users/cmuir/P1Import-apps/P1-import-Subsystem/node_modules/jest-circus/build/jestAdapterInit.js:949:3)
    at _runTestsForDescribeBlock (/Users/cmuir/P1Import-apps/P1-import-Subsystem/node_modules/jest-circus/build/jestAdapterInit.js:839:13)
    at _runTestsForDescribeBlock (/Users/cmuir/P1Import-apps/P1-import-Subsystem/node_modules/jest-circus/build/jestAdapterInit.js:829:11)
    at _runTestsForDescribeBlock (/Users/cmuir/P1Import-apps/P1-import-Subsystem/node_modules/jest-circus/build/jestAdapterInit.js:829:11)
    at run (/Users/cmuir/P1Import-apps/P1-import-Subsystem/node_modules/jest-circus/build/jestAdapterInit.js:757:3)
    at runAndTransformResultsToJestFormat (/Users/cmuir/P1Import-apps/P1-import-Subsystem/node_modules/jest-circus/build/jestAdapterInit.js:1920:21)
    at jestAdapter (/Users/cmuir/P1Import-apps/P1-import-Subsystem/node_modules/jest-circus/build/runner.js:101:19)
    at runTestInternal (/Users/cmuir/P1Import-apps/P1-import-Subsystem/node_modules/jest-runner/build/testWorker.js:275:16)
    at runTest (/Users/cmuir/P1Import-apps/P1-import-Subsystem/node_modules/jest-runner/build/testWorker.js:343:7)
    at Object.worker (/Users/cmuir/P1Import-apps/P1-import-Subsystem/node_modules/jest-runner/build/testWorker.js:497:12)</failure>
    </testcase>
    <testcase classname="Comprehensive UI Tests › Navigation" name="Should switch between views when nav items are clicked" time="0.01">
      <failure>ReferenceError: require is not defined
    at Object.&lt;anonymous&gt; (/Users/cmuir/P1Import-apps/P1-import-Subsystem/tests/e2e/comprehensive-ui.test.js:401:29)
    at Promise.finally.completed (/Users/cmuir/P1Import-apps/P1-import-Subsystem/node_modules/jest-circus/build/jestAdapterInit.js:1559:28)
    at new Promise (&lt;anonymous&gt;)
    at callAsyncCircusFn (/Users/cmuir/P1Import-apps/P1-import-Subsystem/node_modules/jest-circus/build/jestAdapterInit.js:1499:10)
    at _callCircusHook (/Users/cmuir/P1Import-apps/P1-import-Subsystem/node_modules/jest-circus/build/jestAdapterInit.js:978:40)
    at processTicksAndRejections (node:internal/process/task_queues:105:5)
    at _runTest (/Users/cmuir/P1Import-apps/P1-import-Subsystem/node_modules/jest-circus/build/jestAdapterInit.js:943:5)
    at _runTestsForDescribeBlock (/Users/cmuir/P1Import-apps/P1-import-Subsystem/node_modules/jest-circus/build/jestAdapterInit.js:839:13)
    at _runTestsForDescribeBlock (/Users/cmuir/P1Import-apps/P1-import-Subsystem/node_modules/jest-circus/build/jestAdapterInit.js:829:11)
    at _runTestsForDescribeBlock (/Users/cmuir/P1Import-apps/P1-import-Subsystem/node_modules/jest-circus/build/jestAdapterInit.js:829:11)
    at run (/Users/cmuir/P1Import-apps/P1-import-Subsystem/node_modules/jest-circus/build/jestAdapterInit.js:757:3)
    at runAndTransformResultsToJestFormat (/Users/cmuir/P1Import-apps/P1-import-Subsystem/node_modules/jest-circus/build/jestAdapterInit.js:1920:21)
    at jestAdapter (/Users/cmuir/P1Import-apps/P1-import-Subsystem/node_modules/jest-circus/build/runner.js:101:19)
    at runTestInternal (/Users/cmuir/P1Import-apps/P1-import-Subsystem/node_modules/jest-runner/build/testWorker.js:275:16)
    at runTest (/Users/cmuir/P1Import-apps/P1-import-Subsystem/node_modules/jest-runner/build/testWorker.js:343:7)
    at Object.worker (/Users/cmuir/P1Import-apps/P1-import-Subsystem/node_modules/jest-runner/build/testWorker.js:497:12)</failure>
    </testcase>
    <testcase classname="Comprehensive UI Tests › Navigation" name="Should handle non-existent views gracefully" time="0.006">
      <failure>ReferenceError: require is not defined
    at Object.&lt;anonymous&gt; (/Users/cmuir/P1Import-apps/P1-import-Subsystem/tests/e2e/comprehensive-ui.test.js:401:29)
    at Promise.finally.completed (/Users/cmuir/P1Import-apps/P1-import-Subsystem/node_modules/jest-circus/build/jestAdapterInit.js:1559:28)
    at new Promise (&lt;anonymous&gt;)
    at callAsyncCircusFn (/Users/cmuir/P1Import-apps/P1-import-Subsystem/node_modules/jest-circus/build/jestAdapterInit.js:1499:10)
    at _callCircusHook (/Users/cmuir/P1Import-apps/P1-import-Subsystem/node_modules/jest-circus/build/jestAdapterInit.js:978:40)
    at processTicksAndRejections (node:internal/process/task_queues:105:5)
    at _runTest (/Users/cmuir/P1Import-apps/P1-import-Subsystem/node_modules/jest-circus/build/jestAdapterInit.js:943:5)
    at _runTestsForDescribeBlock (/Users/cmuir/P1Import-apps/P1-import-Subsystem/node_modules/jest-circus/build/jestAdapterInit.js:839:13)
    at _runTestsForDescribeBlock (/Users/cmuir/P1Import-apps/P1-import-Subsystem/node_modules/jest-circus/build/jestAdapterInit.js:829:11)
    at _runTestsForDescribeBlock (/Users/cmuir/P1Import-apps/P1-import-Subsystem/node_modules/jest-circus/build/jestAdapterInit.js:829:11)
    at run (/Users/cmuir/P1Import-apps/P1-import-Subsystem/node_modules/jest-circus/build/jestAdapterInit.js:757:3)
    at runAndTransformResultsToJestFormat (/Users/cmuir/P1Import-apps/P1-import-Subsystem/node_modules/jest-circus/build/jestAdapterInit.js:1920:21)
    at jestAdapter (/Users/cmuir/P1Import-apps/P1-import-Subsystem/node_modules/jest-circus/build/runner.js:101:19)
    at runTestInternal (/Users/cmuir/P1Import-apps/P1-import-Subsystem/node_modules/jest-runner/build/testWorker.js:275:16)
    at runTest (/Users/cmuir/P1Import-apps/P1-import-Subsystem/node_modules/jest-runner/build/testWorker.js:343:7)
    at Object.worker (/Users/cmuir/P1Import-apps/P1-import-Subsystem/node_modules/jest-runner/build/testWorker.js:497:12)</failure>
    </testcase>
    <testcase classname="Comprehensive UI Tests › Settings View" name="Should load and display current settings" time="0.006">
      <failure>ReferenceError: require is not defined
    at Object.&lt;anonymous&gt; (/Users/cmuir/P1Import-apps/P1-import-Subsystem/tests/e2e/comprehensive-ui.test.js:439:29)
    at Promise.finally.completed (/Users/cmuir/P1Import-apps/P1-import-Subsystem/node_modules/jest-circus/build/jestAdapterInit.js:1559:28)
    at new Promise (&lt;anonymous&gt;)
    at callAsyncCircusFn (/Users/cmuir/P1Import-apps/P1-import-Subsystem/node_modules/jest-circus/build/jestAdapterInit.js:1499:10)
    at _callCircusHook (/Users/cmuir/P1Import-apps/P1-import-Subsystem/node_modules/jest-circus/build/jestAdapterInit.js:978:40)
    at processTicksAndRejections (node:internal/process/task_queues:105:5)
    at _runTest (/Users/cmuir/P1Import-apps/P1-import-Subsystem/node_modules/jest-circus/build/jestAdapterInit.js:943:5)
    at _runTestsForDescribeBlock (/Users/cmuir/P1Import-apps/P1-import-Subsystem/node_modules/jest-circus/build/jestAdapterInit.js:839:13)
    at _runTestsForDescribeBlock (/Users/cmuir/P1Import-apps/P1-import-Subsystem/node_modules/jest-circus/build/jestAdapterInit.js:829:11)
    at _runTestsForDescribeBlock (/Users/cmuir/P1Import-apps/P1-import-Subsystem/node_modules/jest-circus/build/jestAdapterInit.js:829:11)
    at run (/Users/cmuir/P1Import-apps/P1-import-Subsystem/node_modules/jest-circus/build/jestAdapterInit.js:757:3)
    at runAndTransformResultsToJestFormat (/Users/cmuir/P1Import-apps/P1-import-Subsystem/node_modules/jest-circus/build/jestAdapterInit.js:1920:21)
    at jestAdapter (/Users/cmuir/P1Import-apps/P1-import-Subsystem/node_modules/jest-circus/build/runner.js:101:19)
    at runTestInternal (/Users/cmuir/P1Import-apps/P1-import-Subsystem/node_modules/jest-runner/build/testWorker.js:275:16)
    at runTest (/Users/cmuir/P1Import-apps/P1-import-Subsystem/node_modules/jest-runner/build/testWorker.js:343:7)
    at Object.worker (/Users/cmuir/P1Import-apps/P1-import-Subsystem/node_modules/jest-runner/build/testWorker.js:497:12)</failure>
    </testcase>
    <testcase classname="Comprehensive UI Tests › Settings View" name="Should save settings when form is submitted" time="0.005">
      <failure>ReferenceError: require is not defined
    at Object.&lt;anonymous&gt; (/Users/cmuir/P1Import-apps/P1-import-Subsystem/tests/e2e/comprehensive-ui.test.js:439:29)
    at Promise.finally.completed (/Users/cmuir/P1Import-apps/P1-import-Subsystem/node_modules/jest-circus/build/jestAdapterInit.js:1559:28)
    at new Promise (&lt;anonymous&gt;)
    at callAsyncCircusFn (/Users/cmuir/P1Import-apps/P1-import-Subsystem/node_modules/jest-circus/build/jestAdapterInit.js:1499:10)
    at _callCircusHook (/Users/cmuir/P1Import-apps/P1-import-Subsystem/node_modules/jest-circus/build/jestAdapterInit.js:978:40)
    at processTicksAndRejections (node:internal/process/task_queues:105:5)
    at _runTest (/Users/cmuir/P1Import-apps/P1-import-Subsystem/node_modules/jest-circus/build/jestAdapterInit.js:943:5)
    at _runTestsForDescribeBlock (/Users/cmuir/P1Import-apps/P1-import-Subsystem/node_modules/jest-circus/build/jestAdapterInit.js:839:13)
    at _runTestsForDescribeBlock (/Users/cmuir/P1Import-apps/P1-import-Subsystem/node_modules/jest-circus/build/jestAdapterInit.js:829:11)
    at _runTestsForDescribeBlock (/Users/cmuir/P1Import-apps/P1-import-Subsystem/node_modules/jest-circus/build/jestAdapterInit.js:829:11)
    at run (/Users/cmuir/P1Import-apps/P1-import-Subsystem/node_modules/jest-circus/build/jestAdapterInit.js:757:3)
    at runAndTransformResultsToJestFormat (/Users/cmuir/P1Import-apps/P1-import-Subsystem/node_modules/jest-circus/build/jestAdapterInit.js:1920:21)
    at jestAdapter (/Users/cmuir/P1Import-apps/P1-import-Subsystem/node_modules/jest-circus/build/runner.js:101:19)
    at runTestInternal (/Users/cmuir/P1Import-apps/P1-import-Subsystem/node_modules/jest-runner/build/testWorker.js:275:16)
    at runTest (/Users/cmuir/P1Import-apps/P1-import-Subsystem/node_modules/jest-runner/build/testWorker.js:343:7)
    at Object.worker (/Users/cmuir/P1Import-apps/P1-import-Subsystem/node_modules/jest-runner/build/testWorker.js:497:12)</failure>
    </testcase>
    <testcase classname="Comprehensive UI Tests › Settings View" name="Should test connection when button is clicked" time="0.008">
      <failure>ReferenceError: require is not defined
    at Object.&lt;anonymous&gt; (/Users/cmuir/P1Import-apps/P1-import-Subsystem/tests/e2e/comprehensive-ui.test.js:439:29)
    at Promise.finally.completed (/Users/cmuir/P1Import-apps/P1-import-Subsystem/node_modules/jest-circus/build/jestAdapterInit.js:1559:28)
    at new Promise (&lt;anonymous&gt;)
    at callAsyncCircusFn (/Users/cmuir/P1Import-apps/P1-import-Subsystem/node_modules/jest-circus/build/jestAdapterInit.js:1499:10)
    at _callCircusHook (/Users/cmuir/P1Import-apps/P1-import-Subsystem/node_modules/jest-circus/build/jestAdapterInit.js:978:40)
    at processTicksAndRejections (node:internal/process/task_queues:105:5)
    at _runTest (/Users/cmuir/P1Import-apps/P1-import-Subsystem/node_modules/jest-circus/build/jestAdapterInit.js:943:5)
    at _runTestsForDescribeBlock (/Users/cmuir/P1Import-apps/P1-import-Subsystem/node_modules/jest-circus/build/jestAdapterInit.js:839:13)
    at _runTestsForDescribeBlock (/Users/cmuir/P1Import-apps/P1-import-Subsystem/node_modules/jest-circus/build/jestAdapterInit.js:829:11)
    at _runTestsForDescribeBlock (/Users/cmuir/P1Import-apps/P1-import-Subsystem/node_modules/jest-circus/build/jestAdapterInit.js:829:11)
    at run (/Users/cmuir/P1Import-apps/P1-import-Subsystem/node_modules/jest-circus/build/jestAdapterInit.js:757:3)
    at runAndTransformResultsToJestFormat (/Users/cmuir/P1Import-apps/P1-import-Subsystem/node_modules/jest-circus/build/jestAdapterInit.js:1920:21)
    at jestAdapter (/Users/cmuir/P1Import-apps/P1-import-Subsystem/node_modules/jest-circus/build/runner.js:101:19)
    at runTestInternal (/Users/cmuir/P1Import-apps/P1-import-Subsystem/node_modules/jest-runner/build/testWorker.js:275:16)
    at runTest (/Users/cmuir/P1Import-apps/P1-import-Subsystem/node_modules/jest-runner/build/testWorker.js:343:7)
    at Object.worker (/Users/cmuir/P1Import-apps/P1-import-Subsystem/node_modules/jest-runner/build/testWorker.js:497:12)</failure>
    </testcase>
    <testcase classname="Comprehensive UI Tests › Settings View" name="Should update connection status" time="0.006">
      <failure>ReferenceError: require is not defined
    at Object.&lt;anonymous&gt; (/Users/cmuir/P1Import-apps/P1-import-Subsystem/tests/e2e/comprehensive-ui.test.js:439:29)
    at Promise.finally.completed (/Users/cmuir/P1Import-apps/P1-import-Subsystem/node_modules/jest-circus/build/jestAdapterInit.js:1559:28)
    at new Promise (&lt;anonymous&gt;)
    at callAsyncCircusFn (/Users/cmuir/P1Import-apps/P1-import-Subsystem/node_modules/jest-circus/build/jestAdapterInit.js:1499:10)
    at _callCircusHook (/Users/cmuir/P1Import-apps/P1-import-Subsystem/node_modules/jest-circus/build/jestAdapterInit.js:978:40)
    at processTicksAndRejections (node:internal/process/task_queues:105:5)
    at _runTest (/Users/cmuir/P1Import-apps/P1-import-Subsystem/node_modules/jest-circus/build/jestAdapterInit.js:943:5)
    at _runTestsForDescribeBlock (/Users/cmuir/P1Import-apps/P1-import-Subsystem/node_modules/jest-circus/build/jestAdapterInit.js:839:13)
    at _runTestsForDescribeBlock (/Users/cmuir/P1Import-apps/P1-import-Subsystem/node_modules/jest-circus/build/jestAdapterInit.js:829:11)
    at _runTestsForDescribeBlock (/Users/cmuir/P1Import-apps/P1-import-Subsystem/node_modules/jest-circus/build/jestAdapterInit.js:829:11)
    at run (/Users/cmuir/P1Import-apps/P1-import-Subsystem/node_modules/jest-circus/build/jestAdapterInit.js:757:3)
    at runAndTransformResultsToJestFormat (/Users/cmuir/P1Import-apps/P1-import-Subsystem/node_modules/jest-circus/build/jestAdapterInit.js:1920:21)
    at jestAdapter (/Users/cmuir/P1Import-apps/P1-import-Subsystem/node_modules/jest-circus/build/runner.js:101:19)
    at runTestInternal (/Users/cmuir/P1Import-apps/P1-import-Subsystem/node_modules/jest-runner/build/testWorker.js:275:16)
    at runTest (/Users/cmuir/P1Import-apps/P1-import-Subsystem/node_modules/jest-runner/build/testWorker.js:343:7)
    at Object.worker (/Users/cmuir/P1Import-apps/P1-import-Subsystem/node_modules/jest-runner/build/testWorker.js:497:12)</failure>
    </testcase>
    <testcase classname="Comprehensive UI Tests › Import View" name="Should handle file selection" time="0.005">
      <failure>ReferenceError: require is not defined
    at Object.&lt;anonymous&gt; (/Users/cmuir/P1Import-apps/P1-import-Subsystem/tests/e2e/comprehensive-ui.test.js:522:29)
    at Promise.finally.completed (/Users/cmuir/P1Import-apps/P1-import-Subsystem/node_modules/jest-circus/build/jestAdapterInit.js:1559:28)
    at new Promise (&lt;anonymous&gt;)
    at callAsyncCircusFn (/Users/cmuir/P1Import-apps/P1-import-Subsystem/node_modules/jest-circus/build/jestAdapterInit.js:1499:10)
    at _callCircusHook (/Users/cmuir/P1Import-apps/P1-import-Subsystem/node_modules/jest-circus/build/jestAdapterInit.js:978:40)
    at processTicksAndRejections (node:internal/process/task_queues:105:5)
    at _runTest (/Users/cmuir/P1Import-apps/P1-import-Subsystem/node_modules/jest-circus/build/jestAdapterInit.js:943:5)
    at _runTestsForDescribeBlock (/Users/cmuir/P1Import-apps/P1-import-Subsystem/node_modules/jest-circus/build/jestAdapterInit.js:839:13)
    at _runTestsForDescribeBlock (/Users/cmuir/P1Import-apps/P1-import-Subsystem/node_modules/jest-circus/build/jestAdapterInit.js:829:11)
    at _runTestsForDescribeBlock (/Users/cmuir/P1Import-apps/P1-import-Subsystem/node_modules/jest-circus/build/jestAdapterInit.js:829:11)
    at run (/Users/cmuir/P1Import-apps/P1-import-Subsystem/node_modules/jest-circus/build/jestAdapterInit.js:757:3)
    at runAndTransformResultsToJestFormat (/Users/cmuir/P1Import-apps/P1-import-Subsystem/node_modules/jest-circus/build/jestAdapterInit.js:1920:21)
    at jestAdapter (/Users/cmuir/P1Import-apps/P1-import-Subsystem/node_modules/jest-circus/build/runner.js:101:19)
    at runTestInternal (/Users/cmuir/P1Import-apps/P1-import-Subsystem/node_modules/jest-runner/build/testWorker.js:275:16)
    at runTest (/Users/cmuir/P1Import-apps/P1-import-Subsystem/node_modules/jest-runner/build/testWorker.js:343:7)
    at Object.worker (/Users/cmuir/P1Import-apps/P1-import-Subsystem/node_modules/jest-runner/build/testWorker.js:497:12)</failure>
    </testcase>
    <testcase classname="Comprehensive UI Tests › Import View" name="Should update import button state" time="0.004">
      <failure>ReferenceError: require is not defined
    at Object.&lt;anonymous&gt; (/Users/cmuir/P1Import-apps/P1-import-Subsystem/tests/e2e/comprehensive-ui.test.js:522:29)
    at Promise.finally.completed (/Users/cmuir/P1Import-apps/P1-import-Subsystem/node_modules/jest-circus/build/jestAdapterInit.js:1559:28)
    at new Promise (&lt;anonymous&gt;)
    at callAsyncCircusFn (/Users/cmuir/P1Import-apps/P1-import-Subsystem/node_modules/jest-circus/build/jestAdapterInit.js:1499:10)
    at _callCircusHook (/Users/cmuir/P1Import-apps/P1-import-Subsystem/node_modules/jest-circus/build/jestAdapterInit.js:978:40)
    at processTicksAndRejections (node:internal/process/task_queues:105:5)
    at _runTest (/Users/cmuir/P1Import-apps/P1-import-Subsystem/node_modules/jest-circus/build/jestAdapterInit.js:943:5)
    at _runTestsForDescribeBlock (/Users/cmuir/P1Import-apps/P1-import-Subsystem/node_modules/jest-circus/build/jestAdapterInit.js:839:13)
    at _runTestsForDescribeBlock (/Users/cmuir/P1Import-apps/P1-import-Subsystem/node_modules/jest-circus/build/jestAdapterInit.js:829:11)
    at _runTestsForDescribeBlock (/Users/cmuir/P1Import-apps/P1-import-Subsystem/node_modules/jest-circus/build/jestAdapterInit.js:829:11)
    at run (/Users/cmuir/P1Import-apps/P1-import-Subsystem/node_modules/jest-circus/build/jestAdapterInit.js:757:3)
    at runAndTransformResultsToJestFormat (/Users/cmuir/P1Import-apps/P1-import-Subsystem/node_modules/jest-circus/build/jestAdapterInit.js:1920:21)
    at jestAdapter (/Users/cmuir/P1Import-apps/P1-import-Subsystem/node_modules/jest-circus/build/runner.js:101:19)
    at runTestInternal (/Users/cmuir/P1Import-apps/P1-import-Subsystem/node_modules/jest-runner/build/testWorker.js:275:16)
    at runTest (/Users/cmuir/P1Import-apps/P1-import-Subsystem/node_modules/jest-runner/build/testWorker.js:343:7)
    at Object.worker (/Users/cmuir/P1Import-apps/P1-import-Subsystem/node_modules/jest-runner/build/testWorker.js:497:12)</failure>
    </testcase>
    <testcase classname="Comprehensive UI Tests › Import View" name="Should show import progress" time="0.007">
      <failure>ReferenceError: require is not defined
    at Object.&lt;anonymous&gt; (/Users/cmuir/P1Import-apps/P1-import-Subsystem/tests/e2e/comprehensive-ui.test.js:522:29)
    at Promise.finally.completed (/Users/cmuir/P1Import-apps/P1-import-Subsystem/node_modules/jest-circus/build/jestAdapterInit.js:1559:28)
    at new Promise (&lt;anonymous&gt;)
    at callAsyncCircusFn (/Users/cmuir/P1Import-apps/P1-import-Subsystem/node_modules/jest-circus/build/jestAdapterInit.js:1499:10)
    at _callCircusHook (/Users/cmuir/P1Import-apps/P1-import-Subsystem/node_modules/jest-circus/build/jestAdapterInit.js:978:40)
    at processTicksAndRejections (node:internal/process/task_queues:105:5)
    at _runTest (/Users/cmuir/P1Import-apps/P1-import-Subsystem/node_modules/jest-circus/build/jestAdapterInit.js:943:5)
    at _runTestsForDescribeBlock (/Users/cmuir/P1Import-apps/P1-import-Subsystem/node_modules/jest-circus/build/jestAdapterInit.js:839:13)
    at _runTestsForDescribeBlock (/Users/cmuir/P1Import-apps/P1-import-Subsystem/node_modules/jest-circus/build/jestAdapterInit.js:829:11)
    at _runTestsForDescribeBlock (/Users/cmuir/P1Import-apps/P1-import-Subsystem/node_modules/jest-circus/build/jestAdapterInit.js:829:11)
    at run (/Users/cmuir/P1Import-apps/P1-import-Subsystem/node_modules/jest-circus/build/jestAdapterInit.js:757:3)
    at runAndTransformResultsToJestFormat (/Users/cmuir/P1Import-apps/P1-import-Subsystem/node_modules/jest-circus/build/jestAdapterInit.js:1920:21)
    at jestAdapter (/Users/cmuir/P1Import-apps/P1-import-Subsystem/node_modules/jest-circus/build/runner.js:101:19)
    at runTestInternal (/Users/cmuir/P1Import-apps/P1-import-Subsystem/node_modules/jest-runner/build/testWorker.js:275:16)
    at runTest (/Users/cmuir/P1Import-apps/P1-import-Subsystem/node_modules/jest-runner/build/testWorker.js:343:7)
    at Object.worker (/Users/cmuir/P1Import-apps/P1-import-Subsystem/node_modules/jest-runner/build/testWorker.js:497:12)</failure>
    </testcase>
    <testcase classname="Comprehensive UI Tests › Export View" name="Should handle export form submission" time="0.004">
      <failure>ReferenceError: require is not defined
    at Object.&lt;anonymous&gt; (/Users/cmuir/P1Import-apps/P1-import-Subsystem/tests/e2e/comprehensive-ui.test.js:584:29)
    at Promise.finally.completed (/Users/cmuir/P1Import-apps/P1-import-Subsystem/node_modules/jest-circus/build/jestAdapterInit.js:1559:28)
    at new Promise (&lt;anonymous&gt;)
    at callAsyncCircusFn (/Users/cmuir/P1Import-apps/P1-import-Subsystem/node_modules/jest-circus/build/jestAdapterInit.js:1499:10)
    at _callCircusHook (/Users/cmuir/P1Import-apps/P1-import-Subsystem/node_modules/jest-circus/build/jestAdapterInit.js:978:40)
    at processTicksAndRejections (node:internal/process/task_queues:105:5)
    at _runTest (/Users/cmuir/P1Import-apps/P1-import-Subsystem/node_modules/jest-circus/build/jestAdapterInit.js:943:5)
    at _runTestsForDescribeBlock (/Users/cmuir/P1Import-apps/P1-import-Subsystem/node_modules/jest-circus/build/jestAdapterInit.js:839:13)
    at _runTestsForDescribeBlock (/Users/cmuir/P1Import-apps/P1-import-Subsystem/node_modules/jest-circus/build/jestAdapterInit.js:829:11)
    at _runTestsForDescribeBlock (/Users/cmuir/P1Import-apps/P1-import-Subsystem/node_modules/jest-circus/build/jestAdapterInit.js:829:11)
    at run (/Users/cmuir/P1Import-apps/P1-import-Subsystem/node_modules/jest-circus/build/jestAdapterInit.js:757:3)
    at runAndTransformResultsToJestFormat (/Users/cmuir/P1Import-apps/P1-import-Subsystem/node_modules/jest-circus/build/jestAdapterInit.js:1920:21)
    at jestAdapter (/Users/cmuir/P1Import-apps/P1-import-Subsystem/node_modules/jest-circus/build/runner.js:101:19)
    at runTestInternal (/Users/cmuir/P1Import-apps/P1-import-Subsystem/node_modules/jest-runner/build/testWorker.js:275:16)
    at runTest (/Users/cmuir/P1Import-apps/P1-import-Subsystem/node_modules/jest-runner/build/testWorker.js:343:7)
    at Object.worker (/Users/cmuir/P1Import-apps/P1-import-Subsystem/node_modules/jest-runner/build/testWorker.js:497:12)</failure>
    </testcase>
    <testcase classname="Comprehensive UI Tests › Export View" name="Should show export status" time="0.006">
      <failure>ReferenceError: require is not defined
    at Object.&lt;anonymous&gt; (/Users/cmuir/P1Import-apps/P1-import-Subsystem/tests/e2e/comprehensive-ui.test.js:584:29)
    at Promise.finally.completed (/Users/cmuir/P1Import-apps/P1-import-Subsystem/node_modules/jest-circus/build/jestAdapterInit.js:1559:28)
    at new Promise (&lt;anonymous&gt;)
    at callAsyncCircusFn (/Users/cmuir/P1Import-apps/P1-import-Subsystem/node_modules/jest-circus/build/jestAdapterInit.js:1499:10)
    at _callCircusHook (/Users/cmuir/P1Import-apps/P1-import-Subsystem/node_modules/jest-circus/build/jestAdapterInit.js:978:40)
    at processTicksAndRejections (node:internal/process/task_queues:105:5)
    at _runTest (/Users/cmuir/P1Import-apps/P1-import-Subsystem/node_modules/jest-circus/build/jestAdapterInit.js:943:5)
    at _runTestsForDescribeBlock (/Users/cmuir/P1Import-apps/P1-import-Subsystem/node_modules/jest-circus/build/jestAdapterInit.js:839:13)
    at _runTestsForDescribeBlock (/Users/cmuir/P1Import-apps/P1-import-Subsystem/node_modules/jest-circus/build/jestAdapterInit.js:829:11)
    at _runTestsForDescribeBlock (/Users/cmuir/P1Import-apps/P1-import-Subsystem/node_modules/jest-circus/build/jestAdapterInit.js:829:11)
    at run (/Users/cmuir/P1Import-apps/P1-import-Subsystem/node_modules/jest-circus/build/jestAdapterInit.js:757:3)
    at runAndTransformResultsToJestFormat (/Users/cmuir/P1Import-apps/P1-import-Subsystem/node_modules/jest-circus/build/jestAdapterInit.js:1920:21)
    at jestAdapter (/Users/cmuir/P1Import-apps/P1-import-Subsystem/node_modules/jest-circus/build/runner.js:101:19)
    at runTestInternal (/Users/cmuir/P1Import-apps/P1-import-Subsystem/node_modules/jest-runner/build/testWorker.js:275:16)
    at runTest (/Users/cmuir/P1Import-apps/P1-import-Subsystem/node_modules/jest-runner/build/testWorker.js:343:7)
    at Object.worker (/Users/cmuir/P1Import-apps/P1-import-Subsystem/node_modules/jest-runner/build/testWorker.js:497:12)</failure>
    </testcase>
    <testcase classname="Comprehensive UI Tests › Logs View" name="Should load and display logs" time="0.005">
      <failure>ReferenceError: require is not defined
    at Object.&lt;anonymous&gt; (/Users/cmuir/P1Import-apps/P1-import-Subsystem/tests/e2e/comprehensive-ui.test.js:618:29)
    at Promise.finally.completed (/Users/cmuir/P1Import-apps/P1-import-Subsystem/node_modules/jest-circus/build/jestAdapterInit.js:1559:28)
    at new Promise (&lt;anonymous&gt;)
    at callAsyncCircusFn (/Users/cmuir/P1Import-apps/P1-import-Subsystem/node_modules/jest-circus/build/jestAdapterInit.js:1499:10)
    at _callCircusHook (/Users/cmuir/P1Import-apps/P1-import-Subsystem/node_modules/jest-circus/build/jestAdapterInit.js:978:40)
    at processTicksAndRejections (node:internal/process/task_queues:105:5)
    at _runTest (/Users/cmuir/P1Import-apps/P1-import-Subsystem/node_modules/jest-circus/build/jestAdapterInit.js:943:5)
    at _runTestsForDescribeBlock (/Users/cmuir/P1Import-apps/P1-import-Subsystem/node_modules/jest-circus/build/jestAdapterInit.js:839:13)
    at _runTestsForDescribeBlock (/Users/cmuir/P1Import-apps/P1-import-Subsystem/node_modules/jest-circus/build/jestAdapterInit.js:829:11)
    at _runTestsForDescribeBlock (/Users/cmuir/P1Import-apps/P1-import-Subsystem/node_modules/jest-circus/build/jestAdapterInit.js:829:11)
    at run (/Users/cmuir/P1Import-apps/P1-import-Subsystem/node_modules/jest-circus/build/jestAdapterInit.js:757:3)
    at runAndTransformResultsToJestFormat (/Users/cmuir/P1Import-apps/P1-import-Subsystem/node_modules/jest-circus/build/jestAdapterInit.js:1920:21)
    at jestAdapter (/Users/cmuir/P1Import-apps/P1-import-Subsystem/node_modules/jest-circus/build/runner.js:101:19)
    at runTestInternal (/Users/cmuir/P1Import-apps/P1-import-Subsystem/node_modules/jest-runner/build/testWorker.js:275:16)
    at runTest (/Users/cmuir/P1Import-apps/P1-import-Subsystem/node_modules/jest-runner/build/testWorker.js:343:7)
    at Object.worker (/Users/cmuir/P1Import-apps/P1-import-Subsystem/node_modules/jest-runner/build/testWorker.js:497:12)</failure>
    </testcase>
    <testcase classname="Comprehensive UI Tests › Logs View" name="Should clear logs when clear button is clicked" time="0.005">
      <failure>ReferenceError: require is not defined
    at Object.&lt;anonymous&gt; (/Users/cmuir/P1Import-apps/P1-import-Subsystem/tests/e2e/comprehensive-ui.test.js:618:29)
    at Promise.finally.completed (/Users/cmuir/P1Import-apps/P1-import-Subsystem/node_modules/jest-circus/build/jestAdapterInit.js:1559:28)
    at new Promise (&lt;anonymous&gt;)
    at callAsyncCircusFn (/Users/cmuir/P1Import-apps/P1-import-Subsystem/node_modules/jest-circus/build/jestAdapterInit.js:1499:10)
    at _callCircusHook (/Users/cmuir/P1Import-apps/P1-import-Subsystem/node_modules/jest-circus/build/jestAdapterInit.js:978:40)
    at processTicksAndRejections (node:internal/process/task_queues:105:5)
    at _runTest (/Users/cmuir/P1Import-apps/P1-import-Subsystem/node_modules/jest-circus/build/jestAdapterInit.js:943:5)
    at _runTestsForDescribeBlock (/Users/cmuir/P1Import-apps/P1-import-Subsystem/node_modules/jest-circus/build/jestAdapterInit.js:839:13)
    at _runTestsForDescribeBlock (/Users/cmuir/P1Import-apps/P1-import-Subsystem/node_modules/jest-circus/build/jestAdapterInit.js:829:11)
    at _runTestsForDescribeBlock (/Users/cmuir/P1Import-apps/P1-import-Subsystem/node_modules/jest-circus/build/jestAdapterInit.js:829:11)
    at run (/Users/cmuir/P1Import-apps/P1-import-Subsystem/node_modules/jest-circus/build/jestAdapterInit.js:757:3)
    at runAndTransformResultsToJestFormat (/Users/cmuir/P1Import-apps/P1-import-Subsystem/node_modules/jest-circus/build/jestAdapterInit.js:1920:21)
    at jestAdapter (/Users/cmuir/P1Import-apps/P1-import-Subsystem/node_modules/jest-circus/build/runner.js:101:19)
    at runTestInternal (/Users/cmuir/P1Import-apps/P1-import-Subsystem/node_modules/jest-runner/build/testWorker.js:275:16)
    at runTest (/Users/cmuir/P1Import-apps/P1-import-Subsystem/node_modules/jest-runner/build/testWorker.js:343:7)
    at Object.worker (/Users/cmuir/P1Import-apps/P1-import-Subsystem/node_modules/jest-runner/build/testWorker.js:497:12)</failure>
    </testcase>
    <testcase classname="Comprehensive UI Tests › Logs View" name="Should handle log navigation" time="0.004">
      <failure>ReferenceError: require is not defined
    at Object.&lt;anonymous&gt; (/Users/cmuir/P1Import-apps/P1-import-Subsystem/tests/e2e/comprehensive-ui.test.js:618:29)
    at Promise.finally.completed (/Users/cmuir/P1Import-apps/P1-import-Subsystem/node_modules/jest-circus/build/jestAdapterInit.js:1559:28)
    at new Promise (&lt;anonymous&gt;)
    at callAsyncCircusFn (/Users/cmuir/P1Import-apps/P1-import-Subsystem/node_modules/jest-circus/build/jestAdapterInit.js:1499:10)
    at _callCircusHook (/Users/cmuir/P1Import-apps/P1-import-Subsystem/node_modules/jest-circus/build/jestAdapterInit.js:978:40)
    at processTicksAndRejections (node:internal/process/task_queues:105:5)
    at _runTest (/Users/cmuir/P1Import-apps/P1-import-Subsystem/node_modules/jest-circus/build/jestAdapterInit.js:943:5)
    at _runTestsForDescribeBlock (/Users/cmuir/P1Import-apps/P1-import-Subsystem/node_modules/jest-circus/build/jestAdapterInit.js:839:13)
    at _runTestsForDescribeBlock (/Users/cmuir/P1Import-apps/P1-import-Subsystem/node_modules/jest-circus/build/jestAdapterInit.js:829:11)
    at _runTestsForDescribeBlock (/Users/cmuir/P1Import-apps/P1-import-Subsystem/node_modules/jest-circus/build/jestAdapterInit.js:829:11)
    at run (/Users/cmuir/P1Import-apps/P1-import-Subsystem/node_modules/jest-circus/build/jestAdapterInit.js:757:3)
    at runAndTransformResultsToJestFormat (/Users/cmuir/P1Import-apps/P1-import-Subsystem/node_modules/jest-circus/build/jestAdapterInit.js:1920:21)
    at jestAdapter (/Users/cmuir/P1Import-apps/P1-import-Subsystem/node_modules/jest-circus/build/runner.js:101:19)
    at runTestInternal (/Users/cmuir/P1Import-apps/P1-import-Subsystem/node_modules/jest-runner/build/testWorker.js:275:16)
    at runTest (/Users/cmuir/P1Import-apps/P1-import-Subsystem/node_modules/jest-runner/build/testWorker.js:343:7)
    at Object.worker (/Users/cmuir/P1Import-apps/P1-import-Subsystem/node_modules/jest-runner/build/testWorker.js:497:12)</failure>
    </testcase>
    <testcase classname="Comprehensive UI Tests › Delete CSV View" name="Should handle delete CSV form submission" time="0.005">
      <failure>ReferenceError: require is not defined
    at Object.&lt;anonymous&gt; (/Users/cmuir/P1Import-apps/P1-import-Subsystem/tests/e2e/comprehensive-ui.test.js:709:29)
    at Promise.finally.completed (/Users/cmuir/P1Import-apps/P1-import-Subsystem/node_modules/jest-circus/build/jestAdapterInit.js:1559:28)
    at new Promise (&lt;anonymous&gt;)
    at callAsyncCircusFn (/Users/cmuir/P1Import-apps/P1-import-Subsystem/node_modules/jest-circus/build/jestAdapterInit.js:1499:10)
    at _callCircusHook (/Users/cmuir/P1Import-apps/P1-import-Subsystem/node_modules/jest-circus/build/jestAdapterInit.js:978:40)
    at processTicksAndRejections (node:internal/process/task_queues:105:5)
    at _runTest (/Users/cmuir/P1Import-apps/P1-import-Subsystem/node_modules/jest-circus/build/jestAdapterInit.js:943:5)
    at _runTestsForDescribeBlock (/Users/cmuir/P1Import-apps/P1-import-Subsystem/node_modules/jest-circus/build/jestAdapterInit.js:839:13)
    at _runTestsForDescribeBlock (/Users/cmuir/P1Import-apps/P1-import-Subsystem/node_modules/jest-circus/build/jestAdapterInit.js:829:11)
    at _runTestsForDescribeBlock (/Users/cmuir/P1Import-apps/P1-import-Subsystem/node_modules/jest-circus/build/jestAdapterInit.js:829:11)
    at run (/Users/cmuir/P1Import-apps/P1-import-Subsystem/node_modules/jest-circus/build/jestAdapterInit.js:757:3)
    at runAndTransformResultsToJestFormat (/Users/cmuir/P1Import-apps/P1-import-Subsystem/node_modules/jest-circus/build/jestAdapterInit.js:1920:21)
    at jestAdapter (/Users/cmuir/P1Import-apps/P1-import-Subsystem/node_modules/jest-circus/build/runner.js:101:19)
    at runTestInternal (/Users/cmuir/P1Import-apps/P1-import-Subsystem/node_modules/jest-runner/build/testWorker.js:275:16)
    at runTest (/Users/cmuir/P1Import-apps/P1-import-Subsystem/node_modules/jest-runner/build/testWorker.js:343:7)
    at Object.worker (/Users/cmuir/P1Import-apps/P1-import-Subsystem/node_modules/jest-runner/build/testWorker.js:497:12)</failure>
    </testcase>
    <testcase classname="Comprehensive UI Tests › Delete CSV View" name="Should update delete CSV button state" time="0.003">
      <failure>ReferenceError: require is not defined
    at Object.&lt;anonymous&gt; (/Users/cmuir/P1Import-apps/P1-import-Subsystem/tests/e2e/comprehensive-ui.test.js:709:29)
    at Promise.finally.completed (/Users/cmuir/P1Import-apps/P1-import-Subsystem/node_modules/jest-circus/build/jestAdapterInit.js:1559:28)
    at new Promise (&lt;anonymous&gt;)
    at callAsyncCircusFn (/Users/cmuir/P1Import-apps/P1-import-Subsystem/node_modules/jest-circus/build/jestAdapterInit.js:1499:10)
    at _callCircusHook (/Users/cmuir/P1Import-apps/P1-import-Subsystem/node_modules/jest-circus/build/jestAdapterInit.js:978:40)
    at processTicksAndRejections (node:internal/process/task_queues:105:5)
    at _runTest (/Users/cmuir/P1Import-apps/P1-import-Subsystem/node_modules/jest-circus/build/jestAdapterInit.js:943:5)
    at _runTestsForDescribeBlock (/Users/cmuir/P1Import-apps/P1-import-Subsystem/node_modules/jest-circus/build/jestAdapterInit.js:839:13)
    at _runTestsForDescribeBlock (/Users/cmuir/P1Import-apps/P1-import-Subsystem/node_modules/jest-circus/build/jestAdapterInit.js:829:11)
    at _runTestsForDescribeBlock (/Users/cmuir/P1Import-apps/P1-import-Subsystem/node_modules/jest-circus/build/jestAdapterInit.js:829:11)
    at run (/Users/cmuir/P1Import-apps/P1-import-Subsystem/node_modules/jest-circus/build/jestAdapterInit.js:757:3)
    at runAndTransformResultsToJestFormat (/Users/cmuir/P1Import-apps/P1-import-Subsystem/node_modules/jest-circus/build/jestAdapterInit.js:1920:21)
    at jestAdapter (/Users/cmuir/P1Import-apps/P1-import-Subsystem/node_modules/jest-circus/build/runner.js:101:19)
    at runTestInternal (/Users/cmuir/P1Import-apps/P1-import-Subsystem/node_modules/jest-runner/build/testWorker.js:275:16)
    at runTest (/Users/cmuir/P1Import-apps/P1-import-Subsystem/node_modules/jest-runner/build/testWorker.js:343:7)
    at Object.worker (/Users/cmuir/P1Import-apps/P1-import-Subsystem/node_modules/jest-runner/build/testWorker.js:497:12)</failure>
    </testcase>
    <testcase classname="Comprehensive UI Tests › Modify View" name="Should handle modify form submission" time="0.005">
      <failure>ReferenceError: require is not defined
    at Object.&lt;anonymous&gt; (/Users/cmuir/P1Import-apps/P1-import-Subsystem/tests/e2e/comprehensive-ui.test.js:758:29)
    at Promise.finally.completed (/Users/cmuir/P1Import-apps/P1-import-Subsystem/node_modules/jest-circus/build/jestAdapterInit.js:1559:28)
    at new Promise (&lt;anonymous&gt;)
    at callAsyncCircusFn (/Users/cmuir/P1Import-apps/P1-import-Subsystem/node_modules/jest-circus/build/jestAdapterInit.js:1499:10)
    at _callCircusHook (/Users/cmuir/P1Import-apps/P1-import-Subsystem/node_modules/jest-circus/build/jestAdapterInit.js:978:40)
    at processTicksAndRejections (node:internal/process/task_queues:105:5)
    at _runTest (/Users/cmuir/P1Import-apps/P1-import-Subsystem/node_modules/jest-circus/build/jestAdapterInit.js:943:5)
    at _runTestsForDescribeBlock (/Users/cmuir/P1Import-apps/P1-import-Subsystem/node_modules/jest-circus/build/jestAdapterInit.js:839:13)
    at _runTestsForDescribeBlock (/Users/cmuir/P1Import-apps/P1-import-Subsystem/node_modules/jest-circus/build/jestAdapterInit.js:829:11)
    at _runTestsForDescribeBlock (/Users/cmuir/P1Import-apps/P1-import-Subsystem/node_modules/jest-circus/build/jestAdapterInit.js:829:11)
    at run (/Users/cmuir/P1Import-apps/P1-import-Subsystem/node_modules/jest-circus/build/jestAdapterInit.js:757:3)
    at runAndTransformResultsToJestFormat (/Users/cmuir/P1Import-apps/P1-import-Subsystem/node_modules/jest-circus/build/jestAdapterInit.js:1920:21)
    at jestAdapter (/Users/cmuir/P1Import-apps/P1-import-Subsystem/node_modules/jest-circus/build/runner.js:101:19)
    at runTestInternal (/Users/cmuir/P1Import-apps/P1-import-Subsystem/node_modules/jest-runner/build/testWorker.js:275:16)
    at runTest (/Users/cmuir/P1Import-apps/P1-import-Subsystem/node_modules/jest-runner/build/testWorker.js:343:7)
    at Object.worker (/Users/cmuir/P1Import-apps/P1-import-Subsystem/node_modules/jest-runner/build/testWorker.js:497:12)</failure>
    </testcase>
    <testcase classname="Comprehensive UI Tests › Modify View" name="Should update modify button state" time="0.003">
      <failure>ReferenceError: require is not defined
    at Object.&lt;anonymous&gt; (/Users/cmuir/P1Import-apps/P1-import-Subsystem/tests/e2e/comprehensive-ui.test.js:758:29)
    at Promise.finally.completed (/Users/cmuir/P1Import-apps/P1-import-Subsystem/node_modules/jest-circus/build/jestAdapterInit.js:1559:28)
    at new Promise (&lt;anonymous&gt;)
    at callAsyncCircusFn (/Users/cmuir/P1Import-apps/P1-import-Subsystem/node_modules/jest-circus/build/jestAdapterInit.js:1499:10)
    at _callCircusHook (/Users/cmuir/P1Import-apps/P1-import-Subsystem/node_modules/jest-circus/build/jestAdapterInit.js:978:40)
    at processTicksAndRejections (node:internal/process/task_queues:105:5)
    at _runTest (/Users/cmuir/P1Import-apps/P1-import-Subsystem/node_modules/jest-circus/build/jestAdapterInit.js:943:5)
    at _runTestsForDescribeBlock (/Users/cmuir/P1Import-apps/P1-import-Subsystem/node_modules/jest-circus/build/jestAdapterInit.js:839:13)
    at _runTestsForDescribeBlock (/Users/cmuir/P1Import-apps/P1-import-Subsystem/node_modules/jest-circus/build/jestAdapterInit.js:829:11)
    at _runTestsForDescribeBlock (/Users/cmuir/P1Import-apps/P1-import-Subsystem/node_modules/jest-circus/build/jestAdapterInit.js:829:11)
    at run (/Users/cmuir/P1Import-apps/P1-import-Subsystem/node_modules/jest-circus/build/jestAdapterInit.js:757:3)
    at runAndTransformResultsToJestFormat (/Users/cmuir/P1Import-apps/P1-import-Subsystem/node_modules/jest-circus/build/jestAdapterInit.js:1920:21)
    at jestAdapter (/Users/cmuir/P1Import-apps/P1-import-Subsystem/node_modules/jest-circus/build/runner.js:101:19)
    at runTestInternal (/Users/cmuir/P1Import-apps/P1-import-Subsystem/node_modules/jest-runner/build/testWorker.js:275:16)
    at runTest (/Users/cmuir/P1Import-apps/P1-import-Subsystem/node_modules/jest-runner/build/testWorker.js:343:7)
    at Object.worker (/Users/cmuir/P1Import-apps/P1-import-Subsystem/node_modules/jest-runner/build/testWorker.js:497:12)</failure>
    </testcase>
    <testcase classname="Comprehensive UI Tests › Notifications and Alerts" name="Should show success notifications" time="0.003">
      <failure>ReferenceError: require is not defined
    at Object.&lt;anonymous&gt; (/Users/cmuir/P1Import-apps/P1-import-Subsystem/tests/e2e/comprehensive-ui.test.js:807:29)
    at Promise.finally.completed (/Users/cmuir/P1Import-apps/P1-import-Subsystem/node_modules/jest-circus/build/jestAdapterInit.js:1559:28)
    at new Promise (&lt;anonymous&gt;)
    at callAsyncCircusFn (/Users/cmuir/P1Import-apps/P1-import-Subsystem/node_modules/jest-circus/build/jestAdapterInit.js:1499:10)
    at _callCircusHook (/Users/cmuir/P1Import-apps/P1-import-Subsystem/node_modules/jest-circus/build/jestAdapterInit.js:978:40)
    at processTicksAndRejections (node:internal/process/task_queues:105:5)
    at _runTest (/Users/cmuir/P1Import-apps/P1-import-Subsystem/node_modules/jest-circus/build/jestAdapterInit.js:943:5)
    at _runTestsForDescribeBlock (/Users/cmuir/P1Import-apps/P1-import-Subsystem/node_modules/jest-circus/build/jestAdapterInit.js:839:13)
    at _runTestsForDescribeBlock (/Users/cmuir/P1Import-apps/P1-import-Subsystem/node_modules/jest-circus/build/jestAdapterInit.js:829:11)
    at _runTestsForDescribeBlock (/Users/cmuir/P1Import-apps/P1-import-Subsystem/node_modules/jest-circus/build/jestAdapterInit.js:829:11)
    at run (/Users/cmuir/P1Import-apps/P1-import-Subsystem/node_modules/jest-circus/build/jestAdapterInit.js:757:3)
    at runAndTransformResultsToJestFormat (/Users/cmuir/P1Import-apps/P1-import-Subsystem/node_modules/jest-circus/build/jestAdapterInit.js:1920:21)
    at jestAdapter (/Users/cmuir/P1Import-apps/P1-import-Subsystem/node_modules/jest-circus/build/runner.js:101:19)
    at runTestInternal (/Users/cmuir/P1Import-apps/P1-import-Subsystem/node_modules/jest-runner/build/testWorker.js:275:16)
    at runTest (/Users/cmuir/P1Import-apps/P1-import-Subsystem/node_modules/jest-runner/build/testWorker.js:343:7)
    at Object.worker (/Users/cmuir/P1Import-apps/P1-import-Subsystem/node_modules/jest-runner/build/testWorker.js:497:12)</failure>
    </testcase>
    <testcase classname="Comprehensive UI Tests › Notifications and Alerts" name="Should show warning notifications" time="0.004">
      <failure>ReferenceError: require is not defined
    at Object.&lt;anonymous&gt; (/Users/cmuir/P1Import-apps/P1-import-Subsystem/tests/e2e/comprehensive-ui.test.js:807:29)
    at Promise.finally.completed (/Users/cmuir/P1Import-apps/P1-import-Subsystem/node_modules/jest-circus/build/jestAdapterInit.js:1559:28)
    at new Promise (&lt;anonymous&gt;)
    at callAsyncCircusFn (/Users/cmuir/P1Import-apps/P1-import-Subsystem/node_modules/jest-circus/build/jestAdapterInit.js:1499:10)
    at _callCircusHook (/Users/cmuir/P1Import-apps/P1-import-Subsystem/node_modules/jest-circus/build/jestAdapterInit.js:978:40)
    at processTicksAndRejections (node:internal/process/task_queues:105:5)
    at _runTest (/Users/cmuir/P1Import-apps/P1-import-Subsystem/node_modules/jest-circus/build/jestAdapterInit.js:943:5)
    at _runTestsForDescribeBlock (/Users/cmuir/P1Import-apps/P1-import-Subsystem/node_modules/jest-circus/build/jestAdapterInit.js:839:13)
    at _runTestsForDescribeBlock (/Users/cmuir/P1Import-apps/P1-import-Subsystem/node_modules/jest-circus/build/jestAdapterInit.js:829:11)
    at _runTestsForDescribeBlock (/Users/cmuir/P1Import-apps/P1-import-Subsystem/node_modules/jest-circus/build/jestAdapterInit.js:829:11)
    at run (/Users/cmuir/P1Import-apps/P1-import-Subsystem/node_modules/jest-circus/build/jestAdapterInit.js:757:3)
    at runAndTransformResultsToJestFormat (/Users/cmuir/P1Import-apps/P1-import-Subsystem/node_modules/jest-circus/build/jestAdapterInit.js:1920:21)
    at jestAdapter (/Users/cmuir/P1Import-apps/P1-import-Subsystem/node_modules/jest-circus/build/runner.js:101:19)
    at runTestInternal (/Users/cmuir/P1Import-apps/P1-import-Subsystem/node_modules/jest-runner/build/testWorker.js:275:16)
    at runTest (/Users/cmuir/P1Import-apps/P1-import-Subsystem/node_modules/jest-runner/build/testWorker.js:343:7)
    at Object.worker (/Users/cmuir/P1Import-apps/P1-import-Subsystem/node_modules/jest-runner/build/testWorker.js:497:12)</failure>
    </testcase>
    <testcase classname="Comprehensive UI Tests › Notifications and Alerts" name="Should show error notifications" time="0.005">
      <failure>ReferenceError: require is not defined
    at Object.&lt;anonymous&gt; (/Users/cmuir/P1Import-apps/P1-import-Subsystem/tests/e2e/comprehensive-ui.test.js:807:29)
    at Promise.finally.completed (/Users/cmuir/P1Import-apps/P1-import-Subsystem/node_modules/jest-circus/build/jestAdapterInit.js:1559:28)
    at new Promise (&lt;anonymous&gt;)
    at callAsyncCircusFn (/Users/cmuir/P1Import-apps/P1-import-Subsystem/node_modules/jest-circus/build/jestAdapterInit.js:1499:10)
    at _callCircusHook (/Users/cmuir/P1Import-apps/P1-import-Subsystem/node_modules/jest-circus/build/jestAdapterInit.js:978:40)
    at processTicksAndRejections (node:internal/process/task_queues:105:5)
    at _runTest (/Users/cmuir/P1Import-apps/P1-import-Subsystem/node_modules/jest-circus/build/jestAdapterInit.js:943:5)
    at _runTestsForDescribeBlock (/Users/cmuir/P1Import-apps/P1-import-Subsystem/node_modules/jest-circus/build/jestAdapterInit.js:839:13)
    at _runTestsForDescribeBlock (/Users/cmuir/P1Import-apps/P1-import-Subsystem/node_modules/jest-circus/build/jestAdapterInit.js:829:11)
    at _runTestsForDescribeBlock (/Users/cmuir/P1Import-apps/P1-import-Subsystem/node_modules/jest-circus/build/jestAdapterInit.js:829:11)
    at run (/Users/cmuir/P1Import-apps/P1-import-Subsystem/node_modules/jest-circus/build/jestAdapterInit.js:757:3)
    at runAndTransformResultsToJestFormat (/Users/cmuir/P1Import-apps/P1-import-Subsystem/node_modules/jest-circus/build/jestAdapterInit.js:1920:21)
    at jestAdapter (/Users/cmuir/P1Import-apps/P1-import-Subsystem/node_modules/jest-circus/build/runner.js:101:19)
    at runTestInternal (/Users/cmuir/P1Import-apps/P1-import-Subsystem/node_modules/jest-runner/build/testWorker.js:275:16)
    at runTest (/Users/cmuir/P1Import-apps/P1-import-Subsystem/node_modules/jest-runner/build/testWorker.js:343:7)
    at Object.worker (/Users/cmuir/P1Import-apps/P1-import-Subsystem/node_modules/jest-runner/build/testWorker.js:497:12)</failure>
    </testcase>
    <testcase classname="Comprehensive UI Tests › Notifications and Alerts" name="Should show rate limit warnings" time="0.003">
      <failure>ReferenceError: require is not defined
    at Object.&lt;anonymous&gt; (/Users/cmuir/P1Import-apps/P1-import-Subsystem/tests/e2e/comprehensive-ui.test.js:807:29)
    at Promise.finally.completed (/Users/cmuir/P1Import-apps/P1-import-Subsystem/node_modules/jest-circus/build/jestAdapterInit.js:1559:28)
    at new Promise (&lt;anonymous&gt;)
    at callAsyncCircusFn (/Users/cmuir/P1Import-apps/P1-import-Subsystem/node_modules/jest-circus/build/jestAdapterInit.js:1499:10)
    at _callCircusHook (/Users/cmuir/P1Import-apps/P1-import-Subsystem/node_modules/jest-circus/build/jestAdapterInit.js:978:40)
    at processTicksAndRejections (node:internal/process/task_queues:105:5)
    at _runTest (/Users/cmuir/P1Import-apps/P1-import-Subsystem/node_modules/jest-circus/build/jestAdapterInit.js:943:5)
    at _runTestsForDescribeBlock (/Users/cmuir/P1Import-apps/P1-import-Subsystem/node_modules/jest-circus/build/jestAdapterInit.js:839:13)
    at _runTestsForDescribeBlock (/Users/cmuir/P1Import-apps/P1-import-Subsystem/node_modules/jest-circus/build/jestAdapterInit.js:829:11)
    at _runTestsForDescribeBlock (/Users/cmuir/P1Import-apps/P1-import-Subsystem/node_modules/jest-circus/build/jestAdapterInit.js:829:11)
    at run (/Users/cmuir/P1Import-apps/P1-import-Subsystem/node_modules/jest-circus/build/jestAdapterInit.js:757:3)
    at runAndTransformResultsToJestFormat (/Users/cmuir/P1Import-apps/P1-import-Subsystem/node_modules/jest-circus/build/jestAdapterInit.js:1920:21)
    at jestAdapter (/Users/cmuir/P1Import-apps/P1-import-Subsystem/node_modules/jest-circus/build/runner.js:101:19)
    at runTestInternal (/Users/cmuir/P1Import-apps/P1-import-Subsystem/node_modules/jest-runner/build/testWorker.js:275:16)
    at runTest (/Users/cmuir/P1Import-apps/P1-import-Subsystem/node_modules/jest-runner/build/testWorker.js:343:7)
    at Object.worker (/Users/cmuir/P1Import-apps/P1-import-Subsystem/node_modules/jest-runner/build/testWorker.js:497:12)</failure>
    </testcase>
    <testcase classname="Comprehensive UI Tests › Error Handling" name="Should handle API errors gracefully" time="0.003">
      <failure>ReferenceError: require is not defined
    at Object.&lt;anonymous&gt; (/Users/cmuir/P1Import-apps/P1-import-Subsystem/tests/e2e/comprehensive-ui.test.js:842:29)
    at Promise.finally.completed (/Users/cmuir/P1Import-apps/P1-import-Subsystem/node_modules/jest-circus/build/jestAdapterInit.js:1559:28)
    at new Promise (&lt;anonymous&gt;)
    at callAsyncCircusFn (/Users/cmuir/P1Import-apps/P1-import-Subsystem/node_modules/jest-circus/build/jestAdapterInit.js:1499:10)
    at _callCircusHook (/Users/cmuir/P1Import-apps/P1-import-Subsystem/node_modules/jest-circus/build/jestAdapterInit.js:978:40)
    at processTicksAndRejections (node:internal/process/task_queues:105:5)
    at _runTest (/Users/cmuir/P1Import-apps/P1-import-Subsystem/node_modules/jest-circus/build/jestAdapterInit.js:943:5)
    at _runTestsForDescribeBlock (/Users/cmuir/P1Import-apps/P1-import-Subsystem/node_modules/jest-circus/build/jestAdapterInit.js:839:13)
    at _runTestsForDescribeBlock (/Users/cmuir/P1Import-apps/P1-import-Subsystem/node_modules/jest-circus/build/jestAdapterInit.js:829:11)
    at _runTestsForDescribeBlock (/Users/cmuir/P1Import-apps/P1-import-Subsystem/node_modules/jest-circus/build/jestAdapterInit.js:829:11)
    at run (/Users/cmuir/P1Import-apps/P1-import-Subsystem/node_modules/jest-circus/build/jestAdapterInit.js:757:3)
    at runAndTransformResultsToJestFormat (/Users/cmuir/P1Import-apps/P1-import-Subsystem/node_modules/jest-circus/build/jestAdapterInit.js:1920:21)
    at jestAdapter (/Users/cmuir/P1Import-apps/P1-import-Subsystem/node_modules/jest-circus/build/runner.js:101:19)
    at runTestInternal (/Users/cmuir/P1Import-apps/P1-import-Subsystem/node_modules/jest-runner/build/testWorker.js:275:16)
    at runTest (/Users/cmuir/P1Import-apps/P1-import-Subsystem/node_modules/jest-runner/build/testWorker.js:343:7)
    at Object.worker (/Users/cmuir/P1Import-apps/P1-import-Subsystem/node_modules/jest-runner/build/testWorker.js:497:12)</failure>
    </testcase>
    <testcase classname="Comprehensive UI Tests › Error Handling" name="Should handle network errors" time="0.003">
      <failure>ReferenceError: require is not defined
    at Object.&lt;anonymous&gt; (/Users/cmuir/P1Import-apps/P1-import-Subsystem/tests/e2e/comprehensive-ui.test.js:842:29)
    at Promise.finally.completed (/Users/cmuir/P1Import-apps/P1-import-Subsystem/node_modules/jest-circus/build/jestAdapterInit.js:1559:28)
    at new Promise (&lt;anonymous&gt;)
    at callAsyncCircusFn (/Users/cmuir/P1Import-apps/P1-import-Subsystem/node_modules/jest-circus/build/jestAdapterInit.js:1499:10)
    at _callCircusHook (/Users/cmuir/P1Import-apps/P1-import-Subsystem/node_modules/jest-circus/build/jestAdapterInit.js:978:40)
    at processTicksAndRejections (node:internal/process/task_queues:105:5)
    at _runTest (/Users/cmuir/P1Import-apps/P1-import-Subsystem/node_modules/jest-circus/build/jestAdapterInit.js:943:5)
    at _runTestsForDescribeBlock (/Users/cmuir/P1Import-apps/P1-import-Subsystem/node_modules/jest-circus/build/jestAdapterInit.js:839:13)
    at _runTestsForDescribeBlock (/Users/cmuir/P1Import-apps/P1-import-Subsystem/node_modules/jest-circus/build/jestAdapterInit.js:829:11)
    at _runTestsForDescribeBlock (/Users/cmuir/P1Import-apps/P1-import-Subsystem/node_modules/jest-circus/build/jestAdapterInit.js:829:11)
    at run (/Users/cmuir/P1Import-apps/P1-import-Subsystem/node_modules/jest-circus/build/jestAdapterInit.js:757:3)
    at runAndTransformResultsToJestFormat (/Users/cmuir/P1Import-apps/P1-import-Subsystem/node_modules/jest-circus/build/jestAdapterInit.js:1920:21)
    at jestAdapter (/Users/cmuir/P1Import-apps/P1-import-Subsystem/node_modules/jest-circus/build/runner.js:101:19)
    at runTestInternal (/Users/cmuir/P1Import-apps/P1-import-Subsystem/node_modules/jest-runner/build/testWorker.js:275:16)
    at runTest (/Users/cmuir/P1Import-apps/P1-import-Subsystem/node_modules/jest-runner/build/testWorker.js:343:7)
    at Object.worker (/Users/cmuir/P1Import-apps/P1-import-Subsystem/node_modules/jest-runner/build/testWorker.js:497:12)</failure>
    </testcase>
    <testcase classname="Comprehensive UI Tests › Error Handling" name="Should handle rate limit errors" time="0.005">
      <failure>ReferenceError: require is not defined
    at Object.&lt;anonymous&gt; (/Users/cmuir/P1Import-apps/P1-import-Subsystem/tests/e2e/comprehensive-ui.test.js:842:29)
    at Promise.finally.completed (/Users/cmuir/P1Import-apps/P1-import-Subsystem/node_modules/jest-circus/build/jestAdapterInit.js:1559:28)
    at new Promise (&lt;anonymous&gt;)
    at callAsyncCircusFn (/Users/cmuir/P1Import-apps/P1-import-Subsystem/node_modules/jest-circus/build/jestAdapterInit.js:1499:10)
    at _callCircusHook (/Users/cmuir/P1Import-apps/P1-import-Subsystem/node_modules/jest-circus/build/jestAdapterInit.js:978:40)
    at processTicksAndRejections (node:internal/process/task_queues:105:5)
    at _runTest (/Users/cmuir/P1Import-apps/P1-import-Subsystem/node_modules/jest-circus/build/jestAdapterInit.js:943:5)
    at _runTestsForDescribeBlock (/Users/cmuir/P1Import-apps/P1-import-Subsystem/node_modules/jest-circus/build/jestAdapterInit.js:839:13)
    at _runTestsForDescribeBlock (/Users/cmuir/P1Import-apps/P1-import-Subsystem/node_modules/jest-circus/build/jestAdapterInit.js:829:11)
    at _runTestsForDescribeBlock (/Users/cmuir/P1Import-apps/P1-import-Subsystem/node_modules/jest-circus/build/jestAdapterInit.js:829:11)
    at run (/Users/cmuir/P1Import-apps/P1-import-Subsystem/node_modules/jest-circus/build/jestAdapterInit.js:757:3)
    at runAndTransformResultsToJestFormat (/Users/cmuir/P1Import-apps/P1-import-Subsystem/node_modules/jest-circus/build/jestAdapterInit.js:1920:21)
    at jestAdapter (/Users/cmuir/P1Import-apps/P1-import-Subsystem/node_modules/jest-circus/build/runner.js:101:19)
    at runTestInternal (/Users/cmuir/P1Import-apps/P1-import-Subsystem/node_modules/jest-runner/build/testWorker.js:275:16)
    at runTest (/Users/cmuir/P1Import-apps/P1-import-Subsystem/node_modules/jest-runner/build/testWorker.js:343:7)
    at Object.worker (/Users/cmuir/P1Import-apps/P1-import-Subsystem/node_modules/jest-runner/build/testWorker.js:497:12)</failure>
    </testcase>
    <testcase classname="Comprehensive UI Tests › Progress Tracking" name="Should add progress log entries" time="0.004">
      <failure>ReferenceError: require is not defined
    at Object.&lt;anonymous&gt; (/Users/cmuir/P1Import-apps/P1-import-Subsystem/tests/e2e/comprehensive-ui.test.js:908:29)
    at Promise.finally.completed (/Users/cmuir/P1Import-apps/P1-import-Subsystem/node_modules/jest-circus/build/jestAdapterInit.js:1559:28)
    at new Promise (&lt;anonymous&gt;)
    at callAsyncCircusFn (/Users/cmuir/P1Import-apps/P1-import-Subsystem/node_modules/jest-circus/build/jestAdapterInit.js:1499:10)
    at _callCircusHook (/Users/cmuir/P1Import-apps/P1-import-Subsystem/node_modules/jest-circus/build/jestAdapterInit.js:978:40)
    at processTicksAndRejections (node:internal/process/task_queues:105:5)
    at _runTest (/Users/cmuir/P1Import-apps/P1-import-Subsystem/node_modules/jest-circus/build/jestAdapterInit.js:943:5)
    at _runTestsForDescribeBlock (/Users/cmuir/P1Import-apps/P1-import-Subsystem/node_modules/jest-circus/build/jestAdapterInit.js:839:13)
    at _runTestsForDescribeBlock (/Users/cmuir/P1Import-apps/P1-import-Subsystem/node_modules/jest-circus/build/jestAdapterInit.js:829:11)
    at _runTestsForDescribeBlock (/Users/cmuir/P1Import-apps/P1-import-Subsystem/node_modules/jest-circus/build/jestAdapterInit.js:829:11)
    at run (/Users/cmuir/P1Import-apps/P1-import-Subsystem/node_modules/jest-circus/build/jestAdapterInit.js:757:3)
    at runAndTransformResultsToJestFormat (/Users/cmuir/P1Import-apps/P1-import-Subsystem/node_modules/jest-circus/build/jestAdapterInit.js:1920:21)
    at jestAdapter (/Users/cmuir/P1Import-apps/P1-import-Subsystem/node_modules/jest-circus/build/runner.js:101:19)
    at runTestInternal (/Users/cmuir/P1Import-apps/P1-import-Subsystem/node_modules/jest-runner/build/testWorker.js:275:16)
    at runTest (/Users/cmuir/P1Import-apps/P1-import-Subsystem/node_modules/jest-runner/build/testWorker.js:343:7)
    at Object.worker (/Users/cmuir/P1Import-apps/P1-import-Subsystem/node_modules/jest-runner/build/testWorker.js:497:12)</failure>
    </testcase>
    <testcase classname="Comprehensive UI Tests › Progress Tracking" name="Should update progress log display" time="0.003">
      <failure>ReferenceError: require is not defined
    at Object.&lt;anonymous&gt; (/Users/cmuir/P1Import-apps/P1-import-Subsystem/tests/e2e/comprehensive-ui.test.js:908:29)
    at Promise.finally.completed (/Users/cmuir/P1Import-apps/P1-import-Subsystem/node_modules/jest-circus/build/jestAdapterInit.js:1559:28)
    at new Promise (&lt;anonymous&gt;)
    at callAsyncCircusFn (/Users/cmuir/P1Import-apps/P1-import-Subsystem/node_modules/jest-circus/build/jestAdapterInit.js:1499:10)
    at _callCircusHook (/Users/cmuir/P1Import-apps/P1-import-Subsystem/node_modules/jest-circus/build/jestAdapterInit.js:978:40)
    at processTicksAndRejections (node:internal/process/task_queues:105:5)
    at _runTest (/Users/cmuir/P1Import-apps/P1-import-Subsystem/node_modules/jest-circus/build/jestAdapterInit.js:943:5)
    at _runTestsForDescribeBlock (/Users/cmuir/P1Import-apps/P1-import-Subsystem/node_modules/jest-circus/build/jestAdapterInit.js:839:13)
    at _runTestsForDescribeBlock (/Users/cmuir/P1Import-apps/P1-import-Subsystem/node_modules/jest-circus/build/jestAdapterInit.js:829:11)
    at _runTestsForDescribeBlock (/Users/cmuir/P1Import-apps/P1-import-Subsystem/node_modules/jest-circus/build/jestAdapterInit.js:829:11)
    at run (/Users/cmuir/P1Import-apps/P1-import-Subsystem/node_modules/jest-circus/build/jestAdapterInit.js:757:3)
    at runAndTransformResultsToJestFormat (/Users/cmuir/P1Import-apps/P1-import-Subsystem/node_modules/jest-circus/build/jestAdapterInit.js:1920:21)
    at jestAdapter (/Users/cmuir/P1Import-apps/P1-import-Subsystem/node_modules/jest-circus/build/runner.js:101:19)
    at runTestInternal (/Users/cmuir/P1Import-apps/P1-import-Subsystem/node_modules/jest-runner/build/testWorker.js:275:16)
    at runTest (/Users/cmuir/P1Import-apps/P1-import-Subsystem/node_modules/jest-runner/build/testWorker.js:343:7)
    at Object.worker (/Users/cmuir/P1Import-apps/P1-import-Subsystem/node_modules/jest-runner/build/testWorker.js:497:12)</failure>
    </testcase>
    <testcase classname="Comprehensive UI Tests › Progress Tracking" name="Should clear progress log" time="0.003">
      <failure>ReferenceError: require is not defined
    at Object.&lt;anonymous&gt; (/Users/cmuir/P1Import-apps/P1-import-Subsystem/tests/e2e/comprehensive-ui.test.js:908:29)
    at Promise.finally.completed (/Users/cmuir/P1Import-apps/P1-import-Subsystem/node_modules/jest-circus/build/jestAdapterInit.js:1559:28)
    at new Promise (&lt;anonymous&gt;)
    at callAsyncCircusFn (/Users/cmuir/P1Import-apps/P1-import-Subsystem/node_modules/jest-circus/build/jestAdapterInit.js:1499:10)
    at _callCircusHook (/Users/cmuir/P1Import-apps/P1-import-Subsystem/node_modules/jest-circus/build/jestAdapterInit.js:978:40)
    at processTicksAndRejections (node:internal/process/task_queues:105:5)
    at _runTest (/Users/cmuir/P1Import-apps/P1-import-Subsystem/node_modules/jest-circus/build/jestAdapterInit.js:943:5)
    at _runTestsForDescribeBlock (/Users/cmuir/P1Import-apps/P1-import-Subsystem/node_modules/jest-circus/build/jestAdapterInit.js:839:13)
    at _runTestsForDescribeBlock (/Users/cmuir/P1Import-apps/P1-import-Subsystem/node_modules/jest-circus/build/jestAdapterInit.js:829:11)
    at _runTestsForDescribeBlock (/Users/cmuir/P1Import-apps/P1-import-Subsystem/node_modules/jest-circus/build/jestAdapterInit.js:829:11)
    at run (/Users/cmuir/P1Import-apps/P1-import-Subsystem/node_modules/jest-circus/build/jestAdapterInit.js:757:3)
    at runAndTransformResultsToJestFormat (/Users/cmuir/P1Import-apps/P1-import-Subsystem/node_modules/jest-circus/build/jestAdapterInit.js:1920:21)
    at jestAdapter (/Users/cmuir/P1Import-apps/P1-import-Subsystem/node_modules/jest-circus/build/runner.js:101:19)
    at runTestInternal (/Users/cmuir/P1Import-apps/P1-import-Subsystem/node_modules/jest-runner/build/testWorker.js:275:16)
    at runTest (/Users/cmuir/P1Import-apps/P1-import-Subsystem/node_modules/jest-runner/build/testWorker.js:343:7)
    at Object.worker (/Users/cmuir/P1Import-apps/P1-import-Subsystem/node_modules/jest-runner/build/testWorker.js:497:12)</failure>
    </testcase>
    <testcase classname="Comprehensive UI Tests › Status Management" name="Should update last run status" time="0.004">
      <failure>ReferenceError: require is not defined
    at Object.&lt;anonymous&gt; (/Users/cmuir/P1Import-apps/P1-import-Subsystem/tests/e2e/comprehensive-ui.test.js:947:29)
    at Promise.finally.completed (/Users/cmuir/P1Import-apps/P1-import-Subsystem/node_modules/jest-circus/build/jestAdapterInit.js:1559:28)
    at new Promise (&lt;anonymous&gt;)
    at callAsyncCircusFn (/Users/cmuir/P1Import-apps/P1-import-Subsystem/node_modules/jest-circus/build/jestAdapterInit.js:1499:10)
    at _callCircusHook (/Users/cmuir/P1Import-apps/P1-import-Subsystem/node_modules/jest-circus/build/jestAdapterInit.js:978:40)
    at processTicksAndRejections (node:internal/process/task_queues:105:5)
    at _runTest (/Users/cmuir/P1Import-apps/P1-import-Subsystem/node_modules/jest-circus/build/jestAdapterInit.js:943:5)
    at _runTestsForDescribeBlock (/Users/cmuir/P1Import-apps/P1-import-Subsystem/node_modules/jest-circus/build/jestAdapterInit.js:839:13)
    at _runTestsForDescribeBlock (/Users/cmuir/P1Import-apps/P1-import-Subsystem/node_modules/jest-circus/build/jestAdapterInit.js:829:11)
    at _runTestsForDescribeBlock (/Users/cmuir/P1Import-apps/P1-import-Subsystem/node_modules/jest-circus/build/jestAdapterInit.js:829:11)
    at run (/Users/cmuir/P1Import-apps/P1-import-Subsystem/node_modules/jest-circus/build/jestAdapterInit.js:757:3)
    at runAndTransformResultsToJestFormat (/Users/cmuir/P1Import-apps/P1-import-Subsystem/node_modules/jest-circus/build/jestAdapterInit.js:1920:21)
    at jestAdapter (/Users/cmuir/P1Import-apps/P1-import-Subsystem/node_modules/jest-circus/build/runner.js:101:19)
    at runTestInternal (/Users/cmuir/P1Import-apps/P1-import-Subsystem/node_modules/jest-runner/build/testWorker.js:275:16)
    at runTest (/Users/cmuir/P1Import-apps/P1-import-Subsystem/node_modules/jest-runner/build/testWorker.js:343:7)
    at Object.worker (/Users/cmuir/P1Import-apps/P1-import-Subsystem/node_modules/jest-runner/build/testWorker.js:497:12)</failure>
    </testcase>
    <testcase classname="Comprehensive UI Tests › Status Management" name="Should display last run status" time="0.004">
      <failure>ReferenceError: require is not defined
    at Object.&lt;anonymous&gt; (/Users/cmuir/P1Import-apps/P1-import-Subsystem/tests/e2e/comprehensive-ui.test.js:947:29)
    at Promise.finally.completed (/Users/cmuir/P1Import-apps/P1-import-Subsystem/node_modules/jest-circus/build/jestAdapterInit.js:1559:28)
    at new Promise (&lt;anonymous&gt;)
    at callAsyncCircusFn (/Users/cmuir/P1Import-apps/P1-import-Subsystem/node_modules/jest-circus/build/jestAdapterInit.js:1499:10)
    at _callCircusHook (/Users/cmuir/P1Import-apps/P1-import-Subsystem/node_modules/jest-circus/build/jestAdapterInit.js:978:40)
    at processTicksAndRejections (node:internal/process/task_queues:105:5)
    at _runTest (/Users/cmuir/P1Import-apps/P1-import-Subsystem/node_modules/jest-circus/build/jestAdapterInit.js:943:5)
    at _runTestsForDescribeBlock (/Users/cmuir/P1Import-apps/P1-import-Subsystem/node_modules/jest-circus/build/jestAdapterInit.js:839:13)
    at _runTestsForDescribeBlock (/Users/cmuir/P1Import-apps/P1-import-Subsystem/node_modules/jest-circus/build/jestAdapterInit.js:829:11)
    at _runTestsForDescribeBlock (/Users/cmuir/P1Import-apps/P1-import-Subsystem/node_modules/jest-circus/build/jestAdapterInit.js:829:11)
    at run (/Users/cmuir/P1Import-apps/P1-import-Subsystem/node_modules/jest-circus/build/jestAdapterInit.js:757:3)
    at runAndTransformResultsToJestFormat (/Users/cmuir/P1Import-apps/P1-import-Subsystem/node_modules/jest-circus/build/jestAdapterInit.js:1920:21)
    at jestAdapter (/Users/cmuir/P1Import-apps/P1-import-Subsystem/node_modules/jest-circus/build/runner.js:101:19)
    at runTestInternal (/Users/cmuir/P1Import-apps/P1-import-Subsystem/node_modules/jest-runner/build/testWorker.js:275:16)
    at runTest (/Users/cmuir/P1Import-apps/P1-import-Subsystem/node_modules/jest-runner/build/testWorker.js:343:7)
    at Object.worker (/Users/cmuir/P1Import-apps/P1-import-Subsystem/node_modules/jest-runner/build/testWorker.js:497:12)</failure>
    </testcase>
    <testcase classname="Comprehensive UI Tests › Status Management" name="Should save and load persisted status" time="0.004">
      <failure>ReferenceError: require is not defined
    at Object.&lt;anonymous&gt; (/Users/cmuir/P1Import-apps/P1-import-Subsystem/tests/e2e/comprehensive-ui.test.js:947:29)
    at Promise.finally.completed (/Users/cmuir/P1Import-apps/P1-import-Subsystem/node_modules/jest-circus/build/jestAdapterInit.js:1559:28)
    at new Promise (&lt;anonymous&gt;)
    at callAsyncCircusFn (/Users/cmuir/P1Import-apps/P1-import-Subsystem/node_modules/jest-circus/build/jestAdapterInit.js:1499:10)
    at _callCircusHook (/Users/cmuir/P1Import-apps/P1-import-Subsystem/node_modules/jest-circus/build/jestAdapterInit.js:978:40)
    at processTicksAndRejections (node:internal/process/task_queues:105:5)
    at _runTest (/Users/cmuir/P1Import-apps/P1-import-Subsystem/node_modules/jest-circus/build/jestAdapterInit.js:943:5)
    at _runTestsForDescribeBlock (/Users/cmuir/P1Import-apps/P1-import-Subsystem/node_modules/jest-circus/build/jestAdapterInit.js:839:13)
    at _runTestsForDescribeBlock (/Users/cmuir/P1Import-apps/P1-import-Subsystem/node_modules/jest-circus/build/jestAdapterInit.js:829:11)
    at _runTestsForDescribeBlock (/Users/cmuir/P1Import-apps/P1-import-Subsystem/node_modules/jest-circus/build/jestAdapterInit.js:829:11)
    at run (/Users/cmuir/P1Import-apps/P1-import-Subsystem/node_modules/jest-circus/build/jestAdapterInit.js:757:3)
    at runAndTransformResultsToJestFormat (/Users/cmuir/P1Import-apps/P1-import-Subsystem/node_modules/jest-circus/build/jestAdapterInit.js:1920:21)
    at jestAdapter (/Users/cmuir/P1Import-apps/P1-import-Subsystem/node_modules/jest-circus/build/runner.js:101:19)
    at runTestInternal (/Users/cmuir/P1Import-apps/P1-import-Subsystem/node_modules/jest-runner/build/testWorker.js:275:16)
    at runTest (/Users/cmuir/P1Import-apps/P1-import-Subsystem/node_modules/jest-runner/build/testWorker.js:343:7)
    at Object.worker (/Users/cmuir/P1Import-apps/P1-import-Subsystem/node_modules/jest-runner/build/testWorker.js:497:12)</failure>
    </testcase>
    <testcase classname="Comprehensive UI Tests › Form Management" name="Should add form handlers" time="0.003">
      <failure>ReferenceError: require is not defined
    at Object.&lt;anonymous&gt; (/Users/cmuir/P1Import-apps/P1-import-Subsystem/tests/e2e/comprehensive-ui.test.js:984:29)
    at Promise.finally.completed (/Users/cmuir/P1Import-apps/P1-import-Subsystem/node_modules/jest-circus/build/jestAdapterInit.js:1559:28)
    at new Promise (&lt;anonymous&gt;)
    at callAsyncCircusFn (/Users/cmuir/P1Import-apps/P1-import-Subsystem/node_modules/jest-circus/build/jestAdapterInit.js:1499:10)
    at _callCircusHook (/Users/cmuir/P1Import-apps/P1-import-Subsystem/node_modules/jest-circus/build/jestAdapterInit.js:978:40)
    at processTicksAndRejections (node:internal/process/task_queues:105:5)
    at _runTest (/Users/cmuir/P1Import-apps/P1-import-Subsystem/node_modules/jest-circus/build/jestAdapterInit.js:943:5)
    at _runTestsForDescribeBlock (/Users/cmuir/P1Import-apps/P1-import-Subsystem/node_modules/jest-circus/build/jestAdapterInit.js:839:13)
    at _runTestsForDescribeBlock (/Users/cmuir/P1Import-apps/P1-import-Subsystem/node_modules/jest-circus/build/jestAdapterInit.js:829:11)
    at _runTestsForDescribeBlock (/Users/cmuir/P1Import-apps/P1-import-Subsystem/node_modules/jest-circus/build/jestAdapterInit.js:829:11)
    at run (/Users/cmuir/P1Import-apps/P1-import-Subsystem/node_modules/jest-circus/build/jestAdapterInit.js:757:3)
    at runAndTransformResultsToJestFormat (/Users/cmuir/P1Import-apps/P1-import-Subsystem/node_modules/jest-circus/build/jestAdapterInit.js:1920:21)
    at jestAdapter (/Users/cmuir/P1Import-apps/P1-import-Subsystem/node_modules/jest-circus/build/runner.js:101:19)
    at runTestInternal (/Users/cmuir/P1Import-apps/P1-import-Subsystem/node_modules/jest-runner/build/testWorker.js:275:16)
    at runTest (/Users/cmuir/P1Import-apps/P1-import-Subsystem/node_modules/jest-runner/build/testWorker.js:343:7)
    at Object.worker (/Users/cmuir/P1Import-apps/P1-import-Subsystem/node_modules/jest-runner/build/testWorker.js:497:12)</failure>
    </testcase>
    <testcase classname="Comprehensive UI Tests › Form Management" name="Should update element content" time="0.004">
      <failure>ReferenceError: require is not defined
    at Object.&lt;anonymous&gt; (/Users/cmuir/P1Import-apps/P1-import-Subsystem/tests/e2e/comprehensive-ui.test.js:984:29)
    at Promise.finally.completed (/Users/cmuir/P1Import-apps/P1-import-Subsystem/node_modules/jest-circus/build/jestAdapterInit.js:1559:28)
    at new Promise (&lt;anonymous&gt;)
    at callAsyncCircusFn (/Users/cmuir/P1Import-apps/P1-import-Subsystem/node_modules/jest-circus/build/jestAdapterInit.js:1499:10)
    at _callCircusHook (/Users/cmuir/P1Import-apps/P1-import-Subsystem/node_modules/jest-circus/build/jestAdapterInit.js:978:40)
    at processTicksAndRejections (node:internal/process/task_queues:105:5)
    at _runTest (/Users/cmuir/P1Import-apps/P1-import-Subsystem/node_modules/jest-circus/build/jestAdapterInit.js:943:5)
    at _runTestsForDescribeBlock (/Users/cmuir/P1Import-apps/P1-import-Subsystem/node_modules/jest-circus/build/jestAdapterInit.js:839:13)
    at _runTestsForDescribeBlock (/Users/cmuir/P1Import-apps/P1-import-Subsystem/node_modules/jest-circus/build/jestAdapterInit.js:829:11)
    at _runTestsForDescribeBlock (/Users/cmuir/P1Import-apps/P1-import-Subsystem/node_modules/jest-circus/build/jestAdapterInit.js:829:11)
    at run (/Users/cmuir/P1Import-apps/P1-import-Subsystem/node_modules/jest-circus/build/jestAdapterInit.js:757:3)
    at runAndTransformResultsToJestFormat (/Users/cmuir/P1Import-apps/P1-import-Subsystem/node_modules/jest-circus/build/jestAdapterInit.js:1920:21)
    at jestAdapter (/Users/cmuir/P1Import-apps/P1-import-Subsystem/node_modules/jest-circus/build/runner.js:101:19)
    at runTestInternal (/Users/cmuir/P1Import-apps/P1-import-Subsystem/node_modules/jest-runner/build/testWorker.js:275:16)
    at runTest (/Users/cmuir/P1Import-apps/P1-import-Subsystem/node_modules/jest-runner/build/testWorker.js:343:7)
    at Object.worker (/Users/cmuir/P1Import-apps/P1-import-Subsystem/node_modules/jest-runner/build/testWorker.js:497:12)</failure>
    </testcase>
  </testsuite>
  <testsuite name="test/api/token-endpoint.test.js" errors="0" failures="5" skipped="0" timestamp="2025-08-20T11:47:20" time="0.367" tests="5">
    <testcase classname="PingOne Token Endpoint Tests › Token Endpoint Configuration" name="should use auth.pingone.com for token requests" time="0">
      <failure>SyntaxError: The requested module &apos;ws&apos; does not provide an export named &apos;WebSocketServer&apos;
    at SourceTextModule.link (node:internal/vm/module:204:17)
    at processTicksAndRejections (node:internal/process/task_queues:105:5)
    at Runtime.linkAndEvaluateModule (/Users/cmuir/P1Import-apps/P1-import-Subsystem/node_modules/jest-runtime/build/index.js:682:5)
    at importModuleDynamicallyWrapper (node:internal/vm/module:436:15)
    at Object.&lt;anonymous&gt; (/Users/cmuir/P1Import-apps/P1-import-Subsystem/test/api/token-endpoint.test.js:26:42)</failure>
    </testcase>
    <testcase classname="PingOne Token Endpoint Tests › Token Endpoint Configuration" name="should not use api.pingone.com for token requests" time="0.001">
      <failure>SyntaxError: The requested module &apos;ws&apos; does not provide an export named &apos;WebSocketServer&apos;
    at SourceTextModule.link (node:internal/vm/module:204:17)
    at processTicksAndRejections (node:internal/process/task_queues:105:5)
    at Runtime.linkAndEvaluateModule (/Users/cmuir/P1Import-apps/P1-import-Subsystem/node_modules/jest-runtime/build/index.js:682:5)
    at importModuleDynamicallyWrapper (node:internal/vm/module:436:15)
    at Object.&lt;anonymous&gt; (/Users/cmuir/P1Import-apps/P1-import-Subsystem/test/api/token-endpoint.test.js:26:42)</failure>
    </testcase>
    <testcase classname="PingOne Token Endpoint Tests › Token Endpoint Configuration" name="should handle token endpoint errors correctly" time="0">
      <failure>SyntaxError: The requested module &apos;ws&apos; does not provide an export named &apos;WebSocketServer&apos;
    at SourceTextModule.link (node:internal/vm/module:204:17)
    at processTicksAndRejections (node:internal/process/task_queues:105:5)
    at Runtime.linkAndEvaluateModule (/Users/cmuir/P1Import-apps/P1-import-Subsystem/node_modules/jest-runtime/build/index.js:682:5)
    at importModuleDynamicallyWrapper (node:internal/vm/module:436:15)
    at Object.&lt;anonymous&gt; (/Users/cmuir/P1Import-apps/P1-import-Subsystem/test/api/token-endpoint.test.js:26:42)</failure>
    </testcase>
    <testcase classname="PingOne Token Endpoint Tests › Token Endpoint Configuration" name="should return 404 for direct /token endpoint access" time="0">
      <failure>SyntaxError: The requested module &apos;ws&apos; does not provide an export named &apos;WebSocketServer&apos;
    at SourceTextModule.link (node:internal/vm/module:204:17)
    at processTicksAndRejections (node:internal/process/task_queues:105:5)
    at Runtime.linkAndEvaluateModule (/Users/cmuir/P1Import-apps/P1-import-Subsystem/node_modules/jest-runtime/build/index.js:682:5)
    at importModuleDynamicallyWrapper (node:internal/vm/module:436:15)
    at Object.&lt;anonymous&gt; (/Users/cmuir/P1Import-apps/P1-import-Subsystem/test/api/token-endpoint.test.js:26:42)</failure>
    </testcase>
    <testcase classname="PingOne Token Endpoint Tests › Token Manager Configuration" name="should use correct token endpoint URL" time="0">
      <failure>SyntaxError: The requested module &apos;ws&apos; does not provide an export named &apos;WebSocketServer&apos;
    at SourceTextModule.link (node:internal/vm/module:204:17)
    at processTicksAndRejections (node:internal/process/task_queues:105:5)
    at Runtime.linkAndEvaluateModule (/Users/cmuir/P1Import-apps/P1-import-Subsystem/node_modules/jest-runtime/build/index.js:682:5)
    at importModuleDynamicallyWrapper (node:internal/vm/module:436:15)
    at Object.&lt;anonymous&gt; (/Users/cmuir/P1Import-apps/P1-import-Subsystem/test/api/token-endpoint.test.js:26:42)</failure>
    </testcase>
  </testsuite>
  <testsuite name="test/unit/api-testing-dashboard.test.js" errors="0" failures="1" skipped="0" timestamp="2025-08-20T11:47:20" time="0.533" tests="16">
    <testcase classname="API Testing Dashboard with Subsystem Integration › Dashboard Initialization" name="should initialize successfully with all subsystems online" time="0.045">
    </testcase>
    <testcase classname="API Testing Dashboard with Subsystem Integration › Dashboard Initialization" name="should handle initialization failure gracefully" time="0.01">
      <failure>Error: expect(received).toBe(expected) // Object.is equality

Expected: false
Received: true
    at Object.&lt;anonymous&gt; (/Users/cmuir/P1Import-apps/P1-import-Subsystem/test/unit/api-testing-dashboard.test.js:354:22)
    at processTicksAndRejections (node:internal/process/task_queues:105:5)</failure>
    </testcase>
    <testcase classname="API Testing Dashboard with Subsystem Integration › Dashboard Initialization" name="should update overall status correctly" time="0.005">
    </testcase>
    <testcase classname="API Testing Dashboard with Subsystem Integration › Subsystem Status Monitoring" name="should create subsystem cards correctly" time="0.005">
    </testcase>
    <testcase classname="API Testing Dashboard with Subsystem Integration › Subsystem Status Monitoring" name="should test subsystem status and update UI accordingly" time="0.005">
    </testcase>
    <testcase classname="API Testing Dashboard with Subsystem Integration › Subsystem Status Monitoring" name="should handle subsystem failures correctly" time="0.004">
    </testcase>
    <testcase classname="API Testing Dashboard with Subsystem Integration › API Testing Functionality" name="should perform API tests and display results" time="0.004">
    </testcase>
    <testcase classname="API Testing Dashboard with Subsystem Integration › API Testing Functionality" name="should handle API test failures" time="0.003">
    </testcase>
    <testcase classname="API Testing Dashboard with Subsystem Integration › API Testing Functionality" name="should handle network errors in API tests" time="0.012">
    </testcase>
    <testcase classname="API Testing Dashboard with Subsystem Integration › Swagger Integration Validation" name="should validate Swagger integration successfully" time="0.01">
    </testcase>
    <testcase classname="API Testing Dashboard with Subsystem Integration › Swagger Integration Validation" name="should handle partial Swagger integration failures" time="0.008">
    </testcase>
    <testcase classname="API Testing Dashboard with Subsystem Integration › Event-driven Integration" name="should handle subsystem status update events" time="0.003">
    </testcase>
    <testcase classname="API Testing Dashboard with Subsystem Integration › Event-driven Integration" name="should handle API test completion events" time="0.003">
    </testcase>
    <testcase classname="API Testing Dashboard with Subsystem Integration › Event-driven Integration" name="should dispatch API test completion events" time="0.004">
    </testcase>
    <testcase classname="API Testing Dashboard with Subsystem Integration › Endpoint Discovery" name="should load and display API endpoints from Swagger spec" time="0.007">
    </testcase>
    <testcase classname="API Testing Dashboard with Subsystem Integration › Endpoint Discovery" name="should handle endpoint loading failures gracefully" time="0.003">
    </testcase>
  </testsuite>
  <testsuite name="test/api/api/route-coverage.test.js" errors="0" failures="49" skipped="0" timestamp="2025-08-20T11:47:20" time="0.38" tests="49">
    <testcase classname="Route Coverage Testing" name="GET /api/health - should exist and respond with 200" time="0">
      <failure>SyntaxError: The requested module &apos;ws&apos; does not provide an export named &apos;WebSocketServer&apos;
    at SourceTextModule.link (node:internal/vm/module:204:17)
    at processTicksAndRejections (node:internal/process/task_queues:105:5)
    at Runtime.linkAndEvaluateModule (/Users/cmuir/P1Import-apps/P1-import-Subsystem/node_modules/jest-runtime/build/index.js:682:5)
    at importModuleDynamicallyWrapper (node:internal/vm/module:436:15)
    at Object.&lt;anonymous&gt; (/Users/cmuir/P1Import-apps/P1-import-Subsystem/test/api/api/route-coverage.test.js:83:26)</failure>
    </testcase>
    <testcase classname="Route Coverage Testing" name="GET /api/feature-flags - should exist and respond with 200" time="0">
      <failure>SyntaxError: The requested module &apos;ws&apos; does not provide an export named &apos;WebSocketServer&apos;
    at SourceTextModule.link (node:internal/vm/module:204:17)
    at processTicksAndRejections (node:internal/process/task_queues:105:5)
    at Runtime.linkAndEvaluateModule (/Users/cmuir/P1Import-apps/P1-import-Subsystem/node_modules/jest-runtime/build/index.js:682:5)
    at importModuleDynamicallyWrapper (node:internal/vm/module:436:15)
    at Object.&lt;anonymous&gt; (/Users/cmuir/P1Import-apps/P1-import-Subsystem/test/api/api/route-coverage.test.js:83:26)</failure>
    </testcase>
    <testcase classname="Route Coverage Testing" name="POST /api/feature-flags/A - should exist and respond with 200" time="0">
      <failure>SyntaxError: The requested module &apos;ws&apos; does not provide an export named &apos;WebSocketServer&apos;
    at SourceTextModule.link (node:internal/vm/module:204:17)
    at processTicksAndRejections (node:internal/process/task_queues:105:5)
    at Runtime.linkAndEvaluateModule (/Users/cmuir/P1Import-apps/P1-import-Subsystem/node_modules/jest-runtime/build/index.js:682:5)
    at importModuleDynamicallyWrapper (node:internal/vm/module:436:15)
    at Object.&lt;anonymous&gt; (/Users/cmuir/P1Import-apps/P1-import-Subsystem/test/api/api/route-coverage.test.js:83:26)</failure>
    </testcase>
    <testcase classname="Route Coverage Testing" name="POST /api/feature-flags/B - should exist and respond with 200" time="0">
      <failure>SyntaxError: The requested module &apos;ws&apos; does not provide an export named &apos;WebSocketServer&apos;
    at SourceTextModule.link (node:internal/vm/module:204:17)
    at processTicksAndRejections (node:internal/process/task_queues:105:5)
    at Runtime.linkAndEvaluateModule (/Users/cmuir/P1Import-apps/P1-import-Subsystem/node_modules/jest-runtime/build/index.js:682:5)
    at importModuleDynamicallyWrapper (node:internal/vm/module:436:15)
    at Object.&lt;anonymous&gt; (/Users/cmuir/P1Import-apps/P1-import-Subsystem/test/api/api/route-coverage.test.js:83:26)</failure>
    </testcase>
    <testcase classname="Route Coverage Testing" name="POST /api/feature-flags/C - should exist and respond with 200" time="0">
      <failure>SyntaxError: The requested module &apos;ws&apos; does not provide an export named &apos;WebSocketServer&apos;
    at SourceTextModule.link (node:internal/vm/module:204:17)
    at processTicksAndRejections (node:internal/process/task_queues:105:5)
    at Runtime.linkAndEvaluateModule (/Users/cmuir/P1Import-apps/P1-import-Subsystem/node_modules/jest-runtime/build/index.js:682:5)
    at importModuleDynamicallyWrapper (node:internal/vm/module:436:15)
    at Object.&lt;anonymous&gt; (/Users/cmuir/P1Import-apps/P1-import-Subsystem/test/api/api/route-coverage.test.js:83:26)</failure>
    </testcase>
    <testcase classname="Route Coverage Testing" name="POST /api/feature-flags/reset - should exist and respond with 200" time="0">
      <failure>SyntaxError: The requested module &apos;ws&apos; does not provide an export named &apos;WebSocketServer&apos;
    at SourceTextModule.link (node:internal/vm/module:204:17)
    at processTicksAndRejections (node:internal/process/task_queues:105:5)
    at Runtime.linkAndEvaluateModule (/Users/cmuir/P1Import-apps/P1-import-Subsystem/node_modules/jest-runtime/build/index.js:682:5)
    at importModuleDynamicallyWrapper (node:internal/vm/module:436:15)
    at Object.&lt;anonymous&gt; (/Users/cmuir/P1Import-apps/P1-import-Subsystem/test/api/api/route-coverage.test.js:83:26)</failure>
    </testcase>
    <testcase classname="Route Coverage Testing" name="GET /api/settings - should exist and respond with 200" time="0">
      <failure>SyntaxError: The requested module &apos;ws&apos; does not provide an export named &apos;WebSocketServer&apos;
    at SourceTextModule.link (node:internal/vm/module:204:17)
    at processTicksAndRejections (node:internal/process/task_queues:105:5)
    at Runtime.linkAndEvaluateModule (/Users/cmuir/P1Import-apps/P1-import-Subsystem/node_modules/jest-runtime/build/index.js:682:5)
    at importModuleDynamicallyWrapper (node:internal/vm/module:436:15)
    at Object.&lt;anonymous&gt; (/Users/cmuir/P1Import-apps/P1-import-Subsystem/test/api/api/route-coverage.test.js:83:26)</failure>
    </testcase>
    <testcase classname="Route Coverage Testing" name="POST /api/settings - should exist and respond with 200" time="0">
      <failure>SyntaxError: The requested module &apos;ws&apos; does not provide an export named &apos;WebSocketServer&apos;
    at SourceTextModule.link (node:internal/vm/module:204:17)
    at processTicksAndRejections (node:internal/process/task_queues:105:5)
    at Runtime.linkAndEvaluateModule (/Users/cmuir/P1Import-apps/P1-import-Subsystem/node_modules/jest-runtime/build/index.js:682:5)
    at importModuleDynamicallyWrapper (node:internal/vm/module:436:15)
    at Object.&lt;anonymous&gt; (/Users/cmuir/P1Import-apps/P1-import-Subsystem/test/api/api/route-coverage.test.js:83:26)</failure>
    </testcase>
    <testcase classname="Route Coverage Testing" name="PUT /api/settings - should exist and respond with 200" time="0">
      <failure>SyntaxError: The requested module &apos;ws&apos; does not provide an export named &apos;WebSocketServer&apos;
    at SourceTextModule.link (node:internal/vm/module:204:17)
    at processTicksAndRejections (node:internal/process/task_queues:105:5)
    at Runtime.linkAndEvaluateModule (/Users/cmuir/P1Import-apps/P1-import-Subsystem/node_modules/jest-runtime/build/index.js:682:5)
    at importModuleDynamicallyWrapper (node:internal/vm/module:436:15)
    at Object.&lt;anonymous&gt; (/Users/cmuir/P1Import-apps/P1-import-Subsystem/test/api/api/route-coverage.test.js:83:26)</failure>
    </testcase>
    <testcase classname="Route Coverage Testing" name="GET /api/logs - should exist and respond with 200" time="0">
      <failure>SyntaxError: The requested module &apos;ws&apos; does not provide an export named &apos;WebSocketServer&apos;
    at SourceTextModule.link (node:internal/vm/module:204:17)
    at processTicksAndRejections (node:internal/process/task_queues:105:5)
    at Runtime.linkAndEvaluateModule (/Users/cmuir/P1Import-apps/P1-import-Subsystem/node_modules/jest-runtime/build/index.js:682:5)
    at importModuleDynamicallyWrapper (node:internal/vm/module:436:15)
    at Object.&lt;anonymous&gt; (/Users/cmuir/P1Import-apps/P1-import-Subsystem/test/api/api/route-coverage.test.js:83:26)</failure>
    </testcase>
    <testcase classname="Route Coverage Testing" name="POST /api/logs - should exist and respond with 200" time="0">
      <failure>SyntaxError: The requested module &apos;ws&apos; does not provide an export named &apos;WebSocketServer&apos;
    at SourceTextModule.link (node:internal/vm/module:204:17)
    at processTicksAndRejections (node:internal/process/task_queues:105:5)
    at Runtime.linkAndEvaluateModule (/Users/cmuir/P1Import-apps/P1-import-Subsystem/node_modules/jest-runtime/build/index.js:682:5)
    at importModuleDynamicallyWrapper (node:internal/vm/module:436:15)
    at Object.&lt;anonymous&gt; (/Users/cmuir/P1Import-apps/P1-import-Subsystem/test/api/api/route-coverage.test.js:83:26)</failure>
    </testcase>
    <testcase classname="Route Coverage Testing" name="POST /api/logs/error - should exist and respond with 200" time="0">
      <failure>SyntaxError: The requested module &apos;ws&apos; does not provide an export named &apos;WebSocketServer&apos;
    at SourceTextModule.link (node:internal/vm/module:204:17)
    at processTicksAndRejections (node:internal/process/task_queues:105:5)
    at Runtime.linkAndEvaluateModule (/Users/cmuir/P1Import-apps/P1-import-Subsystem/node_modules/jest-runtime/build/index.js:682:5)
    at importModuleDynamicallyWrapper (node:internal/vm/module:436:15)
    at Object.&lt;anonymous&gt; (/Users/cmuir/P1Import-apps/P1-import-Subsystem/test/api/api/route-coverage.test.js:83:26)</failure>
    </testcase>
    <testcase classname="Route Coverage Testing" name="POST /api/logs/info - should exist and respond with 200" time="0">
      <failure>SyntaxError: The requested module &apos;ws&apos; does not provide an export named &apos;WebSocketServer&apos;
    at SourceTextModule.link (node:internal/vm/module:204:17)
    at processTicksAndRejections (node:internal/process/task_queues:105:5)
    at Runtime.linkAndEvaluateModule (/Users/cmuir/P1Import-apps/P1-import-Subsystem/node_modules/jest-runtime/build/index.js:682:5)
    at importModuleDynamicallyWrapper (node:internal/vm/module:436:15)
    at Object.&lt;anonymous&gt; (/Users/cmuir/P1Import-apps/P1-import-Subsystem/test/api/api/route-coverage.test.js:83:26)</failure>
    </testcase>
    <testcase classname="Route Coverage Testing" name="POST /api/logs/warning - should exist and respond with 200" time="0">
      <failure>SyntaxError: The requested module &apos;ws&apos; does not provide an export named &apos;WebSocketServer&apos;
    at SourceTextModule.link (node:internal/vm/module:204:17)
    at processTicksAndRejections (node:internal/process/task_queues:105:5)
    at Runtime.linkAndEvaluateModule (/Users/cmuir/P1Import-apps/P1-import-Subsystem/node_modules/jest-runtime/build/index.js:682:5)
    at importModuleDynamicallyWrapper (node:internal/vm/module:436:15)
    at Object.&lt;anonymous&gt; (/Users/cmuir/P1Import-apps/P1-import-Subsystem/test/api/api/route-coverage.test.js:83:26)</failure>
    </testcase>
    <testcase classname="Route Coverage Testing" name="POST /api/logs/ui - should exist and respond with 200" time="0">
      <failure>SyntaxError: The requested module &apos;ws&apos; does not provide an export named &apos;WebSocketServer&apos;
    at SourceTextModule.link (node:internal/vm/module:204:17)
    at processTicksAndRejections (node:internal/process/task_queues:105:5)
    at Runtime.linkAndEvaluateModule (/Users/cmuir/P1Import-apps/P1-import-Subsystem/node_modules/jest-runtime/build/index.js:682:5)
    at importModuleDynamicallyWrapper (node:internal/vm/module:436:15)
    at Object.&lt;anonymous&gt; (/Users/cmuir/P1Import-apps/P1-import-Subsystem/test/api/api/route-coverage.test.js:83:26)</failure>
    </testcase>
    <testcase classname="Route Coverage Testing" name="GET /api/logs/ui - should exist and respond with 200" time="0">
      <failure>SyntaxError: The requested module &apos;ws&apos; does not provide an export named &apos;WebSocketServer&apos;
    at SourceTextModule.link (node:internal/vm/module:204:17)
    at processTicksAndRejections (node:internal/process/task_queues:105:5)
    at Runtime.linkAndEvaluateModule (/Users/cmuir/P1Import-apps/P1-import-Subsystem/node_modules/jest-runtime/build/index.js:682:5)
    at importModuleDynamicallyWrapper (node:internal/vm/module:436:15)
    at Object.&lt;anonymous&gt; (/Users/cmuir/P1Import-apps/P1-import-Subsystem/test/api/api/route-coverage.test.js:83:26)</failure>
    </testcase>
    <testcase classname="Route Coverage Testing" name="DELETE /api/logs/ui - should exist and respond with 200" time="0">
      <failure>SyntaxError: The requested module &apos;ws&apos; does not provide an export named &apos;WebSocketServer&apos;
    at SourceTextModule.link (node:internal/vm/module:204:17)
    at processTicksAndRejections (node:internal/process/task_queues:105:5)
    at Runtime.linkAndEvaluateModule (/Users/cmuir/P1Import-apps/P1-import-Subsystem/node_modules/jest-runtime/build/index.js:682:5)
    at importModuleDynamicallyWrapper (node:internal/vm/module:436:15)
    at Object.&lt;anonymous&gt; (/Users/cmuir/P1Import-apps/P1-import-Subsystem/test/api/api/route-coverage.test.js:83:26)</failure>
    </testcase>
    <testcase classname="Route Coverage Testing" name="POST /api/logs/disk - should exist and respond with 200" time="0">
      <failure>SyntaxError: The requested module &apos;ws&apos; does not provide an export named &apos;WebSocketServer&apos;
    at SourceTextModule.link (node:internal/vm/module:204:17)
    at processTicksAndRejections (node:internal/process/task_queues:105:5)
    at Runtime.linkAndEvaluateModule (/Users/cmuir/P1Import-apps/P1-import-Subsystem/node_modules/jest-runtime/build/index.js:682:5)
    at importModuleDynamicallyWrapper (node:internal/vm/module:436:15)
    at Object.&lt;anonymous&gt; (/Users/cmuir/P1Import-apps/P1-import-Subsystem/test/api/api/route-coverage.test.js:83:26)</failure>
    </testcase>
    <testcase classname="Route Coverage Testing" name="POST /api/logs/legacy - should exist and respond with 200" time="0">
      <failure>SyntaxError: The requested module &apos;ws&apos; does not provide an export named &apos;WebSocketServer&apos;
    at SourceTextModule.link (node:internal/vm/module:204:17)
    at processTicksAndRejections (node:internal/process/task_queues:105:5)
    at Runtime.linkAndEvaluateModule (/Users/cmuir/P1Import-apps/P1-import-Subsystem/node_modules/jest-runtime/build/index.js:682:5)
    at importModuleDynamicallyWrapper (node:internal/vm/module:436:15)
    at Object.&lt;anonymous&gt; (/Users/cmuir/P1Import-apps/P1-import-Subsystem/test/api/api/route-coverage.test.js:83:26)</failure>
    </testcase>
    <testcase classname="Route Coverage Testing" name="POST /api/import - should exist and respond with 200" time="0">
      <failure>SyntaxError: The requested module &apos;ws&apos; does not provide an export named &apos;WebSocketServer&apos;
    at SourceTextModule.link (node:internal/vm/module:204:17)
    at processTicksAndRejections (node:internal/process/task_queues:105:5)
    at Runtime.linkAndEvaluateModule (/Users/cmuir/P1Import-apps/P1-import-Subsystem/node_modules/jest-runtime/build/index.js:682:5)
    at importModuleDynamicallyWrapper (node:internal/vm/module:436:15)
    at Object.&lt;anonymous&gt; (/Users/cmuir/P1Import-apps/P1-import-Subsystem/test/api/api/route-coverage.test.js:83:26)</failure>
    </testcase>
    <testcase classname="Route Coverage Testing" name="GET /api/import/progress/test-session - should exist and respond with 200" time="0">
      <failure>SyntaxError: The requested module &apos;ws&apos; does not provide an export named &apos;WebSocketServer&apos;
    at SourceTextModule.link (node:internal/vm/module:204:17)
    at processTicksAndRejections (node:internal/process/task_queues:105:5)
    at Runtime.linkAndEvaluateModule (/Users/cmuir/P1Import-apps/P1-import-Subsystem/node_modules/jest-runtime/build/index.js:682:5)
    at importModuleDynamicallyWrapper (node:internal/vm/module:436:15)
    at Object.&lt;anonymous&gt; (/Users/cmuir/P1Import-apps/P1-import-Subsystem/test/api/api/route-coverage.test.js:83:26)</failure>
    </testcase>
    <testcase classname="Route Coverage Testing" name="POST /api/export-users - should exist and respond with 200" time="0">
      <failure>SyntaxError: The requested module &apos;ws&apos; does not provide an export named &apos;WebSocketServer&apos;
    at SourceTextModule.link (node:internal/vm/module:204:17)
    at processTicksAndRejections (node:internal/process/task_queues:105:5)
    at Runtime.linkAndEvaluateModule (/Users/cmuir/P1Import-apps/P1-import-Subsystem/node_modules/jest-runtime/build/index.js:682:5)
    at importModuleDynamicallyWrapper (node:internal/vm/module:436:15)
    at Object.&lt;anonymous&gt; (/Users/cmuir/P1Import-apps/P1-import-Subsystem/test/api/api/route-coverage.test.js:83:26)</failure>
    </testcase>
    <testcase classname="Route Coverage Testing" name="GET /api/queue/status - should exist and respond with 200" time="0">
      <failure>SyntaxError: The requested module &apos;ws&apos; does not provide an export named &apos;WebSocketServer&apos;
    at SourceTextModule.link (node:internal/vm/module:204:17)
    at processTicksAndRejections (node:internal/process/task_queues:105:5)
    at Runtime.linkAndEvaluateModule (/Users/cmuir/P1Import-apps/P1-import-Subsystem/node_modules/jest-runtime/build/index.js:682:5)
    at importModuleDynamicallyWrapper (node:internal/vm/module:436:15)
    at Object.&lt;anonymous&gt; (/Users/cmuir/P1Import-apps/P1-import-Subsystem/test/api/api/route-coverage.test.js:83:26)</failure>
    </testcase>
    <testcase classname="Route Coverage Testing" name="GET /api/queue/health - should exist and respond with 200" time="0">
      <failure>SyntaxError: The requested module &apos;ws&apos; does not provide an export named &apos;WebSocketServer&apos;
    at SourceTextModule.link (node:internal/vm/module:204:17)
    at processTicksAndRejections (node:internal/process/task_queues:105:5)
    at Runtime.linkAndEvaluateModule (/Users/cmuir/P1Import-apps/P1-import-Subsystem/node_modules/jest-runtime/build/index.js:682:5)
    at importModuleDynamicallyWrapper (node:internal/vm/module:436:15)
    at Object.&lt;anonymous&gt; (/Users/cmuir/P1Import-apps/P1-import-Subsystem/test/api/api/route-coverage.test.js:83:26)</failure>
    </testcase>
    <testcase classname="Route Coverage Testing" name="POST /api/pingone/test-connection - should exist and respond with 200" time="0">
      <failure>SyntaxError: The requested module &apos;ws&apos; does not provide an export named &apos;WebSocketServer&apos;
    at SourceTextModule.link (node:internal/vm/module:204:17)
    at processTicksAndRejections (node:internal/process/task_queues:105:5)
    at Runtime.linkAndEvaluateModule (/Users/cmuir/P1Import-apps/P1-import-Subsystem/node_modules/jest-runtime/build/index.js:682:5)
    at importModuleDynamicallyWrapper (node:internal/vm/module:436:15)
    at Object.&lt;anonymous&gt; (/Users/cmuir/P1Import-apps/P1-import-Subsystem/test/api/api/route-coverage.test.js:83:26)</failure>
    </testcase>
    <testcase classname="Route Coverage Testing" name="POST /api/pingone/get-token - should exist and respond with 200" time="0">
      <failure>SyntaxError: The requested module &apos;ws&apos; does not provide an export named &apos;WebSocketServer&apos;
    at SourceTextModule.link (node:internal/vm/module:204:17)
    at processTicksAndRejections (node:internal/process/task_queues:105:5)
    at Runtime.linkAndEvaluateModule (/Users/cmuir/P1Import-apps/P1-import-Subsystem/node_modules/jest-runtime/build/index.js:682:5)
    at importModuleDynamicallyWrapper (node:internal/vm/module:436:15)
    at Object.&lt;anonymous&gt; (/Users/cmuir/P1Import-apps/P1-import-Subsystem/test/api/api/route-coverage.test.js:83:26)</failure>
    </testcase>
    <testcase classname="Route Coverage Testing" name="GET /api/pingone/populations - should exist and respond with 200" time="0">
      <failure>SyntaxError: The requested module &apos;ws&apos; does not provide an export named &apos;WebSocketServer&apos;
    at SourceTextModule.link (node:internal/vm/module:204:17)
    at processTicksAndRejections (node:internal/process/task_queues:105:5)
    at Runtime.linkAndEvaluateModule (/Users/cmuir/P1Import-apps/P1-import-Subsystem/node_modules/jest-runtime/build/index.js:682:5)
    at importModuleDynamicallyWrapper (node:internal/vm/module:436:15)
    at Object.&lt;anonymous&gt; (/Users/cmuir/P1Import-apps/P1-import-Subsystem/test/api/api/route-coverage.test.js:83:26)</failure>
    </testcase>
    <testcase classname="Route Coverage Testing" name="GET /api/pingone/users - should exist and respond with 200" time="0">
      <failure>SyntaxError: The requested module &apos;ws&apos; does not provide an export named &apos;WebSocketServer&apos;
    at SourceTextModule.link (node:internal/vm/module:204:17)
    at processTicksAndRejections (node:internal/process/task_queues:105:5)
    at Runtime.linkAndEvaluateModule (/Users/cmuir/P1Import-apps/P1-import-Subsystem/node_modules/jest-runtime/build/index.js:682:5)
    at importModuleDynamicallyWrapper (node:internal/vm/module:436:15)
    at Object.&lt;anonymous&gt; (/Users/cmuir/P1Import-apps/P1-import-Subsystem/test/api/api/route-coverage.test.js:83:26)</failure>
    </testcase>
    <testcase classname="Route Coverage Testing" name="POST /api/modify - should exist and respond with 200" time="0">
      <failure>SyntaxError: The requested module &apos;ws&apos; does not provide an export named &apos;WebSocketServer&apos;
    at SourceTextModule.link (node:internal/vm/module:204:17)
    at processTicksAndRejections (node:internal/process/task_queues:105:5)
    at Runtime.linkAndEvaluateModule (/Users/cmuir/P1Import-apps/P1-import-Subsystem/node_modules/jest-runtime/build/index.js:682:5)
    at importModuleDynamicallyWrapper (node:internal/vm/module:436:15)
    at Object.&lt;anonymous&gt; (/Users/cmuir/P1Import-apps/P1-import-Subsystem/test/api/api/route-coverage.test.js:83:26)</failure>
    </testcase>
    <testcase classname="Route Coverage Testing" name="POST /api/import/resolve-invalid-population - should exist and respond with 400" time="0.001">
      <failure>SyntaxError: The requested module &apos;ws&apos; does not provide an export named &apos;WebSocketServer&apos;
    at SourceTextModule.link (node:internal/vm/module:204:17)
    at processTicksAndRejections (node:internal/process/task_queues:105:5)
    at Runtime.linkAndEvaluateModule (/Users/cmuir/P1Import-apps/P1-import-Subsystem/node_modules/jest-runtime/build/index.js:682:5)
    at importModuleDynamicallyWrapper (node:internal/vm/module:436:15)
    at Object.&lt;anonymous&gt; (/Users/cmuir/P1Import-apps/P1-import-Subsystem/test/api/api/route-coverage.test.js:83:26)</failure>
    </testcase>
    <testcase classname="Route Coverage Testing › Non-existent Routes" name="GET /api/non-existent - should return 404" time="0">
      <failure>SyntaxError: The requested module &apos;ws&apos; does not provide an export named &apos;WebSocketServer&apos;
    at SourceTextModule.link (node:internal/vm/module:204:17)
    at processTicksAndRejections (node:internal/process/task_queues:105:5)
    at Runtime.linkAndEvaluateModule (/Users/cmuir/P1Import-apps/P1-import-Subsystem/node_modules/jest-runtime/build/index.js:682:5)
    at importModuleDynamicallyWrapper (node:internal/vm/module:436:15)
    at Object.&lt;anonymous&gt; (/Users/cmuir/P1Import-apps/P1-import-Subsystem/test/api/api/route-coverage.test.js:83:26)</failure>
    </testcase>
    <testcase classname="Route Coverage Testing › Non-existent Routes" name="GET /api/invalid/route - should return 404" time="0">
      <failure>SyntaxError: The requested module &apos;ws&apos; does not provide an export named &apos;WebSocketServer&apos;
    at SourceTextModule.link (node:internal/vm/module:204:17)
    at processTicksAndRejections (node:internal/process/task_queues:105:5)
    at Runtime.linkAndEvaluateModule (/Users/cmuir/P1Import-apps/P1-import-Subsystem/node_modules/jest-runtime/build/index.js:682:5)
    at importModuleDynamicallyWrapper (node:internal/vm/module:436:15)
    at Object.&lt;anonymous&gt; (/Users/cmuir/P1Import-apps/P1-import-Subsystem/test/api/api/route-coverage.test.js:83:26)</failure>
    </testcase>
    <testcase classname="Route Coverage Testing › Non-existent Routes" name="GET /api/test/123/456 - should return 404" time="0">
      <failure>SyntaxError: The requested module &apos;ws&apos; does not provide an export named &apos;WebSocketServer&apos;
    at SourceTextModule.link (node:internal/vm/module:204:17)
    at processTicksAndRejections (node:internal/process/task_queues:105:5)
    at Runtime.linkAndEvaluateModule (/Users/cmuir/P1Import-apps/P1-import-Subsystem/node_modules/jest-runtime/build/index.js:682:5)
    at importModuleDynamicallyWrapper (node:internal/vm/module:436:15)
    at Object.&lt;anonymous&gt; (/Users/cmuir/P1Import-apps/P1-import-Subsystem/test/api/api/route-coverage.test.js:83:26)</failure>
    </testcase>
    <testcase classname="Route Coverage Testing › Non-existent Routes" name="GET /api/health/invalid - should return 404" time="0">
      <failure>SyntaxError: The requested module &apos;ws&apos; does not provide an export named &apos;WebSocketServer&apos;
    at SourceTextModule.link (node:internal/vm/module:204:17)
    at processTicksAndRejections (node:internal/process/task_queues:105:5)
    at Runtime.linkAndEvaluateModule (/Users/cmuir/P1Import-apps/P1-import-Subsystem/node_modules/jest-runtime/build/index.js:682:5)
    at importModuleDynamicallyWrapper (node:internal/vm/module:436:15)
    at Object.&lt;anonymous&gt; (/Users/cmuir/P1Import-apps/P1-import-Subsystem/test/api/api/route-coverage.test.js:83:26)</failure>
    </testcase>
    <testcase classname="Route Coverage Testing › Non-existent Routes" name="GET /api/feature-flags/invalid/route - should return 404" time="0">
      <failure>SyntaxError: The requested module &apos;ws&apos; does not provide an export named &apos;WebSocketServer&apos;
    at SourceTextModule.link (node:internal/vm/module:204:17)
    at processTicksAndRejections (node:internal/process/task_queues:105:5)
    at Runtime.linkAndEvaluateModule (/Users/cmuir/P1Import-apps/P1-import-Subsystem/node_modules/jest-runtime/build/index.js:682:5)
    at importModuleDynamicallyWrapper (node:internal/vm/module:436:15)
    at Object.&lt;anonymous&gt; (/Users/cmuir/P1Import-apps/P1-import-Subsystem/test/api/api/route-coverage.test.js:83:26)</failure>
    </testcase>
    <testcase classname="Route Coverage Testing › Security Headers" name="should include security headers in responses" time="0">
      <failure>SyntaxError: The requested module &apos;ws&apos; does not provide an export named &apos;WebSocketServer&apos;
    at SourceTextModule.link (node:internal/vm/module:204:17)
    at processTicksAndRejections (node:internal/process/task_queues:105:5)
    at Runtime.linkAndEvaluateModule (/Users/cmuir/P1Import-apps/P1-import-Subsystem/node_modules/jest-runtime/build/index.js:682:5)
    at importModuleDynamicallyWrapper (node:internal/vm/module:436:15)
    at Object.&lt;anonymous&gt; (/Users/cmuir/P1Import-apps/P1-import-Subsystem/test/api/api/route-coverage.test.js:83:26)</failure>
    </testcase>
    <testcase classname="Route Coverage Testing › Rate Limiting Headers" name="should include rate limiting headers" time="0">
      <failure>SyntaxError: The requested module &apos;ws&apos; does not provide an export named &apos;WebSocketServer&apos;
    at SourceTextModule.link (node:internal/vm/module:204:17)
    at processTicksAndRejections (node:internal/process/task_queues:105:5)
    at Runtime.linkAndEvaluateModule (/Users/cmuir/P1Import-apps/P1-import-Subsystem/node_modules/jest-runtime/build/index.js:682:5)
    at importModuleDynamicallyWrapper (node:internal/vm/module:436:15)
    at Object.&lt;anonymous&gt; (/Users/cmuir/P1Import-apps/P1-import-Subsystem/test/api/api/route-coverage.test.js:83:26)</failure>
    </testcase>
    <testcase classname="Route Coverage Testing › CORS Headers" name="should include CORS headers for preflight requests" time="0">
      <failure>SyntaxError: The requested module &apos;ws&apos; does not provide an export named &apos;WebSocketServer&apos;
    at SourceTextModule.link (node:internal/vm/module:204:17)
    at processTicksAndRejections (node:internal/process/task_queues:105:5)
    at Runtime.linkAndEvaluateModule (/Users/cmuir/P1Import-apps/P1-import-Subsystem/node_modules/jest-runtime/build/index.js:682:5)
    at importModuleDynamicallyWrapper (node:internal/vm/module:436:15)
    at Object.&lt;anonymous&gt; (/Users/cmuir/P1Import-apps/P1-import-Subsystem/test/api/api/route-coverage.test.js:83:26)</failure>
    </testcase>
    <testcase classname="Route Coverage Testing › Error Handling Consistency" name="should return consistent error format for 400 errors" time="0">
      <failure>SyntaxError: The requested module &apos;ws&apos; does not provide an export named &apos;WebSocketServer&apos;
    at SourceTextModule.link (node:internal/vm/module:204:17)
    at processTicksAndRejections (node:internal/process/task_queues:105:5)
    at Runtime.linkAndEvaluateModule (/Users/cmuir/P1Import-apps/P1-import-Subsystem/node_modules/jest-runtime/build/index.js:682:5)
    at importModuleDynamicallyWrapper (node:internal/vm/module:436:15)
    at Object.&lt;anonymous&gt; (/Users/cmuir/P1Import-apps/P1-import-Subsystem/test/api/api/route-coverage.test.js:83:26)</failure>
    </testcase>
    <testcase classname="Route Coverage Testing › Error Handling Consistency" name="should return consistent error format for 404 errors" time="0">
      <failure>SyntaxError: The requested module &apos;ws&apos; does not provide an export named &apos;WebSocketServer&apos;
    at SourceTextModule.link (node:internal/vm/module:204:17)
    at processTicksAndRejections (node:internal/process/task_queues:105:5)
    at Runtime.linkAndEvaluateModule (/Users/cmuir/P1Import-apps/P1-import-Subsystem/node_modules/jest-runtime/build/index.js:682:5)
    at importModuleDynamicallyWrapper (node:internal/vm/module:436:15)
    at Object.&lt;anonymous&gt; (/Users/cmuir/P1Import-apps/P1-import-Subsystem/test/api/api/route-coverage.test.js:83:26)</failure>
    </testcase>
    <testcase classname="Route Coverage Testing › Error Handling Consistency" name="should return consistent error format for 500 errors" time="0">
      <failure>SyntaxError: The requested module &apos;ws&apos; does not provide an export named &apos;WebSocketServer&apos;
    at SourceTextModule.link (node:internal/vm/module:204:17)
    at processTicksAndRejections (node:internal/process/task_queues:105:5)
    at Runtime.linkAndEvaluateModule (/Users/cmuir/P1Import-apps/P1-import-Subsystem/node_modules/jest-runtime/build/index.js:682:5)
    at importModuleDynamicallyWrapper (node:internal/vm/module:436:15)
    at Object.&lt;anonymous&gt; (/Users/cmuir/P1Import-apps/P1-import-Subsystem/test/api/api/route-coverage.test.js:83:26)</failure>
    </testcase>
    <testcase classname="Route Coverage Testing › Content Type Headers" name="should return JSON content type for API responses" time="0">
      <failure>SyntaxError: The requested module &apos;ws&apos; does not provide an export named &apos;WebSocketServer&apos;
    at SourceTextModule.link (node:internal/vm/module:204:17)
    at processTicksAndRejections (node:internal/process/task_queues:105:5)
    at Runtime.linkAndEvaluateModule (/Users/cmuir/P1Import-apps/P1-import-Subsystem/node_modules/jest-runtime/build/index.js:682:5)
    at importModuleDynamicallyWrapper (node:internal/vm/module:436:15)
    at Object.&lt;anonymous&gt; (/Users/cmuir/P1Import-apps/P1-import-Subsystem/test/api/api/route-coverage.test.js:83:26)</failure>
    </testcase>
    <testcase classname="Route Coverage Testing › Response Time" name="should respond within reasonable time" time="0">
      <failure>SyntaxError: The requested module &apos;ws&apos; does not provide an export named &apos;WebSocketServer&apos;
    at SourceTextModule.link (node:internal/vm/module:204:17)
    at processTicksAndRejections (node:internal/process/task_queues:105:5)
    at Runtime.linkAndEvaluateModule (/Users/cmuir/P1Import-apps/P1-import-Subsystem/node_modules/jest-runtime/build/index.js:682:5)
    at importModuleDynamicallyWrapper (node:internal/vm/module:436:15)
    at Object.&lt;anonymous&gt; (/Users/cmuir/P1Import-apps/P1-import-Subsystem/test/api/api/route-coverage.test.js:83:26)</failure>
    </testcase>
    <testcase classname="Route Coverage Testing › Route Parameter Validation" name="should handle invalid session ID format" time="0">
      <failure>SyntaxError: The requested module &apos;ws&apos; does not provide an export named &apos;WebSocketServer&apos;
    at SourceTextModule.link (node:internal/vm/module:204:17)
    at processTicksAndRejections (node:internal/process/task_queues:105:5)
    at Runtime.linkAndEvaluateModule (/Users/cmuir/P1Import-apps/P1-import-Subsystem/node_modules/jest-runtime/build/index.js:682:5)
    at importModuleDynamicallyWrapper (node:internal/vm/module:436:15)
    at Object.&lt;anonymous&gt; (/Users/cmuir/P1Import-apps/P1-import-Subsystem/test/api/api/route-coverage.test.js:83:26)</failure>
    </testcase>
    <testcase classname="Route Coverage Testing › Route Parameter Validation" name="should handle invalid feature flag names" time="0">
      <failure>SyntaxError: The requested module &apos;ws&apos; does not provide an export named &apos;WebSocketServer&apos;
    at SourceTextModule.link (node:internal/vm/module:204:17)
    at processTicksAndRejections (node:internal/process/task_queues:105:5)
    at Runtime.linkAndEvaluateModule (/Users/cmuir/P1Import-apps/P1-import-Subsystem/node_modules/jest-runtime/build/index.js:682:5)
    at importModuleDynamicallyWrapper (node:internal/vm/module:436:15)
    at Object.&lt;anonymous&gt; (/Users/cmuir/P1Import-apps/P1-import-Subsystem/test/api/api/route-coverage.test.js:83:26)</failure>
    </testcase>
    <testcase classname="Route Coverage Testing › Request Body Validation" name="should reject malformed JSON" time="0">
      <failure>SyntaxError: The requested module &apos;ws&apos; does not provide an export named &apos;WebSocketServer&apos;
    at SourceTextModule.link (node:internal/vm/module:204:17)
    at processTicksAndRejections (node:internal/process/task_queues:105:5)
    at Runtime.linkAndEvaluateModule (/Users/cmuir/P1Import-apps/P1-import-Subsystem/node_modules/jest-runtime/build/index.js:682:5)
    at importModuleDynamicallyWrapper (node:internal/vm/module:436:15)
    at Object.&lt;anonymous&gt; (/Users/cmuir/P1Import-apps/P1-import-Subsystem/test/api/api/route-coverage.test.js:83:26)</failure>
    </testcase>
    <testcase classname="Route Coverage Testing › Request Body Validation" name="should reject empty request bodies when required" time="0">
      <failure>SyntaxError: The requested module &apos;ws&apos; does not provide an export named &apos;WebSocketServer&apos;
    at SourceTextModule.link (node:internal/vm/module:204:17)
    at processTicksAndRejections (node:internal/process/task_queues:105:5)
    at Runtime.linkAndEvaluateModule (/Users/cmuir/P1Import-apps/P1-import-Subsystem/node_modules/jest-runtime/build/index.js:682:5)
    at importModuleDynamicallyWrapper (node:internal/vm/module:436:15)
    at Object.&lt;anonymous&gt; (/Users/cmuir/P1Import-apps/P1-import-Subsystem/test/api/api/route-coverage.test.js:83:26)</failure>
    </testcase>
    <testcase classname="Route Coverage Testing › File Upload Validation" name="should reject files without proper content type" time="0">
      <failure>SyntaxError: The requested module &apos;ws&apos; does not provide an export named &apos;WebSocketServer&apos;
    at SourceTextModule.link (node:internal/vm/module:204:17)
    at processTicksAndRejections (node:internal/process/task_queues:105:5)
    at Runtime.linkAndEvaluateModule (/Users/cmuir/P1Import-apps/P1-import-Subsystem/node_modules/jest-runtime/build/index.js:682:5)
    at importModuleDynamicallyWrapper (node:internal/vm/module:436:15)
    at Object.&lt;anonymous&gt; (/Users/cmuir/P1Import-apps/P1-import-Subsystem/test/api/api/route-coverage.test.js:83:26)</failure>
    </testcase>
    <testcase classname="Route Coverage Testing › File Upload Validation" name="should reject files that are too large" time="0">
      <failure>SyntaxError: The requested module &apos;ws&apos; does not provide an export named &apos;WebSocketServer&apos;
    at SourceTextModule.link (node:internal/vm/module:204:17)
    at processTicksAndRejections (node:internal/process/task_queues:105:5)
    at Runtime.linkAndEvaluateModule (/Users/cmuir/P1Import-apps/P1-import-Subsystem/node_modules/jest-runtime/build/index.js:682:5)
    at importModuleDynamicallyWrapper (node:internal/vm/module:436:15)
    at Object.&lt;anonymous&gt; (/Users/cmuir/P1Import-apps/P1-import-Subsystem/test/api/api/route-coverage.test.js:83:26)</failure>
    </testcase>
  </testsuite>
  <testsuite name="test/unit/bulletproof-subsystem-wrapper.test.js" errors="0" failures="7" skipped="0" timestamp="2025-08-20T11:47:20" time="0.424" tests="32">
    <testcase classname="🛡️ Bulletproof Subsystem Wrapper Tests › 🏗️ Creation and Basic Functionality" name="should create bulletproof wrapper successfully" time="0.001">
    </testcase>
    <testcase classname="🛡️ Bulletproof Subsystem Wrapper Tests › 🏗️ Creation and Basic Functionality" name="should preserve all original methods" time="0.001">
    </testcase>
    <testcase classname="🛡️ Bulletproof Subsystem Wrapper Tests › 🏗️ Creation and Basic Functionality" name="should preserve all original properties" time="0">
    </testcase>
    <testcase classname="🛡️ Bulletproof Subsystem Wrapper Tests › 🏗️ Creation and Basic Functionality" name="should handle null/undefined subsystem gracefully" time="0">
    </testcase>
    <testcase classname="🛡️ Bulletproof Subsystem Wrapper Tests › 🏗️ Creation and Basic Functionality" name="should handle missing logger gracefully" time="0">
    </testcase>
    <testcase classname="🛡️ Bulletproof Subsystem Wrapper Tests › 🔄 Method Call Protection" name="should execute successful sync methods normally" time="0.001">
    </testcase>
    <testcase classname="🛡️ Bulletproof Subsystem Wrapper Tests › 🔄 Method Call Protection" name="should execute successful async methods normally" time="0">
    </testcase>
    <testcase classname="🛡️ Bulletproof Subsystem Wrapper Tests › 🔄 Method Call Protection" name="should catch and handle sync method errors" time="0.003">
      <failure>Error: expect(jest.fn()).toHaveBeenCalledWith(...expected)

Expected: StringContaining &quot;🛡️ Method throwingMethod failed&quot;, Any&lt;Object&gt;
Received: &quot;🛡️ BULLETPROOF: MockSubsystem.throwingMethod failed&quot;, {&quot;args&quot;: 0, &quot;error&quot;: &quot;Method failed&quot;, &quot;errorCount&quot;: 1}

Number of calls: 1
    at Object.&lt;anonymous&gt; (/Users/cmuir/P1Import-apps/P1-import-Subsystem/test/unit/bulletproof-subsystem-wrapper.test.js:119:38)
    at Promise.finally.completed (/Users/cmuir/P1Import-apps/P1-import-Subsystem/node_modules/jest-circus/build/jestAdapterInit.js:1559:28)
    at new Promise (&lt;anonymous&gt;)
    at callAsyncCircusFn (/Users/cmuir/P1Import-apps/P1-import-Subsystem/node_modules/jest-circus/build/jestAdapterInit.js:1499:10)
    at _callCircusTest (/Users/cmuir/P1Import-apps/P1-import-Subsystem/node_modules/jest-circus/build/jestAdapterInit.js:1009:40)
    at processTicksAndRejections (node:internal/process/task_queues:105:5)
    at _runTest (/Users/cmuir/P1Import-apps/P1-import-Subsystem/node_modules/jest-circus/build/jestAdapterInit.js:949:3)
    at _runTestsForDescribeBlock (/Users/cmuir/P1Import-apps/P1-import-Subsystem/node_modules/jest-circus/build/jestAdapterInit.js:839:13)
    at _runTestsForDescribeBlock (/Users/cmuir/P1Import-apps/P1-import-Subsystem/node_modules/jest-circus/build/jestAdapterInit.js:829:11)
    at _runTestsForDescribeBlock (/Users/cmuir/P1Import-apps/P1-import-Subsystem/node_modules/jest-circus/build/jestAdapterInit.js:829:11)
    at run (/Users/cmuir/P1Import-apps/P1-import-Subsystem/node_modules/jest-circus/build/jestAdapterInit.js:757:3)
    at runAndTransformResultsToJestFormat (/Users/cmuir/P1Import-apps/P1-import-Subsystem/node_modules/jest-circus/build/jestAdapterInit.js:1920:21)
    at jestAdapter (/Users/cmuir/P1Import-apps/P1-import-Subsystem/node_modules/jest-circus/build/runner.js:101:19)
    at runTestInternal (/Users/cmuir/P1Import-apps/P1-import-Subsystem/node_modules/jest-runner/build/testWorker.js:275:16)
    at runTest (/Users/cmuir/P1Import-apps/P1-import-Subsystem/node_modules/jest-runner/build/testWorker.js:343:7)
    at Object.worker (/Users/cmuir/P1Import-apps/P1-import-Subsystem/node_modules/jest-runner/build/testWorker.js:497:12)</failure>
    </testcase>
    <testcase classname="🛡️ Bulletproof Subsystem Wrapper Tests › 🔄 Method Call Protection" name="should catch and handle async method errors" time="0">
      <failure>Error: Async method failed
    at Object.&lt;anonymous&gt; (/Users/cmuir/P1Import-apps/P1-import-Subsystem/test/unit/bulletproof-subsystem-wrapper.test.js:55:63)
    at /Users/cmuir/P1Import-apps/P1-import-Subsystem/node_modules/jest-mock/build/index.js:305:39
    at Object.&lt;anonymous&gt; (/Users/cmuir/P1Import-apps/P1-import-Subsystem/node_modules/jest-mock/build/index.js:312:13)
    at Object.mockConstructor [as asyncThrowingMethod] (/Users/cmuir/P1Import-apps/P1-import-Subsystem/node_modules/jest-mock/build/index.js:102:19)
    at BulletproofSubsystemWrapper.executeWithTimeout (/Users/cmuir/P1Import-apps/P1-import-Subsystem/src/client/utils/bulletproof-subsystem-wrapper.js:142:35)
    at BulletproofSubsystemWrapper.executeMethodSafely (/Users/cmuir/P1Import-apps/P1-import-Subsystem/src/client/utils/bulletproof-subsystem-wrapper.js:124:33)
    at Proxy.&lt;anonymous&gt; (/Users/cmuir/P1Import-apps/P1-import-Subsystem/src/client/utils/bulletproof-subsystem-wrapper.js:105:28)
    at Object.&lt;anonymous&gt; (/Users/cmuir/P1Import-apps/P1-import-Subsystem/test/unit/bulletproof-subsystem-wrapper.test.js:126:51)
    at Promise.finally.completed (/Users/cmuir/P1Import-apps/P1-import-Subsystem/node_modules/jest-circus/build/jestAdapterInit.js:1559:28)
    at new Promise (&lt;anonymous&gt;)
    at callAsyncCircusFn (/Users/cmuir/P1Import-apps/P1-import-Subsystem/node_modules/jest-circus/build/jestAdapterInit.js:1499:10)
    at _callCircusTest (/Users/cmuir/P1Import-apps/P1-import-Subsystem/node_modules/jest-circus/build/jestAdapterInit.js:1009:40)
    at processTicksAndRejections (node:internal/process/task_queues:105:5)
    at _runTest (/Users/cmuir/P1Import-apps/P1-import-Subsystem/node_modules/jest-circus/build/jestAdapterInit.js:949:3)
    at _runTestsForDescribeBlock (/Users/cmuir/P1Import-apps/P1-import-Subsystem/node_modules/jest-circus/build/jestAdapterInit.js:839:13)
    at _runTestsForDescribeBlock (/Users/cmuir/P1Import-apps/P1-import-Subsystem/node_modules/jest-circus/build/jestAdapterInit.js:829:11)
    at _runTestsForDescribeBlock (/Users/cmuir/P1Import-apps/P1-import-Subsystem/node_modules/jest-circus/build/jestAdapterInit.js:829:11)
    at run (/Users/cmuir/P1Import-apps/P1-import-Subsystem/node_modules/jest-circus/build/jestAdapterInit.js:757:3)
    at runAndTransformResultsToJestFormat (/Users/cmuir/P1Import-apps/P1-import-Subsystem/node_modules/jest-circus/build/jestAdapterInit.js:1920:21)
    at jestAdapter (/Users/cmuir/P1Import-apps/P1-import-Subsystem/node_modules/jest-circus/build/runner.js:101:19)
    at runTestInternal (/Users/cmuir/P1Import-apps/P1-import-Subsystem/node_modules/jest-runner/build/testWorker.js:275:16)
    at runTest (/Users/cmuir/P1Import-apps/P1-import-Subsystem/node_modules/jest-runner/build/testWorker.js:343:7)
    at Object.worker (/Users/cmuir/P1Import-apps/P1-import-Subsystem/node_modules/jest-runner/build/testWorker.js:497:12)</failure>
    </testcase>
    <testcase classname="🛡️ Bulletproof Subsystem Wrapper Tests › 🔄 Method Call Protection" name="should preserve method context (this binding)" time="0">
    </testcase>
    <testcase classname="🛡️ Bulletproof Subsystem Wrapper Tests › 🔄 Method Call Protection" name="should handle methods with multiple parameters" time="0">
    </testcase>
    <testcase classname="🛡️ Bulletproof Subsystem Wrapper Tests › 🔧 Fallback Mechanisms" name="should provide fallback for failed init method" time="0">
      <failure>Error: expect(received).resolves.toBe()

Matcher error: received value must be a promise or a function returning a promise

Received has type:  boolean
Received has value: true
    at Object.toBe (/Users/cmuir/P1Import-apps/P1-import-Subsystem/node_modules/expect/build/index.js:2138:11)
    at Object.&lt;anonymous&gt; (/Users/cmuir/P1Import-apps/P1-import-Subsystem/test/unit/bulletproof-subsystem-wrapper.test.js:165:37)
    at Promise.finally.completed (/Users/cmuir/P1Import-apps/P1-import-Subsystem/node_modules/jest-circus/build/jestAdapterInit.js:1559:28)
    at new Promise (&lt;anonymous&gt;)
    at callAsyncCircusFn (/Users/cmuir/P1Import-apps/P1-import-Subsystem/node_modules/jest-circus/build/jestAdapterInit.js:1499:10)
    at _callCircusTest (/Users/cmuir/P1Import-apps/P1-import-Subsystem/node_modules/jest-circus/build/jestAdapterInit.js:1009:40)
    at processTicksAndRejections (node:internal/process/task_queues:105:5)
    at _runTest (/Users/cmuir/P1Import-apps/P1-import-Subsystem/node_modules/jest-circus/build/jestAdapterInit.js:949:3)
    at _runTestsForDescribeBlock (/Users/cmuir/P1Import-apps/P1-import-Subsystem/node_modules/jest-circus/build/jestAdapterInit.js:839:13)
    at _runTestsForDescribeBlock (/Users/cmuir/P1Import-apps/P1-import-Subsystem/node_modules/jest-circus/build/jestAdapterInit.js:829:11)
    at _runTestsForDescribeBlock (/Users/cmuir/P1Import-apps/P1-import-Subsystem/node_modules/jest-circus/build/jestAdapterInit.js:829:11)
    at run (/Users/cmuir/P1Import-apps/P1-import-Subsystem/node_modules/jest-circus/build/jestAdapterInit.js:757:3)
    at runAndTransformResultsToJestFormat (/Users/cmuir/P1Import-apps/P1-import-Subsystem/node_modules/jest-circus/build/jestAdapterInit.js:1920:21)
    at jestAdapter (/Users/cmuir/P1Import-apps/P1-import-Subsystem/node_modules/jest-circus/build/runner.js:101:19)
    at runTestInternal (/Users/cmuir/P1Import-apps/P1-import-Subsystem/node_modules/jest-runner/build/testWorker.js:275:16)
    at runTest (/Users/cmuir/P1Import-apps/P1-import-Subsystem/node_modules/jest-runner/build/testWorker.js:343:7)
    at Object.worker (/Users/cmuir/P1Import-apps/P1-import-Subsystem/node_modules/jest-runner/build/testWorker.js:497:12)</failure>
    </testcase>
    <testcase classname="🛡️ Bulletproof Subsystem Wrapper Tests › 🔧 Fallback Mechanisms" name="should provide fallback for failed destroy method" time="0.001">
      <failure>Error: expect(jest.fn()).toHaveBeenCalledWith(...expected)

Expected: StringContaining &quot;🛡️ Fallback result provided for destroy&quot;

Number of calls: 0
    at Object.&lt;anonymous&gt; (/Users/cmuir/P1Import-apps/P1-import-Subsystem/test/unit/bulletproof-subsystem-wrapper.test.js:180:37)
    at Promise.finally.completed (/Users/cmuir/P1Import-apps/P1-import-Subsystem/node_modules/jest-circus/build/jestAdapterInit.js:1559:28)
    at new Promise (&lt;anonymous&gt;)
    at callAsyncCircusFn (/Users/cmuir/P1Import-apps/P1-import-Subsystem/node_modules/jest-circus/build/jestAdapterInit.js:1499:10)
    at _callCircusTest (/Users/cmuir/P1Import-apps/P1-import-Subsystem/node_modules/jest-circus/build/jestAdapterInit.js:1009:40)
    at processTicksAndRejections (node:internal/process/task_queues:105:5)
    at _runTest (/Users/cmuir/P1Import-apps/P1-import-Subsystem/node_modules/jest-circus/build/jestAdapterInit.js:949:3)
    at _runTestsForDescribeBlock (/Users/cmuir/P1Import-apps/P1-import-Subsystem/node_modules/jest-circus/build/jestAdapterInit.js:839:13)
    at _runTestsForDescribeBlock (/Users/cmuir/P1Import-apps/P1-import-Subsystem/node_modules/jest-circus/build/jestAdapterInit.js:829:11)
    at _runTestsForDescribeBlock (/Users/cmuir/P1Import-apps/P1-import-Subsystem/node_modules/jest-circus/build/jestAdapterInit.js:829:11)
    at run (/Users/cmuir/P1Import-apps/P1-import-Subsystem/node_modules/jest-circus/build/jestAdapterInit.js:757:3)
    at runAndTransformResultsToJestFormat (/Users/cmuir/P1Import-apps/P1-import-Subsystem/node_modules/jest-circus/build/jestAdapterInit.js:1920:21)
    at jestAdapter (/Users/cmuir/P1Import-apps/P1-import-Subsystem/node_modules/jest-circus/build/runner.js:101:19)
    at runTestInternal (/Users/cmuir/P1Import-apps/P1-import-Subsystem/node_modules/jest-runner/build/testWorker.js:275:16)
    at runTest (/Users/cmuir/P1Import-apps/P1-import-Subsystem/node_modules/jest-runner/build/testWorker.js:343:7)
    at Object.worker (/Users/cmuir/P1Import-apps/P1-import-Subsystem/node_modules/jest-runner/build/testWorker.js:497:12)</failure>
    </testcase>
    <testcase classname="🛡️ Bulletproof Subsystem Wrapper Tests › 🔧 Fallback Mechanisms" name="should handle missing methods gracefully" time="0">
      <failure>TypeError: wrappedSubsystem.nonExistentMethod is not a function
    at Object.&lt;anonymous&gt; (/Users/cmuir/P1Import-apps/P1-import-Subsystem/test/unit/bulletproof-subsystem-wrapper.test.js:186:45)
    at Promise.finally.completed (/Users/cmuir/P1Import-apps/P1-import-Subsystem/node_modules/jest-circus/build/jestAdapterInit.js:1559:28)
    at new Promise (&lt;anonymous&gt;)
    at callAsyncCircusFn (/Users/cmuir/P1Import-apps/P1-import-Subsystem/node_modules/jest-circus/build/jestAdapterInit.js:1499:10)
    at _callCircusTest (/Users/cmuir/P1Import-apps/P1-import-Subsystem/node_modules/jest-circus/build/jestAdapterInit.js:1009:40)
    at processTicksAndRejections (node:internal/process/task_queues:105:5)
    at _runTest (/Users/cmuir/P1Import-apps/P1-import-Subsystem/node_modules/jest-circus/build/jestAdapterInit.js:949:3)
    at _runTestsForDescribeBlock (/Users/cmuir/P1Import-apps/P1-import-Subsystem/node_modules/jest-circus/build/jestAdapterInit.js:839:13)
    at _runTestsForDescribeBlock (/Users/cmuir/P1Import-apps/P1-import-Subsystem/node_modules/jest-circus/build/jestAdapterInit.js:829:11)
    at _runTestsForDescribeBlock (/Users/cmuir/P1Import-apps/P1-import-Subsystem/node_modules/jest-circus/build/jestAdapterInit.js:829:11)
    at run (/Users/cmuir/P1Import-apps/P1-import-Subsystem/node_modules/jest-circus/build/jestAdapterInit.js:757:3)
    at runAndTransformResultsToJestFormat (/Users/cmuir/P1Import-apps/P1-import-Subsystem/node_modules/jest-circus/build/jestAdapterInit.js:1920:21)
    at jestAdapter (/Users/cmuir/P1Import-apps/P1-import-Subsystem/node_modules/jest-circus/build/runner.js:101:19)
    at runTestInternal (/Users/cmuir/P1Import-apps/P1-import-Subsystem/node_modules/jest-runner/build/testWorker.js:275:16)
    at runTest (/Users/cmuir/P1Import-apps/P1-import-Subsystem/node_modules/jest-runner/build/testWorker.js:343:7)
    at Object.worker (/Users/cmuir/P1Import-apps/P1-import-Subsystem/node_modules/jest-runner/build/testWorker.js:497:12)</failure>
    </testcase>
    <testcase classname="🛡️ Bulletproof Subsystem Wrapper Tests › 🔧 Fallback Mechanisms" name="should provide appropriate fallbacks for different method types" time="0.001">
      <failure>Error: expect(received).toBeNull()

Received: {&quot;data&quot;: [], &quot;fallback&quot;: true, &quot;success&quot;: false}
    at Object.&lt;anonymous&gt; (/Users/cmuir/P1Import-apps/P1-import-Subsystem/test/unit/bulletproof-subsystem-wrapper.test.js:206:50)
    at Promise.finally.completed (/Users/cmuir/P1Import-apps/P1-import-Subsystem/node_modules/jest-circus/build/jestAdapterInit.js:1559:28)
    at new Promise (&lt;anonymous&gt;)
    at callAsyncCircusFn (/Users/cmuir/P1Import-apps/P1-import-Subsystem/node_modules/jest-circus/build/jestAdapterInit.js:1499:10)
    at _callCircusTest (/Users/cmuir/P1Import-apps/P1-import-Subsystem/node_modules/jest-circus/build/jestAdapterInit.js:1009:40)
    at processTicksAndRejections (node:internal/process/task_queues:105:5)
    at _runTest (/Users/cmuir/P1Import-apps/P1-import-Subsystem/node_modules/jest-circus/build/jestAdapterInit.js:949:3)
    at _runTestsForDescribeBlock (/Users/cmuir/P1Import-apps/P1-import-Subsystem/node_modules/jest-circus/build/jestAdapterInit.js:839:13)
    at _runTestsForDescribeBlock (/Users/cmuir/P1Import-apps/P1-import-Subsystem/node_modules/jest-circus/build/jestAdapterInit.js:829:11)
    at _runTestsForDescribeBlock (/Users/cmuir/P1Import-apps/P1-import-Subsystem/node_modules/jest-circus/build/jestAdapterInit.js:829:11)
    at run (/Users/cmuir/P1Import-apps/P1-import-Subsystem/node_modules/jest-circus/build/jestAdapterInit.js:757:3)
    at runAndTransformResultsToJestFormat (/Users/cmuir/P1Import-apps/P1-import-Subsystem/node_modules/jest-circus/build/jestAdapterInit.js:1920:21)
    at jestAdapter (/Users/cmuir/P1Import-apps/P1-import-Subsystem/node_modules/jest-circus/build/runner.js:101:19)
    at runTestInternal (/Users/cmuir/P1Import-apps/P1-import-Subsystem/node_modules/jest-runner/build/testWorker.js:275:16)
    at runTest (/Users/cmuir/P1Import-apps/P1-import-Subsystem/node_modules/jest-runner/build/testWorker.js:343:7)
    at Object.worker (/Users/cmuir/P1Import-apps/P1-import-Subsystem/node_modules/jest-runner/build/testWorker.js:497:12)</failure>
    </testcase>
    <testcase classname="🛡️ Bulletproof Subsystem Wrapper Tests › 📊 Statistics and Monitoring" name="should track method call statistics" time="0.001">
      <failure>Error: expect(jest.fn()).toHaveBeenCalledWith(...expected)

Expected: StringContaining &quot;🛡️ Method syncMethod completed successfully&quot;

Number of calls: 0
    at Object.&lt;anonymous&gt; (/Users/cmuir/P1Import-apps/P1-import-Subsystem/test/unit/bulletproof-subsystem-wrapper.test.js:221:38)
    at Promise.finally.completed (/Users/cmuir/P1Import-apps/P1-import-Subsystem/node_modules/jest-circus/build/jestAdapterInit.js:1559:28)
    at new Promise (&lt;anonymous&gt;)
    at callAsyncCircusFn (/Users/cmuir/P1Import-apps/P1-import-Subsystem/node_modules/jest-circus/build/jestAdapterInit.js:1499:10)
    at _callCircusTest (/Users/cmuir/P1Import-apps/P1-import-Subsystem/node_modules/jest-circus/build/jestAdapterInit.js:1009:40)
    at processTicksAndRejections (node:internal/process/task_queues:105:5)
    at _runTest (/Users/cmuir/P1Import-apps/P1-import-Subsystem/node_modules/jest-circus/build/jestAdapterInit.js:949:3)
    at _runTestsForDescribeBlock (/Users/cmuir/P1Import-apps/P1-import-Subsystem/node_modules/jest-circus/build/jestAdapterInit.js:839:13)
    at _runTestsForDescribeBlock (/Users/cmuir/P1Import-apps/P1-import-Subsystem/node_modules/jest-circus/build/jestAdapterInit.js:829:11)
    at _runTestsForDescribeBlock (/Users/cmuir/P1Import-apps/P1-import-Subsystem/node_modules/jest-circus/build/jestAdapterInit.js:829:11)
    at run (/Users/cmuir/P1Import-apps/P1-import-Subsystem/node_modules/jest-circus/build/jestAdapterInit.js:757:3)
    at runAndTransformResultsToJestFormat (/Users/cmuir/P1Import-apps/P1-import-Subsystem/node_modules/jest-circus/build/jestAdapterInit.js:1920:21)
    at jestAdapter (/Users/cmuir/P1Import-apps/P1-import-Subsystem/node_modules/jest-circus/build/runner.js:101:19)
    at runTestInternal (/Users/cmuir/P1Import-apps/P1-import-Subsystem/node_modules/jest-runner/build/testWorker.js:275:16)
    at runTest (/Users/cmuir/P1Import-apps/P1-import-Subsystem/node_modules/jest-runner/build/testWorker.js:343:7)
    at Object.worker (/Users/cmuir/P1Import-apps/P1-import-Subsystem/node_modules/jest-runner/build/testWorker.js:497:12)</failure>
    </testcase>
    <testcase classname="🛡️ Bulletproof Subsystem Wrapper Tests › 📊 Statistics and Monitoring" name="should track error statistics" time="0">
    </testcase>
    <testcase classname="🛡️ Bulletproof Subsystem Wrapper Tests › 📊 Statistics and Monitoring" name="should handle rapid consecutive calls" time="0">
    </testcase>
    <testcase classname="🛡️ Bulletproof Subsystem Wrapper Tests › 🔍 Property Access Protection" name="should allow safe property access" time="0.001">
    </testcase>
    <testcase classname="🛡️ Bulletproof Subsystem Wrapper Tests › 🔍 Property Access Protection" name="should handle property modification safely" time="0">
    </testcase>
    <testcase classname="🛡️ Bulletproof Subsystem Wrapper Tests › 🔍 Property Access Protection" name="should handle nested object access" time="0">
    </testcase>
    <testcase classname="🛡️ Bulletproof Subsystem Wrapper Tests › 🔍 Property Access Protection" name="should handle undefined property access gracefully" time="0">
    </testcase>
    <testcase classname="🛡️ Bulletproof Subsystem Wrapper Tests › 🧠 Memory Management" name="should not create memory leaks with multiple wrappers" time="0.001">
    </testcase>
    <testcase classname="🛡️ Bulletproof Subsystem Wrapper Tests › 🧠 Memory Management" name="should handle circular references safely" time="0">
    </testcase>
    <testcase classname="🛡️ Bulletproof Subsystem Wrapper Tests › ⚡ Performance and Edge Cases" name="should handle very long method names" time="0">
    </testcase>
    <testcase classname="🛡️ Bulletproof Subsystem Wrapper Tests › ⚡ Performance and Edge Cases" name="should handle methods that return complex objects" time="0">
    </testcase>
    <testcase classname="🛡️ Bulletproof Subsystem Wrapper Tests › ⚡ Performance and Edge Cases" name="should handle methods that throw non-Error objects" time="0">
    </testcase>
    <testcase classname="🛡️ Bulletproof Subsystem Wrapper Tests › ⚡ Performance and Edge Cases" name="should handle async methods that never resolve" time="0.102">
    </testcase>
    <testcase classname="🛡️ Bulletproof Subsystem Wrapper Tests › 🎭 Integration Scenarios" name="should work with real subsystem-like objects" time="0.001">
    </testcase>
    <testcase classname="🛡️ Bulletproof Subsystem Wrapper Tests › 🎭 Integration Scenarios" name="should handle subsystem with event emitters" time="0">
    </testcase>
    <testcase classname="🛡️ Bulletproof Subsystem Wrapper Static Tests" name="should export createBulletproofSubsystemWrapper function" time="0">
    </testcase>
    <testcase classname="🛡️ Bulletproof Subsystem Wrapper Static Tests" name="should handle module import in adverse conditions" time="0">
    </testcase>
  </testsuite>
  <testsuite name="test/ui/comprehensive-ui.test.js" errors="0" failures="35" skipped="0" timestamp="2025-08-20T11:47:20" time="0.552" tests="35">
    <testcase classname="Comprehensive UI Tests › UIManager Initialization" name="Should initialize with default state" time="0.006">
      <failure>Error: Cannot find module &apos;../../public/js/modules/ui-manager.js&apos; from &apos;test/ui/comprehensive-ui.test.js&apos;
    at Resolver._throwModNotFoundError (/Users/cmuir/P1Import-apps/P1-import-Subsystem/node_modules/jest-resolve/build/index.js:863:11)
    at Resolver.resolveModuleAsync (/Users/cmuir/P1Import-apps/P1-import-Subsystem/node_modules/jest-resolve/build/index.js:820:10)
    at processTicksAndRejections (node:internal/process/task_queues:105:5)
    at Resolver.getModuleIDAsync (/Users/cmuir/P1Import-apps/P1-import-Subsystem/node_modules/jest-resolve/build/index.js:967:26)
    at Runtime._shouldMockModule (/Users/cmuir/P1Import-apps/P1-import-Subsystem/node_modules/jest-runtime/build/index.js:1527:22)
    at Runtime.resolveModule (/Users/cmuir/P1Import-apps/P1-import-Subsystem/node_modules/jest-runtime/build/index.js:657:9)
    at importModuleDynamically (/Users/cmuir/P1Import-apps/P1-import-Subsystem/node_modules/jest-runtime/build/index.js:526:30)
    at importModuleDynamicallyWrapper (node:internal/vm/module:436:15)
    at Object.&lt;anonymous&gt; (/Users/cmuir/P1Import-apps/P1-import-Subsystem/test/ui/comprehensive-ui.test.js:375:29)</failure>
    </testcase>
    <testcase classname="Comprehensive UI Tests › UIManager Initialization" name="Should load persisted status from localStorage" time="0.008">
      <failure>Error: Cannot find module &apos;../../public/js/modules/ui-manager.js&apos; from &apos;test/ui/comprehensive-ui.test.js&apos;
    at Resolver._throwModNotFoundError (/Users/cmuir/P1Import-apps/P1-import-Subsystem/node_modules/jest-resolve/build/index.js:863:11)
    at Resolver.resolveModuleAsync (/Users/cmuir/P1Import-apps/P1-import-Subsystem/node_modules/jest-resolve/build/index.js:820:10)
    at processTicksAndRejections (node:internal/process/task_queues:105:5)
    at Resolver.getModuleIDAsync (/Users/cmuir/P1Import-apps/P1-import-Subsystem/node_modules/jest-resolve/build/index.js:967:26)
    at Runtime._shouldMockModule (/Users/cmuir/P1Import-apps/P1-import-Subsystem/node_modules/jest-runtime/build/index.js:1527:22)
    at Runtime.resolveModule (/Users/cmuir/P1Import-apps/P1-import-Subsystem/node_modules/jest-runtime/build/index.js:657:9)
    at importModuleDynamically (/Users/cmuir/P1Import-apps/P1-import-Subsystem/node_modules/jest-runtime/build/index.js:526:30)
    at importModuleDynamicallyWrapper (node:internal/vm/module:436:15)
    at Object.&lt;anonymous&gt; (/Users/cmuir/P1Import-apps/P1-import-Subsystem/test/ui/comprehensive-ui.test.js:392:29)</failure>
    </testcase>
    <testcase classname="Comprehensive UI Tests › Navigation" name="Should switch between views when nav items are clicked" time="0.005">
      <failure>Error: Cannot find module &apos;../../public/js/modules/ui-manager.js&apos; from &apos;test/ui/comprehensive-ui.test.js&apos;
    at Resolver._throwModNotFoundError (/Users/cmuir/P1Import-apps/P1-import-Subsystem/node_modules/jest-resolve/build/index.js:863:11)
    at Resolver.resolveModuleAsync (/Users/cmuir/P1Import-apps/P1-import-Subsystem/node_modules/jest-resolve/build/index.js:820:10)
    at processTicksAndRejections (node:internal/process/task_queues:105:5)
    at Resolver.getModuleIDAsync (/Users/cmuir/P1Import-apps/P1-import-Subsystem/node_modules/jest-resolve/build/index.js:967:26)
    at Runtime._shouldMockModule (/Users/cmuir/P1Import-apps/P1-import-Subsystem/node_modules/jest-runtime/build/index.js:1527:22)
    at Runtime.resolveModule (/Users/cmuir/P1Import-apps/P1-import-Subsystem/node_modules/jest-runtime/build/index.js:657:9)
    at importModuleDynamically (/Users/cmuir/P1Import-apps/P1-import-Subsystem/node_modules/jest-runtime/build/index.js:526:30)
    at importModuleDynamicallyWrapper (node:internal/vm/module:436:15)
    at Object.&lt;anonymous&gt; (/Users/cmuir/P1Import-apps/P1-import-Subsystem/test/ui/comprehensive-ui.test.js:401:29)</failure>
    </testcase>
    <testcase classname="Comprehensive UI Tests › Navigation" name="Should handle non-existent views gracefully" time="0.005">
      <failure>Error: Cannot find module &apos;../../public/js/modules/ui-manager.js&apos; from &apos;test/ui/comprehensive-ui.test.js&apos;
    at Resolver._throwModNotFoundError (/Users/cmuir/P1Import-apps/P1-import-Subsystem/node_modules/jest-resolve/build/index.js:863:11)
    at Resolver.resolveModuleAsync (/Users/cmuir/P1Import-apps/P1-import-Subsystem/node_modules/jest-resolve/build/index.js:820:10)
    at processTicksAndRejections (node:internal/process/task_queues:105:5)
    at Resolver.getModuleIDAsync (/Users/cmuir/P1Import-apps/P1-import-Subsystem/node_modules/jest-resolve/build/index.js:967:26)
    at Runtime._shouldMockModule (/Users/cmuir/P1Import-apps/P1-import-Subsystem/node_modules/jest-runtime/build/index.js:1527:22)
    at Runtime.resolveModule (/Users/cmuir/P1Import-apps/P1-import-Subsystem/node_modules/jest-runtime/build/index.js:657:9)
    at importModuleDynamically (/Users/cmuir/P1Import-apps/P1-import-Subsystem/node_modules/jest-runtime/build/index.js:526:30)
    at importModuleDynamicallyWrapper (node:internal/vm/module:436:15)
    at Object.&lt;anonymous&gt; (/Users/cmuir/P1Import-apps/P1-import-Subsystem/test/ui/comprehensive-ui.test.js:401:29)</failure>
    </testcase>
    <testcase classname="Comprehensive UI Tests › Settings View" name="Should load and display current settings" time="0.005">
      <failure>Error: Cannot find module &apos;../../public/js/modules/ui-manager.js&apos; from &apos;test/ui/comprehensive-ui.test.js&apos;
    at Resolver._throwModNotFoundError (/Users/cmuir/P1Import-apps/P1-import-Subsystem/node_modules/jest-resolve/build/index.js:863:11)
    at Resolver.resolveModuleAsync (/Users/cmuir/P1Import-apps/P1-import-Subsystem/node_modules/jest-resolve/build/index.js:820:10)
    at processTicksAndRejections (node:internal/process/task_queues:105:5)
    at Resolver.getModuleIDAsync (/Users/cmuir/P1Import-apps/P1-import-Subsystem/node_modules/jest-resolve/build/index.js:967:26)
    at Runtime._shouldMockModule (/Users/cmuir/P1Import-apps/P1-import-Subsystem/node_modules/jest-runtime/build/index.js:1527:22)
    at Runtime.resolveModule (/Users/cmuir/P1Import-apps/P1-import-Subsystem/node_modules/jest-runtime/build/index.js:657:9)
    at importModuleDynamically (/Users/cmuir/P1Import-apps/P1-import-Subsystem/node_modules/jest-runtime/build/index.js:526:30)
    at importModuleDynamicallyWrapper (node:internal/vm/module:436:15)
    at Object.&lt;anonymous&gt; (/Users/cmuir/P1Import-apps/P1-import-Subsystem/test/ui/comprehensive-ui.test.js:439:29)</failure>
    </testcase>
    <testcase classname="Comprehensive UI Tests › Settings View" name="Should save settings when form is submitted" time="0.007">
      <failure>Error: Cannot find module &apos;../../public/js/modules/ui-manager.js&apos; from &apos;test/ui/comprehensive-ui.test.js&apos;
    at Resolver._throwModNotFoundError (/Users/cmuir/P1Import-apps/P1-import-Subsystem/node_modules/jest-resolve/build/index.js:863:11)
    at Resolver.resolveModuleAsync (/Users/cmuir/P1Import-apps/P1-import-Subsystem/node_modules/jest-resolve/build/index.js:820:10)
    at processTicksAndRejections (node:internal/process/task_queues:105:5)
    at Resolver.getModuleIDAsync (/Users/cmuir/P1Import-apps/P1-import-Subsystem/node_modules/jest-resolve/build/index.js:967:26)
    at Runtime._shouldMockModule (/Users/cmuir/P1Import-apps/P1-import-Subsystem/node_modules/jest-runtime/build/index.js:1527:22)
    at Runtime.resolveModule (/Users/cmuir/P1Import-apps/P1-import-Subsystem/node_modules/jest-runtime/build/index.js:657:9)
    at importModuleDynamically (/Users/cmuir/P1Import-apps/P1-import-Subsystem/node_modules/jest-runtime/build/index.js:526:30)
    at importModuleDynamicallyWrapper (node:internal/vm/module:436:15)
    at Object.&lt;anonymous&gt; (/Users/cmuir/P1Import-apps/P1-import-Subsystem/test/ui/comprehensive-ui.test.js:439:29)</failure>
    </testcase>
    <testcase classname="Comprehensive UI Tests › Settings View" name="Should test connection when button is clicked" time="0.004">
      <failure>Error: Cannot find module &apos;../../public/js/modules/ui-manager.js&apos; from &apos;test/ui/comprehensive-ui.test.js&apos;
    at Resolver._throwModNotFoundError (/Users/cmuir/P1Import-apps/P1-import-Subsystem/node_modules/jest-resolve/build/index.js:863:11)
    at Resolver.resolveModuleAsync (/Users/cmuir/P1Import-apps/P1-import-Subsystem/node_modules/jest-resolve/build/index.js:820:10)
    at processTicksAndRejections (node:internal/process/task_queues:105:5)
    at Resolver.getModuleIDAsync (/Users/cmuir/P1Import-apps/P1-import-Subsystem/node_modules/jest-resolve/build/index.js:967:26)
    at Runtime._shouldMockModule (/Users/cmuir/P1Import-apps/P1-import-Subsystem/node_modules/jest-runtime/build/index.js:1527:22)
    at Runtime.resolveModule (/Users/cmuir/P1Import-apps/P1-import-Subsystem/node_modules/jest-runtime/build/index.js:657:9)
    at importModuleDynamically (/Users/cmuir/P1Import-apps/P1-import-Subsystem/node_modules/jest-runtime/build/index.js:526:30)
    at importModuleDynamicallyWrapper (node:internal/vm/module:436:15)
    at Object.&lt;anonymous&gt; (/Users/cmuir/P1Import-apps/P1-import-Subsystem/test/ui/comprehensive-ui.test.js:439:29)</failure>
    </testcase>
    <testcase classname="Comprehensive UI Tests › Settings View" name="Should update connection status" time="0.004">
      <failure>Error: Cannot find module &apos;../../public/js/modules/ui-manager.js&apos; from &apos;test/ui/comprehensive-ui.test.js&apos;
    at Resolver._throwModNotFoundError (/Users/cmuir/P1Import-apps/P1-import-Subsystem/node_modules/jest-resolve/build/index.js:863:11)
    at Resolver.resolveModuleAsync (/Users/cmuir/P1Import-apps/P1-import-Subsystem/node_modules/jest-resolve/build/index.js:820:10)
    at processTicksAndRejections (node:internal/process/task_queues:105:5)
    at Resolver.getModuleIDAsync (/Users/cmuir/P1Import-apps/P1-import-Subsystem/node_modules/jest-resolve/build/index.js:967:26)
    at Runtime._shouldMockModule (/Users/cmuir/P1Import-apps/P1-import-Subsystem/node_modules/jest-runtime/build/index.js:1527:22)
    at Runtime.resolveModule (/Users/cmuir/P1Import-apps/P1-import-Subsystem/node_modules/jest-runtime/build/index.js:657:9)
    at importModuleDynamically (/Users/cmuir/P1Import-apps/P1-import-Subsystem/node_modules/jest-runtime/build/index.js:526:30)
    at importModuleDynamicallyWrapper (node:internal/vm/module:436:15)
    at Object.&lt;anonymous&gt; (/Users/cmuir/P1Import-apps/P1-import-Subsystem/test/ui/comprehensive-ui.test.js:439:29)</failure>
    </testcase>
    <testcase classname="Comprehensive UI Tests › Import View" name="Should handle file selection" time="0.004">
      <failure>Error: Cannot find module &apos;../../public/js/modules/ui-manager.js&apos; from &apos;test/ui/comprehensive-ui.test.js&apos;
    at Resolver._throwModNotFoundError (/Users/cmuir/P1Import-apps/P1-import-Subsystem/node_modules/jest-resolve/build/index.js:863:11)
    at Resolver.resolveModuleAsync (/Users/cmuir/P1Import-apps/P1-import-Subsystem/node_modules/jest-resolve/build/index.js:820:10)
    at processTicksAndRejections (node:internal/process/task_queues:105:5)
    at Resolver.getModuleIDAsync (/Users/cmuir/P1Import-apps/P1-import-Subsystem/node_modules/jest-resolve/build/index.js:967:26)
    at Runtime._shouldMockModule (/Users/cmuir/P1Import-apps/P1-import-Subsystem/node_modules/jest-runtime/build/index.js:1527:22)
    at Runtime.resolveModule (/Users/cmuir/P1Import-apps/P1-import-Subsystem/node_modules/jest-runtime/build/index.js:657:9)
    at importModuleDynamically (/Users/cmuir/P1Import-apps/P1-import-Subsystem/node_modules/jest-runtime/build/index.js:526:30)
    at importModuleDynamicallyWrapper (node:internal/vm/module:436:15)
    at Object.&lt;anonymous&gt; (/Users/cmuir/P1Import-apps/P1-import-Subsystem/test/ui/comprehensive-ui.test.js:522:29)</failure>
    </testcase>
    <testcase classname="Comprehensive UI Tests › Import View" name="Should update import button state" time="0.006">
      <failure>Error: Cannot find module &apos;../../public/js/modules/ui-manager.js&apos; from &apos;test/ui/comprehensive-ui.test.js&apos;
    at Resolver._throwModNotFoundError (/Users/cmuir/P1Import-apps/P1-import-Subsystem/node_modules/jest-resolve/build/index.js:863:11)
    at Resolver.resolveModuleAsync (/Users/cmuir/P1Import-apps/P1-import-Subsystem/node_modules/jest-resolve/build/index.js:820:10)
    at processTicksAndRejections (node:internal/process/task_queues:105:5)
    at Resolver.getModuleIDAsync (/Users/cmuir/P1Import-apps/P1-import-Subsystem/node_modules/jest-resolve/build/index.js:967:26)
    at Runtime._shouldMockModule (/Users/cmuir/P1Import-apps/P1-import-Subsystem/node_modules/jest-runtime/build/index.js:1527:22)
    at Runtime.resolveModule (/Users/cmuir/P1Import-apps/P1-import-Subsystem/node_modules/jest-runtime/build/index.js:657:9)
    at importModuleDynamically (/Users/cmuir/P1Import-apps/P1-import-Subsystem/node_modules/jest-runtime/build/index.js:526:30)
    at importModuleDynamicallyWrapper (node:internal/vm/module:436:15)
    at Object.&lt;anonymous&gt; (/Users/cmuir/P1Import-apps/P1-import-Subsystem/test/ui/comprehensive-ui.test.js:522:29)</failure>
    </testcase>
    <testcase classname="Comprehensive UI Tests › Import View" name="Should show import progress" time="0.004">
      <failure>Error: Cannot find module &apos;../../public/js/modules/ui-manager.js&apos; from &apos;test/ui/comprehensive-ui.test.js&apos;
    at Resolver._throwModNotFoundError (/Users/cmuir/P1Import-apps/P1-import-Subsystem/node_modules/jest-resolve/build/index.js:863:11)
    at Resolver.resolveModuleAsync (/Users/cmuir/P1Import-apps/P1-import-Subsystem/node_modules/jest-resolve/build/index.js:820:10)
    at processTicksAndRejections (node:internal/process/task_queues:105:5)
    at Resolver.getModuleIDAsync (/Users/cmuir/P1Import-apps/P1-import-Subsystem/node_modules/jest-resolve/build/index.js:967:26)
    at Runtime._shouldMockModule (/Users/cmuir/P1Import-apps/P1-import-Subsystem/node_modules/jest-runtime/build/index.js:1527:22)
    at Runtime.resolveModule (/Users/cmuir/P1Import-apps/P1-import-Subsystem/node_modules/jest-runtime/build/index.js:657:9)
    at importModuleDynamically (/Users/cmuir/P1Import-apps/P1-import-Subsystem/node_modules/jest-runtime/build/index.js:526:30)
    at importModuleDynamicallyWrapper (node:internal/vm/module:436:15)
    at Object.&lt;anonymous&gt; (/Users/cmuir/P1Import-apps/P1-import-Subsystem/test/ui/comprehensive-ui.test.js:522:29)</failure>
    </testcase>
    <testcase classname="Comprehensive UI Tests › Export View" name="Should handle export form submission" time="0.004">
      <failure>Error: Cannot find module &apos;../../public/js/modules/ui-manager.js&apos; from &apos;test/ui/comprehensive-ui.test.js&apos;
    at Resolver._throwModNotFoundError (/Users/cmuir/P1Import-apps/P1-import-Subsystem/node_modules/jest-resolve/build/index.js:863:11)
    at Resolver.resolveModuleAsync (/Users/cmuir/P1Import-apps/P1-import-Subsystem/node_modules/jest-resolve/build/index.js:820:10)
    at processTicksAndRejections (node:internal/process/task_queues:105:5)
    at Resolver.getModuleIDAsync (/Users/cmuir/P1Import-apps/P1-import-Subsystem/node_modules/jest-resolve/build/index.js:967:26)
    at Runtime._shouldMockModule (/Users/cmuir/P1Import-apps/P1-import-Subsystem/node_modules/jest-runtime/build/index.js:1527:22)
    at Runtime.resolveModule (/Users/cmuir/P1Import-apps/P1-import-Subsystem/node_modules/jest-runtime/build/index.js:657:9)
    at importModuleDynamically (/Users/cmuir/P1Import-apps/P1-import-Subsystem/node_modules/jest-runtime/build/index.js:526:30)
    at importModuleDynamicallyWrapper (node:internal/vm/module:436:15)
    at Object.&lt;anonymous&gt; (/Users/cmuir/P1Import-apps/P1-import-Subsystem/test/ui/comprehensive-ui.test.js:584:29)</failure>
    </testcase>
    <testcase classname="Comprehensive UI Tests › Export View" name="Should show export status" time="0.004">
      <failure>Error: Cannot find module &apos;../../public/js/modules/ui-manager.js&apos; from &apos;test/ui/comprehensive-ui.test.js&apos;
    at Resolver._throwModNotFoundError (/Users/cmuir/P1Import-apps/P1-import-Subsystem/node_modules/jest-resolve/build/index.js:863:11)
    at Resolver.resolveModuleAsync (/Users/cmuir/P1Import-apps/P1-import-Subsystem/node_modules/jest-resolve/build/index.js:820:10)
    at processTicksAndRejections (node:internal/process/task_queues:105:5)
    at Resolver.getModuleIDAsync (/Users/cmuir/P1Import-apps/P1-import-Subsystem/node_modules/jest-resolve/build/index.js:967:26)
    at Runtime._shouldMockModule (/Users/cmuir/P1Import-apps/P1-import-Subsystem/node_modules/jest-runtime/build/index.js:1527:22)
    at Runtime.resolveModule (/Users/cmuir/P1Import-apps/P1-import-Subsystem/node_modules/jest-runtime/build/index.js:657:9)
    at importModuleDynamically (/Users/cmuir/P1Import-apps/P1-import-Subsystem/node_modules/jest-runtime/build/index.js:526:30)
    at importModuleDynamicallyWrapper (node:internal/vm/module:436:15)
    at Object.&lt;anonymous&gt; (/Users/cmuir/P1Import-apps/P1-import-Subsystem/test/ui/comprehensive-ui.test.js:584:29)</failure>
    </testcase>
    <testcase classname="Comprehensive UI Tests › Logs View" name="Should load and display logs" time="0.004">
      <failure>Error: Cannot find module &apos;../../public/js/modules/ui-manager.js&apos; from &apos;test/ui/comprehensive-ui.test.js&apos;
    at Resolver._throwModNotFoundError (/Users/cmuir/P1Import-apps/P1-import-Subsystem/node_modules/jest-resolve/build/index.js:863:11)
    at Resolver.resolveModuleAsync (/Users/cmuir/P1Import-apps/P1-import-Subsystem/node_modules/jest-resolve/build/index.js:820:10)
    at processTicksAndRejections (node:internal/process/task_queues:105:5)
    at Resolver.getModuleIDAsync (/Users/cmuir/P1Import-apps/P1-import-Subsystem/node_modules/jest-resolve/build/index.js:967:26)
    at Runtime._shouldMockModule (/Users/cmuir/P1Import-apps/P1-import-Subsystem/node_modules/jest-runtime/build/index.js:1527:22)
    at Runtime.resolveModule (/Users/cmuir/P1Import-apps/P1-import-Subsystem/node_modules/jest-runtime/build/index.js:657:9)
    at importModuleDynamically (/Users/cmuir/P1Import-apps/P1-import-Subsystem/node_modules/jest-runtime/build/index.js:526:30)
    at importModuleDynamicallyWrapper (node:internal/vm/module:436:15)
    at Object.&lt;anonymous&gt; (/Users/cmuir/P1Import-apps/P1-import-Subsystem/test/ui/comprehensive-ui.test.js:618:29)</failure>
    </testcase>
    <testcase classname="Comprehensive UI Tests › Logs View" name="Should clear logs when clear button is clicked" time="0.006">
      <failure>Error: Cannot find module &apos;../../public/js/modules/ui-manager.js&apos; from &apos;test/ui/comprehensive-ui.test.js&apos;
    at Resolver._throwModNotFoundError (/Users/cmuir/P1Import-apps/P1-import-Subsystem/node_modules/jest-resolve/build/index.js:863:11)
    at Resolver.resolveModuleAsync (/Users/cmuir/P1Import-apps/P1-import-Subsystem/node_modules/jest-resolve/build/index.js:820:10)
    at processTicksAndRejections (node:internal/process/task_queues:105:5)
    at Resolver.getModuleIDAsync (/Users/cmuir/P1Import-apps/P1-import-Subsystem/node_modules/jest-resolve/build/index.js:967:26)
    at Runtime._shouldMockModule (/Users/cmuir/P1Import-apps/P1-import-Subsystem/node_modules/jest-runtime/build/index.js:1527:22)
    at Runtime.resolveModule (/Users/cmuir/P1Import-apps/P1-import-Subsystem/node_modules/jest-runtime/build/index.js:657:9)
    at importModuleDynamically (/Users/cmuir/P1Import-apps/P1-import-Subsystem/node_modules/jest-runtime/build/index.js:526:30)
    at importModuleDynamicallyWrapper (node:internal/vm/module:436:15)
    at Object.&lt;anonymous&gt; (/Users/cmuir/P1Import-apps/P1-import-Subsystem/test/ui/comprehensive-ui.test.js:618:29)</failure>
    </testcase>
    <testcase classname="Comprehensive UI Tests › Logs View" name="Should handle log navigation" time="0.003">
      <failure>Error: Cannot find module &apos;../../public/js/modules/ui-manager.js&apos; from &apos;test/ui/comprehensive-ui.test.js&apos;
    at Resolver._throwModNotFoundError (/Users/cmuir/P1Import-apps/P1-import-Subsystem/node_modules/jest-resolve/build/index.js:863:11)
    at Resolver.resolveModuleAsync (/Users/cmuir/P1Import-apps/P1-import-Subsystem/node_modules/jest-resolve/build/index.js:820:10)
    at processTicksAndRejections (node:internal/process/task_queues:105:5)
    at Resolver.getModuleIDAsync (/Users/cmuir/P1Import-apps/P1-import-Subsystem/node_modules/jest-resolve/build/index.js:967:26)
    at Runtime._shouldMockModule (/Users/cmuir/P1Import-apps/P1-import-Subsystem/node_modules/jest-runtime/build/index.js:1527:22)
    at Runtime.resolveModule (/Users/cmuir/P1Import-apps/P1-import-Subsystem/node_modules/jest-runtime/build/index.js:657:9)
    at importModuleDynamically (/Users/cmuir/P1Import-apps/P1-import-Subsystem/node_modules/jest-runtime/build/index.js:526:30)
    at importModuleDynamicallyWrapper (node:internal/vm/module:436:15)
    at Object.&lt;anonymous&gt; (/Users/cmuir/P1Import-apps/P1-import-Subsystem/test/ui/comprehensive-ui.test.js:618:29)</failure>
    </testcase>
    <testcase classname="Comprehensive UI Tests › Delete CSV View" name="Should handle delete CSV form submission" time="0.004">
      <failure>Error: Cannot find module &apos;../../public/js/modules/ui-manager.js&apos; from &apos;test/ui/comprehensive-ui.test.js&apos;
    at Resolver._throwModNotFoundError (/Users/cmuir/P1Import-apps/P1-import-Subsystem/node_modules/jest-resolve/build/index.js:863:11)
    at Resolver.resolveModuleAsync (/Users/cmuir/P1Import-apps/P1-import-Subsystem/node_modules/jest-resolve/build/index.js:820:10)
    at processTicksAndRejections (node:internal/process/task_queues:105:5)
    at Resolver.getModuleIDAsync (/Users/cmuir/P1Import-apps/P1-import-Subsystem/node_modules/jest-resolve/build/index.js:967:26)
    at Runtime._shouldMockModule (/Users/cmuir/P1Import-apps/P1-import-Subsystem/node_modules/jest-runtime/build/index.js:1527:22)
    at Runtime.resolveModule (/Users/cmuir/P1Import-apps/P1-import-Subsystem/node_modules/jest-runtime/build/index.js:657:9)
    at importModuleDynamically (/Users/cmuir/P1Import-apps/P1-import-Subsystem/node_modules/jest-runtime/build/index.js:526:30)
    at importModuleDynamicallyWrapper (node:internal/vm/module:436:15)
    at Object.&lt;anonymous&gt; (/Users/cmuir/P1Import-apps/P1-import-Subsystem/test/ui/comprehensive-ui.test.js:709:29)</failure>
    </testcase>
    <testcase classname="Comprehensive UI Tests › Delete CSV View" name="Should update delete CSV button state" time="0.005">
      <failure>Error: Cannot find module &apos;../../public/js/modules/ui-manager.js&apos; from &apos;test/ui/comprehensive-ui.test.js&apos;
    at Resolver._throwModNotFoundError (/Users/cmuir/P1Import-apps/P1-import-Subsystem/node_modules/jest-resolve/build/index.js:863:11)
    at Resolver.resolveModuleAsync (/Users/cmuir/P1Import-apps/P1-import-Subsystem/node_modules/jest-resolve/build/index.js:820:10)
    at processTicksAndRejections (node:internal/process/task_queues:105:5)
    at Resolver.getModuleIDAsync (/Users/cmuir/P1Import-apps/P1-import-Subsystem/node_modules/jest-resolve/build/index.js:967:26)
    at Runtime._shouldMockModule (/Users/cmuir/P1Import-apps/P1-import-Subsystem/node_modules/jest-runtime/build/index.js:1527:22)
    at Runtime.resolveModule (/Users/cmuir/P1Import-apps/P1-import-Subsystem/node_modules/jest-runtime/build/index.js:657:9)
    at importModuleDynamically (/Users/cmuir/P1Import-apps/P1-import-Subsystem/node_modules/jest-runtime/build/index.js:526:30)
    at importModuleDynamicallyWrapper (node:internal/vm/module:436:15)
    at Object.&lt;anonymous&gt; (/Users/cmuir/P1Import-apps/P1-import-Subsystem/test/ui/comprehensive-ui.test.js:709:29)</failure>
    </testcase>
    <testcase classname="Comprehensive UI Tests › Modify View" name="Should handle modify form submission" time="0.005">
      <failure>Error: Cannot find module &apos;../../public/js/modules/ui-manager.js&apos; from &apos;test/ui/comprehensive-ui.test.js&apos;
    at Resolver._throwModNotFoundError (/Users/cmuir/P1Import-apps/P1-import-Subsystem/node_modules/jest-resolve/build/index.js:863:11)
    at Resolver.resolveModuleAsync (/Users/cmuir/P1Import-apps/P1-import-Subsystem/node_modules/jest-resolve/build/index.js:820:10)
    at processTicksAndRejections (node:internal/process/task_queues:105:5)
    at Resolver.getModuleIDAsync (/Users/cmuir/P1Import-apps/P1-import-Subsystem/node_modules/jest-resolve/build/index.js:967:26)
    at Runtime._shouldMockModule (/Users/cmuir/P1Import-apps/P1-import-Subsystem/node_modules/jest-runtime/build/index.js:1527:22)
    at Runtime.resolveModule (/Users/cmuir/P1Import-apps/P1-import-Subsystem/node_modules/jest-runtime/build/index.js:657:9)
    at importModuleDynamically (/Users/cmuir/P1Import-apps/P1-import-Subsystem/node_modules/jest-runtime/build/index.js:526:30)
    at importModuleDynamicallyWrapper (node:internal/vm/module:436:15)
    at Object.&lt;anonymous&gt; (/Users/cmuir/P1Import-apps/P1-import-Subsystem/test/ui/comprehensive-ui.test.js:758:29)</failure>
    </testcase>
    <testcase classname="Comprehensive UI Tests › Modify View" name="Should update modify button state" time="0.003">
      <failure>Error: Cannot find module &apos;../../public/js/modules/ui-manager.js&apos; from &apos;test/ui/comprehensive-ui.test.js&apos;
    at Resolver._throwModNotFoundError (/Users/cmuir/P1Import-apps/P1-import-Subsystem/node_modules/jest-resolve/build/index.js:863:11)
    at Resolver.resolveModuleAsync (/Users/cmuir/P1Import-apps/P1-import-Subsystem/node_modules/jest-resolve/build/index.js:820:10)
    at processTicksAndRejections (node:internal/process/task_queues:105:5)
    at Resolver.getModuleIDAsync (/Users/cmuir/P1Import-apps/P1-import-Subsystem/node_modules/jest-resolve/build/index.js:967:26)
    at Runtime._shouldMockModule (/Users/cmuir/P1Import-apps/P1-import-Subsystem/node_modules/jest-runtime/build/index.js:1527:22)
    at Runtime.resolveModule (/Users/cmuir/P1Import-apps/P1-import-Subsystem/node_modules/jest-runtime/build/index.js:657:9)
    at importModuleDynamically (/Users/cmuir/P1Import-apps/P1-import-Subsystem/node_modules/jest-runtime/build/index.js:526:30)
    at importModuleDynamicallyWrapper (node:internal/vm/module:436:15)
    at Object.&lt;anonymous&gt; (/Users/cmuir/P1Import-apps/P1-import-Subsystem/test/ui/comprehensive-ui.test.js:758:29)</failure>
    </testcase>
    <testcase classname="Comprehensive UI Tests › Notifications and Alerts" name="Should show success notifications" time="0.005">
      <failure>Error: Cannot find module &apos;../../public/js/modules/ui-manager.js&apos; from &apos;test/ui/comprehensive-ui.test.js&apos;
    at Resolver._throwModNotFoundError (/Users/cmuir/P1Import-apps/P1-import-Subsystem/node_modules/jest-resolve/build/index.js:863:11)
    at Resolver.resolveModuleAsync (/Users/cmuir/P1Import-apps/P1-import-Subsystem/node_modules/jest-resolve/build/index.js:820:10)
    at processTicksAndRejections (node:internal/process/task_queues:105:5)
    at Resolver.getModuleIDAsync (/Users/cmuir/P1Import-apps/P1-import-Subsystem/node_modules/jest-resolve/build/index.js:967:26)
    at Runtime._shouldMockModule (/Users/cmuir/P1Import-apps/P1-import-Subsystem/node_modules/jest-runtime/build/index.js:1527:22)
    at Runtime.resolveModule (/Users/cmuir/P1Import-apps/P1-import-Subsystem/node_modules/jest-runtime/build/index.js:657:9)
    at importModuleDynamically (/Users/cmuir/P1Import-apps/P1-import-Subsystem/node_modules/jest-runtime/build/index.js:526:30)
    at importModuleDynamicallyWrapper (node:internal/vm/module:436:15)
    at Object.&lt;anonymous&gt; (/Users/cmuir/P1Import-apps/P1-import-Subsystem/test/ui/comprehensive-ui.test.js:807:29)</failure>
    </testcase>
    <testcase classname="Comprehensive UI Tests › Notifications and Alerts" name="Should show warning notifications" time="0.004">
      <failure>Error: Cannot find module &apos;../../public/js/modules/ui-manager.js&apos; from &apos;test/ui/comprehensive-ui.test.js&apos;
    at Resolver._throwModNotFoundError (/Users/cmuir/P1Import-apps/P1-import-Subsystem/node_modules/jest-resolve/build/index.js:863:11)
    at Resolver.resolveModuleAsync (/Users/cmuir/P1Import-apps/P1-import-Subsystem/node_modules/jest-resolve/build/index.js:820:10)
    at processTicksAndRejections (node:internal/process/task_queues:105:5)
    at Resolver.getModuleIDAsync (/Users/cmuir/P1Import-apps/P1-import-Subsystem/node_modules/jest-resolve/build/index.js:967:26)
    at Runtime._shouldMockModule (/Users/cmuir/P1Import-apps/P1-import-Subsystem/node_modules/jest-runtime/build/index.js:1527:22)
    at Runtime.resolveModule (/Users/cmuir/P1Import-apps/P1-import-Subsystem/node_modules/jest-runtime/build/index.js:657:9)
    at importModuleDynamically (/Users/cmuir/P1Import-apps/P1-import-Subsystem/node_modules/jest-runtime/build/index.js:526:30)
    at importModuleDynamicallyWrapper (node:internal/vm/module:436:15)
    at Object.&lt;anonymous&gt; (/Users/cmuir/P1Import-apps/P1-import-Subsystem/test/ui/comprehensive-ui.test.js:807:29)</failure>
    </testcase>
    <testcase classname="Comprehensive UI Tests › Notifications and Alerts" name="Should show error notifications" time="0.005">
      <failure>Error: Cannot find module &apos;../../public/js/modules/ui-manager.js&apos; from &apos;test/ui/comprehensive-ui.test.js&apos;
    at Resolver._throwModNotFoundError (/Users/cmuir/P1Import-apps/P1-import-Subsystem/node_modules/jest-resolve/build/index.js:863:11)
    at Resolver.resolveModuleAsync (/Users/cmuir/P1Import-apps/P1-import-Subsystem/node_modules/jest-resolve/build/index.js:820:10)
    at processTicksAndRejections (node:internal/process/task_queues:105:5)
    at Resolver.getModuleIDAsync (/Users/cmuir/P1Import-apps/P1-import-Subsystem/node_modules/jest-resolve/build/index.js:967:26)
    at Runtime._shouldMockModule (/Users/cmuir/P1Import-apps/P1-import-Subsystem/node_modules/jest-runtime/build/index.js:1527:22)
    at Runtime.resolveModule (/Users/cmuir/P1Import-apps/P1-import-Subsystem/node_modules/jest-runtime/build/index.js:657:9)
    at importModuleDynamically (/Users/cmuir/P1Import-apps/P1-import-Subsystem/node_modules/jest-runtime/build/index.js:526:30)
    at importModuleDynamicallyWrapper (node:internal/vm/module:436:15)
    at Object.&lt;anonymous&gt; (/Users/cmuir/P1Import-apps/P1-import-Subsystem/test/ui/comprehensive-ui.test.js:807:29)</failure>
    </testcase>
    <testcase classname="Comprehensive UI Tests › Notifications and Alerts" name="Should show rate limit warnings" time="0.003">
      <failure>Error: Cannot find module &apos;../../public/js/modules/ui-manager.js&apos; from &apos;test/ui/comprehensive-ui.test.js&apos;
    at Resolver._throwModNotFoundError (/Users/cmuir/P1Import-apps/P1-import-Subsystem/node_modules/jest-resolve/build/index.js:863:11)
    at Resolver.resolveModuleAsync (/Users/cmuir/P1Import-apps/P1-import-Subsystem/node_modules/jest-resolve/build/index.js:820:10)
    at processTicksAndRejections (node:internal/process/task_queues:105:5)
    at Resolver.getModuleIDAsync (/Users/cmuir/P1Import-apps/P1-import-Subsystem/node_modules/jest-resolve/build/index.js:967:26)
    at Runtime._shouldMockModule (/Users/cmuir/P1Import-apps/P1-import-Subsystem/node_modules/jest-runtime/build/index.js:1527:22)
    at Runtime.resolveModule (/Users/cmuir/P1Import-apps/P1-import-Subsystem/node_modules/jest-runtime/build/index.js:657:9)
    at importModuleDynamically (/Users/cmuir/P1Import-apps/P1-import-Subsystem/node_modules/jest-runtime/build/index.js:526:30)
    at importModuleDynamicallyWrapper (node:internal/vm/module:436:15)
    at Object.&lt;anonymous&gt; (/Users/cmuir/P1Import-apps/P1-import-Subsystem/test/ui/comprehensive-ui.test.js:807:29)</failure>
    </testcase>
    <testcase classname="Comprehensive UI Tests › Error Handling" name="Should handle API errors gracefully" time="0.003">
      <failure>Error: Cannot find module &apos;../../public/js/modules/ui-manager.js&apos; from &apos;test/ui/comprehensive-ui.test.js&apos;
    at Resolver._throwModNotFoundError (/Users/cmuir/P1Import-apps/P1-import-Subsystem/node_modules/jest-resolve/build/index.js:863:11)
    at Resolver.resolveModuleAsync (/Users/cmuir/P1Import-apps/P1-import-Subsystem/node_modules/jest-resolve/build/index.js:820:10)
    at processTicksAndRejections (node:internal/process/task_queues:105:5)
    at Resolver.getModuleIDAsync (/Users/cmuir/P1Import-apps/P1-import-Subsystem/node_modules/jest-resolve/build/index.js:967:26)
    at Runtime._shouldMockModule (/Users/cmuir/P1Import-apps/P1-import-Subsystem/node_modules/jest-runtime/build/index.js:1527:22)
    at Runtime.resolveModule (/Users/cmuir/P1Import-apps/P1-import-Subsystem/node_modules/jest-runtime/build/index.js:657:9)
    at importModuleDynamically (/Users/cmuir/P1Import-apps/P1-import-Subsystem/node_modules/jest-runtime/build/index.js:526:30)
    at importModuleDynamicallyWrapper (node:internal/vm/module:436:15)
    at Object.&lt;anonymous&gt; (/Users/cmuir/P1Import-apps/P1-import-Subsystem/test/ui/comprehensive-ui.test.js:842:29)</failure>
    </testcase>
    <testcase classname="Comprehensive UI Tests › Error Handling" name="Should handle network errors" time="0.003">
      <failure>Error: Cannot find module &apos;../../public/js/modules/ui-manager.js&apos; from &apos;test/ui/comprehensive-ui.test.js&apos;
    at Resolver._throwModNotFoundError (/Users/cmuir/P1Import-apps/P1-import-Subsystem/node_modules/jest-resolve/build/index.js:863:11)
    at Resolver.resolveModuleAsync (/Users/cmuir/P1Import-apps/P1-import-Subsystem/node_modules/jest-resolve/build/index.js:820:10)
    at processTicksAndRejections (node:internal/process/task_queues:105:5)
    at Resolver.getModuleIDAsync (/Users/cmuir/P1Import-apps/P1-import-Subsystem/node_modules/jest-resolve/build/index.js:967:26)
    at Runtime._shouldMockModule (/Users/cmuir/P1Import-apps/P1-import-Subsystem/node_modules/jest-runtime/build/index.js:1527:22)
    at Runtime.resolveModule (/Users/cmuir/P1Import-apps/P1-import-Subsystem/node_modules/jest-runtime/build/index.js:657:9)
    at importModuleDynamically (/Users/cmuir/P1Import-apps/P1-import-Subsystem/node_modules/jest-runtime/build/index.js:526:30)
    at importModuleDynamicallyWrapper (node:internal/vm/module:436:15)
    at Object.&lt;anonymous&gt; (/Users/cmuir/P1Import-apps/P1-import-Subsystem/test/ui/comprehensive-ui.test.js:842:29)</failure>
    </testcase>
    <testcase classname="Comprehensive UI Tests › Error Handling" name="Should handle rate limit errors" time="0.003">
      <failure>Error: Cannot find module &apos;../../public/js/modules/ui-manager.js&apos; from &apos;test/ui/comprehensive-ui.test.js&apos;
    at Resolver._throwModNotFoundError (/Users/cmuir/P1Import-apps/P1-import-Subsystem/node_modules/jest-resolve/build/index.js:863:11)
    at Resolver.resolveModuleAsync (/Users/cmuir/P1Import-apps/P1-import-Subsystem/node_modules/jest-resolve/build/index.js:820:10)
    at processTicksAndRejections (node:internal/process/task_queues:105:5)
    at Resolver.getModuleIDAsync (/Users/cmuir/P1Import-apps/P1-import-Subsystem/node_modules/jest-resolve/build/index.js:967:26)
    at Runtime._shouldMockModule (/Users/cmuir/P1Import-apps/P1-import-Subsystem/node_modules/jest-runtime/build/index.js:1527:22)
    at Runtime.resolveModule (/Users/cmuir/P1Import-apps/P1-import-Subsystem/node_modules/jest-runtime/build/index.js:657:9)
    at importModuleDynamically (/Users/cmuir/P1Import-apps/P1-import-Subsystem/node_modules/jest-runtime/build/index.js:526:30)
    at importModuleDynamicallyWrapper (node:internal/vm/module:436:15)
    at Object.&lt;anonymous&gt; (/Users/cmuir/P1Import-apps/P1-import-Subsystem/test/ui/comprehensive-ui.test.js:842:29)</failure>
    </testcase>
    <testcase classname="Comprehensive UI Tests › Progress Tracking" name="Should add progress log entries" time="0.005">
      <failure>Error: Cannot find module &apos;../../public/js/modules/ui-manager.js&apos; from &apos;test/ui/comprehensive-ui.test.js&apos;
    at Resolver._throwModNotFoundError (/Users/cmuir/P1Import-apps/P1-import-Subsystem/node_modules/jest-resolve/build/index.js:863:11)
    at Resolver.resolveModuleAsync (/Users/cmuir/P1Import-apps/P1-import-Subsystem/node_modules/jest-resolve/build/index.js:820:10)
    at processTicksAndRejections (node:internal/process/task_queues:105:5)
    at Resolver.getModuleIDAsync (/Users/cmuir/P1Import-apps/P1-import-Subsystem/node_modules/jest-resolve/build/index.js:967:26)
    at Runtime._shouldMockModule (/Users/cmuir/P1Import-apps/P1-import-Subsystem/node_modules/jest-runtime/build/index.js:1527:22)
    at Runtime.resolveModule (/Users/cmuir/P1Import-apps/P1-import-Subsystem/node_modules/jest-runtime/build/index.js:657:9)
    at importModuleDynamically (/Users/cmuir/P1Import-apps/P1-import-Subsystem/node_modules/jest-runtime/build/index.js:526:30)
    at importModuleDynamicallyWrapper (node:internal/vm/module:436:15)
    at Object.&lt;anonymous&gt; (/Users/cmuir/P1Import-apps/P1-import-Subsystem/test/ui/comprehensive-ui.test.js:908:29)</failure>
    </testcase>
    <testcase classname="Comprehensive UI Tests › Progress Tracking" name="Should update progress log display" time="0.003">
      <failure>Error: Cannot find module &apos;../../public/js/modules/ui-manager.js&apos; from &apos;test/ui/comprehensive-ui.test.js&apos;
    at Resolver._throwModNotFoundError (/Users/cmuir/P1Import-apps/P1-import-Subsystem/node_modules/jest-resolve/build/index.js:863:11)
    at Resolver.resolveModuleAsync (/Users/cmuir/P1Import-apps/P1-import-Subsystem/node_modules/jest-resolve/build/index.js:820:10)
    at processTicksAndRejections (node:internal/process/task_queues:105:5)
    at Resolver.getModuleIDAsync (/Users/cmuir/P1Import-apps/P1-import-Subsystem/node_modules/jest-resolve/build/index.js:967:26)
    at Runtime._shouldMockModule (/Users/cmuir/P1Import-apps/P1-import-Subsystem/node_modules/jest-runtime/build/index.js:1527:22)
    at Runtime.resolveModule (/Users/cmuir/P1Import-apps/P1-import-Subsystem/node_modules/jest-runtime/build/index.js:657:9)
    at importModuleDynamically (/Users/cmuir/P1Import-apps/P1-import-Subsystem/node_modules/jest-runtime/build/index.js:526:30)
    at importModuleDynamicallyWrapper (node:internal/vm/module:436:15)
    at Object.&lt;anonymous&gt; (/Users/cmuir/P1Import-apps/P1-import-Subsystem/test/ui/comprehensive-ui.test.js:908:29)</failure>
    </testcase>
    <testcase classname="Comprehensive UI Tests › Progress Tracking" name="Should clear progress log" time="0.003">
      <failure>Error: Cannot find module &apos;../../public/js/modules/ui-manager.js&apos; from &apos;test/ui/comprehensive-ui.test.js&apos;
    at Resolver._throwModNotFoundError (/Users/cmuir/P1Import-apps/P1-import-Subsystem/node_modules/jest-resolve/build/index.js:863:11)
    at Resolver.resolveModuleAsync (/Users/cmuir/P1Import-apps/P1-import-Subsystem/node_modules/jest-resolve/build/index.js:820:10)
    at processTicksAndRejections (node:internal/process/task_queues:105:5)
    at Resolver.getModuleIDAsync (/Users/cmuir/P1Import-apps/P1-import-Subsystem/node_modules/jest-resolve/build/index.js:967:26)
    at Runtime._shouldMockModule (/Users/cmuir/P1Import-apps/P1-import-Subsystem/node_modules/jest-runtime/build/index.js:1527:22)
    at Runtime.resolveModule (/Users/cmuir/P1Import-apps/P1-import-Subsystem/node_modules/jest-runtime/build/index.js:657:9)
    at importModuleDynamically (/Users/cmuir/P1Import-apps/P1-import-Subsystem/node_modules/jest-runtime/build/index.js:526:30)
    at importModuleDynamicallyWrapper (node:internal/vm/module:436:15)
    at Object.&lt;anonymous&gt; (/Users/cmuir/P1Import-apps/P1-import-Subsystem/test/ui/comprehensive-ui.test.js:908:29)</failure>
    </testcase>
    <testcase classname="Comprehensive UI Tests › Status Management" name="Should update last run status" time="0.004">
      <failure>Error: Cannot find module &apos;../../public/js/modules/ui-manager.js&apos; from &apos;test/ui/comprehensive-ui.test.js&apos;
    at Resolver._throwModNotFoundError (/Users/cmuir/P1Import-apps/P1-import-Subsystem/node_modules/jest-resolve/build/index.js:863:11)
    at Resolver.resolveModuleAsync (/Users/cmuir/P1Import-apps/P1-import-Subsystem/node_modules/jest-resolve/build/index.js:820:10)
    at processTicksAndRejections (node:internal/process/task_queues:105:5)
    at Resolver.getModuleIDAsync (/Users/cmuir/P1Import-apps/P1-import-Subsystem/node_modules/jest-resolve/build/index.js:967:26)
    at Runtime._shouldMockModule (/Users/cmuir/P1Import-apps/P1-import-Subsystem/node_modules/jest-runtime/build/index.js:1527:22)
    at Runtime.resolveModule (/Users/cmuir/P1Import-apps/P1-import-Subsystem/node_modules/jest-runtime/build/index.js:657:9)
    at importModuleDynamically (/Users/cmuir/P1Import-apps/P1-import-Subsystem/node_modules/jest-runtime/build/index.js:526:30)
    at importModuleDynamicallyWrapper (node:internal/vm/module:436:15)
    at Object.&lt;anonymous&gt; (/Users/cmuir/P1Import-apps/P1-import-Subsystem/test/ui/comprehensive-ui.test.js:947:29)</failure>
    </testcase>
    <testcase classname="Comprehensive UI Tests › Status Management" name="Should display last run status" time="0.004">
      <failure>Error: Cannot find module &apos;../../public/js/modules/ui-manager.js&apos; from &apos;test/ui/comprehensive-ui.test.js&apos;
    at Resolver._throwModNotFoundError (/Users/cmuir/P1Import-apps/P1-import-Subsystem/node_modules/jest-resolve/build/index.js:863:11)
    at Resolver.resolveModuleAsync (/Users/cmuir/P1Import-apps/P1-import-Subsystem/node_modules/jest-resolve/build/index.js:820:10)
    at processTicksAndRejections (node:internal/process/task_queues:105:5)
    at Resolver.getModuleIDAsync (/Users/cmuir/P1Import-apps/P1-import-Subsystem/node_modules/jest-resolve/build/index.js:967:26)
    at Runtime._shouldMockModule (/Users/cmuir/P1Import-apps/P1-import-Subsystem/node_modules/jest-runtime/build/index.js:1527:22)
    at Runtime.resolveModule (/Users/cmuir/P1Import-apps/P1-import-Subsystem/node_modules/jest-runtime/build/index.js:657:9)
    at importModuleDynamically (/Users/cmuir/P1Import-apps/P1-import-Subsystem/node_modules/jest-runtime/build/index.js:526:30)
    at importModuleDynamicallyWrapper (node:internal/vm/module:436:15)
    at Object.&lt;anonymous&gt; (/Users/cmuir/P1Import-apps/P1-import-Subsystem/test/ui/comprehensive-ui.test.js:947:29)</failure>
    </testcase>
    <testcase classname="Comprehensive UI Tests › Status Management" name="Should save and load persisted status" time="0.004">
      <failure>Error: Cannot find module &apos;../../public/js/modules/ui-manager.js&apos; from &apos;test/ui/comprehensive-ui.test.js&apos;
    at Resolver._throwModNotFoundError (/Users/cmuir/P1Import-apps/P1-import-Subsystem/node_modules/jest-resolve/build/index.js:863:11)
    at Resolver.resolveModuleAsync (/Users/cmuir/P1Import-apps/P1-import-Subsystem/node_modules/jest-resolve/build/index.js:820:10)
    at processTicksAndRejections (node:internal/process/task_queues:105:5)
    at Resolver.getModuleIDAsync (/Users/cmuir/P1Import-apps/P1-import-Subsystem/node_modules/jest-resolve/build/index.js:967:26)
    at Runtime._shouldMockModule (/Users/cmuir/P1Import-apps/P1-import-Subsystem/node_modules/jest-runtime/build/index.js:1527:22)
    at Runtime.resolveModule (/Users/cmuir/P1Import-apps/P1-import-Subsystem/node_modules/jest-runtime/build/index.js:657:9)
    at importModuleDynamically (/Users/cmuir/P1Import-apps/P1-import-Subsystem/node_modules/jest-runtime/build/index.js:526:30)
    at importModuleDynamicallyWrapper (node:internal/vm/module:436:15)
    at Object.&lt;anonymous&gt; (/Users/cmuir/P1Import-apps/P1-import-Subsystem/test/ui/comprehensive-ui.test.js:947:29)</failure>
    </testcase>
    <testcase classname="Comprehensive UI Tests › Form Management" name="Should add form handlers" time="0.003">
      <failure>Error: Cannot find module &apos;../../public/js/modules/ui-manager.js&apos; from &apos;test/ui/comprehensive-ui.test.js&apos;
    at Resolver._throwModNotFoundError (/Users/cmuir/P1Import-apps/P1-import-Subsystem/node_modules/jest-resolve/build/index.js:863:11)
    at Resolver.resolveModuleAsync (/Users/cmuir/P1Import-apps/P1-import-Subsystem/node_modules/jest-resolve/build/index.js:820:10)
    at processTicksAndRejections (node:internal/process/task_queues:105:5)
    at Resolver.getModuleIDAsync (/Users/cmuir/P1Import-apps/P1-import-Subsystem/node_modules/jest-resolve/build/index.js:967:26)
    at Runtime._shouldMockModule (/Users/cmuir/P1Import-apps/P1-import-Subsystem/node_modules/jest-runtime/build/index.js:1527:22)
    at Runtime.resolveModule (/Users/cmuir/P1Import-apps/P1-import-Subsystem/node_modules/jest-runtime/build/index.js:657:9)
    at importModuleDynamically (/Users/cmuir/P1Import-apps/P1-import-Subsystem/node_modules/jest-runtime/build/index.js:526:30)
    at importModuleDynamicallyWrapper (node:internal/vm/module:436:15)
    at Object.&lt;anonymous&gt; (/Users/cmuir/P1Import-apps/P1-import-Subsystem/test/ui/comprehensive-ui.test.js:984:29)</failure>
    </testcase>
    <testcase classname="Comprehensive UI Tests › Form Management" name="Should update element content" time="0.004">
      <failure>Error: Cannot find module &apos;../../public/js/modules/ui-manager.js&apos; from &apos;test/ui/comprehensive-ui.test.js&apos;
    at Resolver._throwModNotFoundError (/Users/cmuir/P1Import-apps/P1-import-Subsystem/node_modules/jest-resolve/build/index.js:863:11)
    at Resolver.resolveModuleAsync (/Users/cmuir/P1Import-apps/P1-import-Subsystem/node_modules/jest-resolve/build/index.js:820:10)
    at processTicksAndRejections (node:internal/process/task_queues:105:5)
    at Resolver.getModuleIDAsync (/Users/cmuir/P1Import-apps/P1-import-Subsystem/node_modules/jest-resolve/build/index.js:967:26)
    at Runtime._shouldMockModule (/Users/cmuir/P1Import-apps/P1-import-Subsystem/node_modules/jest-runtime/build/index.js:1527:22)
    at Runtime.resolveModule (/Users/cmuir/P1Import-apps/P1-import-Subsystem/node_modules/jest-runtime/build/index.js:657:9)
    at importModuleDynamically (/Users/cmuir/P1Import-apps/P1-import-Subsystem/node_modules/jest-runtime/build/index.js:526:30)
    at importModuleDynamicallyWrapper (node:internal/vm/module:436:15)
    at Object.&lt;anonymous&gt; (/Users/cmuir/P1Import-apps/P1-import-Subsystem/test/ui/comprehensive-ui.test.js:984:29)</failure>
    </testcase>
  </testsuite>
  <testsuite name="test/api/api/comprehensive-api.test.js" errors="0" failures="44" skipped="0" timestamp="2025-08-20T11:47:21" time="0.294" tests="44">
    <testcase classname="API Routes - Comprehensive Testing › Health Check Routes" name="GET /api/health - should return healthy status" time="0.001">
      <failure>Error: Cannot find module &apos;../../server.js&apos; from &apos;test/api/api/comprehensive-api.test.js&apos;
    at Resolver._throwModNotFoundError (/Users/cmuir/P1Import-apps/P1-import-Subsystem/node_modules/jest-resolve/build/index.js:863:11)
    at Resolver.resolveModuleAsync (/Users/cmuir/P1Import-apps/P1-import-Subsystem/node_modules/jest-resolve/build/index.js:820:10)
    at processTicksAndRejections (node:internal/process/task_queues:105:5)
    at Resolver.getModuleIDAsync (/Users/cmuir/P1Import-apps/P1-import-Subsystem/node_modules/jest-resolve/build/index.js:967:26)
    at Runtime._shouldMockModule (/Users/cmuir/P1Import-apps/P1-import-Subsystem/node_modules/jest-runtime/build/index.js:1527:22)
    at Runtime.resolveModule (/Users/cmuir/P1Import-apps/P1-import-Subsystem/node_modules/jest-runtime/build/index.js:657:9)
    at importModuleDynamically (/Users/cmuir/P1Import-apps/P1-import-Subsystem/node_modules/jest-runtime/build/index.js:526:30)
    at importModuleDynamicallyWrapper (node:internal/vm/module:436:15)
    at Object.&lt;anonymous&gt; (/Users/cmuir/P1Import-apps/P1-import-Subsystem/test/api/api/comprehensive-api.test.js:32:26)</failure>
      <failure>ReferenceError: testUtils is not defined
    at Object.&lt;anonymous&gt; (/Users/cmuir/P1Import-apps/P1-import-Subsystem/test/api/api/comprehensive-api.test.js:66:5)
    at Promise.finally.completed (/Users/cmuir/P1Import-apps/P1-import-Subsystem/node_modules/jest-circus/build/jestAdapterInit.js:1559:28)
    at new Promise (&lt;anonymous&gt;)
    at callAsyncCircusFn (/Users/cmuir/P1Import-apps/P1-import-Subsystem/node_modules/jest-circus/build/jestAdapterInit.js:1499:10)
    at _callCircusHook (/Users/cmuir/P1Import-apps/P1-import-Subsystem/node_modules/jest-circus/build/jestAdapterInit.js:978:40)
    at processTicksAndRejections (node:internal/process/task_queues:105:5)
    at _runTest (/Users/cmuir/P1Import-apps/P1-import-Subsystem/node_modules/jest-circus/build/jestAdapterInit.js:951:5)
    at _runTestsForDescribeBlock (/Users/cmuir/P1Import-apps/P1-import-Subsystem/node_modules/jest-circus/build/jestAdapterInit.js:839:13)
    at _runTestsForDescribeBlock (/Users/cmuir/P1Import-apps/P1-import-Subsystem/node_modules/jest-circus/build/jestAdapterInit.js:829:11)
    at _runTestsForDescribeBlock (/Users/cmuir/P1Import-apps/P1-import-Subsystem/node_modules/jest-circus/build/jestAdapterInit.js:829:11)
    at run (/Users/cmuir/P1Import-apps/P1-import-Subsystem/node_modules/jest-circus/build/jestAdapterInit.js:757:3)
    at runAndTransformResultsToJestFormat (/Users/cmuir/P1Import-apps/P1-import-Subsystem/node_modules/jest-circus/build/jestAdapterInit.js:1920:21)
    at jestAdapter (/Users/cmuir/P1Import-apps/P1-import-Subsystem/node_modules/jest-circus/build/runner.js:101:19)
    at runTestInternal (/Users/cmuir/P1Import-apps/P1-import-Subsystem/node_modules/jest-runner/build/testWorker.js:275:16)
    at runTest (/Users/cmuir/P1Import-apps/P1-import-Subsystem/node_modules/jest-runner/build/testWorker.js:343:7)
    at Object.worker (/Users/cmuir/P1Import-apps/P1-import-Subsystem/node_modules/jest-runner/build/testWorker.js:497:12)</failure>
    </testcase>
    <testcase classname="API Routes - Comprehensive Testing › Health Check Routes" name="GET /api/health - should handle rate limiting" time="0">
      <failure>Error: Cannot find module &apos;../../server.js&apos; from &apos;test/api/api/comprehensive-api.test.js&apos;
    at Resolver._throwModNotFoundError (/Users/cmuir/P1Import-apps/P1-import-Subsystem/node_modules/jest-resolve/build/index.js:863:11)
    at Resolver.resolveModuleAsync (/Users/cmuir/P1Import-apps/P1-import-Subsystem/node_modules/jest-resolve/build/index.js:820:10)
    at processTicksAndRejections (node:internal/process/task_queues:105:5)
    at Resolver.getModuleIDAsync (/Users/cmuir/P1Import-apps/P1-import-Subsystem/node_modules/jest-resolve/build/index.js:967:26)
    at Runtime._shouldMockModule (/Users/cmuir/P1Import-apps/P1-import-Subsystem/node_modules/jest-runtime/build/index.js:1527:22)
    at Runtime.resolveModule (/Users/cmuir/P1Import-apps/P1-import-Subsystem/node_modules/jest-runtime/build/index.js:657:9)
    at importModuleDynamically (/Users/cmuir/P1Import-apps/P1-import-Subsystem/node_modules/jest-runtime/build/index.js:526:30)
    at importModuleDynamicallyWrapper (node:internal/vm/module:436:15)
    at Object.&lt;anonymous&gt; (/Users/cmuir/P1Import-apps/P1-import-Subsystem/test/api/api/comprehensive-api.test.js:32:26)</failure>
      <failure>ReferenceError: testUtils is not defined
    at Object.&lt;anonymous&gt; (/Users/cmuir/P1Import-apps/P1-import-Subsystem/test/api/api/comprehensive-api.test.js:66:5)
    at Promise.finally.completed (/Users/cmuir/P1Import-apps/P1-import-Subsystem/node_modules/jest-circus/build/jestAdapterInit.js:1559:28)
    at new Promise (&lt;anonymous&gt;)
    at callAsyncCircusFn (/Users/cmuir/P1Import-apps/P1-import-Subsystem/node_modules/jest-circus/build/jestAdapterInit.js:1499:10)
    at _callCircusHook (/Users/cmuir/P1Import-apps/P1-import-Subsystem/node_modules/jest-circus/build/jestAdapterInit.js:978:40)
    at processTicksAndRejections (node:internal/process/task_queues:105:5)
    at _runTest (/Users/cmuir/P1Import-apps/P1-import-Subsystem/node_modules/jest-circus/build/jestAdapterInit.js:951:5)
    at _runTestsForDescribeBlock (/Users/cmuir/P1Import-apps/P1-import-Subsystem/node_modules/jest-circus/build/jestAdapterInit.js:839:13)
    at _runTestsForDescribeBlock (/Users/cmuir/P1Import-apps/P1-import-Subsystem/node_modules/jest-circus/build/jestAdapterInit.js:829:11)
    at _runTestsForDescribeBlock (/Users/cmuir/P1Import-apps/P1-import-Subsystem/node_modules/jest-circus/build/jestAdapterInit.js:829:11)
    at run (/Users/cmuir/P1Import-apps/P1-import-Subsystem/node_modules/jest-circus/build/jestAdapterInit.js:757:3)
    at runAndTransformResultsToJestFormat (/Users/cmuir/P1Import-apps/P1-import-Subsystem/node_modules/jest-circus/build/jestAdapterInit.js:1920:21)
    at jestAdapter (/Users/cmuir/P1Import-apps/P1-import-Subsystem/node_modules/jest-circus/build/runner.js:101:19)
    at runTestInternal (/Users/cmuir/P1Import-apps/P1-import-Subsystem/node_modules/jest-runner/build/testWorker.js:275:16)
    at runTest (/Users/cmuir/P1Import-apps/P1-import-Subsystem/node_modules/jest-runner/build/testWorker.js:343:7)
    at Object.worker (/Users/cmuir/P1Import-apps/P1-import-Subsystem/node_modules/jest-runner/build/testWorker.js:497:12)</failure>
    </testcase>
    <testcase classname="API Routes - Comprehensive Testing › Feature Flags Routes" name="GET /api/feature-flags - should return all feature flags" time="0">
      <failure>Error: Cannot find module &apos;../../server.js&apos; from &apos;test/api/api/comprehensive-api.test.js&apos;
    at Resolver._throwModNotFoundError (/Users/cmuir/P1Import-apps/P1-import-Subsystem/node_modules/jest-resolve/build/index.js:863:11)
    at Resolver.resolveModuleAsync (/Users/cmuir/P1Import-apps/P1-import-Subsystem/node_modules/jest-resolve/build/index.js:820:10)
    at processTicksAndRejections (node:internal/process/task_queues:105:5)
    at Resolver.getModuleIDAsync (/Users/cmuir/P1Import-apps/P1-import-Subsystem/node_modules/jest-resolve/build/index.js:967:26)
    at Runtime._shouldMockModule (/Users/cmuir/P1Import-apps/P1-import-Subsystem/node_modules/jest-runtime/build/index.js:1527:22)
    at Runtime.resolveModule (/Users/cmuir/P1Import-apps/P1-import-Subsystem/node_modules/jest-runtime/build/index.js:657:9)
    at importModuleDynamically (/Users/cmuir/P1Import-apps/P1-import-Subsystem/node_modules/jest-runtime/build/index.js:526:30)
    at importModuleDynamicallyWrapper (node:internal/vm/module:436:15)
    at Object.&lt;anonymous&gt; (/Users/cmuir/P1Import-apps/P1-import-Subsystem/test/api/api/comprehensive-api.test.js:32:26)</failure>
      <failure>ReferenceError: testUtils is not defined
    at Object.&lt;anonymous&gt; (/Users/cmuir/P1Import-apps/P1-import-Subsystem/test/api/api/comprehensive-api.test.js:66:5)
    at Promise.finally.completed (/Users/cmuir/P1Import-apps/P1-import-Subsystem/node_modules/jest-circus/build/jestAdapterInit.js:1559:28)
    at new Promise (&lt;anonymous&gt;)
    at callAsyncCircusFn (/Users/cmuir/P1Import-apps/P1-import-Subsystem/node_modules/jest-circus/build/jestAdapterInit.js:1499:10)
    at _callCircusHook (/Users/cmuir/P1Import-apps/P1-import-Subsystem/node_modules/jest-circus/build/jestAdapterInit.js:978:40)
    at processTicksAndRejections (node:internal/process/task_queues:105:5)
    at _runTest (/Users/cmuir/P1Import-apps/P1-import-Subsystem/node_modules/jest-circus/build/jestAdapterInit.js:951:5)
    at _runTestsForDescribeBlock (/Users/cmuir/P1Import-apps/P1-import-Subsystem/node_modules/jest-circus/build/jestAdapterInit.js:839:13)
    at _runTestsForDescribeBlock (/Users/cmuir/P1Import-apps/P1-import-Subsystem/node_modules/jest-circus/build/jestAdapterInit.js:829:11)
    at _runTestsForDescribeBlock (/Users/cmuir/P1Import-apps/P1-import-Subsystem/node_modules/jest-circus/build/jestAdapterInit.js:829:11)
    at run (/Users/cmuir/P1Import-apps/P1-import-Subsystem/node_modules/jest-circus/build/jestAdapterInit.js:757:3)
    at runAndTransformResultsToJestFormat (/Users/cmuir/P1Import-apps/P1-import-Subsystem/node_modules/jest-circus/build/jestAdapterInit.js:1920:21)
    at jestAdapter (/Users/cmuir/P1Import-apps/P1-import-Subsystem/node_modules/jest-circus/build/runner.js:101:19)
    at runTestInternal (/Users/cmuir/P1Import-apps/P1-import-Subsystem/node_modules/jest-runner/build/testWorker.js:275:16)
    at runTest (/Users/cmuir/P1Import-apps/P1-import-Subsystem/node_modules/jest-runner/build/testWorker.js:343:7)
    at Object.worker (/Users/cmuir/P1Import-apps/P1-import-Subsystem/node_modules/jest-runner/build/testWorker.js:497:12)</failure>
    </testcase>
    <testcase classname="API Routes - Comprehensive Testing › Feature Flags Routes" name="POST /api/feature-flags/:flag - should enable feature flag" time="0">
      <failure>Error: Cannot find module &apos;../../server.js&apos; from &apos;test/api/api/comprehensive-api.test.js&apos;
    at Resolver._throwModNotFoundError (/Users/cmuir/P1Import-apps/P1-import-Subsystem/node_modules/jest-resolve/build/index.js:863:11)
    at Resolver.resolveModuleAsync (/Users/cmuir/P1Import-apps/P1-import-Subsystem/node_modules/jest-resolve/build/index.js:820:10)
    at processTicksAndRejections (node:internal/process/task_queues:105:5)
    at Resolver.getModuleIDAsync (/Users/cmuir/P1Import-apps/P1-import-Subsystem/node_modules/jest-resolve/build/index.js:967:26)
    at Runtime._shouldMockModule (/Users/cmuir/P1Import-apps/P1-import-Subsystem/node_modules/jest-runtime/build/index.js:1527:22)
    at Runtime.resolveModule (/Users/cmuir/P1Import-apps/P1-import-Subsystem/node_modules/jest-runtime/build/index.js:657:9)
    at importModuleDynamically (/Users/cmuir/P1Import-apps/P1-import-Subsystem/node_modules/jest-runtime/build/index.js:526:30)
    at importModuleDynamicallyWrapper (node:internal/vm/module:436:15)
    at Object.&lt;anonymous&gt; (/Users/cmuir/P1Import-apps/P1-import-Subsystem/test/api/api/comprehensive-api.test.js:32:26)</failure>
      <failure>ReferenceError: testUtils is not defined
    at Object.&lt;anonymous&gt; (/Users/cmuir/P1Import-apps/P1-import-Subsystem/test/api/api/comprehensive-api.test.js:66:5)
    at Promise.finally.completed (/Users/cmuir/P1Import-apps/P1-import-Subsystem/node_modules/jest-circus/build/jestAdapterInit.js:1559:28)
    at new Promise (&lt;anonymous&gt;)
    at callAsyncCircusFn (/Users/cmuir/P1Import-apps/P1-import-Subsystem/node_modules/jest-circus/build/jestAdapterInit.js:1499:10)
    at _callCircusHook (/Users/cmuir/P1Import-apps/P1-import-Subsystem/node_modules/jest-circus/build/jestAdapterInit.js:978:40)
    at processTicksAndRejections (node:internal/process/task_queues:105:5)
    at _runTest (/Users/cmuir/P1Import-apps/P1-import-Subsystem/node_modules/jest-circus/build/jestAdapterInit.js:951:5)
    at _runTestsForDescribeBlock (/Users/cmuir/P1Import-apps/P1-import-Subsystem/node_modules/jest-circus/build/jestAdapterInit.js:839:13)
    at _runTestsForDescribeBlock (/Users/cmuir/P1Import-apps/P1-import-Subsystem/node_modules/jest-circus/build/jestAdapterInit.js:829:11)
    at _runTestsForDescribeBlock (/Users/cmuir/P1Import-apps/P1-import-Subsystem/node_modules/jest-circus/build/jestAdapterInit.js:829:11)
    at run (/Users/cmuir/P1Import-apps/P1-import-Subsystem/node_modules/jest-circus/build/jestAdapterInit.js:757:3)
    at runAndTransformResultsToJestFormat (/Users/cmuir/P1Import-apps/P1-import-Subsystem/node_modules/jest-circus/build/jestAdapterInit.js:1920:21)
    at jestAdapter (/Users/cmuir/P1Import-apps/P1-import-Subsystem/node_modules/jest-circus/build/runner.js:101:19)
    at runTestInternal (/Users/cmuir/P1Import-apps/P1-import-Subsystem/node_modules/jest-runner/build/testWorker.js:275:16)
    at runTest (/Users/cmuir/P1Import-apps/P1-import-Subsystem/node_modules/jest-runner/build/testWorker.js:343:7)
    at Object.worker (/Users/cmuir/P1Import-apps/P1-import-Subsystem/node_modules/jest-runner/build/testWorker.js:497:12)</failure>
    </testcase>
    <testcase classname="API Routes - Comprehensive Testing › Feature Flags Routes" name="POST /api/feature-flags/:flag - should disable feature flag" time="0.001">
      <failure>Error: Cannot find module &apos;../../server.js&apos; from &apos;test/api/api/comprehensive-api.test.js&apos;
    at Resolver._throwModNotFoundError (/Users/cmuir/P1Import-apps/P1-import-Subsystem/node_modules/jest-resolve/build/index.js:863:11)
    at Resolver.resolveModuleAsync (/Users/cmuir/P1Import-apps/P1-import-Subsystem/node_modules/jest-resolve/build/index.js:820:10)
    at processTicksAndRejections (node:internal/process/task_queues:105:5)
    at Resolver.getModuleIDAsync (/Users/cmuir/P1Import-apps/P1-import-Subsystem/node_modules/jest-resolve/build/index.js:967:26)
    at Runtime._shouldMockModule (/Users/cmuir/P1Import-apps/P1-import-Subsystem/node_modules/jest-runtime/build/index.js:1527:22)
    at Runtime.resolveModule (/Users/cmuir/P1Import-apps/P1-import-Subsystem/node_modules/jest-runtime/build/index.js:657:9)
    at importModuleDynamically (/Users/cmuir/P1Import-apps/P1-import-Subsystem/node_modules/jest-runtime/build/index.js:526:30)
    at importModuleDynamicallyWrapper (node:internal/vm/module:436:15)
    at Object.&lt;anonymous&gt; (/Users/cmuir/P1Import-apps/P1-import-Subsystem/test/api/api/comprehensive-api.test.js:32:26)</failure>
      <failure>ReferenceError: testUtils is not defined
    at Object.&lt;anonymous&gt; (/Users/cmuir/P1Import-apps/P1-import-Subsystem/test/api/api/comprehensive-api.test.js:66:5)
    at Promise.finally.completed (/Users/cmuir/P1Import-apps/P1-import-Subsystem/node_modules/jest-circus/build/jestAdapterInit.js:1559:28)
    at new Promise (&lt;anonymous&gt;)
    at callAsyncCircusFn (/Users/cmuir/P1Import-apps/P1-import-Subsystem/node_modules/jest-circus/build/jestAdapterInit.js:1499:10)
    at _callCircusHook (/Users/cmuir/P1Import-apps/P1-import-Subsystem/node_modules/jest-circus/build/jestAdapterInit.js:978:40)
    at processTicksAndRejections (node:internal/process/task_queues:105:5)
    at _runTest (/Users/cmuir/P1Import-apps/P1-import-Subsystem/node_modules/jest-circus/build/jestAdapterInit.js:951:5)
    at _runTestsForDescribeBlock (/Users/cmuir/P1Import-apps/P1-import-Subsystem/node_modules/jest-circus/build/jestAdapterInit.js:839:13)
    at _runTestsForDescribeBlock (/Users/cmuir/P1Import-apps/P1-import-Subsystem/node_modules/jest-circus/build/jestAdapterInit.js:829:11)
    at _runTestsForDescribeBlock (/Users/cmuir/P1Import-apps/P1-import-Subsystem/node_modules/jest-circus/build/jestAdapterInit.js:829:11)
    at run (/Users/cmuir/P1Import-apps/P1-import-Subsystem/node_modules/jest-circus/build/jestAdapterInit.js:757:3)
    at runAndTransformResultsToJestFormat (/Users/cmuir/P1Import-apps/P1-import-Subsystem/node_modules/jest-circus/build/jestAdapterInit.js:1920:21)
    at jestAdapter (/Users/cmuir/P1Import-apps/P1-import-Subsystem/node_modules/jest-circus/build/runner.js:101:19)
    at runTestInternal (/Users/cmuir/P1Import-apps/P1-import-Subsystem/node_modules/jest-runner/build/testWorker.js:275:16)
    at runTest (/Users/cmuir/P1Import-apps/P1-import-Subsystem/node_modules/jest-runner/build/testWorker.js:343:7)
    at Object.worker (/Users/cmuir/P1Import-apps/P1-import-Subsystem/node_modules/jest-runner/build/testWorker.js:497:12)</failure>
    </testcase>
    <testcase classname="API Routes - Comprehensive Testing › Feature Flags Routes" name="POST /api/feature-flags/:flag - should handle invalid flag name" time="0">
      <failure>Error: Cannot find module &apos;../../server.js&apos; from &apos;test/api/api/comprehensive-api.test.js&apos;
    at Resolver._throwModNotFoundError (/Users/cmuir/P1Import-apps/P1-import-Subsystem/node_modules/jest-resolve/build/index.js:863:11)
    at Resolver.resolveModuleAsync (/Users/cmuir/P1Import-apps/P1-import-Subsystem/node_modules/jest-resolve/build/index.js:820:10)
    at processTicksAndRejections (node:internal/process/task_queues:105:5)
    at Resolver.getModuleIDAsync (/Users/cmuir/P1Import-apps/P1-import-Subsystem/node_modules/jest-resolve/build/index.js:967:26)
    at Runtime._shouldMockModule (/Users/cmuir/P1Import-apps/P1-import-Subsystem/node_modules/jest-runtime/build/index.js:1527:22)
    at Runtime.resolveModule (/Users/cmuir/P1Import-apps/P1-import-Subsystem/node_modules/jest-runtime/build/index.js:657:9)
    at importModuleDynamically (/Users/cmuir/P1Import-apps/P1-import-Subsystem/node_modules/jest-runtime/build/index.js:526:30)
    at importModuleDynamicallyWrapper (node:internal/vm/module:436:15)
    at Object.&lt;anonymous&gt; (/Users/cmuir/P1Import-apps/P1-import-Subsystem/test/api/api/comprehensive-api.test.js:32:26)</failure>
      <failure>ReferenceError: testUtils is not defined
    at Object.&lt;anonymous&gt; (/Users/cmuir/P1Import-apps/P1-import-Subsystem/test/api/api/comprehensive-api.test.js:66:5)
    at Promise.finally.completed (/Users/cmuir/P1Import-apps/P1-import-Subsystem/node_modules/jest-circus/build/jestAdapterInit.js:1559:28)
    at new Promise (&lt;anonymous&gt;)
    at callAsyncCircusFn (/Users/cmuir/P1Import-apps/P1-import-Subsystem/node_modules/jest-circus/build/jestAdapterInit.js:1499:10)
    at _callCircusHook (/Users/cmuir/P1Import-apps/P1-import-Subsystem/node_modules/jest-circus/build/jestAdapterInit.js:978:40)
    at processTicksAndRejections (node:internal/process/task_queues:105:5)
    at _runTest (/Users/cmuir/P1Import-apps/P1-import-Subsystem/node_modules/jest-circus/build/jestAdapterInit.js:951:5)
    at _runTestsForDescribeBlock (/Users/cmuir/P1Import-apps/P1-import-Subsystem/node_modules/jest-circus/build/jestAdapterInit.js:839:13)
    at _runTestsForDescribeBlock (/Users/cmuir/P1Import-apps/P1-import-Subsystem/node_modules/jest-circus/build/jestAdapterInit.js:829:11)
    at _runTestsForDescribeBlock (/Users/cmuir/P1Import-apps/P1-import-Subsystem/node_modules/jest-circus/build/jestAdapterInit.js:829:11)
    at run (/Users/cmuir/P1Import-apps/P1-import-Subsystem/node_modules/jest-circus/build/jestAdapterInit.js:757:3)
    at runAndTransformResultsToJestFormat (/Users/cmuir/P1Import-apps/P1-import-Subsystem/node_modules/jest-circus/build/jestAdapterInit.js:1920:21)
    at jestAdapter (/Users/cmuir/P1Import-apps/P1-import-Subsystem/node_modules/jest-circus/build/runner.js:101:19)
    at runTestInternal (/Users/cmuir/P1Import-apps/P1-import-Subsystem/node_modules/jest-runner/build/testWorker.js:275:16)
    at runTest (/Users/cmuir/P1Import-apps/P1-import-Subsystem/node_modules/jest-runner/build/testWorker.js:343:7)
    at Object.worker (/Users/cmuir/P1Import-apps/P1-import-Subsystem/node_modules/jest-runner/build/testWorker.js:497:12)</failure>
    </testcase>
    <testcase classname="API Routes - Comprehensive Testing › Feature Flags Routes" name="POST /api/feature-flags/reset - should reset all feature flags" time="0">
      <failure>Error: Cannot find module &apos;../../server.js&apos; from &apos;test/api/api/comprehensive-api.test.js&apos;
    at Resolver._throwModNotFoundError (/Users/cmuir/P1Import-apps/P1-import-Subsystem/node_modules/jest-resolve/build/index.js:863:11)
    at Resolver.resolveModuleAsync (/Users/cmuir/P1Import-apps/P1-import-Subsystem/node_modules/jest-resolve/build/index.js:820:10)
    at processTicksAndRejections (node:internal/process/task_queues:105:5)
    at Resolver.getModuleIDAsync (/Users/cmuir/P1Import-apps/P1-import-Subsystem/node_modules/jest-resolve/build/index.js:967:26)
    at Runtime._shouldMockModule (/Users/cmuir/P1Import-apps/P1-import-Subsystem/node_modules/jest-runtime/build/index.js:1527:22)
    at Runtime.resolveModule (/Users/cmuir/P1Import-apps/P1-import-Subsystem/node_modules/jest-runtime/build/index.js:657:9)
    at importModuleDynamically (/Users/cmuir/P1Import-apps/P1-import-Subsystem/node_modules/jest-runtime/build/index.js:526:30)
    at importModuleDynamicallyWrapper (node:internal/vm/module:436:15)
    at Object.&lt;anonymous&gt; (/Users/cmuir/P1Import-apps/P1-import-Subsystem/test/api/api/comprehensive-api.test.js:32:26)</failure>
      <failure>ReferenceError: testUtils is not defined
    at Object.&lt;anonymous&gt; (/Users/cmuir/P1Import-apps/P1-import-Subsystem/test/api/api/comprehensive-api.test.js:66:5)
    at Promise.finally.completed (/Users/cmuir/P1Import-apps/P1-import-Subsystem/node_modules/jest-circus/build/jestAdapterInit.js:1559:28)
    at new Promise (&lt;anonymous&gt;)
    at callAsyncCircusFn (/Users/cmuir/P1Import-apps/P1-import-Subsystem/node_modules/jest-circus/build/jestAdapterInit.js:1499:10)
    at _callCircusHook (/Users/cmuir/P1Import-apps/P1-import-Subsystem/node_modules/jest-circus/build/jestAdapterInit.js:978:40)
    at processTicksAndRejections (node:internal/process/task_queues:105:5)
    at _runTest (/Users/cmuir/P1Import-apps/P1-import-Subsystem/node_modules/jest-circus/build/jestAdapterInit.js:951:5)
    at _runTestsForDescribeBlock (/Users/cmuir/P1Import-apps/P1-import-Subsystem/node_modules/jest-circus/build/jestAdapterInit.js:839:13)
    at _runTestsForDescribeBlock (/Users/cmuir/P1Import-apps/P1-import-Subsystem/node_modules/jest-circus/build/jestAdapterInit.js:829:11)
    at _runTestsForDescribeBlock (/Users/cmuir/P1Import-apps/P1-import-Subsystem/node_modules/jest-circus/build/jestAdapterInit.js:829:11)
    at run (/Users/cmuir/P1Import-apps/P1-import-Subsystem/node_modules/jest-circus/build/jestAdapterInit.js:757:3)
    at runAndTransformResultsToJestFormat (/Users/cmuir/P1Import-apps/P1-import-Subsystem/node_modules/jest-circus/build/jestAdapterInit.js:1920:21)
    at jestAdapter (/Users/cmuir/P1Import-apps/P1-import-Subsystem/node_modules/jest-circus/build/runner.js:101:19)
    at runTestInternal (/Users/cmuir/P1Import-apps/P1-import-Subsystem/node_modules/jest-runner/build/testWorker.js:275:16)
    at runTest (/Users/cmuir/P1Import-apps/P1-import-Subsystem/node_modules/jest-runner/build/testWorker.js:343:7)
    at Object.worker (/Users/cmuir/P1Import-apps/P1-import-Subsystem/node_modules/jest-runner/build/testWorker.js:497:12)</failure>
    </testcase>
    <testcase classname="API Routes - Comprehensive Testing › Import Routes" name="POST /api/import - should handle valid CSV file upload" time="0">
      <failure>Error: Cannot find module &apos;../../server.js&apos; from &apos;test/api/api/comprehensive-api.test.js&apos;
    at Resolver._throwModNotFoundError (/Users/cmuir/P1Import-apps/P1-import-Subsystem/node_modules/jest-resolve/build/index.js:863:11)
    at Resolver.resolveModuleAsync (/Users/cmuir/P1Import-apps/P1-import-Subsystem/node_modules/jest-resolve/build/index.js:820:10)
    at processTicksAndRejections (node:internal/process/task_queues:105:5)
    at Resolver.getModuleIDAsync (/Users/cmuir/P1Import-apps/P1-import-Subsystem/node_modules/jest-resolve/build/index.js:967:26)
    at Runtime._shouldMockModule (/Users/cmuir/P1Import-apps/P1-import-Subsystem/node_modules/jest-runtime/build/index.js:1527:22)
    at Runtime.resolveModule (/Users/cmuir/P1Import-apps/P1-import-Subsystem/node_modules/jest-runtime/build/index.js:657:9)
    at importModuleDynamically (/Users/cmuir/P1Import-apps/P1-import-Subsystem/node_modules/jest-runtime/build/index.js:526:30)
    at importModuleDynamicallyWrapper (node:internal/vm/module:436:15)
    at Object.&lt;anonymous&gt; (/Users/cmuir/P1Import-apps/P1-import-Subsystem/test/api/api/comprehensive-api.test.js:32:26)</failure>
      <failure>ReferenceError: testUtils is not defined
    at Object.&lt;anonymous&gt; (/Users/cmuir/P1Import-apps/P1-import-Subsystem/test/api/api/comprehensive-api.test.js:66:5)
    at Promise.finally.completed (/Users/cmuir/P1Import-apps/P1-import-Subsystem/node_modules/jest-circus/build/jestAdapterInit.js:1559:28)
    at new Promise (&lt;anonymous&gt;)
    at callAsyncCircusFn (/Users/cmuir/P1Import-apps/P1-import-Subsystem/node_modules/jest-circus/build/jestAdapterInit.js:1499:10)
    at _callCircusHook (/Users/cmuir/P1Import-apps/P1-import-Subsystem/node_modules/jest-circus/build/jestAdapterInit.js:978:40)
    at processTicksAndRejections (node:internal/process/task_queues:105:5)
    at _runTest (/Users/cmuir/P1Import-apps/P1-import-Subsystem/node_modules/jest-circus/build/jestAdapterInit.js:951:5)
    at _runTestsForDescribeBlock (/Users/cmuir/P1Import-apps/P1-import-Subsystem/node_modules/jest-circus/build/jestAdapterInit.js:839:13)
    at _runTestsForDescribeBlock (/Users/cmuir/P1Import-apps/P1-import-Subsystem/node_modules/jest-circus/build/jestAdapterInit.js:829:11)
    at _runTestsForDescribeBlock (/Users/cmuir/P1Import-apps/P1-import-Subsystem/node_modules/jest-circus/build/jestAdapterInit.js:829:11)
    at run (/Users/cmuir/P1Import-apps/P1-import-Subsystem/node_modules/jest-circus/build/jestAdapterInit.js:757:3)
    at runAndTransformResultsToJestFormat (/Users/cmuir/P1Import-apps/P1-import-Subsystem/node_modules/jest-circus/build/jestAdapterInit.js:1920:21)
    at jestAdapter (/Users/cmuir/P1Import-apps/P1-import-Subsystem/node_modules/jest-circus/build/runner.js:101:19)
    at runTestInternal (/Users/cmuir/P1Import-apps/P1-import-Subsystem/node_modules/jest-runner/build/testWorker.js:275:16)
    at runTest (/Users/cmuir/P1Import-apps/P1-import-Subsystem/node_modules/jest-runner/build/testWorker.js:343:7)
    at Object.worker (/Users/cmuir/P1Import-apps/P1-import-Subsystem/node_modules/jest-runner/build/testWorker.js:497:12)</failure>
    </testcase>
    <testcase classname="API Routes - Comprehensive Testing › Import Routes" name="POST /api/import - should handle missing file" time="0">
      <failure>Error: Cannot find module &apos;../../server.js&apos; from &apos;test/api/api/comprehensive-api.test.js&apos;
    at Resolver._throwModNotFoundError (/Users/cmuir/P1Import-apps/P1-import-Subsystem/node_modules/jest-resolve/build/index.js:863:11)
    at Resolver.resolveModuleAsync (/Users/cmuir/P1Import-apps/P1-import-Subsystem/node_modules/jest-resolve/build/index.js:820:10)
    at processTicksAndRejections (node:internal/process/task_queues:105:5)
    at Resolver.getModuleIDAsync (/Users/cmuir/P1Import-apps/P1-import-Subsystem/node_modules/jest-resolve/build/index.js:967:26)
    at Runtime._shouldMockModule (/Users/cmuir/P1Import-apps/P1-import-Subsystem/node_modules/jest-runtime/build/index.js:1527:22)
    at Runtime.resolveModule (/Users/cmuir/P1Import-apps/P1-import-Subsystem/node_modules/jest-runtime/build/index.js:657:9)
    at importModuleDynamically (/Users/cmuir/P1Import-apps/P1-import-Subsystem/node_modules/jest-runtime/build/index.js:526:30)
    at importModuleDynamicallyWrapper (node:internal/vm/module:436:15)
    at Object.&lt;anonymous&gt; (/Users/cmuir/P1Import-apps/P1-import-Subsystem/test/api/api/comprehensive-api.test.js:32:26)</failure>
      <failure>ReferenceError: testUtils is not defined
    at Object.&lt;anonymous&gt; (/Users/cmuir/P1Import-apps/P1-import-Subsystem/test/api/api/comprehensive-api.test.js:66:5)
    at Promise.finally.completed (/Users/cmuir/P1Import-apps/P1-import-Subsystem/node_modules/jest-circus/build/jestAdapterInit.js:1559:28)
    at new Promise (&lt;anonymous&gt;)
    at callAsyncCircusFn (/Users/cmuir/P1Import-apps/P1-import-Subsystem/node_modules/jest-circus/build/jestAdapterInit.js:1499:10)
    at _callCircusHook (/Users/cmuir/P1Import-apps/P1-import-Subsystem/node_modules/jest-circus/build/jestAdapterInit.js:978:40)
    at processTicksAndRejections (node:internal/process/task_queues:105:5)
    at _runTest (/Users/cmuir/P1Import-apps/P1-import-Subsystem/node_modules/jest-circus/build/jestAdapterInit.js:951:5)
    at _runTestsForDescribeBlock (/Users/cmuir/P1Import-apps/P1-import-Subsystem/node_modules/jest-circus/build/jestAdapterInit.js:839:13)
    at _runTestsForDescribeBlock (/Users/cmuir/P1Import-apps/P1-import-Subsystem/node_modules/jest-circus/build/jestAdapterInit.js:829:11)
    at _runTestsForDescribeBlock (/Users/cmuir/P1Import-apps/P1-import-Subsystem/node_modules/jest-circus/build/jestAdapterInit.js:829:11)
    at run (/Users/cmuir/P1Import-apps/P1-import-Subsystem/node_modules/jest-circus/build/jestAdapterInit.js:757:3)
    at runAndTransformResultsToJestFormat (/Users/cmuir/P1Import-apps/P1-import-Subsystem/node_modules/jest-circus/build/jestAdapterInit.js:1920:21)
    at jestAdapter (/Users/cmuir/P1Import-apps/P1-import-Subsystem/node_modules/jest-circus/build/runner.js:101:19)
    at runTestInternal (/Users/cmuir/P1Import-apps/P1-import-Subsystem/node_modules/jest-runner/build/testWorker.js:275:16)
    at runTest (/Users/cmuir/P1Import-apps/P1-import-Subsystem/node_modules/jest-runner/build/testWorker.js:343:7)
    at Object.worker (/Users/cmuir/P1Import-apps/P1-import-Subsystem/node_modules/jest-runner/build/testWorker.js:497:12)</failure>
    </testcase>
    <testcase classname="API Routes - Comprehensive Testing › Import Routes" name="POST /api/import - should handle invalid CSV format" time="0">
      <failure>Error: Cannot find module &apos;../../server.js&apos; from &apos;test/api/api/comprehensive-api.test.js&apos;
    at Resolver._throwModNotFoundError (/Users/cmuir/P1Import-apps/P1-import-Subsystem/node_modules/jest-resolve/build/index.js:863:11)
    at Resolver.resolveModuleAsync (/Users/cmuir/P1Import-apps/P1-import-Subsystem/node_modules/jest-resolve/build/index.js:820:10)
    at processTicksAndRejections (node:internal/process/task_queues:105:5)
    at Resolver.getModuleIDAsync (/Users/cmuir/P1Import-apps/P1-import-Subsystem/node_modules/jest-resolve/build/index.js:967:26)
    at Runtime._shouldMockModule (/Users/cmuir/P1Import-apps/P1-import-Subsystem/node_modules/jest-runtime/build/index.js:1527:22)
    at Runtime.resolveModule (/Users/cmuir/P1Import-apps/P1-import-Subsystem/node_modules/jest-runtime/build/index.js:657:9)
    at importModuleDynamically (/Users/cmuir/P1Import-apps/P1-import-Subsystem/node_modules/jest-runtime/build/index.js:526:30)
    at importModuleDynamicallyWrapper (node:internal/vm/module:436:15)
    at Object.&lt;anonymous&gt; (/Users/cmuir/P1Import-apps/P1-import-Subsystem/test/api/api/comprehensive-api.test.js:32:26)</failure>
      <failure>ReferenceError: testUtils is not defined
    at Object.&lt;anonymous&gt; (/Users/cmuir/P1Import-apps/P1-import-Subsystem/test/api/api/comprehensive-api.test.js:66:5)
    at Promise.finally.completed (/Users/cmuir/P1Import-apps/P1-import-Subsystem/node_modules/jest-circus/build/jestAdapterInit.js:1559:28)
    at new Promise (&lt;anonymous&gt;)
    at callAsyncCircusFn (/Users/cmuir/P1Import-apps/P1-import-Subsystem/node_modules/jest-circus/build/jestAdapterInit.js:1499:10)
    at _callCircusHook (/Users/cmuir/P1Import-apps/P1-import-Subsystem/node_modules/jest-circus/build/jestAdapterInit.js:978:40)
    at processTicksAndRejections (node:internal/process/task_queues:105:5)
    at _runTest (/Users/cmuir/P1Import-apps/P1-import-Subsystem/node_modules/jest-circus/build/jestAdapterInit.js:951:5)
    at _runTestsForDescribeBlock (/Users/cmuir/P1Import-apps/P1-import-Subsystem/node_modules/jest-circus/build/jestAdapterInit.js:839:13)
    at _runTestsForDescribeBlock (/Users/cmuir/P1Import-apps/P1-import-Subsystem/node_modules/jest-circus/build/jestAdapterInit.js:829:11)
    at _runTestsForDescribeBlock (/Users/cmuir/P1Import-apps/P1-import-Subsystem/node_modules/jest-circus/build/jestAdapterInit.js:829:11)
    at run (/Users/cmuir/P1Import-apps/P1-import-Subsystem/node_modules/jest-circus/build/jestAdapterInit.js:757:3)
    at runAndTransformResultsToJestFormat (/Users/cmuir/P1Import-apps/P1-import-Subsystem/node_modules/jest-circus/build/jestAdapterInit.js:1920:21)
    at jestAdapter (/Users/cmuir/P1Import-apps/P1-import-Subsystem/node_modules/jest-circus/build/runner.js:101:19)
    at runTestInternal (/Users/cmuir/P1Import-apps/P1-import-Subsystem/node_modules/jest-runner/build/testWorker.js:275:16)
    at runTest (/Users/cmuir/P1Import-apps/P1-import-Subsystem/node_modules/jest-runner/build/testWorker.js:343:7)
    at Object.worker (/Users/cmuir/P1Import-apps/P1-import-Subsystem/node_modules/jest-runner/build/testWorker.js:497:12)</failure>
    </testcase>
    <testcase classname="API Routes - Comprehensive Testing › Import Routes" name="POST /api/import - should handle large file size" time="0">
      <failure>Error: Cannot find module &apos;../../server.js&apos; from &apos;test/api/api/comprehensive-api.test.js&apos;
    at Resolver._throwModNotFoundError (/Users/cmuir/P1Import-apps/P1-import-Subsystem/node_modules/jest-resolve/build/index.js:863:11)
    at Resolver.resolveModuleAsync (/Users/cmuir/P1Import-apps/P1-import-Subsystem/node_modules/jest-resolve/build/index.js:820:10)
    at processTicksAndRejections (node:internal/process/task_queues:105:5)
    at Resolver.getModuleIDAsync (/Users/cmuir/P1Import-apps/P1-import-Subsystem/node_modules/jest-resolve/build/index.js:967:26)
    at Runtime._shouldMockModule (/Users/cmuir/P1Import-apps/P1-import-Subsystem/node_modules/jest-runtime/build/index.js:1527:22)
    at Runtime.resolveModule (/Users/cmuir/P1Import-apps/P1-import-Subsystem/node_modules/jest-runtime/build/index.js:657:9)
    at importModuleDynamically (/Users/cmuir/P1Import-apps/P1-import-Subsystem/node_modules/jest-runtime/build/index.js:526:30)
    at importModuleDynamicallyWrapper (node:internal/vm/module:436:15)
    at Object.&lt;anonymous&gt; (/Users/cmuir/P1Import-apps/P1-import-Subsystem/test/api/api/comprehensive-api.test.js:32:26)</failure>
      <failure>ReferenceError: testUtils is not defined
    at Object.&lt;anonymous&gt; (/Users/cmuir/P1Import-apps/P1-import-Subsystem/test/api/api/comprehensive-api.test.js:66:5)
    at Promise.finally.completed (/Users/cmuir/P1Import-apps/P1-import-Subsystem/node_modules/jest-circus/build/jestAdapterInit.js:1559:28)
    at new Promise (&lt;anonymous&gt;)
    at callAsyncCircusFn (/Users/cmuir/P1Import-apps/P1-import-Subsystem/node_modules/jest-circus/build/jestAdapterInit.js:1499:10)
    at _callCircusHook (/Users/cmuir/P1Import-apps/P1-import-Subsystem/node_modules/jest-circus/build/jestAdapterInit.js:978:40)
    at processTicksAndRejections (node:internal/process/task_queues:105:5)
    at _runTest (/Users/cmuir/P1Import-apps/P1-import-Subsystem/node_modules/jest-circus/build/jestAdapterInit.js:951:5)
    at _runTestsForDescribeBlock (/Users/cmuir/P1Import-apps/P1-import-Subsystem/node_modules/jest-circus/build/jestAdapterInit.js:839:13)
    at _runTestsForDescribeBlock (/Users/cmuir/P1Import-apps/P1-import-Subsystem/node_modules/jest-circus/build/jestAdapterInit.js:829:11)
    at _runTestsForDescribeBlock (/Users/cmuir/P1Import-apps/P1-import-Subsystem/node_modules/jest-circus/build/jestAdapterInit.js:829:11)
    at run (/Users/cmuir/P1Import-apps/P1-import-Subsystem/node_modules/jest-circus/build/jestAdapterInit.js:757:3)
    at runAndTransformResultsToJestFormat (/Users/cmuir/P1Import-apps/P1-import-Subsystem/node_modules/jest-circus/build/jestAdapterInit.js:1920:21)
    at jestAdapter (/Users/cmuir/P1Import-apps/P1-import-Subsystem/node_modules/jest-circus/build/runner.js:101:19)
    at runTestInternal (/Users/cmuir/P1Import-apps/P1-import-Subsystem/node_modules/jest-runner/build/testWorker.js:275:16)
    at runTest (/Users/cmuir/P1Import-apps/P1-import-Subsystem/node_modules/jest-runner/build/testWorker.js:343:7)
    at Object.worker (/Users/cmuir/P1Import-apps/P1-import-Subsystem/node_modules/jest-runner/build/testWorker.js:497:12)</failure>
    </testcase>
    <testcase classname="API Routes - Comprehensive Testing › Import Routes" name="GET /api/import/progress/:sessionId - should return progress for valid session" time="0">
      <failure>Error: Cannot find module &apos;../../server.js&apos; from &apos;test/api/api/comprehensive-api.test.js&apos;
    at Resolver._throwModNotFoundError (/Users/cmuir/P1Import-apps/P1-import-Subsystem/node_modules/jest-resolve/build/index.js:863:11)
    at Resolver.resolveModuleAsync (/Users/cmuir/P1Import-apps/P1-import-Subsystem/node_modules/jest-resolve/build/index.js:820:10)
    at processTicksAndRejections (node:internal/process/task_queues:105:5)
    at Resolver.getModuleIDAsync (/Users/cmuir/P1Import-apps/P1-import-Subsystem/node_modules/jest-resolve/build/index.js:967:26)
    at Runtime._shouldMockModule (/Users/cmuir/P1Import-apps/P1-import-Subsystem/node_modules/jest-runtime/build/index.js:1527:22)
    at Runtime.resolveModule (/Users/cmuir/P1Import-apps/P1-import-Subsystem/node_modules/jest-runtime/build/index.js:657:9)
    at importModuleDynamically (/Users/cmuir/P1Import-apps/P1-import-Subsystem/node_modules/jest-runtime/build/index.js:526:30)
    at importModuleDynamicallyWrapper (node:internal/vm/module:436:15)
    at Object.&lt;anonymous&gt; (/Users/cmuir/P1Import-apps/P1-import-Subsystem/test/api/api/comprehensive-api.test.js:32:26)</failure>
      <failure>ReferenceError: testUtils is not defined
    at Object.&lt;anonymous&gt; (/Users/cmuir/P1Import-apps/P1-import-Subsystem/test/api/api/comprehensive-api.test.js:66:5)
    at Promise.finally.completed (/Users/cmuir/P1Import-apps/P1-import-Subsystem/node_modules/jest-circus/build/jestAdapterInit.js:1559:28)
    at new Promise (&lt;anonymous&gt;)
    at callAsyncCircusFn (/Users/cmuir/P1Import-apps/P1-import-Subsystem/node_modules/jest-circus/build/jestAdapterInit.js:1499:10)
    at _callCircusHook (/Users/cmuir/P1Import-apps/P1-import-Subsystem/node_modules/jest-circus/build/jestAdapterInit.js:978:40)
    at processTicksAndRejections (node:internal/process/task_queues:105:5)
    at _runTest (/Users/cmuir/P1Import-apps/P1-import-Subsystem/node_modules/jest-circus/build/jestAdapterInit.js:951:5)
    at _runTestsForDescribeBlock (/Users/cmuir/P1Import-apps/P1-import-Subsystem/node_modules/jest-circus/build/jestAdapterInit.js:839:13)
    at _runTestsForDescribeBlock (/Users/cmuir/P1Import-apps/P1-import-Subsystem/node_modules/jest-circus/build/jestAdapterInit.js:829:11)
    at _runTestsForDescribeBlock (/Users/cmuir/P1Import-apps/P1-import-Subsystem/node_modules/jest-circus/build/jestAdapterInit.js:829:11)
    at run (/Users/cmuir/P1Import-apps/P1-import-Subsystem/node_modules/jest-circus/build/jestAdapterInit.js:757:3)
    at runAndTransformResultsToJestFormat (/Users/cmuir/P1Import-apps/P1-import-Subsystem/node_modules/jest-circus/build/jestAdapterInit.js:1920:21)
    at jestAdapter (/Users/cmuir/P1Import-apps/P1-import-Subsystem/node_modules/jest-circus/build/runner.js:101:19)
    at runTestInternal (/Users/cmuir/P1Import-apps/P1-import-Subsystem/node_modules/jest-runner/build/testWorker.js:275:16)
    at runTest (/Users/cmuir/P1Import-apps/P1-import-Subsystem/node_modules/jest-runner/build/testWorker.js:343:7)
    at Object.worker (/Users/cmuir/P1Import-apps/P1-import-Subsystem/node_modules/jest-runner/build/testWorker.js:497:12)</failure>
    </testcase>
    <testcase classname="API Routes - Comprehensive Testing › Import Routes" name="GET /api/import/progress/:sessionId - should handle invalid session ID" time="0">
      <failure>Error: Cannot find module &apos;../../server.js&apos; from &apos;test/api/api/comprehensive-api.test.js&apos;
    at Resolver._throwModNotFoundError (/Users/cmuir/P1Import-apps/P1-import-Subsystem/node_modules/jest-resolve/build/index.js:863:11)
    at Resolver.resolveModuleAsync (/Users/cmuir/P1Import-apps/P1-import-Subsystem/node_modules/jest-resolve/build/index.js:820:10)
    at processTicksAndRejections (node:internal/process/task_queues:105:5)
    at Resolver.getModuleIDAsync (/Users/cmuir/P1Import-apps/P1-import-Subsystem/node_modules/jest-resolve/build/index.js:967:26)
    at Runtime._shouldMockModule (/Users/cmuir/P1Import-apps/P1-import-Subsystem/node_modules/jest-runtime/build/index.js:1527:22)
    at Runtime.resolveModule (/Users/cmuir/P1Import-apps/P1-import-Subsystem/node_modules/jest-runtime/build/index.js:657:9)
    at importModuleDynamically (/Users/cmuir/P1Import-apps/P1-import-Subsystem/node_modules/jest-runtime/build/index.js:526:30)
    at importModuleDynamicallyWrapper (node:internal/vm/module:436:15)
    at Object.&lt;anonymous&gt; (/Users/cmuir/P1Import-apps/P1-import-Subsystem/test/api/api/comprehensive-api.test.js:32:26)</failure>
      <failure>ReferenceError: testUtils is not defined
    at Object.&lt;anonymous&gt; (/Users/cmuir/P1Import-apps/P1-import-Subsystem/test/api/api/comprehensive-api.test.js:66:5)
    at Promise.finally.completed (/Users/cmuir/P1Import-apps/P1-import-Subsystem/node_modules/jest-circus/build/jestAdapterInit.js:1559:28)
    at new Promise (&lt;anonymous&gt;)
    at callAsyncCircusFn (/Users/cmuir/P1Import-apps/P1-import-Subsystem/node_modules/jest-circus/build/jestAdapterInit.js:1499:10)
    at _callCircusHook (/Users/cmuir/P1Import-apps/P1-import-Subsystem/node_modules/jest-circus/build/jestAdapterInit.js:978:40)
    at processTicksAndRejections (node:internal/process/task_queues:105:5)
    at _runTest (/Users/cmuir/P1Import-apps/P1-import-Subsystem/node_modules/jest-circus/build/jestAdapterInit.js:951:5)
    at _runTestsForDescribeBlock (/Users/cmuir/P1Import-apps/P1-import-Subsystem/node_modules/jest-circus/build/jestAdapterInit.js:839:13)
    at _runTestsForDescribeBlock (/Users/cmuir/P1Import-apps/P1-import-Subsystem/node_modules/jest-circus/build/jestAdapterInit.js:829:11)
    at _runTestsForDescribeBlock (/Users/cmuir/P1Import-apps/P1-import-Subsystem/node_modules/jest-circus/build/jestAdapterInit.js:829:11)
    at run (/Users/cmuir/P1Import-apps/P1-import-Subsystem/node_modules/jest-circus/build/jestAdapterInit.js:757:3)
    at runAndTransformResultsToJestFormat (/Users/cmuir/P1Import-apps/P1-import-Subsystem/node_modules/jest-circus/build/jestAdapterInit.js:1920:21)
    at jestAdapter (/Users/cmuir/P1Import-apps/P1-import-Subsystem/node_modules/jest-circus/build/runner.js:101:19)
    at runTestInternal (/Users/cmuir/P1Import-apps/P1-import-Subsystem/node_modules/jest-runner/build/testWorker.js:275:16)
    at runTest (/Users/cmuir/P1Import-apps/P1-import-Subsystem/node_modules/jest-runner/build/testWorker.js:343:7)
    at Object.worker (/Users/cmuir/P1Import-apps/P1-import-Subsystem/node_modules/jest-runner/build/testWorker.js:497:12)</failure>
    </testcase>
    <testcase classname="API Routes - Comprehensive Testing › Import Routes" name="POST /api/import/resolve-invalid-population - should handle population resolution" time="0">
      <failure>Error: Cannot find module &apos;../../server.js&apos; from &apos;test/api/api/comprehensive-api.test.js&apos;
    at Resolver._throwModNotFoundError (/Users/cmuir/P1Import-apps/P1-import-Subsystem/node_modules/jest-resolve/build/index.js:863:11)
    at Resolver.resolveModuleAsync (/Users/cmuir/P1Import-apps/P1-import-Subsystem/node_modules/jest-resolve/build/index.js:820:10)
    at processTicksAndRejections (node:internal/process/task_queues:105:5)
    at Resolver.getModuleIDAsync (/Users/cmuir/P1Import-apps/P1-import-Subsystem/node_modules/jest-resolve/build/index.js:967:26)
    at Runtime._shouldMockModule (/Users/cmuir/P1Import-apps/P1-import-Subsystem/node_modules/jest-runtime/build/index.js:1527:22)
    at Runtime.resolveModule (/Users/cmuir/P1Import-apps/P1-import-Subsystem/node_modules/jest-runtime/build/index.js:657:9)
    at importModuleDynamically (/Users/cmuir/P1Import-apps/P1-import-Subsystem/node_modules/jest-runtime/build/index.js:526:30)
    at importModuleDynamicallyWrapper (node:internal/vm/module:436:15)
    at Object.&lt;anonymous&gt; (/Users/cmuir/P1Import-apps/P1-import-Subsystem/test/api/api/comprehensive-api.test.js:32:26)</failure>
      <failure>ReferenceError: testUtils is not defined
    at Object.&lt;anonymous&gt; (/Users/cmuir/P1Import-apps/P1-import-Subsystem/test/api/api/comprehensive-api.test.js:66:5)
    at Promise.finally.completed (/Users/cmuir/P1Import-apps/P1-import-Subsystem/node_modules/jest-circus/build/jestAdapterInit.js:1559:28)
    at new Promise (&lt;anonymous&gt;)
    at callAsyncCircusFn (/Users/cmuir/P1Import-apps/P1-import-Subsystem/node_modules/jest-circus/build/jestAdapterInit.js:1499:10)
    at _callCircusHook (/Users/cmuir/P1Import-apps/P1-import-Subsystem/node_modules/jest-circus/build/jestAdapterInit.js:978:40)
    at processTicksAndRejections (node:internal/process/task_queues:105:5)
    at _runTest (/Users/cmuir/P1Import-apps/P1-import-Subsystem/node_modules/jest-circus/build/jestAdapterInit.js:951:5)
    at _runTestsForDescribeBlock (/Users/cmuir/P1Import-apps/P1-import-Subsystem/node_modules/jest-circus/build/jestAdapterInit.js:839:13)
    at _runTestsForDescribeBlock (/Users/cmuir/P1Import-apps/P1-import-Subsystem/node_modules/jest-circus/build/jestAdapterInit.js:829:11)
    at _runTestsForDescribeBlock (/Users/cmuir/P1Import-apps/P1-import-Subsystem/node_modules/jest-circus/build/jestAdapterInit.js:829:11)
    at run (/Users/cmuir/P1Import-apps/P1-import-Subsystem/node_modules/jest-circus/build/jestAdapterInit.js:757:3)
    at runAndTransformResultsToJestFormat (/Users/cmuir/P1Import-apps/P1-import-Subsystem/node_modules/jest-circus/build/jestAdapterInit.js:1920:21)
    at jestAdapter (/Users/cmuir/P1Import-apps/P1-import-Subsystem/node_modules/jest-circus/build/runner.js:101:19)
    at runTestInternal (/Users/cmuir/P1Import-apps/P1-import-Subsystem/node_modules/jest-runner/build/testWorker.js:275:16)
    at runTest (/Users/cmuir/P1Import-apps/P1-import-Subsystem/node_modules/jest-runner/build/testWorker.js:343:7)
    at Object.worker (/Users/cmuir/P1Import-apps/P1-import-Subsystem/node_modules/jest-runner/build/testWorker.js:497:12)</failure>
    </testcase>
    <testcase classname="API Routes - Comprehensive Testing › Export Routes" name="POST /api/export-users - should export users with valid parameters" time="0">
      <failure>Error: Cannot find module &apos;../../server.js&apos; from &apos;test/api/api/comprehensive-api.test.js&apos;
    at Resolver._throwModNotFoundError (/Users/cmuir/P1Import-apps/P1-import-Subsystem/node_modules/jest-resolve/build/index.js:863:11)
    at Resolver.resolveModuleAsync (/Users/cmuir/P1Import-apps/P1-import-Subsystem/node_modules/jest-resolve/build/index.js:820:10)
    at processTicksAndRejections (node:internal/process/task_queues:105:5)
    at Resolver.getModuleIDAsync (/Users/cmuir/P1Import-apps/P1-import-Subsystem/node_modules/jest-resolve/build/index.js:967:26)
    at Runtime._shouldMockModule (/Users/cmuir/P1Import-apps/P1-import-Subsystem/node_modules/jest-runtime/build/index.js:1527:22)
    at Runtime.resolveModule (/Users/cmuir/P1Import-apps/P1-import-Subsystem/node_modules/jest-runtime/build/index.js:657:9)
    at importModuleDynamically (/Users/cmuir/P1Import-apps/P1-import-Subsystem/node_modules/jest-runtime/build/index.js:526:30)
    at importModuleDynamicallyWrapper (node:internal/vm/module:436:15)
    at Object.&lt;anonymous&gt; (/Users/cmuir/P1Import-apps/P1-import-Subsystem/test/api/api/comprehensive-api.test.js:32:26)</failure>
      <failure>ReferenceError: testUtils is not defined
    at Object.&lt;anonymous&gt; (/Users/cmuir/P1Import-apps/P1-import-Subsystem/test/api/api/comprehensive-api.test.js:66:5)
    at Promise.finally.completed (/Users/cmuir/P1Import-apps/P1-import-Subsystem/node_modules/jest-circus/build/jestAdapterInit.js:1559:28)
    at new Promise (&lt;anonymous&gt;)
    at callAsyncCircusFn (/Users/cmuir/P1Import-apps/P1-import-Subsystem/node_modules/jest-circus/build/jestAdapterInit.js:1499:10)
    at _callCircusHook (/Users/cmuir/P1Import-apps/P1-import-Subsystem/node_modules/jest-circus/build/jestAdapterInit.js:978:40)
    at processTicksAndRejections (node:internal/process/task_queues:105:5)
    at _runTest (/Users/cmuir/P1Import-apps/P1-import-Subsystem/node_modules/jest-circus/build/jestAdapterInit.js:951:5)
    at _runTestsForDescribeBlock (/Users/cmuir/P1Import-apps/P1-import-Subsystem/node_modules/jest-circus/build/jestAdapterInit.js:839:13)
    at _runTestsForDescribeBlock (/Users/cmuir/P1Import-apps/P1-import-Subsystem/node_modules/jest-circus/build/jestAdapterInit.js:829:11)
    at _runTestsForDescribeBlock (/Users/cmuir/P1Import-apps/P1-import-Subsystem/node_modules/jest-circus/build/jestAdapterInit.js:829:11)
    at run (/Users/cmuir/P1Import-apps/P1-import-Subsystem/node_modules/jest-circus/build/jestAdapterInit.js:757:3)
    at runAndTransformResultsToJestFormat (/Users/cmuir/P1Import-apps/P1-import-Subsystem/node_modules/jest-circus/build/jestAdapterInit.js:1920:21)
    at jestAdapter (/Users/cmuir/P1Import-apps/P1-import-Subsystem/node_modules/jest-circus/build/runner.js:101:19)
    at runTestInternal (/Users/cmuir/P1Import-apps/P1-import-Subsystem/node_modules/jest-runner/build/testWorker.js:275:16)
    at runTest (/Users/cmuir/P1Import-apps/P1-import-Subsystem/node_modules/jest-runner/build/testWorker.js:343:7)
    at Object.worker (/Users/cmuir/P1Import-apps/P1-import-Subsystem/node_modules/jest-runner/build/testWorker.js:497:12)</failure>
    </testcase>
    <testcase classname="API Routes - Comprehensive Testing › Export Routes" name="POST /api/export-users - should handle missing population ID" time="0">
      <failure>Error: Cannot find module &apos;../../server.js&apos; from &apos;test/api/api/comprehensive-api.test.js&apos;
    at Resolver._throwModNotFoundError (/Users/cmuir/P1Import-apps/P1-import-Subsystem/node_modules/jest-resolve/build/index.js:863:11)
    at Resolver.resolveModuleAsync (/Users/cmuir/P1Import-apps/P1-import-Subsystem/node_modules/jest-resolve/build/index.js:820:10)
    at processTicksAndRejections (node:internal/process/task_queues:105:5)
    at Resolver.getModuleIDAsync (/Users/cmuir/P1Import-apps/P1-import-Subsystem/node_modules/jest-resolve/build/index.js:967:26)
    at Runtime._shouldMockModule (/Users/cmuir/P1Import-apps/P1-import-Subsystem/node_modules/jest-runtime/build/index.js:1527:22)
    at Runtime.resolveModule (/Users/cmuir/P1Import-apps/P1-import-Subsystem/node_modules/jest-runtime/build/index.js:657:9)
    at importModuleDynamically (/Users/cmuir/P1Import-apps/P1-import-Subsystem/node_modules/jest-runtime/build/index.js:526:30)
    at importModuleDynamicallyWrapper (node:internal/vm/module:436:15)
    at Object.&lt;anonymous&gt; (/Users/cmuir/P1Import-apps/P1-import-Subsystem/test/api/api/comprehensive-api.test.js:32:26)</failure>
      <failure>ReferenceError: testUtils is not defined
    at Object.&lt;anonymous&gt; (/Users/cmuir/P1Import-apps/P1-import-Subsystem/test/api/api/comprehensive-api.test.js:66:5)
    at Promise.finally.completed (/Users/cmuir/P1Import-apps/P1-import-Subsystem/node_modules/jest-circus/build/jestAdapterInit.js:1559:28)
    at new Promise (&lt;anonymous&gt;)
    at callAsyncCircusFn (/Users/cmuir/P1Import-apps/P1-import-Subsystem/node_modules/jest-circus/build/jestAdapterInit.js:1499:10)
    at _callCircusHook (/Users/cmuir/P1Import-apps/P1-import-Subsystem/node_modules/jest-circus/build/jestAdapterInit.js:978:40)
    at processTicksAndRejections (node:internal/process/task_queues:105:5)
    at _runTest (/Users/cmuir/P1Import-apps/P1-import-Subsystem/node_modules/jest-circus/build/jestAdapterInit.js:951:5)
    at _runTestsForDescribeBlock (/Users/cmuir/P1Import-apps/P1-import-Subsystem/node_modules/jest-circus/build/jestAdapterInit.js:839:13)
    at _runTestsForDescribeBlock (/Users/cmuir/P1Import-apps/P1-import-Subsystem/node_modules/jest-circus/build/jestAdapterInit.js:829:11)
    at _runTestsForDescribeBlock (/Users/cmuir/P1Import-apps/P1-import-Subsystem/node_modules/jest-circus/build/jestAdapterInit.js:829:11)
    at run (/Users/cmuir/P1Import-apps/P1-import-Subsystem/node_modules/jest-circus/build/jestAdapterInit.js:757:3)
    at runAndTransformResultsToJestFormat (/Users/cmuir/P1Import-apps/P1-import-Subsystem/node_modules/jest-circus/build/jestAdapterInit.js:1920:21)
    at jestAdapter (/Users/cmuir/P1Import-apps/P1-import-Subsystem/node_modules/jest-circus/build/runner.js:101:19)
    at runTestInternal (/Users/cmuir/P1Import-apps/P1-import-Subsystem/node_modules/jest-runner/build/testWorker.js:275:16)
    at runTest (/Users/cmuir/P1Import-apps/P1-import-Subsystem/node_modules/jest-runner/build/testWorker.js:343:7)
    at Object.worker (/Users/cmuir/P1Import-apps/P1-import-Subsystem/node_modules/jest-runner/build/testWorker.js:497:12)</failure>
    </testcase>
    <testcase classname="API Routes - Comprehensive Testing › Export Routes" name="POST /api/export-users - should handle invalid format" time="0">
      <failure>Error: Cannot find module &apos;../../server.js&apos; from &apos;test/api/api/comprehensive-api.test.js&apos;
    at Resolver._throwModNotFoundError (/Users/cmuir/P1Import-apps/P1-import-Subsystem/node_modules/jest-resolve/build/index.js:863:11)
    at Resolver.resolveModuleAsync (/Users/cmuir/P1Import-apps/P1-import-Subsystem/node_modules/jest-resolve/build/index.js:820:10)
    at processTicksAndRejections (node:internal/process/task_queues:105:5)
    at Resolver.getModuleIDAsync (/Users/cmuir/P1Import-apps/P1-import-Subsystem/node_modules/jest-resolve/build/index.js:967:26)
    at Runtime._shouldMockModule (/Users/cmuir/P1Import-apps/P1-import-Subsystem/node_modules/jest-runtime/build/index.js:1527:22)
    at Runtime.resolveModule (/Users/cmuir/P1Import-apps/P1-import-Subsystem/node_modules/jest-runtime/build/index.js:657:9)
    at importModuleDynamically (/Users/cmuir/P1Import-apps/P1-import-Subsystem/node_modules/jest-runtime/build/index.js:526:30)
    at importModuleDynamicallyWrapper (node:internal/vm/module:436:15)
    at Object.&lt;anonymous&gt; (/Users/cmuir/P1Import-apps/P1-import-Subsystem/test/api/api/comprehensive-api.test.js:32:26)</failure>
      <failure>ReferenceError: testUtils is not defined
    at Object.&lt;anonymous&gt; (/Users/cmuir/P1Import-apps/P1-import-Subsystem/test/api/api/comprehensive-api.test.js:66:5)
    at Promise.finally.completed (/Users/cmuir/P1Import-apps/P1-import-Subsystem/node_modules/jest-circus/build/jestAdapterInit.js:1559:28)
    at new Promise (&lt;anonymous&gt;)
    at callAsyncCircusFn (/Users/cmuir/P1Import-apps/P1-import-Subsystem/node_modules/jest-circus/build/jestAdapterInit.js:1499:10)
    at _callCircusHook (/Users/cmuir/P1Import-apps/P1-import-Subsystem/node_modules/jest-circus/build/jestAdapterInit.js:978:40)
    at processTicksAndRejections (node:internal/process/task_queues:105:5)
    at _runTest (/Users/cmuir/P1Import-apps/P1-import-Subsystem/node_modules/jest-circus/build/jestAdapterInit.js:951:5)
    at _runTestsForDescribeBlock (/Users/cmuir/P1Import-apps/P1-import-Subsystem/node_modules/jest-circus/build/jestAdapterInit.js:839:13)
    at _runTestsForDescribeBlock (/Users/cmuir/P1Import-apps/P1-import-Subsystem/node_modules/jest-circus/build/jestAdapterInit.js:829:11)
    at _runTestsForDescribeBlock (/Users/cmuir/P1Import-apps/P1-import-Subsystem/node_modules/jest-circus/build/jestAdapterInit.js:829:11)
    at run (/Users/cmuir/P1Import-apps/P1-import-Subsystem/node_modules/jest-circus/build/jestAdapterInit.js:757:3)
    at runAndTransformResultsToJestFormat (/Users/cmuir/P1Import-apps/P1-import-Subsystem/node_modules/jest-circus/build/jestAdapterInit.js:1920:21)
    at jestAdapter (/Users/cmuir/P1Import-apps/P1-import-Subsystem/node_modules/jest-circus/build/runner.js:101:19)
    at runTestInternal (/Users/cmuir/P1Import-apps/P1-import-Subsystem/node_modules/jest-runner/build/testWorker.js:275:16)
    at runTest (/Users/cmuir/P1Import-apps/P1-import-Subsystem/node_modules/jest-runner/build/testWorker.js:343:7)
    at Object.worker (/Users/cmuir/P1Import-apps/P1-import-Subsystem/node_modules/jest-runner/build/testWorker.js:497:12)</failure>
    </testcase>
    <testcase classname="API Routes - Comprehensive Testing › Modify Routes" name="POST /api/modify - should handle valid modification file" time="0">
      <failure>Error: Cannot find module &apos;../../server.js&apos; from &apos;test/api/api/comprehensive-api.test.js&apos;
    at Resolver._throwModNotFoundError (/Users/cmuir/P1Import-apps/P1-import-Subsystem/node_modules/jest-resolve/build/index.js:863:11)
    at Resolver.resolveModuleAsync (/Users/cmuir/P1Import-apps/P1-import-Subsystem/node_modules/jest-resolve/build/index.js:820:10)
    at processTicksAndRejections (node:internal/process/task_queues:105:5)
    at Resolver.getModuleIDAsync (/Users/cmuir/P1Import-apps/P1-import-Subsystem/node_modules/jest-resolve/build/index.js:967:26)
    at Runtime._shouldMockModule (/Users/cmuir/P1Import-apps/P1-import-Subsystem/node_modules/jest-runtime/build/index.js:1527:22)
    at Runtime.resolveModule (/Users/cmuir/P1Import-apps/P1-import-Subsystem/node_modules/jest-runtime/build/index.js:657:9)
    at importModuleDynamically (/Users/cmuir/P1Import-apps/P1-import-Subsystem/node_modules/jest-runtime/build/index.js:526:30)
    at importModuleDynamicallyWrapper (node:internal/vm/module:436:15)
    at Object.&lt;anonymous&gt; (/Users/cmuir/P1Import-apps/P1-import-Subsystem/test/api/api/comprehensive-api.test.js:32:26)</failure>
      <failure>ReferenceError: testUtils is not defined
    at Object.&lt;anonymous&gt; (/Users/cmuir/P1Import-apps/P1-import-Subsystem/test/api/api/comprehensive-api.test.js:66:5)
    at Promise.finally.completed (/Users/cmuir/P1Import-apps/P1-import-Subsystem/node_modules/jest-circus/build/jestAdapterInit.js:1559:28)
    at new Promise (&lt;anonymous&gt;)
    at callAsyncCircusFn (/Users/cmuir/P1Import-apps/P1-import-Subsystem/node_modules/jest-circus/build/jestAdapterInit.js:1499:10)
    at _callCircusHook (/Users/cmuir/P1Import-apps/P1-import-Subsystem/node_modules/jest-circus/build/jestAdapterInit.js:978:40)
    at processTicksAndRejections (node:internal/process/task_queues:105:5)
    at _runTest (/Users/cmuir/P1Import-apps/P1-import-Subsystem/node_modules/jest-circus/build/jestAdapterInit.js:951:5)
    at _runTestsForDescribeBlock (/Users/cmuir/P1Import-apps/P1-import-Subsystem/node_modules/jest-circus/build/jestAdapterInit.js:839:13)
    at _runTestsForDescribeBlock (/Users/cmuir/P1Import-apps/P1-import-Subsystem/node_modules/jest-circus/build/jestAdapterInit.js:829:11)
    at _runTestsForDescribeBlock (/Users/cmuir/P1Import-apps/P1-import-Subsystem/node_modules/jest-circus/build/jestAdapterInit.js:829:11)
    at run (/Users/cmuir/P1Import-apps/P1-import-Subsystem/node_modules/jest-circus/build/jestAdapterInit.js:757:3)
    at runAndTransformResultsToJestFormat (/Users/cmuir/P1Import-apps/P1-import-Subsystem/node_modules/jest-circus/build/jestAdapterInit.js:1920:21)
    at jestAdapter (/Users/cmuir/P1Import-apps/P1-import-Subsystem/node_modules/jest-circus/build/runner.js:101:19)
    at runTestInternal (/Users/cmuir/P1Import-apps/P1-import-Subsystem/node_modules/jest-runner/build/testWorker.js:275:16)
    at runTest (/Users/cmuir/P1Import-apps/P1-import-Subsystem/node_modules/jest-runner/build/testWorker.js:343:7)
    at Object.worker (/Users/cmuir/P1Import-apps/P1-import-Subsystem/node_modules/jest-runner/build/testWorker.js:497:12)</failure>
    </testcase>
    <testcase classname="API Routes - Comprehensive Testing › Modify Routes" name="POST /api/modify - should handle missing file" time="0">
      <failure>Error: Cannot find module &apos;../../server.js&apos; from &apos;test/api/api/comprehensive-api.test.js&apos;
    at Resolver._throwModNotFoundError (/Users/cmuir/P1Import-apps/P1-import-Subsystem/node_modules/jest-resolve/build/index.js:863:11)
    at Resolver.resolveModuleAsync (/Users/cmuir/P1Import-apps/P1-import-Subsystem/node_modules/jest-resolve/build/index.js:820:10)
    at processTicksAndRejections (node:internal/process/task_queues:105:5)
    at Resolver.getModuleIDAsync (/Users/cmuir/P1Import-apps/P1-import-Subsystem/node_modules/jest-resolve/build/index.js:967:26)
    at Runtime._shouldMockModule (/Users/cmuir/P1Import-apps/P1-import-Subsystem/node_modules/jest-runtime/build/index.js:1527:22)
    at Runtime.resolveModule (/Users/cmuir/P1Import-apps/P1-import-Subsystem/node_modules/jest-runtime/build/index.js:657:9)
    at importModuleDynamically (/Users/cmuir/P1Import-apps/P1-import-Subsystem/node_modules/jest-runtime/build/index.js:526:30)
    at importModuleDynamicallyWrapper (node:internal/vm/module:436:15)
    at Object.&lt;anonymous&gt; (/Users/cmuir/P1Import-apps/P1-import-Subsystem/test/api/api/comprehensive-api.test.js:32:26)</failure>
      <failure>ReferenceError: testUtils is not defined
    at Object.&lt;anonymous&gt; (/Users/cmuir/P1Import-apps/P1-import-Subsystem/test/api/api/comprehensive-api.test.js:66:5)
    at Promise.finally.completed (/Users/cmuir/P1Import-apps/P1-import-Subsystem/node_modules/jest-circus/build/jestAdapterInit.js:1559:28)
    at new Promise (&lt;anonymous&gt;)
    at callAsyncCircusFn (/Users/cmuir/P1Import-apps/P1-import-Subsystem/node_modules/jest-circus/build/jestAdapterInit.js:1499:10)
    at _callCircusHook (/Users/cmuir/P1Import-apps/P1-import-Subsystem/node_modules/jest-circus/build/jestAdapterInit.js:978:40)
    at processTicksAndRejections (node:internal/process/task_queues:105:5)
    at _runTest (/Users/cmuir/P1Import-apps/P1-import-Subsystem/node_modules/jest-circus/build/jestAdapterInit.js:951:5)
    at _runTestsForDescribeBlock (/Users/cmuir/P1Import-apps/P1-import-Subsystem/node_modules/jest-circus/build/jestAdapterInit.js:839:13)
    at _runTestsForDescribeBlock (/Users/cmuir/P1Import-apps/P1-import-Subsystem/node_modules/jest-circus/build/jestAdapterInit.js:829:11)
    at _runTestsForDescribeBlock (/Users/cmuir/P1Import-apps/P1-import-Subsystem/node_modules/jest-circus/build/jestAdapterInit.js:829:11)
    at run (/Users/cmuir/P1Import-apps/P1-import-Subsystem/node_modules/jest-circus/build/jestAdapterInit.js:757:3)
    at runAndTransformResultsToJestFormat (/Users/cmuir/P1Import-apps/P1-import-Subsystem/node_modules/jest-circus/build/jestAdapterInit.js:1920:21)
    at jestAdapter (/Users/cmuir/P1Import-apps/P1-import-Subsystem/node_modules/jest-circus/build/runner.js:101:19)
    at runTestInternal (/Users/cmuir/P1Import-apps/P1-import-Subsystem/node_modules/jest-runner/build/testWorker.js:275:16)
    at runTest (/Users/cmuir/P1Import-apps/P1-import-Subsystem/node_modules/jest-runner/build/testWorker.js:343:7)
    at Object.worker (/Users/cmuir/P1Import-apps/P1-import-Subsystem/node_modules/jest-runner/build/testWorker.js:497:12)</failure>
    </testcase>
    <testcase classname="API Routes - Comprehensive Testing › Modify Routes" name="POST /api/modify - should handle invalid modification format" time="0">
      <failure>Error: Cannot find module &apos;../../server.js&apos; from &apos;test/api/api/comprehensive-api.test.js&apos;
    at Resolver._throwModNotFoundError (/Users/cmuir/P1Import-apps/P1-import-Subsystem/node_modules/jest-resolve/build/index.js:863:11)
    at Resolver.resolveModuleAsync (/Users/cmuir/P1Import-apps/P1-import-Subsystem/node_modules/jest-resolve/build/index.js:820:10)
    at processTicksAndRejections (node:internal/process/task_queues:105:5)
    at Resolver.getModuleIDAsync (/Users/cmuir/P1Import-apps/P1-import-Subsystem/node_modules/jest-resolve/build/index.js:967:26)
    at Runtime._shouldMockModule (/Users/cmuir/P1Import-apps/P1-import-Subsystem/node_modules/jest-runtime/build/index.js:1527:22)
    at Runtime.resolveModule (/Users/cmuir/P1Import-apps/P1-import-Subsystem/node_modules/jest-runtime/build/index.js:657:9)
    at importModuleDynamically (/Users/cmuir/P1Import-apps/P1-import-Subsystem/node_modules/jest-runtime/build/index.js:526:30)
    at importModuleDynamicallyWrapper (node:internal/vm/module:436:15)
    at Object.&lt;anonymous&gt; (/Users/cmuir/P1Import-apps/P1-import-Subsystem/test/api/api/comprehensive-api.test.js:32:26)</failure>
      <failure>ReferenceError: testUtils is not defined
    at Object.&lt;anonymous&gt; (/Users/cmuir/P1Import-apps/P1-import-Subsystem/test/api/api/comprehensive-api.test.js:66:5)
    at Promise.finally.completed (/Users/cmuir/P1Import-apps/P1-import-Subsystem/node_modules/jest-circus/build/jestAdapterInit.js:1559:28)
    at new Promise (&lt;anonymous&gt;)
    at callAsyncCircusFn (/Users/cmuir/P1Import-apps/P1-import-Subsystem/node_modules/jest-circus/build/jestAdapterInit.js:1499:10)
    at _callCircusHook (/Users/cmuir/P1Import-apps/P1-import-Subsystem/node_modules/jest-circus/build/jestAdapterInit.js:978:40)
    at processTicksAndRejections (node:internal/process/task_queues:105:5)
    at _runTest (/Users/cmuir/P1Import-apps/P1-import-Subsystem/node_modules/jest-circus/build/jestAdapterInit.js:951:5)
    at _runTestsForDescribeBlock (/Users/cmuir/P1Import-apps/P1-import-Subsystem/node_modules/jest-circus/build/jestAdapterInit.js:839:13)
    at _runTestsForDescribeBlock (/Users/cmuir/P1Import-apps/P1-import-Subsystem/node_modules/jest-circus/build/jestAdapterInit.js:829:11)
    at _runTestsForDescribeBlock (/Users/cmuir/P1Import-apps/P1-import-Subsystem/node_modules/jest-circus/build/jestAdapterInit.js:829:11)
    at run (/Users/cmuir/P1Import-apps/P1-import-Subsystem/node_modules/jest-circus/build/jestAdapterInit.js:757:3)
    at runAndTransformResultsToJestFormat (/Users/cmuir/P1Import-apps/P1-import-Subsystem/node_modules/jest-circus/build/jestAdapterInit.js:1920:21)
    at jestAdapter (/Users/cmuir/P1Import-apps/P1-import-Subsystem/node_modules/jest-circus/build/runner.js:101:19)
    at runTestInternal (/Users/cmuir/P1Import-apps/P1-import-Subsystem/node_modules/jest-runner/build/testWorker.js:275:16)
    at runTest (/Users/cmuir/P1Import-apps/P1-import-Subsystem/node_modules/jest-runner/build/testWorker.js:343:7)
    at Object.worker (/Users/cmuir/P1Import-apps/P1-import-Subsystem/node_modules/jest-runner/build/testWorker.js:497:12)</failure>
    </testcase>
    <testcase classname="API Routes - Comprehensive Testing › PingOne API Routes" name="GET /api/pingone/populations - should return populations list" time="0">
      <failure>Error: Cannot find module &apos;../../server.js&apos; from &apos;test/api/api/comprehensive-api.test.js&apos;
    at Resolver._throwModNotFoundError (/Users/cmuir/P1Import-apps/P1-import-Subsystem/node_modules/jest-resolve/build/index.js:863:11)
    at Resolver.resolveModuleAsync (/Users/cmuir/P1Import-apps/P1-import-Subsystem/node_modules/jest-resolve/build/index.js:820:10)
    at processTicksAndRejections (node:internal/process/task_queues:105:5)
    at Resolver.getModuleIDAsync (/Users/cmuir/P1Import-apps/P1-import-Subsystem/node_modules/jest-resolve/build/index.js:967:26)
    at Runtime._shouldMockModule (/Users/cmuir/P1Import-apps/P1-import-Subsystem/node_modules/jest-runtime/build/index.js:1527:22)
    at Runtime.resolveModule (/Users/cmuir/P1Import-apps/P1-import-Subsystem/node_modules/jest-runtime/build/index.js:657:9)
    at importModuleDynamically (/Users/cmuir/P1Import-apps/P1-import-Subsystem/node_modules/jest-runtime/build/index.js:526:30)
    at importModuleDynamicallyWrapper (node:internal/vm/module:436:15)
    at Object.&lt;anonymous&gt; (/Users/cmuir/P1Import-apps/P1-import-Subsystem/test/api/api/comprehensive-api.test.js:32:26)</failure>
      <failure>ReferenceError: testUtils is not defined
    at Object.&lt;anonymous&gt; (/Users/cmuir/P1Import-apps/P1-import-Subsystem/test/api/api/comprehensive-api.test.js:66:5)
    at Promise.finally.completed (/Users/cmuir/P1Import-apps/P1-import-Subsystem/node_modules/jest-circus/build/jestAdapterInit.js:1559:28)
    at new Promise (&lt;anonymous&gt;)
    at callAsyncCircusFn (/Users/cmuir/P1Import-apps/P1-import-Subsystem/node_modules/jest-circus/build/jestAdapterInit.js:1499:10)
    at _callCircusHook (/Users/cmuir/P1Import-apps/P1-import-Subsystem/node_modules/jest-circus/build/jestAdapterInit.js:978:40)
    at processTicksAndRejections (node:internal/process/task_queues:105:5)
    at _runTest (/Users/cmuir/P1Import-apps/P1-import-Subsystem/node_modules/jest-circus/build/jestAdapterInit.js:951:5)
    at _runTestsForDescribeBlock (/Users/cmuir/P1Import-apps/P1-import-Subsystem/node_modules/jest-circus/build/jestAdapterInit.js:839:13)
    at _runTestsForDescribeBlock (/Users/cmuir/P1Import-apps/P1-import-Subsystem/node_modules/jest-circus/build/jestAdapterInit.js:829:11)
    at _runTestsForDescribeBlock (/Users/cmuir/P1Import-apps/P1-import-Subsystem/node_modules/jest-circus/build/jestAdapterInit.js:829:11)
    at run (/Users/cmuir/P1Import-apps/P1-import-Subsystem/node_modules/jest-circus/build/jestAdapterInit.js:757:3)
    at runAndTransformResultsToJestFormat (/Users/cmuir/P1Import-apps/P1-import-Subsystem/node_modules/jest-circus/build/jestAdapterInit.js:1920:21)
    at jestAdapter (/Users/cmuir/P1Import-apps/P1-import-Subsystem/node_modules/jest-circus/build/runner.js:101:19)
    at runTestInternal (/Users/cmuir/P1Import-apps/P1-import-Subsystem/node_modules/jest-runner/build/testWorker.js:275:16)
    at runTest (/Users/cmuir/P1Import-apps/P1-import-Subsystem/node_modules/jest-runner/build/testWorker.js:343:7)
    at Object.worker (/Users/cmuir/P1Import-apps/P1-import-Subsystem/node_modules/jest-runner/build/testWorker.js:497:12)</failure>
    </testcase>
    <testcase classname="API Routes - Comprehensive Testing › PingOne API Routes" name="POST /api/pingone/get-token - should return access token" time="0">
      <failure>Error: Cannot find module &apos;../../server.js&apos; from &apos;test/api/api/comprehensive-api.test.js&apos;
    at Resolver._throwModNotFoundError (/Users/cmuir/P1Import-apps/P1-import-Subsystem/node_modules/jest-resolve/build/index.js:863:11)
    at Resolver.resolveModuleAsync (/Users/cmuir/P1Import-apps/P1-import-Subsystem/node_modules/jest-resolve/build/index.js:820:10)
    at processTicksAndRejections (node:internal/process/task_queues:105:5)
    at Resolver.getModuleIDAsync (/Users/cmuir/P1Import-apps/P1-import-Subsystem/node_modules/jest-resolve/build/index.js:967:26)
    at Runtime._shouldMockModule (/Users/cmuir/P1Import-apps/P1-import-Subsystem/node_modules/jest-runtime/build/index.js:1527:22)
    at Runtime.resolveModule (/Users/cmuir/P1Import-apps/P1-import-Subsystem/node_modules/jest-runtime/build/index.js:657:9)
    at importModuleDynamically (/Users/cmuir/P1Import-apps/P1-import-Subsystem/node_modules/jest-runtime/build/index.js:526:30)
    at importModuleDynamicallyWrapper (node:internal/vm/module:436:15)
    at Object.&lt;anonymous&gt; (/Users/cmuir/P1Import-apps/P1-import-Subsystem/test/api/api/comprehensive-api.test.js:32:26)</failure>
      <failure>ReferenceError: testUtils is not defined
    at Object.&lt;anonymous&gt; (/Users/cmuir/P1Import-apps/P1-import-Subsystem/test/api/api/comprehensive-api.test.js:66:5)
    at Promise.finally.completed (/Users/cmuir/P1Import-apps/P1-import-Subsystem/node_modules/jest-circus/build/jestAdapterInit.js:1559:28)
    at new Promise (&lt;anonymous&gt;)
    at callAsyncCircusFn (/Users/cmuir/P1Import-apps/P1-import-Subsystem/node_modules/jest-circus/build/jestAdapterInit.js:1499:10)
    at _callCircusHook (/Users/cmuir/P1Import-apps/P1-import-Subsystem/node_modules/jest-circus/build/jestAdapterInit.js:978:40)
    at processTicksAndRejections (node:internal/process/task_queues:105:5)
    at _runTest (/Users/cmuir/P1Import-apps/P1-import-Subsystem/node_modules/jest-circus/build/jestAdapterInit.js:951:5)
    at _runTestsForDescribeBlock (/Users/cmuir/P1Import-apps/P1-import-Subsystem/node_modules/jest-circus/build/jestAdapterInit.js:839:13)
    at _runTestsForDescribeBlock (/Users/cmuir/P1Import-apps/P1-import-Subsystem/node_modules/jest-circus/build/jestAdapterInit.js:829:11)
    at _runTestsForDescribeBlock (/Users/cmuir/P1Import-apps/P1-import-Subsystem/node_modules/jest-circus/build/jestAdapterInit.js:829:11)
    at run (/Users/cmuir/P1Import-apps/P1-import-Subsystem/node_modules/jest-circus/build/jestAdapterInit.js:757:3)
    at runAndTransformResultsToJestFormat (/Users/cmuir/P1Import-apps/P1-import-Subsystem/node_modules/jest-circus/build/jestAdapterInit.js:1920:21)
    at jestAdapter (/Users/cmuir/P1Import-apps/P1-import-Subsystem/node_modules/jest-circus/build/runner.js:101:19)
    at runTestInternal (/Users/cmuir/P1Import-apps/P1-import-Subsystem/node_modules/jest-runner/build/testWorker.js:275:16)
    at runTest (/Users/cmuir/P1Import-apps/P1-import-Subsystem/node_modules/jest-runner/build/testWorker.js:343:7)
    at Object.worker (/Users/cmuir/P1Import-apps/P1-import-Subsystem/node_modules/jest-runner/build/testWorker.js:497:12)</failure>
    </testcase>
    <testcase classname="API Routes - Comprehensive Testing › PingOne API Routes" name="POST /api/pingone/get-token - should handle invalid credentials" time="0">
      <failure>Error: Cannot find module &apos;../../server.js&apos; from &apos;test/api/api/comprehensive-api.test.js&apos;
    at Resolver._throwModNotFoundError (/Users/cmuir/P1Import-apps/P1-import-Subsystem/node_modules/jest-resolve/build/index.js:863:11)
    at Resolver.resolveModuleAsync (/Users/cmuir/P1Import-apps/P1-import-Subsystem/node_modules/jest-resolve/build/index.js:820:10)
    at processTicksAndRejections (node:internal/process/task_queues:105:5)
    at Resolver.getModuleIDAsync (/Users/cmuir/P1Import-apps/P1-import-Subsystem/node_modules/jest-resolve/build/index.js:967:26)
    at Runtime._shouldMockModule (/Users/cmuir/P1Import-apps/P1-import-Subsystem/node_modules/jest-runtime/build/index.js:1527:22)
    at Runtime.resolveModule (/Users/cmuir/P1Import-apps/P1-import-Subsystem/node_modules/jest-runtime/build/index.js:657:9)
    at importModuleDynamically (/Users/cmuir/P1Import-apps/P1-import-Subsystem/node_modules/jest-runtime/build/index.js:526:30)
    at importModuleDynamicallyWrapper (node:internal/vm/module:436:15)
    at Object.&lt;anonymous&gt; (/Users/cmuir/P1Import-apps/P1-import-Subsystem/test/api/api/comprehensive-api.test.js:32:26)</failure>
      <failure>ReferenceError: testUtils is not defined
    at Object.&lt;anonymous&gt; (/Users/cmuir/P1Import-apps/P1-import-Subsystem/test/api/api/comprehensive-api.test.js:66:5)
    at Promise.finally.completed (/Users/cmuir/P1Import-apps/P1-import-Subsystem/node_modules/jest-circus/build/jestAdapterInit.js:1559:28)
    at new Promise (&lt;anonymous&gt;)
    at callAsyncCircusFn (/Users/cmuir/P1Import-apps/P1-import-Subsystem/node_modules/jest-circus/build/jestAdapterInit.js:1499:10)
    at _callCircusHook (/Users/cmuir/P1Import-apps/P1-import-Subsystem/node_modules/jest-circus/build/jestAdapterInit.js:978:40)
    at processTicksAndRejections (node:internal/process/task_queues:105:5)
    at _runTest (/Users/cmuir/P1Import-apps/P1-import-Subsystem/node_modules/jest-circus/build/jestAdapterInit.js:951:5)
    at _runTestsForDescribeBlock (/Users/cmuir/P1Import-apps/P1-import-Subsystem/node_modules/jest-circus/build/jestAdapterInit.js:839:13)
    at _runTestsForDescribeBlock (/Users/cmuir/P1Import-apps/P1-import-Subsystem/node_modules/jest-circus/build/jestAdapterInit.js:829:11)
    at _runTestsForDescribeBlock (/Users/cmuir/P1Import-apps/P1-import-Subsystem/node_modules/jest-circus/build/jestAdapterInit.js:829:11)
    at run (/Users/cmuir/P1Import-apps/P1-import-Subsystem/node_modules/jest-circus/build/jestAdapterInit.js:757:3)
    at runAndTransformResultsToJestFormat (/Users/cmuir/P1Import-apps/P1-import-Subsystem/node_modules/jest-circus/build/jestAdapterInit.js:1920:21)
    at jestAdapter (/Users/cmuir/P1Import-apps/P1-import-Subsystem/node_modules/jest-circus/build/runner.js:101:19)
    at runTestInternal (/Users/cmuir/P1Import-apps/P1-import-Subsystem/node_modules/jest-runner/build/testWorker.js:275:16)
    at runTest (/Users/cmuir/P1Import-apps/P1-import-Subsystem/node_modules/jest-runner/build/testWorker.js:343:7)
    at Object.worker (/Users/cmuir/P1Import-apps/P1-import-Subsystem/node_modules/jest-runner/build/testWorker.js:497:12)</failure>
    </testcase>
    <testcase classname="API Routes - Comprehensive Testing › Settings Routes" name="GET /api/settings - should return current settings" time="0">
      <failure>Error: Cannot find module &apos;../../server.js&apos; from &apos;test/api/api/comprehensive-api.test.js&apos;
    at Resolver._throwModNotFoundError (/Users/cmuir/P1Import-apps/P1-import-Subsystem/node_modules/jest-resolve/build/index.js:863:11)
    at Resolver.resolveModuleAsync (/Users/cmuir/P1Import-apps/P1-import-Subsystem/node_modules/jest-resolve/build/index.js:820:10)
    at processTicksAndRejections (node:internal/process/task_queues:105:5)
    at Resolver.getModuleIDAsync (/Users/cmuir/P1Import-apps/P1-import-Subsystem/node_modules/jest-resolve/build/index.js:967:26)
    at Runtime._shouldMockModule (/Users/cmuir/P1Import-apps/P1-import-Subsystem/node_modules/jest-runtime/build/index.js:1527:22)
    at Runtime.resolveModule (/Users/cmuir/P1Import-apps/P1-import-Subsystem/node_modules/jest-runtime/build/index.js:657:9)
    at importModuleDynamically (/Users/cmuir/P1Import-apps/P1-import-Subsystem/node_modules/jest-runtime/build/index.js:526:30)
    at importModuleDynamicallyWrapper (node:internal/vm/module:436:15)
    at Object.&lt;anonymous&gt; (/Users/cmuir/P1Import-apps/P1-import-Subsystem/test/api/api/comprehensive-api.test.js:32:26)</failure>
      <failure>ReferenceError: testUtils is not defined
    at Object.&lt;anonymous&gt; (/Users/cmuir/P1Import-apps/P1-import-Subsystem/test/api/api/comprehensive-api.test.js:66:5)
    at Promise.finally.completed (/Users/cmuir/P1Import-apps/P1-import-Subsystem/node_modules/jest-circus/build/jestAdapterInit.js:1559:28)
    at new Promise (&lt;anonymous&gt;)
    at callAsyncCircusFn (/Users/cmuir/P1Import-apps/P1-import-Subsystem/node_modules/jest-circus/build/jestAdapterInit.js:1499:10)
    at _callCircusHook (/Users/cmuir/P1Import-apps/P1-import-Subsystem/node_modules/jest-circus/build/jestAdapterInit.js:978:40)
    at processTicksAndRejections (node:internal/process/task_queues:105:5)
    at _runTest (/Users/cmuir/P1Import-apps/P1-import-Subsystem/node_modules/jest-circus/build/jestAdapterInit.js:951:5)
    at _runTestsForDescribeBlock (/Users/cmuir/P1Import-apps/P1-import-Subsystem/node_modules/jest-circus/build/jestAdapterInit.js:839:13)
    at _runTestsForDescribeBlock (/Users/cmuir/P1Import-apps/P1-import-Subsystem/node_modules/jest-circus/build/jestAdapterInit.js:829:11)
    at _runTestsForDescribeBlock (/Users/cmuir/P1Import-apps/P1-import-Subsystem/node_modules/jest-circus/build/jestAdapterInit.js:829:11)
    at run (/Users/cmuir/P1Import-apps/P1-import-Subsystem/node_modules/jest-circus/build/jestAdapterInit.js:757:3)
    at runAndTransformResultsToJestFormat (/Users/cmuir/P1Import-apps/P1-import-Subsystem/node_modules/jest-circus/build/jestAdapterInit.js:1920:21)
    at jestAdapter (/Users/cmuir/P1Import-apps/P1-import-Subsystem/node_modules/jest-circus/build/runner.js:101:19)
    at runTestInternal (/Users/cmuir/P1Import-apps/P1-import-Subsystem/node_modules/jest-runner/build/testWorker.js:275:16)
    at runTest (/Users/cmuir/P1Import-apps/P1-import-Subsystem/node_modules/jest-runner/build/testWorker.js:343:7)
    at Object.worker (/Users/cmuir/P1Import-apps/P1-import-Subsystem/node_modules/jest-runner/build/testWorker.js:497:12)</failure>
    </testcase>
    <testcase classname="API Routes - Comprehensive Testing › Settings Routes" name="POST /api/settings - should update settings" time="0.001">
      <failure>Error: Cannot find module &apos;../../server.js&apos; from &apos;test/api/api/comprehensive-api.test.js&apos;
    at Resolver._throwModNotFoundError (/Users/cmuir/P1Import-apps/P1-import-Subsystem/node_modules/jest-resolve/build/index.js:863:11)
    at Resolver.resolveModuleAsync (/Users/cmuir/P1Import-apps/P1-import-Subsystem/node_modules/jest-resolve/build/index.js:820:10)
    at processTicksAndRejections (node:internal/process/task_queues:105:5)
    at Resolver.getModuleIDAsync (/Users/cmuir/P1Import-apps/P1-import-Subsystem/node_modules/jest-resolve/build/index.js:967:26)
    at Runtime._shouldMockModule (/Users/cmuir/P1Import-apps/P1-import-Subsystem/node_modules/jest-runtime/build/index.js:1527:22)
    at Runtime.resolveModule (/Users/cmuir/P1Import-apps/P1-import-Subsystem/node_modules/jest-runtime/build/index.js:657:9)
    at importModuleDynamically (/Users/cmuir/P1Import-apps/P1-import-Subsystem/node_modules/jest-runtime/build/index.js:526:30)
    at importModuleDynamicallyWrapper (node:internal/vm/module:436:15)
    at Object.&lt;anonymous&gt; (/Users/cmuir/P1Import-apps/P1-import-Subsystem/test/api/api/comprehensive-api.test.js:32:26)</failure>
      <failure>ReferenceError: testUtils is not defined
    at Object.&lt;anonymous&gt; (/Users/cmuir/P1Import-apps/P1-import-Subsystem/test/api/api/comprehensive-api.test.js:66:5)
    at Promise.finally.completed (/Users/cmuir/P1Import-apps/P1-import-Subsystem/node_modules/jest-circus/build/jestAdapterInit.js:1559:28)
    at new Promise (&lt;anonymous&gt;)
    at callAsyncCircusFn (/Users/cmuir/P1Import-apps/P1-import-Subsystem/node_modules/jest-circus/build/jestAdapterInit.js:1499:10)
    at _callCircusHook (/Users/cmuir/P1Import-apps/P1-import-Subsystem/node_modules/jest-circus/build/jestAdapterInit.js:978:40)
    at processTicksAndRejections (node:internal/process/task_queues:105:5)
    at _runTest (/Users/cmuir/P1Import-apps/P1-import-Subsystem/node_modules/jest-circus/build/jestAdapterInit.js:951:5)
    at _runTestsForDescribeBlock (/Users/cmuir/P1Import-apps/P1-import-Subsystem/node_modules/jest-circus/build/jestAdapterInit.js:839:13)
    at _runTestsForDescribeBlock (/Users/cmuir/P1Import-apps/P1-import-Subsystem/node_modules/jest-circus/build/jestAdapterInit.js:829:11)
    at _runTestsForDescribeBlock (/Users/cmuir/P1Import-apps/P1-import-Subsystem/node_modules/jest-circus/build/jestAdapterInit.js:829:11)
    at run (/Users/cmuir/P1Import-apps/P1-import-Subsystem/node_modules/jest-circus/build/jestAdapterInit.js:757:3)
    at runAndTransformResultsToJestFormat (/Users/cmuir/P1Import-apps/P1-import-Subsystem/node_modules/jest-circus/build/jestAdapterInit.js:1920:21)
    at jestAdapter (/Users/cmuir/P1Import-apps/P1-import-Subsystem/node_modules/jest-circus/build/runner.js:101:19)
    at runTestInternal (/Users/cmuir/P1Import-apps/P1-import-Subsystem/node_modules/jest-runner/build/testWorker.js:275:16)
    at runTest (/Users/cmuir/P1Import-apps/P1-import-Subsystem/node_modules/jest-runner/build/testWorker.js:343:7)
    at Object.worker (/Users/cmuir/P1Import-apps/P1-import-Subsystem/node_modules/jest-runner/build/testWorker.js:497:12)</failure>
    </testcase>
    <testcase classname="API Routes - Comprehensive Testing › Settings Routes" name="POST /api/settings - should handle invalid settings" time="0">
      <failure>Error: Cannot find module &apos;../../server.js&apos; from &apos;test/api/api/comprehensive-api.test.js&apos;
    at Resolver._throwModNotFoundError (/Users/cmuir/P1Import-apps/P1-import-Subsystem/node_modules/jest-resolve/build/index.js:863:11)
    at Resolver.resolveModuleAsync (/Users/cmuir/P1Import-apps/P1-import-Subsystem/node_modules/jest-resolve/build/index.js:820:10)
    at processTicksAndRejections (node:internal/process/task_queues:105:5)
    at Resolver.getModuleIDAsync (/Users/cmuir/P1Import-apps/P1-import-Subsystem/node_modules/jest-resolve/build/index.js:967:26)
    at Runtime._shouldMockModule (/Users/cmuir/P1Import-apps/P1-import-Subsystem/node_modules/jest-runtime/build/index.js:1527:22)
    at Runtime.resolveModule (/Users/cmuir/P1Import-apps/P1-import-Subsystem/node_modules/jest-runtime/build/index.js:657:9)
    at importModuleDynamically (/Users/cmuir/P1Import-apps/P1-import-Subsystem/node_modules/jest-runtime/build/index.js:526:30)
    at importModuleDynamicallyWrapper (node:internal/vm/module:436:15)
    at Object.&lt;anonymous&gt; (/Users/cmuir/P1Import-apps/P1-import-Subsystem/test/api/api/comprehensive-api.test.js:32:26)</failure>
      <failure>ReferenceError: testUtils is not defined
    at Object.&lt;anonymous&gt; (/Users/cmuir/P1Import-apps/P1-import-Subsystem/test/api/api/comprehensive-api.test.js:66:5)
    at Promise.finally.completed (/Users/cmuir/P1Import-apps/P1-import-Subsystem/node_modules/jest-circus/build/jestAdapterInit.js:1559:28)
    at new Promise (&lt;anonymous&gt;)
    at callAsyncCircusFn (/Users/cmuir/P1Import-apps/P1-import-Subsystem/node_modules/jest-circus/build/jestAdapterInit.js:1499:10)
    at _callCircusHook (/Users/cmuir/P1Import-apps/P1-import-Subsystem/node_modules/jest-circus/build/jestAdapterInit.js:978:40)
    at processTicksAndRejections (node:internal/process/task_queues:105:5)
    at _runTest (/Users/cmuir/P1Import-apps/P1-import-Subsystem/node_modules/jest-circus/build/jestAdapterInit.js:951:5)
    at _runTestsForDescribeBlock (/Users/cmuir/P1Import-apps/P1-import-Subsystem/node_modules/jest-circus/build/jestAdapterInit.js:839:13)
    at _runTestsForDescribeBlock (/Users/cmuir/P1Import-apps/P1-import-Subsystem/node_modules/jest-circus/build/jestAdapterInit.js:829:11)
    at _runTestsForDescribeBlock (/Users/cmuir/P1Import-apps/P1-import-Subsystem/node_modules/jest-circus/build/jestAdapterInit.js:829:11)
    at run (/Users/cmuir/P1Import-apps/P1-import-Subsystem/node_modules/jest-circus/build/jestAdapterInit.js:757:3)
    at runAndTransformResultsToJestFormat (/Users/cmuir/P1Import-apps/P1-import-Subsystem/node_modules/jest-circus/build/jestAdapterInit.js:1920:21)
    at jestAdapter (/Users/cmuir/P1Import-apps/P1-import-Subsystem/node_modules/jest-circus/build/runner.js:101:19)
    at runTestInternal (/Users/cmuir/P1Import-apps/P1-import-Subsystem/node_modules/jest-runner/build/testWorker.js:275:16)
    at runTest (/Users/cmuir/P1Import-apps/P1-import-Subsystem/node_modules/jest-runner/build/testWorker.js:343:7)
    at Object.worker (/Users/cmuir/P1Import-apps/P1-import-Subsystem/node_modules/jest-runner/build/testWorker.js:497:12)</failure>
    </testcase>
    <testcase classname="API Routes - Comprehensive Testing › Settings Routes" name="PUT /api/settings - should update specific settings" time="0">
      <failure>Error: Cannot find module &apos;../../server.js&apos; from &apos;test/api/api/comprehensive-api.test.js&apos;
    at Resolver._throwModNotFoundError (/Users/cmuir/P1Import-apps/P1-import-Subsystem/node_modules/jest-resolve/build/index.js:863:11)
    at Resolver.resolveModuleAsync (/Users/cmuir/P1Import-apps/P1-import-Subsystem/node_modules/jest-resolve/build/index.js:820:10)
    at processTicksAndRejections (node:internal/process/task_queues:105:5)
    at Resolver.getModuleIDAsync (/Users/cmuir/P1Import-apps/P1-import-Subsystem/node_modules/jest-resolve/build/index.js:967:26)
    at Runtime._shouldMockModule (/Users/cmuir/P1Import-apps/P1-import-Subsystem/node_modules/jest-runtime/build/index.js:1527:22)
    at Runtime.resolveModule (/Users/cmuir/P1Import-apps/P1-import-Subsystem/node_modules/jest-runtime/build/index.js:657:9)
    at importModuleDynamically (/Users/cmuir/P1Import-apps/P1-import-Subsystem/node_modules/jest-runtime/build/index.js:526:30)
    at importModuleDynamicallyWrapper (node:internal/vm/module:436:15)
    at Object.&lt;anonymous&gt; (/Users/cmuir/P1Import-apps/P1-import-Subsystem/test/api/api/comprehensive-api.test.js:32:26)</failure>
      <failure>ReferenceError: testUtils is not defined
    at Object.&lt;anonymous&gt; (/Users/cmuir/P1Import-apps/P1-import-Subsystem/test/api/api/comprehensive-api.test.js:66:5)
    at Promise.finally.completed (/Users/cmuir/P1Import-apps/P1-import-Subsystem/node_modules/jest-circus/build/jestAdapterInit.js:1559:28)
    at new Promise (&lt;anonymous&gt;)
    at callAsyncCircusFn (/Users/cmuir/P1Import-apps/P1-import-Subsystem/node_modules/jest-circus/build/jestAdapterInit.js:1499:10)
    at _callCircusHook (/Users/cmuir/P1Import-apps/P1-import-Subsystem/node_modules/jest-circus/build/jestAdapterInit.js:978:40)
    at processTicksAndRejections (node:internal/process/task_queues:105:5)
    at _runTest (/Users/cmuir/P1Import-apps/P1-import-Subsystem/node_modules/jest-circus/build/jestAdapterInit.js:951:5)
    at _runTestsForDescribeBlock (/Users/cmuir/P1Import-apps/P1-import-Subsystem/node_modules/jest-circus/build/jestAdapterInit.js:839:13)
    at _runTestsForDescribeBlock (/Users/cmuir/P1Import-apps/P1-import-Subsystem/node_modules/jest-circus/build/jestAdapterInit.js:829:11)
    at _runTestsForDescribeBlock (/Users/cmuir/P1Import-apps/P1-import-Subsystem/node_modules/jest-circus/build/jestAdapterInit.js:829:11)
    at run (/Users/cmuir/P1Import-apps/P1-import-Subsystem/node_modules/jest-circus/build/jestAdapterInit.js:757:3)
    at runAndTransformResultsToJestFormat (/Users/cmuir/P1Import-apps/P1-import-Subsystem/node_modules/jest-circus/build/jestAdapterInit.js:1920:21)
    at jestAdapter (/Users/cmuir/P1Import-apps/P1-import-Subsystem/node_modules/jest-circus/build/runner.js:101:19)
    at runTestInternal (/Users/cmuir/P1Import-apps/P1-import-Subsystem/node_modules/jest-runner/build/testWorker.js:275:16)
    at runTest (/Users/cmuir/P1Import-apps/P1-import-Subsystem/node_modules/jest-runner/build/testWorker.js:343:7)
    at Object.worker (/Users/cmuir/P1Import-apps/P1-import-Subsystem/node_modules/jest-runner/build/testWorker.js:497:12)</failure>
    </testcase>
    <testcase classname="API Routes - Comprehensive Testing › Logs Routes" name="GET /api/logs - should return logs" time="0">
      <failure>Error: Cannot find module &apos;../../server.js&apos; from &apos;test/api/api/comprehensive-api.test.js&apos;
    at Resolver._throwModNotFoundError (/Users/cmuir/P1Import-apps/P1-import-Subsystem/node_modules/jest-resolve/build/index.js:863:11)
    at Resolver.resolveModuleAsync (/Users/cmuir/P1Import-apps/P1-import-Subsystem/node_modules/jest-resolve/build/index.js:820:10)
    at processTicksAndRejections (node:internal/process/task_queues:105:5)
    at Resolver.getModuleIDAsync (/Users/cmuir/P1Import-apps/P1-import-Subsystem/node_modules/jest-resolve/build/index.js:967:26)
    at Runtime._shouldMockModule (/Users/cmuir/P1Import-apps/P1-import-Subsystem/node_modules/jest-runtime/build/index.js:1527:22)
    at Runtime.resolveModule (/Users/cmuir/P1Import-apps/P1-import-Subsystem/node_modules/jest-runtime/build/index.js:657:9)
    at importModuleDynamically (/Users/cmuir/P1Import-apps/P1-import-Subsystem/node_modules/jest-runtime/build/index.js:526:30)
    at importModuleDynamicallyWrapper (node:internal/vm/module:436:15)
    at Object.&lt;anonymous&gt; (/Users/cmuir/P1Import-apps/P1-import-Subsystem/test/api/api/comprehensive-api.test.js:32:26)</failure>
      <failure>ReferenceError: testUtils is not defined
    at Object.&lt;anonymous&gt; (/Users/cmuir/P1Import-apps/P1-import-Subsystem/test/api/api/comprehensive-api.test.js:66:5)
    at Promise.finally.completed (/Users/cmuir/P1Import-apps/P1-import-Subsystem/node_modules/jest-circus/build/jestAdapterInit.js:1559:28)
    at new Promise (&lt;anonymous&gt;)
    at callAsyncCircusFn (/Users/cmuir/P1Import-apps/P1-import-Subsystem/node_modules/jest-circus/build/jestAdapterInit.js:1499:10)
    at _callCircusHook (/Users/cmuir/P1Import-apps/P1-import-Subsystem/node_modules/jest-circus/build/jestAdapterInit.js:978:40)
    at processTicksAndRejections (node:internal/process/task_queues:105:5)
    at _runTest (/Users/cmuir/P1Import-apps/P1-import-Subsystem/node_modules/jest-circus/build/jestAdapterInit.js:951:5)
    at _runTestsForDescribeBlock (/Users/cmuir/P1Import-apps/P1-import-Subsystem/node_modules/jest-circus/build/jestAdapterInit.js:839:13)
    at _runTestsForDescribeBlock (/Users/cmuir/P1Import-apps/P1-import-Subsystem/node_modules/jest-circus/build/jestAdapterInit.js:829:11)
    at _runTestsForDescribeBlock (/Users/cmuir/P1Import-apps/P1-import-Subsystem/node_modules/jest-circus/build/jestAdapterInit.js:829:11)
    at run (/Users/cmuir/P1Import-apps/P1-import-Subsystem/node_modules/jest-circus/build/jestAdapterInit.js:757:3)
    at runAndTransformResultsToJestFormat (/Users/cmuir/P1Import-apps/P1-import-Subsystem/node_modules/jest-circus/build/jestAdapterInit.js:1920:21)
    at jestAdapter (/Users/cmuir/P1Import-apps/P1-import-Subsystem/node_modules/jest-circus/build/runner.js:101:19)
    at runTestInternal (/Users/cmuir/P1Import-apps/P1-import-Subsystem/node_modules/jest-runner/build/testWorker.js:275:16)
    at runTest (/Users/cmuir/P1Import-apps/P1-import-Subsystem/node_modules/jest-runner/build/testWorker.js:343:7)
    at Object.worker (/Users/cmuir/P1Import-apps/P1-import-Subsystem/node_modules/jest-runner/build/testWorker.js:497:12)</failure>
    </testcase>
    <testcase classname="API Routes - Comprehensive Testing › Logs Routes" name="POST /api/logs/ui - should create UI log entry" time="0">
      <failure>Error: Cannot find module &apos;../../server.js&apos; from &apos;test/api/api/comprehensive-api.test.js&apos;
    at Resolver._throwModNotFoundError (/Users/cmuir/P1Import-apps/P1-import-Subsystem/node_modules/jest-resolve/build/index.js:863:11)
    at Resolver.resolveModuleAsync (/Users/cmuir/P1Import-apps/P1-import-Subsystem/node_modules/jest-resolve/build/index.js:820:10)
    at processTicksAndRejections (node:internal/process/task_queues:105:5)
    at Resolver.getModuleIDAsync (/Users/cmuir/P1Import-apps/P1-import-Subsystem/node_modules/jest-resolve/build/index.js:967:26)
    at Runtime._shouldMockModule (/Users/cmuir/P1Import-apps/P1-import-Subsystem/node_modules/jest-runtime/build/index.js:1527:22)
    at Runtime.resolveModule (/Users/cmuir/P1Import-apps/P1-import-Subsystem/node_modules/jest-runtime/build/index.js:657:9)
    at importModuleDynamically (/Users/cmuir/P1Import-apps/P1-import-Subsystem/node_modules/jest-runtime/build/index.js:526:30)
    at importModuleDynamicallyWrapper (node:internal/vm/module:436:15)
    at Object.&lt;anonymous&gt; (/Users/cmuir/P1Import-apps/P1-import-Subsystem/test/api/api/comprehensive-api.test.js:32:26)</failure>
      <failure>ReferenceError: testUtils is not defined
    at Object.&lt;anonymous&gt; (/Users/cmuir/P1Import-apps/P1-import-Subsystem/test/api/api/comprehensive-api.test.js:66:5)
    at Promise.finally.completed (/Users/cmuir/P1Import-apps/P1-import-Subsystem/node_modules/jest-circus/build/jestAdapterInit.js:1559:28)
    at new Promise (&lt;anonymous&gt;)
    at callAsyncCircusFn (/Users/cmuir/P1Import-apps/P1-import-Subsystem/node_modules/jest-circus/build/jestAdapterInit.js:1499:10)
    at _callCircusHook (/Users/cmuir/P1Import-apps/P1-import-Subsystem/node_modules/jest-circus/build/jestAdapterInit.js:978:40)
    at processTicksAndRejections (node:internal/process/task_queues:105:5)
    at _runTest (/Users/cmuir/P1Import-apps/P1-import-Subsystem/node_modules/jest-circus/build/jestAdapterInit.js:951:5)
    at _runTestsForDescribeBlock (/Users/cmuir/P1Import-apps/P1-import-Subsystem/node_modules/jest-circus/build/jestAdapterInit.js:839:13)
    at _runTestsForDescribeBlock (/Users/cmuir/P1Import-apps/P1-import-Subsystem/node_modules/jest-circus/build/jestAdapterInit.js:829:11)
    at _runTestsForDescribeBlock (/Users/cmuir/P1Import-apps/P1-import-Subsystem/node_modules/jest-circus/build/jestAdapterInit.js:829:11)
    at run (/Users/cmuir/P1Import-apps/P1-import-Subsystem/node_modules/jest-circus/build/jestAdapterInit.js:757:3)
    at runAndTransformResultsToJestFormat (/Users/cmuir/P1Import-apps/P1-import-Subsystem/node_modules/jest-circus/build/jestAdapterInit.js:1920:21)
    at jestAdapter (/Users/cmuir/P1Import-apps/P1-import-Subsystem/node_modules/jest-circus/build/runner.js:101:19)
    at runTestInternal (/Users/cmuir/P1Import-apps/P1-import-Subsystem/node_modules/jest-runner/build/testWorker.js:275:16)
    at runTest (/Users/cmuir/P1Import-apps/P1-import-Subsystem/node_modules/jest-runner/build/testWorker.js:343:7)
    at Object.worker (/Users/cmuir/P1Import-apps/P1-import-Subsystem/node_modules/jest-runner/build/testWorker.js:497:12)</failure>
    </testcase>
    <testcase classname="API Routes - Comprehensive Testing › Logs Routes" name="POST /api/logs/error - should create error log entry" time="0">
      <failure>Error: Cannot find module &apos;../../server.js&apos; from &apos;test/api/api/comprehensive-api.test.js&apos;
    at Resolver._throwModNotFoundError (/Users/cmuir/P1Import-apps/P1-import-Subsystem/node_modules/jest-resolve/build/index.js:863:11)
    at Resolver.resolveModuleAsync (/Users/cmuir/P1Import-apps/P1-import-Subsystem/node_modules/jest-resolve/build/index.js:820:10)
    at processTicksAndRejections (node:internal/process/task_queues:105:5)
    at Resolver.getModuleIDAsync (/Users/cmuir/P1Import-apps/P1-import-Subsystem/node_modules/jest-resolve/build/index.js:967:26)
    at Runtime._shouldMockModule (/Users/cmuir/P1Import-apps/P1-import-Subsystem/node_modules/jest-runtime/build/index.js:1527:22)
    at Runtime.resolveModule (/Users/cmuir/P1Import-apps/P1-import-Subsystem/node_modules/jest-runtime/build/index.js:657:9)
    at importModuleDynamically (/Users/cmuir/P1Import-apps/P1-import-Subsystem/node_modules/jest-runtime/build/index.js:526:30)
    at importModuleDynamicallyWrapper (node:internal/vm/module:436:15)
    at Object.&lt;anonymous&gt; (/Users/cmuir/P1Import-apps/P1-import-Subsystem/test/api/api/comprehensive-api.test.js:32:26)</failure>
      <failure>ReferenceError: testUtils is not defined
    at Object.&lt;anonymous&gt; (/Users/cmuir/P1Import-apps/P1-import-Subsystem/test/api/api/comprehensive-api.test.js:66:5)
    at Promise.finally.completed (/Users/cmuir/P1Import-apps/P1-import-Subsystem/node_modules/jest-circus/build/jestAdapterInit.js:1559:28)
    at new Promise (&lt;anonymous&gt;)
    at callAsyncCircusFn (/Users/cmuir/P1Import-apps/P1-import-Subsystem/node_modules/jest-circus/build/jestAdapterInit.js:1499:10)
    at _callCircusHook (/Users/cmuir/P1Import-apps/P1-import-Subsystem/node_modules/jest-circus/build/jestAdapterInit.js:978:40)
    at processTicksAndRejections (node:internal/process/task_queues:105:5)
    at _runTest (/Users/cmuir/P1Import-apps/P1-import-Subsystem/node_modules/jest-circus/build/jestAdapterInit.js:951:5)
    at _runTestsForDescribeBlock (/Users/cmuir/P1Import-apps/P1-import-Subsystem/node_modules/jest-circus/build/jestAdapterInit.js:839:13)
    at _runTestsForDescribeBlock (/Users/cmuir/P1Import-apps/P1-import-Subsystem/node_modules/jest-circus/build/jestAdapterInit.js:829:11)
    at _runTestsForDescribeBlock (/Users/cmuir/P1Import-apps/P1-import-Subsystem/node_modules/jest-circus/build/jestAdapterInit.js:829:11)
    at run (/Users/cmuir/P1Import-apps/P1-import-Subsystem/node_modules/jest-circus/build/jestAdapterInit.js:757:3)
    at runAndTransformResultsToJestFormat (/Users/cmuir/P1Import-apps/P1-import-Subsystem/node_modules/jest-circus/build/jestAdapterInit.js:1920:21)
    at jestAdapter (/Users/cmuir/P1Import-apps/P1-import-Subsystem/node_modules/jest-circus/build/runner.js:101:19)
    at runTestInternal (/Users/cmuir/P1Import-apps/P1-import-Subsystem/node_modules/jest-runner/build/testWorker.js:275:16)
    at runTest (/Users/cmuir/P1Import-apps/P1-import-Subsystem/node_modules/jest-runner/build/testWorker.js:343:7)
    at Object.worker (/Users/cmuir/P1Import-apps/P1-import-Subsystem/node_modules/jest-runner/build/testWorker.js:497:12)</failure>
    </testcase>
    <testcase classname="API Routes - Comprehensive Testing › Logs Routes" name="POST /api/logs/info - should create info log entry" time="0.001">
      <failure>Error: Cannot find module &apos;../../server.js&apos; from &apos;test/api/api/comprehensive-api.test.js&apos;
    at Resolver._throwModNotFoundError (/Users/cmuir/P1Import-apps/P1-import-Subsystem/node_modules/jest-resolve/build/index.js:863:11)
    at Resolver.resolveModuleAsync (/Users/cmuir/P1Import-apps/P1-import-Subsystem/node_modules/jest-resolve/build/index.js:820:10)
    at processTicksAndRejections (node:internal/process/task_queues:105:5)
    at Resolver.getModuleIDAsync (/Users/cmuir/P1Import-apps/P1-import-Subsystem/node_modules/jest-resolve/build/index.js:967:26)
    at Runtime._shouldMockModule (/Users/cmuir/P1Import-apps/P1-import-Subsystem/node_modules/jest-runtime/build/index.js:1527:22)
    at Runtime.resolveModule (/Users/cmuir/P1Import-apps/P1-import-Subsystem/node_modules/jest-runtime/build/index.js:657:9)
    at importModuleDynamically (/Users/cmuir/P1Import-apps/P1-import-Subsystem/node_modules/jest-runtime/build/index.js:526:30)
    at importModuleDynamicallyWrapper (node:internal/vm/module:436:15)
    at Object.&lt;anonymous&gt; (/Users/cmuir/P1Import-apps/P1-import-Subsystem/test/api/api/comprehensive-api.test.js:32:26)</failure>
      <failure>ReferenceError: testUtils is not defined
    at Object.&lt;anonymous&gt; (/Users/cmuir/P1Import-apps/P1-import-Subsystem/test/api/api/comprehensive-api.test.js:66:5)
    at Promise.finally.completed (/Users/cmuir/P1Import-apps/P1-import-Subsystem/node_modules/jest-circus/build/jestAdapterInit.js:1559:28)
    at new Promise (&lt;anonymous&gt;)
    at callAsyncCircusFn (/Users/cmuir/P1Import-apps/P1-import-Subsystem/node_modules/jest-circus/build/jestAdapterInit.js:1499:10)
    at _callCircusHook (/Users/cmuir/P1Import-apps/P1-import-Subsystem/node_modules/jest-circus/build/jestAdapterInit.js:978:40)
    at processTicksAndRejections (node:internal/process/task_queues:105:5)
    at _runTest (/Users/cmuir/P1Import-apps/P1-import-Subsystem/node_modules/jest-circus/build/jestAdapterInit.js:951:5)
    at _runTestsForDescribeBlock (/Users/cmuir/P1Import-apps/P1-import-Subsystem/node_modules/jest-circus/build/jestAdapterInit.js:839:13)
    at _runTestsForDescribeBlock (/Users/cmuir/P1Import-apps/P1-import-Subsystem/node_modules/jest-circus/build/jestAdapterInit.js:829:11)
    at _runTestsForDescribeBlock (/Users/cmuir/P1Import-apps/P1-import-Subsystem/node_modules/jest-circus/build/jestAdapterInit.js:829:11)
    at run (/Users/cmuir/P1Import-apps/P1-import-Subsystem/node_modules/jest-circus/build/jestAdapterInit.js:757:3)
    at runAndTransformResultsToJestFormat (/Users/cmuir/P1Import-apps/P1-import-Subsystem/node_modules/jest-circus/build/jestAdapterInit.js:1920:21)
    at jestAdapter (/Users/cmuir/P1Import-apps/P1-import-Subsystem/node_modules/jest-circus/build/runner.js:101:19)
    at runTestInternal (/Users/cmuir/P1Import-apps/P1-import-Subsystem/node_modules/jest-runner/build/testWorker.js:275:16)
    at runTest (/Users/cmuir/P1Import-apps/P1-import-Subsystem/node_modules/jest-runner/build/testWorker.js:343:7)
    at Object.worker (/Users/cmuir/P1Import-apps/P1-import-Subsystem/node_modules/jest-runner/build/testWorker.js:497:12)</failure>
    </testcase>
    <testcase classname="API Routes - Comprehensive Testing › Logs Routes" name="POST /api/logs/warning - should create warning log entry" time="0">
      <failure>Error: Cannot find module &apos;../../server.js&apos; from &apos;test/api/api/comprehensive-api.test.js&apos;
    at Resolver._throwModNotFoundError (/Users/cmuir/P1Import-apps/P1-import-Subsystem/node_modules/jest-resolve/build/index.js:863:11)
    at Resolver.resolveModuleAsync (/Users/cmuir/P1Import-apps/P1-import-Subsystem/node_modules/jest-resolve/build/index.js:820:10)
    at processTicksAndRejections (node:internal/process/task_queues:105:5)
    at Resolver.getModuleIDAsync (/Users/cmuir/P1Import-apps/P1-import-Subsystem/node_modules/jest-resolve/build/index.js:967:26)
    at Runtime._shouldMockModule (/Users/cmuir/P1Import-apps/P1-import-Subsystem/node_modules/jest-runtime/build/index.js:1527:22)
    at Runtime.resolveModule (/Users/cmuir/P1Import-apps/P1-import-Subsystem/node_modules/jest-runtime/build/index.js:657:9)
    at importModuleDynamically (/Users/cmuir/P1Import-apps/P1-import-Subsystem/node_modules/jest-runtime/build/index.js:526:30)
    at importModuleDynamicallyWrapper (node:internal/vm/module:436:15)
    at Object.&lt;anonymous&gt; (/Users/cmuir/P1Import-apps/P1-import-Subsystem/test/api/api/comprehensive-api.test.js:32:26)</failure>
      <failure>ReferenceError: testUtils is not defined
    at Object.&lt;anonymous&gt; (/Users/cmuir/P1Import-apps/P1-import-Subsystem/test/api/api/comprehensive-api.test.js:66:5)
    at Promise.finally.completed (/Users/cmuir/P1Import-apps/P1-import-Subsystem/node_modules/jest-circus/build/jestAdapterInit.js:1559:28)
    at new Promise (&lt;anonymous&gt;)
    at callAsyncCircusFn (/Users/cmuir/P1Import-apps/P1-import-Subsystem/node_modules/jest-circus/build/jestAdapterInit.js:1499:10)
    at _callCircusHook (/Users/cmuir/P1Import-apps/P1-import-Subsystem/node_modules/jest-circus/build/jestAdapterInit.js:978:40)
    at processTicksAndRejections (node:internal/process/task_queues:105:5)
    at _runTest (/Users/cmuir/P1Import-apps/P1-import-Subsystem/node_modules/jest-circus/build/jestAdapterInit.js:951:5)
    at _runTestsForDescribeBlock (/Users/cmuir/P1Import-apps/P1-import-Subsystem/node_modules/jest-circus/build/jestAdapterInit.js:839:13)
    at _runTestsForDescribeBlock (/Users/cmuir/P1Import-apps/P1-import-Subsystem/node_modules/jest-circus/build/jestAdapterInit.js:829:11)
    at _runTestsForDescribeBlock (/Users/cmuir/P1Import-apps/P1-import-Subsystem/node_modules/jest-circus/build/jestAdapterInit.js:829:11)
    at run (/Users/cmuir/P1Import-apps/P1-import-Subsystem/node_modules/jest-circus/build/jestAdapterInit.js:757:3)
    at runAndTransformResultsToJestFormat (/Users/cmuir/P1Import-apps/P1-import-Subsystem/node_modules/jest-circus/build/jestAdapterInit.js:1920:21)
    at jestAdapter (/Users/cmuir/P1Import-apps/P1-import-Subsystem/node_modules/jest-circus/build/runner.js:101:19)
    at runTestInternal (/Users/cmuir/P1Import-apps/P1-import-Subsystem/node_modules/jest-runner/build/testWorker.js:275:16)
    at runTest (/Users/cmuir/P1Import-apps/P1-import-Subsystem/node_modules/jest-runner/build/testWorker.js:343:7)
    at Object.worker (/Users/cmuir/P1Import-apps/P1-import-Subsystem/node_modules/jest-runner/build/testWorker.js:497:12)</failure>
    </testcase>
    <testcase classname="API Routes - Comprehensive Testing › Logs Routes" name="DELETE /api/logs - should clear logs" time="0">
      <failure>Error: Cannot find module &apos;../../server.js&apos; from &apos;test/api/api/comprehensive-api.test.js&apos;
    at Resolver._throwModNotFoundError (/Users/cmuir/P1Import-apps/P1-import-Subsystem/node_modules/jest-resolve/build/index.js:863:11)
    at Resolver.resolveModuleAsync (/Users/cmuir/P1Import-apps/P1-import-Subsystem/node_modules/jest-resolve/build/index.js:820:10)
    at processTicksAndRejections (node:internal/process/task_queues:105:5)
    at Resolver.getModuleIDAsync (/Users/cmuir/P1Import-apps/P1-import-Subsystem/node_modules/jest-resolve/build/index.js:967:26)
    at Runtime._shouldMockModule (/Users/cmuir/P1Import-apps/P1-import-Subsystem/node_modules/jest-runtime/build/index.js:1527:22)
    at Runtime.resolveModule (/Users/cmuir/P1Import-apps/P1-import-Subsystem/node_modules/jest-runtime/build/index.js:657:9)
    at importModuleDynamically (/Users/cmuir/P1Import-apps/P1-import-Subsystem/node_modules/jest-runtime/build/index.js:526:30)
    at importModuleDynamicallyWrapper (node:internal/vm/module:436:15)
    at Object.&lt;anonymous&gt; (/Users/cmuir/P1Import-apps/P1-import-Subsystem/test/api/api/comprehensive-api.test.js:32:26)</failure>
      <failure>ReferenceError: testUtils is not defined
    at Object.&lt;anonymous&gt; (/Users/cmuir/P1Import-apps/P1-import-Subsystem/test/api/api/comprehensive-api.test.js:66:5)
    at Promise.finally.completed (/Users/cmuir/P1Import-apps/P1-import-Subsystem/node_modules/jest-circus/build/jestAdapterInit.js:1559:28)
    at new Promise (&lt;anonymous&gt;)
    at callAsyncCircusFn (/Users/cmuir/P1Import-apps/P1-import-Subsystem/node_modules/jest-circus/build/jestAdapterInit.js:1499:10)
    at _callCircusHook (/Users/cmuir/P1Import-apps/P1-import-Subsystem/node_modules/jest-circus/build/jestAdapterInit.js:978:40)
    at processTicksAndRejections (node:internal/process/task_queues:105:5)
    at _runTest (/Users/cmuir/P1Import-apps/P1-import-Subsystem/node_modules/jest-circus/build/jestAdapterInit.js:951:5)
    at _runTestsForDescribeBlock (/Users/cmuir/P1Import-apps/P1-import-Subsystem/node_modules/jest-circus/build/jestAdapterInit.js:839:13)
    at _runTestsForDescribeBlock (/Users/cmuir/P1Import-apps/P1-import-Subsystem/node_modules/jest-circus/build/jestAdapterInit.js:829:11)
    at _runTestsForDescribeBlock (/Users/cmuir/P1Import-apps/P1-import-Subsystem/node_modules/jest-circus/build/jestAdapterInit.js:829:11)
    at run (/Users/cmuir/P1Import-apps/P1-import-Subsystem/node_modules/jest-circus/build/jestAdapterInit.js:757:3)
    at runAndTransformResultsToJestFormat (/Users/cmuir/P1Import-apps/P1-import-Subsystem/node_modules/jest-circus/build/jestAdapterInit.js:1920:21)
    at jestAdapter (/Users/cmuir/P1Import-apps/P1-import-Subsystem/node_modules/jest-circus/build/runner.js:101:19)
    at runTestInternal (/Users/cmuir/P1Import-apps/P1-import-Subsystem/node_modules/jest-runner/build/testWorker.js:275:16)
    at runTest (/Users/cmuir/P1Import-apps/P1-import-Subsystem/node_modules/jest-runner/build/testWorker.js:343:7)
    at Object.worker (/Users/cmuir/P1Import-apps/P1-import-Subsystem/node_modules/jest-runner/build/testWorker.js:497:12)</failure>
    </testcase>
    <testcase classname="API Routes - Comprehensive Testing › Logs Routes" name="GET /api/logs/disk - should return disk logs" time="0">
      <failure>Error: Cannot find module &apos;../../server.js&apos; from &apos;test/api/api/comprehensive-api.test.js&apos;
    at Resolver._throwModNotFoundError (/Users/cmuir/P1Import-apps/P1-import-Subsystem/node_modules/jest-resolve/build/index.js:863:11)
    at Resolver.resolveModuleAsync (/Users/cmuir/P1Import-apps/P1-import-Subsystem/node_modules/jest-resolve/build/index.js:820:10)
    at processTicksAndRejections (node:internal/process/task_queues:105:5)
    at Resolver.getModuleIDAsync (/Users/cmuir/P1Import-apps/P1-import-Subsystem/node_modules/jest-resolve/build/index.js:967:26)
    at Runtime._shouldMockModule (/Users/cmuir/P1Import-apps/P1-import-Subsystem/node_modules/jest-runtime/build/index.js:1527:22)
    at Runtime.resolveModule (/Users/cmuir/P1Import-apps/P1-import-Subsystem/node_modules/jest-runtime/build/index.js:657:9)
    at importModuleDynamically (/Users/cmuir/P1Import-apps/P1-import-Subsystem/node_modules/jest-runtime/build/index.js:526:30)
    at importModuleDynamicallyWrapper (node:internal/vm/module:436:15)
    at Object.&lt;anonymous&gt; (/Users/cmuir/P1Import-apps/P1-import-Subsystem/test/api/api/comprehensive-api.test.js:32:26)</failure>
      <failure>ReferenceError: testUtils is not defined
    at Object.&lt;anonymous&gt; (/Users/cmuir/P1Import-apps/P1-import-Subsystem/test/api/api/comprehensive-api.test.js:66:5)
    at Promise.finally.completed (/Users/cmuir/P1Import-apps/P1-import-Subsystem/node_modules/jest-circus/build/jestAdapterInit.js:1559:28)
    at new Promise (&lt;anonymous&gt;)
    at callAsyncCircusFn (/Users/cmuir/P1Import-apps/P1-import-Subsystem/node_modules/jest-circus/build/jestAdapterInit.js:1499:10)
    at _callCircusHook (/Users/cmuir/P1Import-apps/P1-import-Subsystem/node_modules/jest-circus/build/jestAdapterInit.js:978:40)
    at processTicksAndRejections (node:internal/process/task_queues:105:5)
    at _runTest (/Users/cmuir/P1Import-apps/P1-import-Subsystem/node_modules/jest-circus/build/jestAdapterInit.js:951:5)
    at _runTestsForDescribeBlock (/Users/cmuir/P1Import-apps/P1-import-Subsystem/node_modules/jest-circus/build/jestAdapterInit.js:839:13)
    at _runTestsForDescribeBlock (/Users/cmuir/P1Import-apps/P1-import-Subsystem/node_modules/jest-circus/build/jestAdapterInit.js:829:11)
    at _runTestsForDescribeBlock (/Users/cmuir/P1Import-apps/P1-import-Subsystem/node_modules/jest-circus/build/jestAdapterInit.js:829:11)
    at run (/Users/cmuir/P1Import-apps/P1-import-Subsystem/node_modules/jest-circus/build/jestAdapterInit.js:757:3)
    at runAndTransformResultsToJestFormat (/Users/cmuir/P1Import-apps/P1-import-Subsystem/node_modules/jest-circus/build/jestAdapterInit.js:1920:21)
    at jestAdapter (/Users/cmuir/P1Import-apps/P1-import-Subsystem/node_modules/jest-circus/build/runner.js:101:19)
    at runTestInternal (/Users/cmuir/P1Import-apps/P1-import-Subsystem/node_modules/jest-runner/build/testWorker.js:275:16)
    at runTest (/Users/cmuir/P1Import-apps/P1-import-Subsystem/node_modules/jest-runner/build/testWorker.js:343:7)
    at Object.worker (/Users/cmuir/P1Import-apps/P1-import-Subsystem/node_modules/jest-runner/build/testWorker.js:497:12)</failure>
    </testcase>
    <testcase classname="API Routes - Comprehensive Testing › Logs Routes" name="POST /api/logs/disk - should write disk log" time="0">
      <failure>Error: Cannot find module &apos;../../server.js&apos; from &apos;test/api/api/comprehensive-api.test.js&apos;
    at Resolver._throwModNotFoundError (/Users/cmuir/P1Import-apps/P1-import-Subsystem/node_modules/jest-resolve/build/index.js:863:11)
    at Resolver.resolveModuleAsync (/Users/cmuir/P1Import-apps/P1-import-Subsystem/node_modules/jest-resolve/build/index.js:820:10)
    at processTicksAndRejections (node:internal/process/task_queues:105:5)
    at Resolver.getModuleIDAsync (/Users/cmuir/P1Import-apps/P1-import-Subsystem/node_modules/jest-resolve/build/index.js:967:26)
    at Runtime._shouldMockModule (/Users/cmuir/P1Import-apps/P1-import-Subsystem/node_modules/jest-runtime/build/index.js:1527:22)
    at Runtime.resolveModule (/Users/cmuir/P1Import-apps/P1-import-Subsystem/node_modules/jest-runtime/build/index.js:657:9)
    at importModuleDynamically (/Users/cmuir/P1Import-apps/P1-import-Subsystem/node_modules/jest-runtime/build/index.js:526:30)
    at importModuleDynamicallyWrapper (node:internal/vm/module:436:15)
    at Object.&lt;anonymous&gt; (/Users/cmuir/P1Import-apps/P1-import-Subsystem/test/api/api/comprehensive-api.test.js:32:26)</failure>
      <failure>ReferenceError: testUtils is not defined
    at Object.&lt;anonymous&gt; (/Users/cmuir/P1Import-apps/P1-import-Subsystem/test/api/api/comprehensive-api.test.js:66:5)
    at Promise.finally.completed (/Users/cmuir/P1Import-apps/P1-import-Subsystem/node_modules/jest-circus/build/jestAdapterInit.js:1559:28)
    at new Promise (&lt;anonymous&gt;)
    at callAsyncCircusFn (/Users/cmuir/P1Import-apps/P1-import-Subsystem/node_modules/jest-circus/build/jestAdapterInit.js:1499:10)
    at _callCircusHook (/Users/cmuir/P1Import-apps/P1-import-Subsystem/node_modules/jest-circus/build/jestAdapterInit.js:978:40)
    at processTicksAndRejections (node:internal/process/task_queues:105:5)
    at _runTest (/Users/cmuir/P1Import-apps/P1-import-Subsystem/node_modules/jest-circus/build/jestAdapterInit.js:951:5)
    at _runTestsForDescribeBlock (/Users/cmuir/P1Import-apps/P1-import-Subsystem/node_modules/jest-circus/build/jestAdapterInit.js:839:13)
    at _runTestsForDescribeBlock (/Users/cmuir/P1Import-apps/P1-import-Subsystem/node_modules/jest-circus/build/jestAdapterInit.js:829:11)
    at _runTestsForDescribeBlock (/Users/cmuir/P1Import-apps/P1-import-Subsystem/node_modules/jest-circus/build/jestAdapterInit.js:829:11)
    at run (/Users/cmuir/P1Import-apps/P1-import-Subsystem/node_modules/jest-circus/build/jestAdapterInit.js:757:3)
    at runAndTransformResultsToJestFormat (/Users/cmuir/P1Import-apps/P1-import-Subsystem/node_modules/jest-circus/build/jestAdapterInit.js:1920:21)
    at jestAdapter (/Users/cmuir/P1Import-apps/P1-import-Subsystem/node_modules/jest-circus/build/runner.js:101:19)
    at runTestInternal (/Users/cmuir/P1Import-apps/P1-import-Subsystem/node_modules/jest-runner/build/testWorker.js:275:16)
    at runTest (/Users/cmuir/P1Import-apps/P1-import-Subsystem/node_modules/jest-runner/build/testWorker.js:343:7)
    at Object.worker (/Users/cmuir/P1Import-apps/P1-import-Subsystem/node_modules/jest-runner/build/testWorker.js:497:12)</failure>
    </testcase>
    <testcase classname="API Routes - Comprehensive Testing › Authentication &amp; Security" name="should handle missing authentication gracefully" time="0">
      <failure>Error: Cannot find module &apos;../../server.js&apos; from &apos;test/api/api/comprehensive-api.test.js&apos;
    at Resolver._throwModNotFoundError (/Users/cmuir/P1Import-apps/P1-import-Subsystem/node_modules/jest-resolve/build/index.js:863:11)
    at Resolver.resolveModuleAsync (/Users/cmuir/P1Import-apps/P1-import-Subsystem/node_modules/jest-resolve/build/index.js:820:10)
    at processTicksAndRejections (node:internal/process/task_queues:105:5)
    at Resolver.getModuleIDAsync (/Users/cmuir/P1Import-apps/P1-import-Subsystem/node_modules/jest-resolve/build/index.js:967:26)
    at Runtime._shouldMockModule (/Users/cmuir/P1Import-apps/P1-import-Subsystem/node_modules/jest-runtime/build/index.js:1527:22)
    at Runtime.resolveModule (/Users/cmuir/P1Import-apps/P1-import-Subsystem/node_modules/jest-runtime/build/index.js:657:9)
    at importModuleDynamically (/Users/cmuir/P1Import-apps/P1-import-Subsystem/node_modules/jest-runtime/build/index.js:526:30)
    at importModuleDynamicallyWrapper (node:internal/vm/module:436:15)
    at Object.&lt;anonymous&gt; (/Users/cmuir/P1Import-apps/P1-import-Subsystem/test/api/api/comprehensive-api.test.js:32:26)</failure>
      <failure>ReferenceError: testUtils is not defined
    at Object.&lt;anonymous&gt; (/Users/cmuir/P1Import-apps/P1-import-Subsystem/test/api/api/comprehensive-api.test.js:66:5)
    at Promise.finally.completed (/Users/cmuir/P1Import-apps/P1-import-Subsystem/node_modules/jest-circus/build/jestAdapterInit.js:1559:28)
    at new Promise (&lt;anonymous&gt;)
    at callAsyncCircusFn (/Users/cmuir/P1Import-apps/P1-import-Subsystem/node_modules/jest-circus/build/jestAdapterInit.js:1499:10)
    at _callCircusHook (/Users/cmuir/P1Import-apps/P1-import-Subsystem/node_modules/jest-circus/build/jestAdapterInit.js:978:40)
    at processTicksAndRejections (node:internal/process/task_queues:105:5)
    at _runTest (/Users/cmuir/P1Import-apps/P1-import-Subsystem/node_modules/jest-circus/build/jestAdapterInit.js:951:5)
    at _runTestsForDescribeBlock (/Users/cmuir/P1Import-apps/P1-import-Subsystem/node_modules/jest-circus/build/jestAdapterInit.js:839:13)
    at _runTestsForDescribeBlock (/Users/cmuir/P1Import-apps/P1-import-Subsystem/node_modules/jest-circus/build/jestAdapterInit.js:829:11)
    at _runTestsForDescribeBlock (/Users/cmuir/P1Import-apps/P1-import-Subsystem/node_modules/jest-circus/build/jestAdapterInit.js:829:11)
    at run (/Users/cmuir/P1Import-apps/P1-import-Subsystem/node_modules/jest-circus/build/jestAdapterInit.js:757:3)
    at runAndTransformResultsToJestFormat (/Users/cmuir/P1Import-apps/P1-import-Subsystem/node_modules/jest-circus/build/jestAdapterInit.js:1920:21)
    at jestAdapter (/Users/cmuir/P1Import-apps/P1-import-Subsystem/node_modules/jest-circus/build/runner.js:101:19)
    at runTestInternal (/Users/cmuir/P1Import-apps/P1-import-Subsystem/node_modules/jest-runner/build/testWorker.js:275:16)
    at runTest (/Users/cmuir/P1Import-apps/P1-import-Subsystem/node_modules/jest-runner/build/testWorker.js:343:7)
    at Object.worker (/Users/cmuir/P1Import-apps/P1-import-Subsystem/node_modules/jest-runner/build/testWorker.js:497:12)</failure>
    </testcase>
    <testcase classname="API Routes - Comprehensive Testing › Authentication &amp; Security" name="should handle malformed authentication headers" time="0">
      <failure>Error: Cannot find module &apos;../../server.js&apos; from &apos;test/api/api/comprehensive-api.test.js&apos;
    at Resolver._throwModNotFoundError (/Users/cmuir/P1Import-apps/P1-import-Subsystem/node_modules/jest-resolve/build/index.js:863:11)
    at Resolver.resolveModuleAsync (/Users/cmuir/P1Import-apps/P1-import-Subsystem/node_modules/jest-resolve/build/index.js:820:10)
    at processTicksAndRejections (node:internal/process/task_queues:105:5)
    at Resolver.getModuleIDAsync (/Users/cmuir/P1Import-apps/P1-import-Subsystem/node_modules/jest-resolve/build/index.js:967:26)
    at Runtime._shouldMockModule (/Users/cmuir/P1Import-apps/P1-import-Subsystem/node_modules/jest-runtime/build/index.js:1527:22)
    at Runtime.resolveModule (/Users/cmuir/P1Import-apps/P1-import-Subsystem/node_modules/jest-runtime/build/index.js:657:9)
    at importModuleDynamically (/Users/cmuir/P1Import-apps/P1-import-Subsystem/node_modules/jest-runtime/build/index.js:526:30)
    at importModuleDynamicallyWrapper (node:internal/vm/module:436:15)
    at Object.&lt;anonymous&gt; (/Users/cmuir/P1Import-apps/P1-import-Subsystem/test/api/api/comprehensive-api.test.js:32:26)</failure>
      <failure>ReferenceError: testUtils is not defined
    at Object.&lt;anonymous&gt; (/Users/cmuir/P1Import-apps/P1-import-Subsystem/test/api/api/comprehensive-api.test.js:66:5)
    at Promise.finally.completed (/Users/cmuir/P1Import-apps/P1-import-Subsystem/node_modules/jest-circus/build/jestAdapterInit.js:1559:28)
    at new Promise (&lt;anonymous&gt;)
    at callAsyncCircusFn (/Users/cmuir/P1Import-apps/P1-import-Subsystem/node_modules/jest-circus/build/jestAdapterInit.js:1499:10)
    at _callCircusHook (/Users/cmuir/P1Import-apps/P1-import-Subsystem/node_modules/jest-circus/build/jestAdapterInit.js:978:40)
    at processTicksAndRejections (node:internal/process/task_queues:105:5)
    at _runTest (/Users/cmuir/P1Import-apps/P1-import-Subsystem/node_modules/jest-circus/build/jestAdapterInit.js:951:5)
    at _runTestsForDescribeBlock (/Users/cmuir/P1Import-apps/P1-import-Subsystem/node_modules/jest-circus/build/jestAdapterInit.js:839:13)
    at _runTestsForDescribeBlock (/Users/cmuir/P1Import-apps/P1-import-Subsystem/node_modules/jest-circus/build/jestAdapterInit.js:829:11)
    at _runTestsForDescribeBlock (/Users/cmuir/P1Import-apps/P1-import-Subsystem/node_modules/jest-circus/build/jestAdapterInit.js:829:11)
    at run (/Users/cmuir/P1Import-apps/P1-import-Subsystem/node_modules/jest-circus/build/jestAdapterInit.js:757:3)
    at runAndTransformResultsToJestFormat (/Users/cmuir/P1Import-apps/P1-import-Subsystem/node_modules/jest-circus/build/jestAdapterInit.js:1920:21)
    at jestAdapter (/Users/cmuir/P1Import-apps/P1-import-Subsystem/node_modules/jest-circus/build/runner.js:101:19)
    at runTestInternal (/Users/cmuir/P1Import-apps/P1-import-Subsystem/node_modules/jest-runner/build/testWorker.js:275:16)
    at runTest (/Users/cmuir/P1Import-apps/P1-import-Subsystem/node_modules/jest-runner/build/testWorker.js:343:7)
    at Object.worker (/Users/cmuir/P1Import-apps/P1-import-Subsystem/node_modules/jest-runner/build/testWorker.js:497:12)</failure>
    </testcase>
    <testcase classname="API Routes - Comprehensive Testing › Authentication &amp; Security" name="should handle rate limiting on repeated requests" time="0">
      <failure>Error: Cannot find module &apos;../../server.js&apos; from &apos;test/api/api/comprehensive-api.test.js&apos;
    at Resolver._throwModNotFoundError (/Users/cmuir/P1Import-apps/P1-import-Subsystem/node_modules/jest-resolve/build/index.js:863:11)
    at Resolver.resolveModuleAsync (/Users/cmuir/P1Import-apps/P1-import-Subsystem/node_modules/jest-resolve/build/index.js:820:10)
    at processTicksAndRejections (node:internal/process/task_queues:105:5)
    at Resolver.getModuleIDAsync (/Users/cmuir/P1Import-apps/P1-import-Subsystem/node_modules/jest-resolve/build/index.js:967:26)
    at Runtime._shouldMockModule (/Users/cmuir/P1Import-apps/P1-import-Subsystem/node_modules/jest-runtime/build/index.js:1527:22)
    at Runtime.resolveModule (/Users/cmuir/P1Import-apps/P1-import-Subsystem/node_modules/jest-runtime/build/index.js:657:9)
    at importModuleDynamically (/Users/cmuir/P1Import-apps/P1-import-Subsystem/node_modules/jest-runtime/build/index.js:526:30)
    at importModuleDynamicallyWrapper (node:internal/vm/module:436:15)
    at Object.&lt;anonymous&gt; (/Users/cmuir/P1Import-apps/P1-import-Subsystem/test/api/api/comprehensive-api.test.js:32:26)</failure>
      <failure>ReferenceError: testUtils is not defined
    at Object.&lt;anonymous&gt; (/Users/cmuir/P1Import-apps/P1-import-Subsystem/test/api/api/comprehensive-api.test.js:66:5)
    at Promise.finally.completed (/Users/cmuir/P1Import-apps/P1-import-Subsystem/node_modules/jest-circus/build/jestAdapterInit.js:1559:28)
    at new Promise (&lt;anonymous&gt;)
    at callAsyncCircusFn (/Users/cmuir/P1Import-apps/P1-import-Subsystem/node_modules/jest-circus/build/jestAdapterInit.js:1499:10)
    at _callCircusHook (/Users/cmuir/P1Import-apps/P1-import-Subsystem/node_modules/jest-circus/build/jestAdapterInit.js:978:40)
    at processTicksAndRejections (node:internal/process/task_queues:105:5)
    at _runTest (/Users/cmuir/P1Import-apps/P1-import-Subsystem/node_modules/jest-circus/build/jestAdapterInit.js:951:5)
    at _runTestsForDescribeBlock (/Users/cmuir/P1Import-apps/P1-import-Subsystem/node_modules/jest-circus/build/jestAdapterInit.js:839:13)
    at _runTestsForDescribeBlock (/Users/cmuir/P1Import-apps/P1-import-Subsystem/node_modules/jest-circus/build/jestAdapterInit.js:829:11)
    at _runTestsForDescribeBlock (/Users/cmuir/P1Import-apps/P1-import-Subsystem/node_modules/jest-circus/build/jestAdapterInit.js:829:11)
    at run (/Users/cmuir/P1Import-apps/P1-import-Subsystem/node_modules/jest-circus/build/jestAdapterInit.js:757:3)
    at runAndTransformResultsToJestFormat (/Users/cmuir/P1Import-apps/P1-import-Subsystem/node_modules/jest-circus/build/jestAdapterInit.js:1920:21)
    at jestAdapter (/Users/cmuir/P1Import-apps/P1-import-Subsystem/node_modules/jest-circus/build/runner.js:101:19)
    at runTestInternal (/Users/cmuir/P1Import-apps/P1-import-Subsystem/node_modules/jest-runner/build/testWorker.js:275:16)
    at runTest (/Users/cmuir/P1Import-apps/P1-import-Subsystem/node_modules/jest-runner/build/testWorker.js:343:7)
    at Object.worker (/Users/cmuir/P1Import-apps/P1-import-Subsystem/node_modules/jest-runner/build/testWorker.js:497:12)</failure>
    </testcase>
    <testcase classname="API Routes - Comprehensive Testing › Error Handling" name="should handle 404 for non-existent routes" time="0">
      <failure>Error: Cannot find module &apos;../../server.js&apos; from &apos;test/api/api/comprehensive-api.test.js&apos;
    at Resolver._throwModNotFoundError (/Users/cmuir/P1Import-apps/P1-import-Subsystem/node_modules/jest-resolve/build/index.js:863:11)
    at Resolver.resolveModuleAsync (/Users/cmuir/P1Import-apps/P1-import-Subsystem/node_modules/jest-resolve/build/index.js:820:10)
    at processTicksAndRejections (node:internal/process/task_queues:105:5)
    at Resolver.getModuleIDAsync (/Users/cmuir/P1Import-apps/P1-import-Subsystem/node_modules/jest-resolve/build/index.js:967:26)
    at Runtime._shouldMockModule (/Users/cmuir/P1Import-apps/P1-import-Subsystem/node_modules/jest-runtime/build/index.js:1527:22)
    at Runtime.resolveModule (/Users/cmuir/P1Import-apps/P1-import-Subsystem/node_modules/jest-runtime/build/index.js:657:9)
    at importModuleDynamically (/Users/cmuir/P1Import-apps/P1-import-Subsystem/node_modules/jest-runtime/build/index.js:526:30)
    at importModuleDynamicallyWrapper (node:internal/vm/module:436:15)
    at Object.&lt;anonymous&gt; (/Users/cmuir/P1Import-apps/P1-import-Subsystem/test/api/api/comprehensive-api.test.js:32:26)</failure>
      <failure>ReferenceError: testUtils is not defined
    at Object.&lt;anonymous&gt; (/Users/cmuir/P1Import-apps/P1-import-Subsystem/test/api/api/comprehensive-api.test.js:66:5)
    at Promise.finally.completed (/Users/cmuir/P1Import-apps/P1-import-Subsystem/node_modules/jest-circus/build/jestAdapterInit.js:1559:28)
    at new Promise (&lt;anonymous&gt;)
    at callAsyncCircusFn (/Users/cmuir/P1Import-apps/P1-import-Subsystem/node_modules/jest-circus/build/jestAdapterInit.js:1499:10)
    at _callCircusHook (/Users/cmuir/P1Import-apps/P1-import-Subsystem/node_modules/jest-circus/build/jestAdapterInit.js:978:40)
    at processTicksAndRejections (node:internal/process/task_queues:105:5)
    at _runTest (/Users/cmuir/P1Import-apps/P1-import-Subsystem/node_modules/jest-circus/build/jestAdapterInit.js:951:5)
    at _runTestsForDescribeBlock (/Users/cmuir/P1Import-apps/P1-import-Subsystem/node_modules/jest-circus/build/jestAdapterInit.js:839:13)
    at _runTestsForDescribeBlock (/Users/cmuir/P1Import-apps/P1-import-Subsystem/node_modules/jest-circus/build/jestAdapterInit.js:829:11)
    at _runTestsForDescribeBlock (/Users/cmuir/P1Import-apps/P1-import-Subsystem/node_modules/jest-circus/build/jestAdapterInit.js:829:11)
    at run (/Users/cmuir/P1Import-apps/P1-import-Subsystem/node_modules/jest-circus/build/jestAdapterInit.js:757:3)
    at runAndTransformResultsToJestFormat (/Users/cmuir/P1Import-apps/P1-import-Subsystem/node_modules/jest-circus/build/jestAdapterInit.js:1920:21)
    at jestAdapter (/Users/cmuir/P1Import-apps/P1-import-Subsystem/node_modules/jest-circus/build/runner.js:101:19)
    at runTestInternal (/Users/cmuir/P1Import-apps/P1-import-Subsystem/node_modules/jest-runner/build/testWorker.js:275:16)
    at runTest (/Users/cmuir/P1Import-apps/P1-import-Subsystem/node_modules/jest-runner/build/testWorker.js:343:7)
    at Object.worker (/Users/cmuir/P1Import-apps/P1-import-Subsystem/node_modules/jest-runner/build/testWorker.js:497:12)</failure>
    </testcase>
    <testcase classname="API Routes - Comprehensive Testing › Error Handling" name="should handle malformed JSON in request body" time="0">
      <failure>Error: Cannot find module &apos;../../server.js&apos; from &apos;test/api/api/comprehensive-api.test.js&apos;
    at Resolver._throwModNotFoundError (/Users/cmuir/P1Import-apps/P1-import-Subsystem/node_modules/jest-resolve/build/index.js:863:11)
    at Resolver.resolveModuleAsync (/Users/cmuir/P1Import-apps/P1-import-Subsystem/node_modules/jest-resolve/build/index.js:820:10)
    at processTicksAndRejections (node:internal/process/task_queues:105:5)
    at Resolver.getModuleIDAsync (/Users/cmuir/P1Import-apps/P1-import-Subsystem/node_modules/jest-resolve/build/index.js:967:26)
    at Runtime._shouldMockModule (/Users/cmuir/P1Import-apps/P1-import-Subsystem/node_modules/jest-runtime/build/index.js:1527:22)
    at Runtime.resolveModule (/Users/cmuir/P1Import-apps/P1-import-Subsystem/node_modules/jest-runtime/build/index.js:657:9)
    at importModuleDynamically (/Users/cmuir/P1Import-apps/P1-import-Subsystem/node_modules/jest-runtime/build/index.js:526:30)
    at importModuleDynamicallyWrapper (node:internal/vm/module:436:15)
    at Object.&lt;anonymous&gt; (/Users/cmuir/P1Import-apps/P1-import-Subsystem/test/api/api/comprehensive-api.test.js:32:26)</failure>
      <failure>ReferenceError: testUtils is not defined
    at Object.&lt;anonymous&gt; (/Users/cmuir/P1Import-apps/P1-import-Subsystem/test/api/api/comprehensive-api.test.js:66:5)
    at Promise.finally.completed (/Users/cmuir/P1Import-apps/P1-import-Subsystem/node_modules/jest-circus/build/jestAdapterInit.js:1559:28)
    at new Promise (&lt;anonymous&gt;)
    at callAsyncCircusFn (/Users/cmuir/P1Import-apps/P1-import-Subsystem/node_modules/jest-circus/build/jestAdapterInit.js:1499:10)
    at _callCircusHook (/Users/cmuir/P1Import-apps/P1-import-Subsystem/node_modules/jest-circus/build/jestAdapterInit.js:978:40)
    at processTicksAndRejections (node:internal/process/task_queues:105:5)
    at _runTest (/Users/cmuir/P1Import-apps/P1-import-Subsystem/node_modules/jest-circus/build/jestAdapterInit.js:951:5)
    at _runTestsForDescribeBlock (/Users/cmuir/P1Import-apps/P1-import-Subsystem/node_modules/jest-circus/build/jestAdapterInit.js:839:13)
    at _runTestsForDescribeBlock (/Users/cmuir/P1Import-apps/P1-import-Subsystem/node_modules/jest-circus/build/jestAdapterInit.js:829:11)
    at _runTestsForDescribeBlock (/Users/cmuir/P1Import-apps/P1-import-Subsystem/node_modules/jest-circus/build/jestAdapterInit.js:829:11)
    at run (/Users/cmuir/P1Import-apps/P1-import-Subsystem/node_modules/jest-circus/build/jestAdapterInit.js:757:3)
    at runAndTransformResultsToJestFormat (/Users/cmuir/P1Import-apps/P1-import-Subsystem/node_modules/jest-circus/build/jestAdapterInit.js:1920:21)
    at jestAdapter (/Users/cmuir/P1Import-apps/P1-import-Subsystem/node_modules/jest-circus/build/runner.js:101:19)
    at runTestInternal (/Users/cmuir/P1Import-apps/P1-import-Subsystem/node_modules/jest-runner/build/testWorker.js:275:16)
    at runTest (/Users/cmuir/P1Import-apps/P1-import-Subsystem/node_modules/jest-runner/build/testWorker.js:343:7)
    at Object.worker (/Users/cmuir/P1Import-apps/P1-import-Subsystem/node_modules/jest-runner/build/testWorker.js:497:12)</failure>
    </testcase>
    <testcase classname="API Routes - Comprehensive Testing › Error Handling" name="should handle missing required fields" time="0">
      <failure>Error: Cannot find module &apos;../../server.js&apos; from &apos;test/api/api/comprehensive-api.test.js&apos;
    at Resolver._throwModNotFoundError (/Users/cmuir/P1Import-apps/P1-import-Subsystem/node_modules/jest-resolve/build/index.js:863:11)
    at Resolver.resolveModuleAsync (/Users/cmuir/P1Import-apps/P1-import-Subsystem/node_modules/jest-resolve/build/index.js:820:10)
    at processTicksAndRejections (node:internal/process/task_queues:105:5)
    at Resolver.getModuleIDAsync (/Users/cmuir/P1Import-apps/P1-import-Subsystem/node_modules/jest-resolve/build/index.js:967:26)
    at Runtime._shouldMockModule (/Users/cmuir/P1Import-apps/P1-import-Subsystem/node_modules/jest-runtime/build/index.js:1527:22)
    at Runtime.resolveModule (/Users/cmuir/P1Import-apps/P1-import-Subsystem/node_modules/jest-runtime/build/index.js:657:9)
    at importModuleDynamically (/Users/cmuir/P1Import-apps/P1-import-Subsystem/node_modules/jest-runtime/build/index.js:526:30)
    at importModuleDynamicallyWrapper (node:internal/vm/module:436:15)
    at Object.&lt;anonymous&gt; (/Users/cmuir/P1Import-apps/P1-import-Subsystem/test/api/api/comprehensive-api.test.js:32:26)</failure>
      <failure>ReferenceError: testUtils is not defined
    at Object.&lt;anonymous&gt; (/Users/cmuir/P1Import-apps/P1-import-Subsystem/test/api/api/comprehensive-api.test.js:66:5)
    at Promise.finally.completed (/Users/cmuir/P1Import-apps/P1-import-Subsystem/node_modules/jest-circus/build/jestAdapterInit.js:1559:28)
    at new Promise (&lt;anonymous&gt;)
    at callAsyncCircusFn (/Users/cmuir/P1Import-apps/P1-import-Subsystem/node_modules/jest-circus/build/jestAdapterInit.js:1499:10)
    at _callCircusHook (/Users/cmuir/P1Import-apps/P1-import-Subsystem/node_modules/jest-circus/build/jestAdapterInit.js:978:40)
    at processTicksAndRejections (node:internal/process/task_queues:105:5)
    at _runTest (/Users/cmuir/P1Import-apps/P1-import-Subsystem/node_modules/jest-circus/build/jestAdapterInit.js:951:5)
    at _runTestsForDescribeBlock (/Users/cmuir/P1Import-apps/P1-import-Subsystem/node_modules/jest-circus/build/jestAdapterInit.js:839:13)
    at _runTestsForDescribeBlock (/Users/cmuir/P1Import-apps/P1-import-Subsystem/node_modules/jest-circus/build/jestAdapterInit.js:829:11)
    at _runTestsForDescribeBlock (/Users/cmuir/P1Import-apps/P1-import-Subsystem/node_modules/jest-circus/build/jestAdapterInit.js:829:11)
    at run (/Users/cmuir/P1Import-apps/P1-import-Subsystem/node_modules/jest-circus/build/jestAdapterInit.js:757:3)
    at runAndTransformResultsToJestFormat (/Users/cmuir/P1Import-apps/P1-import-Subsystem/node_modules/jest-circus/build/jestAdapterInit.js:1920:21)
    at jestAdapter (/Users/cmuir/P1Import-apps/P1-import-Subsystem/node_modules/jest-circus/build/runner.js:101:19)
    at runTestInternal (/Users/cmuir/P1Import-apps/P1-import-Subsystem/node_modules/jest-runner/build/testWorker.js:275:16)
    at runTest (/Users/cmuir/P1Import-apps/P1-import-Subsystem/node_modules/jest-runner/build/testWorker.js:343:7)
    at Object.worker (/Users/cmuir/P1Import-apps/P1-import-Subsystem/node_modules/jest-runner/build/testWorker.js:497:12)</failure>
    </testcase>
    <testcase classname="API Routes - Comprehensive Testing › Error Handling" name="should handle invalid file types" time="0">
      <failure>Error: Cannot find module &apos;../../server.js&apos; from &apos;test/api/api/comprehensive-api.test.js&apos;
    at Resolver._throwModNotFoundError (/Users/cmuir/P1Import-apps/P1-import-Subsystem/node_modules/jest-resolve/build/index.js:863:11)
    at Resolver.resolveModuleAsync (/Users/cmuir/P1Import-apps/P1-import-Subsystem/node_modules/jest-resolve/build/index.js:820:10)
    at processTicksAndRejections (node:internal/process/task_queues:105:5)
    at Resolver.getModuleIDAsync (/Users/cmuir/P1Import-apps/P1-import-Subsystem/node_modules/jest-resolve/build/index.js:967:26)
    at Runtime._shouldMockModule (/Users/cmuir/P1Import-apps/P1-import-Subsystem/node_modules/jest-runtime/build/index.js:1527:22)
    at Runtime.resolveModule (/Users/cmuir/P1Import-apps/P1-import-Subsystem/node_modules/jest-runtime/build/index.js:657:9)
    at importModuleDynamically (/Users/cmuir/P1Import-apps/P1-import-Subsystem/node_modules/jest-runtime/build/index.js:526:30)
    at importModuleDynamicallyWrapper (node:internal/vm/module:436:15)
    at Object.&lt;anonymous&gt; (/Users/cmuir/P1Import-apps/P1-import-Subsystem/test/api/api/comprehensive-api.test.js:32:26)</failure>
      <failure>ReferenceError: testUtils is not defined
    at Object.&lt;anonymous&gt; (/Users/cmuir/P1Import-apps/P1-import-Subsystem/test/api/api/comprehensive-api.test.js:66:5)
    at Promise.finally.completed (/Users/cmuir/P1Import-apps/P1-import-Subsystem/node_modules/jest-circus/build/jestAdapterInit.js:1559:28)
    at new Promise (&lt;anonymous&gt;)
    at callAsyncCircusFn (/Users/cmuir/P1Import-apps/P1-import-Subsystem/node_modules/jest-circus/build/jestAdapterInit.js:1499:10)
    at _callCircusHook (/Users/cmuir/P1Import-apps/P1-import-Subsystem/node_modules/jest-circus/build/jestAdapterInit.js:978:40)
    at processTicksAndRejections (node:internal/process/task_queues:105:5)
    at _runTest (/Users/cmuir/P1Import-apps/P1-import-Subsystem/node_modules/jest-circus/build/jestAdapterInit.js:951:5)
    at _runTestsForDescribeBlock (/Users/cmuir/P1Import-apps/P1-import-Subsystem/node_modules/jest-circus/build/jestAdapterInit.js:839:13)
    at _runTestsForDescribeBlock (/Users/cmuir/P1Import-apps/P1-import-Subsystem/node_modules/jest-circus/build/jestAdapterInit.js:829:11)
    at _runTestsForDescribeBlock (/Users/cmuir/P1Import-apps/P1-import-Subsystem/node_modules/jest-circus/build/jestAdapterInit.js:829:11)
    at run (/Users/cmuir/P1Import-apps/P1-import-Subsystem/node_modules/jest-circus/build/jestAdapterInit.js:757:3)
    at runAndTransformResultsToJestFormat (/Users/cmuir/P1Import-apps/P1-import-Subsystem/node_modules/jest-circus/build/jestAdapterInit.js:1920:21)
    at jestAdapter (/Users/cmuir/P1Import-apps/P1-import-Subsystem/node_modules/jest-circus/build/runner.js:101:19)
    at runTestInternal (/Users/cmuir/P1Import-apps/P1-import-Subsystem/node_modules/jest-runner/build/testWorker.js:275:16)
    at runTest (/Users/cmuir/P1Import-apps/P1-import-Subsystem/node_modules/jest-runner/build/testWorker.js:343:7)
    at Object.worker (/Users/cmuir/P1Import-apps/P1-import-Subsystem/node_modules/jest-runner/build/testWorker.js:497:12)</failure>
    </testcase>
    <testcase classname="API Routes - Comprehensive Testing › Performance &amp; Load Tests" name="should handle concurrent requests efficiently" time="0">
      <failure>Error: Cannot find module &apos;../../server.js&apos; from &apos;test/api/api/comprehensive-api.test.js&apos;
    at Resolver._throwModNotFoundError (/Users/cmuir/P1Import-apps/P1-import-Subsystem/node_modules/jest-resolve/build/index.js:863:11)
    at Resolver.resolveModuleAsync (/Users/cmuir/P1Import-apps/P1-import-Subsystem/node_modules/jest-resolve/build/index.js:820:10)
    at processTicksAndRejections (node:internal/process/task_queues:105:5)
    at Resolver.getModuleIDAsync (/Users/cmuir/P1Import-apps/P1-import-Subsystem/node_modules/jest-resolve/build/index.js:967:26)
    at Runtime._shouldMockModule (/Users/cmuir/P1Import-apps/P1-import-Subsystem/node_modules/jest-runtime/build/index.js:1527:22)
    at Runtime.resolveModule (/Users/cmuir/P1Import-apps/P1-import-Subsystem/node_modules/jest-runtime/build/index.js:657:9)
    at importModuleDynamically (/Users/cmuir/P1Import-apps/P1-import-Subsystem/node_modules/jest-runtime/build/index.js:526:30)
    at importModuleDynamicallyWrapper (node:internal/vm/module:436:15)
    at Object.&lt;anonymous&gt; (/Users/cmuir/P1Import-apps/P1-import-Subsystem/test/api/api/comprehensive-api.test.js:32:26)</failure>
      <failure>ReferenceError: testUtils is not defined
    at Object.&lt;anonymous&gt; (/Users/cmuir/P1Import-apps/P1-import-Subsystem/test/api/api/comprehensive-api.test.js:66:5)
    at Promise.finally.completed (/Users/cmuir/P1Import-apps/P1-import-Subsystem/node_modules/jest-circus/build/jestAdapterInit.js:1559:28)
    at new Promise (&lt;anonymous&gt;)
    at callAsyncCircusFn (/Users/cmuir/P1Import-apps/P1-import-Subsystem/node_modules/jest-circus/build/jestAdapterInit.js:1499:10)
    at _callCircusHook (/Users/cmuir/P1Import-apps/P1-import-Subsystem/node_modules/jest-circus/build/jestAdapterInit.js:978:40)
    at processTicksAndRejections (node:internal/process/task_queues:105:5)
    at _runTest (/Users/cmuir/P1Import-apps/P1-import-Subsystem/node_modules/jest-circus/build/jestAdapterInit.js:951:5)
    at _runTestsForDescribeBlock (/Users/cmuir/P1Import-apps/P1-import-Subsystem/node_modules/jest-circus/build/jestAdapterInit.js:839:13)
    at _runTestsForDescribeBlock (/Users/cmuir/P1Import-apps/P1-import-Subsystem/node_modules/jest-circus/build/jestAdapterInit.js:829:11)
    at _runTestsForDescribeBlock (/Users/cmuir/P1Import-apps/P1-import-Subsystem/node_modules/jest-circus/build/jestAdapterInit.js:829:11)
    at run (/Users/cmuir/P1Import-apps/P1-import-Subsystem/node_modules/jest-circus/build/jestAdapterInit.js:757:3)
    at runAndTransformResultsToJestFormat (/Users/cmuir/P1Import-apps/P1-import-Subsystem/node_modules/jest-circus/build/jestAdapterInit.js:1920:21)
    at jestAdapter (/Users/cmuir/P1Import-apps/P1-import-Subsystem/node_modules/jest-circus/build/runner.js:101:19)
    at runTestInternal (/Users/cmuir/P1Import-apps/P1-import-Subsystem/node_modules/jest-runner/build/testWorker.js:275:16)
    at runTest (/Users/cmuir/P1Import-apps/P1-import-Subsystem/node_modules/jest-runner/build/testWorker.js:343:7)
    at Object.worker (/Users/cmuir/P1Import-apps/P1-import-Subsystem/node_modules/jest-runner/build/testWorker.js:497:12)</failure>
    </testcase>
    <testcase classname="API Routes - Comprehensive Testing › Performance &amp; Load Tests" name="should handle large payloads gracefully" time="0">
      <failure>Error: Cannot find module &apos;../../server.js&apos; from &apos;test/api/api/comprehensive-api.test.js&apos;
    at Resolver._throwModNotFoundError (/Users/cmuir/P1Import-apps/P1-import-Subsystem/node_modules/jest-resolve/build/index.js:863:11)
    at Resolver.resolveModuleAsync (/Users/cmuir/P1Import-apps/P1-import-Subsystem/node_modules/jest-resolve/build/index.js:820:10)
    at processTicksAndRejections (node:internal/process/task_queues:105:5)
    at Resolver.getModuleIDAsync (/Users/cmuir/P1Import-apps/P1-import-Subsystem/node_modules/jest-resolve/build/index.js:967:26)
    at Runtime._shouldMockModule (/Users/cmuir/P1Import-apps/P1-import-Subsystem/node_modules/jest-runtime/build/index.js:1527:22)
    at Runtime.resolveModule (/Users/cmuir/P1Import-apps/P1-import-Subsystem/node_modules/jest-runtime/build/index.js:657:9)
    at importModuleDynamically (/Users/cmuir/P1Import-apps/P1-import-Subsystem/node_modules/jest-runtime/build/index.js:526:30)
    at importModuleDynamicallyWrapper (node:internal/vm/module:436:15)
    at Object.&lt;anonymous&gt; (/Users/cmuir/P1Import-apps/P1-import-Subsystem/test/api/api/comprehensive-api.test.js:32:26)</failure>
      <failure>ReferenceError: testUtils is not defined
    at Object.&lt;anonymous&gt; (/Users/cmuir/P1Import-apps/P1-import-Subsystem/test/api/api/comprehensive-api.test.js:66:5)
    at Promise.finally.completed (/Users/cmuir/P1Import-apps/P1-import-Subsystem/node_modules/jest-circus/build/jestAdapterInit.js:1559:28)
    at new Promise (&lt;anonymous&gt;)
    at callAsyncCircusFn (/Users/cmuir/P1Import-apps/P1-import-Subsystem/node_modules/jest-circus/build/jestAdapterInit.js:1499:10)
    at _callCircusHook (/Users/cmuir/P1Import-apps/P1-import-Subsystem/node_modules/jest-circus/build/jestAdapterInit.js:978:40)
    at processTicksAndRejections (node:internal/process/task_queues:105:5)
    at _runTest (/Users/cmuir/P1Import-apps/P1-import-Subsystem/node_modules/jest-circus/build/jestAdapterInit.js:951:5)
    at _runTestsForDescribeBlock (/Users/cmuir/P1Import-apps/P1-import-Subsystem/node_modules/jest-circus/build/jestAdapterInit.js:839:13)
    at _runTestsForDescribeBlock (/Users/cmuir/P1Import-apps/P1-import-Subsystem/node_modules/jest-circus/build/jestAdapterInit.js:829:11)
    at _runTestsForDescribeBlock (/Users/cmuir/P1Import-apps/P1-import-Subsystem/node_modules/jest-circus/build/jestAdapterInit.js:829:11)
    at run (/Users/cmuir/P1Import-apps/P1-import-Subsystem/node_modules/jest-circus/build/jestAdapterInit.js:757:3)
    at runAndTransformResultsToJestFormat (/Users/cmuir/P1Import-apps/P1-import-Subsystem/node_modules/jest-circus/build/jestAdapterInit.js:1920:21)
    at jestAdapter (/Users/cmuir/P1Import-apps/P1-import-Subsystem/node_modules/jest-circus/build/runner.js:101:19)
    at runTestInternal (/Users/cmuir/P1Import-apps/P1-import-Subsystem/node_modules/jest-runner/build/testWorker.js:275:16)
    at runTest (/Users/cmuir/P1Import-apps/P1-import-Subsystem/node_modules/jest-runner/build/testWorker.js:343:7)
    at Object.worker (/Users/cmuir/P1Import-apps/P1-import-Subsystem/node_modules/jest-runner/build/testWorker.js:497:12)</failure>
    </testcase>
  </testsuite>
  <testsuite name="test/integration/javascript-functionality.test.mjs" errors="0" failures="5" skipped="0" timestamp="2025-08-20T11:47:21" time="0.314" tests="5">
    <testcase classname="🔧 JavaScript Functionality Tests" name="should load centralized-logger without syntax errors" time="0.013">
      <failure>Error: expect(received).toBe(expected) // Object.is equality

Expected: 200
Received: 500
    at Object.&lt;anonymous&gt; (/Users/cmuir/P1Import-apps/P1-import-Subsystem/test/integration/javascript-functionality.test.mjs:73:37)
    at processTicksAndRejections (node:internal/process/task_queues:105:5)</failure>
    </testcase>
    <testcase classname="🔧 JavaScript Functionality Tests" name="should create logger with startTimer and endTimer methods" time="0.002">
      <failure>TypeError: window.CentralizedLogger is not a constructor
    at Object.&lt;anonymous&gt; (/Users/cmuir/P1Import-apps/P1-import-Subsystem/test/integration/javascript-functionality.test.mjs:104:28)
    at Promise.finally.completed (/Users/cmuir/P1Import-apps/P1-import-Subsystem/node_modules/jest-circus/build/jestAdapterInit.js:1559:28)
    at new Promise (&lt;anonymous&gt;)
    at callAsyncCircusFn (/Users/cmuir/P1Import-apps/P1-import-Subsystem/node_modules/jest-circus/build/jestAdapterInit.js:1499:10)
    at _callCircusTest (/Users/cmuir/P1Import-apps/P1-import-Subsystem/node_modules/jest-circus/build/jestAdapterInit.js:1009:40)
    at processTicksAndRejections (node:internal/process/task_queues:105:5)
    at _runTest (/Users/cmuir/P1Import-apps/P1-import-Subsystem/node_modules/jest-circus/build/jestAdapterInit.js:949:3)
    at _runTestsForDescribeBlock (/Users/cmuir/P1Import-apps/P1-import-Subsystem/node_modules/jest-circus/build/jestAdapterInit.js:839:13)
    at _runTestsForDescribeBlock (/Users/cmuir/P1Import-apps/P1-import-Subsystem/node_modules/jest-circus/build/jestAdapterInit.js:829:11)
    at run (/Users/cmuir/P1Import-apps/P1-import-Subsystem/node_modules/jest-circus/build/jestAdapterInit.js:757:3)
    at runAndTransformResultsToJestFormat (/Users/cmuir/P1Import-apps/P1-import-Subsystem/node_modules/jest-circus/build/jestAdapterInit.js:1920:21)
    at jestAdapter (/Users/cmuir/P1Import-apps/P1-import-Subsystem/node_modules/jest-circus/build/runner.js:101:19)
    at runTestInternal (/Users/cmuir/P1Import-apps/P1-import-Subsystem/node_modules/jest-runner/build/testWorker.js:275:16)
    at runTest (/Users/cmuir/P1Import-apps/P1-import-Subsystem/node_modules/jest-runner/build/testWorker.js:343:7)
    at Object.worker (/Users/cmuir/P1Import-apps/P1-import-Subsystem/node_modules/jest-runner/build/testWorker.js:497:12)</failure>
    </testcase>
    <testcase classname="🔧 JavaScript Functionality Tests" name="should load centralized-logger-fallback without syntax errors" time="0.008">
      <failure>Error: expect(received).toBeDefined()

Received: undefined
    at Object.&lt;anonymous&gt; (/Users/cmuir/P1Import-apps/P1-import-Subsystem/test/integration/javascript-functionality.test.mjs:157:35)
    at processTicksAndRejections (node:internal/process/task_queues:105:5)</failure>
    </testcase>
    <testcase classname="🔧 JavaScript Functionality Tests" name="should load error-fix.js without syntax errors" time="0.007">
      <failure>Error: expect(received).toBe(expected) // Object.is equality

Expected: 200
Received: 500
    at Object.&lt;anonymous&gt; (/Users/cmuir/P1Import-apps/P1-import-Subsystem/test/integration/javascript-functionality.test.mjs:181:37)
    at processTicksAndRejections (node:internal/process/task_queues:105:5)</failure>
    </testcase>
    <testcase classname="🔧 JavaScript Functionality Tests" name="should handle timer functionality correctly" time="0.002">
      <failure>Error: expect(received).toBeDefined()

Received: undefined
    at Object.&lt;anonymous&gt; (/Users/cmuir/P1Import-apps/P1-import-Subsystem/test/integration/javascript-functionality.test.mjs:213:35)
    at Promise.finally.completed (/Users/cmuir/P1Import-apps/P1-import-Subsystem/node_modules/jest-circus/build/jestAdapterInit.js:1559:28)
    at new Promise (&lt;anonymous&gt;)
    at callAsyncCircusFn (/Users/cmuir/P1Import-apps/P1-import-Subsystem/node_modules/jest-circus/build/jestAdapterInit.js:1499:10)
    at _callCircusTest (/Users/cmuir/P1Import-apps/P1-import-Subsystem/node_modules/jest-circus/build/jestAdapterInit.js:1009:40)
    at processTicksAndRejections (node:internal/process/task_queues:105:5)
    at _runTest (/Users/cmuir/P1Import-apps/P1-import-Subsystem/node_modules/jest-circus/build/jestAdapterInit.js:949:3)
    at _runTestsForDescribeBlock (/Users/cmuir/P1Import-apps/P1-import-Subsystem/node_modules/jest-circus/build/jestAdapterInit.js:839:13)
    at _runTestsForDescribeBlock (/Users/cmuir/P1Import-apps/P1-import-Subsystem/node_modules/jest-circus/build/jestAdapterInit.js:829:11)
    at run (/Users/cmuir/P1Import-apps/P1-import-Subsystem/node_modules/jest-circus/build/jestAdapterInit.js:757:3)
    at runAndTransformResultsToJestFormat (/Users/cmuir/P1Import-apps/P1-import-Subsystem/node_modules/jest-circus/build/jestAdapterInit.js:1920:21)
    at jestAdapter (/Users/cmuir/P1Import-apps/P1-import-Subsystem/node_modules/jest-circus/build/runner.js:101:19)
    at runTestInternal (/Users/cmuir/P1Import-apps/P1-import-Subsystem/node_modules/jest-runner/build/testWorker.js:275:16)
    at runTest (/Users/cmuir/P1Import-apps/P1-import-Subsystem/node_modules/jest-runner/build/testWorker.js:343:7)
    at Object.worker (/Users/cmuir/P1Import-apps/P1-import-Subsystem/node_modules/jest-runner/build/testWorker.js:497:12)</failure>
    </testcase>
  </testsuite>
  <testsuite name="test/unit/swagger-ui-integration.test.js" errors="0" failures="15" skipped="0" timestamp="2025-08-20T11:47:21" time="0.382" tests="15">
    <testcase classname="Swagger UI Integration with Subsystems › SwaggerUIManager Initialization" name="should initialize successfully with valid subsystem responses" time="0.029">
      <failure>ReferenceError: jest is not defined
    at Object.&lt;anonymous&gt; (/Users/cmuir/P1Import-apps/P1-import-Subsystem/test/unit/swagger-ui-integration.test.js:48:20)
    at Promise.finally.completed (/Users/cmuir/P1Import-apps/P1-import-Subsystem/node_modules/jest-circus/build/jestAdapterInit.js:1559:28)
    at new Promise (&lt;anonymous&gt;)
    at callAsyncCircusFn (/Users/cmuir/P1Import-apps/P1-import-Subsystem/node_modules/jest-circus/build/jestAdapterInit.js:1499:10)
    at _callCircusHook (/Users/cmuir/P1Import-apps/P1-import-Subsystem/node_modules/jest-circus/build/jestAdapterInit.js:978:40)
    at processTicksAndRejections (node:internal/process/task_queues:105:5)
    at _runTest (/Users/cmuir/P1Import-apps/P1-import-Subsystem/node_modules/jest-circus/build/jestAdapterInit.js:943:5)
    at _runTestsForDescribeBlock (/Users/cmuir/P1Import-apps/P1-import-Subsystem/node_modules/jest-circus/build/jestAdapterInit.js:839:13)
    at _runTestsForDescribeBlock (/Users/cmuir/P1Import-apps/P1-import-Subsystem/node_modules/jest-circus/build/jestAdapterInit.js:829:11)
    at _runTestsForDescribeBlock (/Users/cmuir/P1Import-apps/P1-import-Subsystem/node_modules/jest-circus/build/jestAdapterInit.js:829:11)
    at run (/Users/cmuir/P1Import-apps/P1-import-Subsystem/node_modules/jest-circus/build/jestAdapterInit.js:757:3)
    at runAndTransformResultsToJestFormat (/Users/cmuir/P1Import-apps/P1-import-Subsystem/node_modules/jest-circus/build/jestAdapterInit.js:1920:21)
    at jestAdapter (/Users/cmuir/P1Import-apps/P1-import-Subsystem/node_modules/jest-circus/build/runner.js:101:19)
    at runTestInternal (/Users/cmuir/P1Import-apps/P1-import-Subsystem/node_modules/jest-runner/build/testWorker.js:275:16)
    at runTest (/Users/cmuir/P1Import-apps/P1-import-Subsystem/node_modules/jest-runner/build/testWorker.js:343:7)
    at Object.worker (/Users/cmuir/P1Import-apps/P1-import-Subsystem/node_modules/jest-runner/build/testWorker.js:497:12)</failure>
      <failure>ReferenceError: jest is not defined
    at Object.&lt;anonymous&gt; (/Users/cmuir/P1Import-apps/P1-import-Subsystem/test/unit/swagger-ui-integration.test.js:192:5)
    at Promise.finally.completed (/Users/cmuir/P1Import-apps/P1-import-Subsystem/node_modules/jest-circus/build/jestAdapterInit.js:1559:28)
    at new Promise (&lt;anonymous&gt;)
    at callAsyncCircusFn (/Users/cmuir/P1Import-apps/P1-import-Subsystem/node_modules/jest-circus/build/jestAdapterInit.js:1499:10)
    at _callCircusHook (/Users/cmuir/P1Import-apps/P1-import-Subsystem/node_modules/jest-circus/build/jestAdapterInit.js:978:40)
    at processTicksAndRejections (node:internal/process/task_queues:105:5)
    at _runTest (/Users/cmuir/P1Import-apps/P1-import-Subsystem/node_modules/jest-circus/build/jestAdapterInit.js:951:5)
    at _runTestsForDescribeBlock (/Users/cmuir/P1Import-apps/P1-import-Subsystem/node_modules/jest-circus/build/jestAdapterInit.js:839:13)
    at _runTestsForDescribeBlock (/Users/cmuir/P1Import-apps/P1-import-Subsystem/node_modules/jest-circus/build/jestAdapterInit.js:829:11)
    at _runTestsForDescribeBlock (/Users/cmuir/P1Import-apps/P1-import-Subsystem/node_modules/jest-circus/build/jestAdapterInit.js:829:11)
    at run (/Users/cmuir/P1Import-apps/P1-import-Subsystem/node_modules/jest-circus/build/jestAdapterInit.js:757:3)
    at runAndTransformResultsToJestFormat (/Users/cmuir/P1Import-apps/P1-import-Subsystem/node_modules/jest-circus/build/jestAdapterInit.js:1920:21)
    at jestAdapter (/Users/cmuir/P1Import-apps/P1-import-Subsystem/node_modules/jest-circus/build/runner.js:101:19)
    at runTestInternal (/Users/cmuir/P1Import-apps/P1-import-Subsystem/node_modules/jest-runner/build/testWorker.js:275:16)
    at runTest (/Users/cmuir/P1Import-apps/P1-import-Subsystem/node_modules/jest-runner/build/testWorker.js:343:7)
    at Object.worker (/Users/cmuir/P1Import-apps/P1-import-Subsystem/node_modules/jest-runner/build/testWorker.js:497:12)</failure>
    </testcase>
    <testcase classname="Swagger UI Integration with Subsystems › SwaggerUIManager Initialization" name="should handle initialization failure gracefully" time="0.005">
      <failure>ReferenceError: jest is not defined
    at Object.&lt;anonymous&gt; (/Users/cmuir/P1Import-apps/P1-import-Subsystem/test/unit/swagger-ui-integration.test.js:48:20)
    at Promise.finally.completed (/Users/cmuir/P1Import-apps/P1-import-Subsystem/node_modules/jest-circus/build/jestAdapterInit.js:1559:28)
    at new Promise (&lt;anonymous&gt;)
    at callAsyncCircusFn (/Users/cmuir/P1Import-apps/P1-import-Subsystem/node_modules/jest-circus/build/jestAdapterInit.js:1499:10)
    at _callCircusHook (/Users/cmuir/P1Import-apps/P1-import-Subsystem/node_modules/jest-circus/build/jestAdapterInit.js:978:40)
    at processTicksAndRejections (node:internal/process/task_queues:105:5)
    at _runTest (/Users/cmuir/P1Import-apps/P1-import-Subsystem/node_modules/jest-circus/build/jestAdapterInit.js:943:5)
    at _runTestsForDescribeBlock (/Users/cmuir/P1Import-apps/P1-import-Subsystem/node_modules/jest-circus/build/jestAdapterInit.js:839:13)
    at _runTestsForDescribeBlock (/Users/cmuir/P1Import-apps/P1-import-Subsystem/node_modules/jest-circus/build/jestAdapterInit.js:829:11)
    at _runTestsForDescribeBlock (/Users/cmuir/P1Import-apps/P1-import-Subsystem/node_modules/jest-circus/build/jestAdapterInit.js:829:11)
    at run (/Users/cmuir/P1Import-apps/P1-import-Subsystem/node_modules/jest-circus/build/jestAdapterInit.js:757:3)
    at runAndTransformResultsToJestFormat (/Users/cmuir/P1Import-apps/P1-import-Subsystem/node_modules/jest-circus/build/jestAdapterInit.js:1920:21)
    at jestAdapter (/Users/cmuir/P1Import-apps/P1-import-Subsystem/node_modules/jest-circus/build/runner.js:101:19)
    at runTestInternal (/Users/cmuir/P1Import-apps/P1-import-Subsystem/node_modules/jest-runner/build/testWorker.js:275:16)
    at runTest (/Users/cmuir/P1Import-apps/P1-import-Subsystem/node_modules/jest-runner/build/testWorker.js:343:7)
    at Object.worker (/Users/cmuir/P1Import-apps/P1-import-Subsystem/node_modules/jest-runner/build/testWorker.js:497:12)</failure>
      <failure>ReferenceError: jest is not defined
    at Object.&lt;anonymous&gt; (/Users/cmuir/P1Import-apps/P1-import-Subsystem/test/unit/swagger-ui-integration.test.js:192:5)
    at Promise.finally.completed (/Users/cmuir/P1Import-apps/P1-import-Subsystem/node_modules/jest-circus/build/jestAdapterInit.js:1559:28)
    at new Promise (&lt;anonymous&gt;)
    at callAsyncCircusFn (/Users/cmuir/P1Import-apps/P1-import-Subsystem/node_modules/jest-circus/build/jestAdapterInit.js:1499:10)
    at _callCircusHook (/Users/cmuir/P1Import-apps/P1-import-Subsystem/node_modules/jest-circus/build/jestAdapterInit.js:978:40)
    at processTicksAndRejections (node:internal/process/task_queues:105:5)
    at _runTest (/Users/cmuir/P1Import-apps/P1-import-Subsystem/node_modules/jest-circus/build/jestAdapterInit.js:951:5)
    at _runTestsForDescribeBlock (/Users/cmuir/P1Import-apps/P1-import-Subsystem/node_modules/jest-circus/build/jestAdapterInit.js:839:13)
    at _runTestsForDescribeBlock (/Users/cmuir/P1Import-apps/P1-import-Subsystem/node_modules/jest-circus/build/jestAdapterInit.js:829:11)
    at _runTestsForDescribeBlock (/Users/cmuir/P1Import-apps/P1-import-Subsystem/node_modules/jest-circus/build/jestAdapterInit.js:829:11)
    at run (/Users/cmuir/P1Import-apps/P1-import-Subsystem/node_modules/jest-circus/build/jestAdapterInit.js:757:3)
    at runAndTransformResultsToJestFormat (/Users/cmuir/P1Import-apps/P1-import-Subsystem/node_modules/jest-circus/build/jestAdapterInit.js:1920:21)
    at jestAdapter (/Users/cmuir/P1Import-apps/P1-import-Subsystem/node_modules/jest-circus/build/runner.js:101:19)
    at runTestInternal (/Users/cmuir/P1Import-apps/P1-import-Subsystem/node_modules/jest-runner/build/testWorker.js:275:16)
    at runTest (/Users/cmuir/P1Import-apps/P1-import-Subsystem/node_modules/jest-runner/build/testWorker.js:343:7)
    at Object.worker (/Users/cmuir/P1Import-apps/P1-import-Subsystem/node_modules/jest-runner/build/testWorker.js:497:12)</failure>
    </testcase>
    <testcase classname="Swagger UI Integration with Subsystems › SwaggerUIManager Initialization" name="should load settings from SettingsSubsystem API" time="0.003">
      <failure>ReferenceError: jest is not defined
    at Object.&lt;anonymous&gt; (/Users/cmuir/P1Import-apps/P1-import-Subsystem/test/unit/swagger-ui-integration.test.js:48:20)
    at Promise.finally.completed (/Users/cmuir/P1Import-apps/P1-import-Subsystem/node_modules/jest-circus/build/jestAdapterInit.js:1559:28)
    at new Promise (&lt;anonymous&gt;)
    at callAsyncCircusFn (/Users/cmuir/P1Import-apps/P1-import-Subsystem/node_modules/jest-circus/build/jestAdapterInit.js:1499:10)
    at _callCircusHook (/Users/cmuir/P1Import-apps/P1-import-Subsystem/node_modules/jest-circus/build/jestAdapterInit.js:978:40)
    at processTicksAndRejections (node:internal/process/task_queues:105:5)
    at _runTest (/Users/cmuir/P1Import-apps/P1-import-Subsystem/node_modules/jest-circus/build/jestAdapterInit.js:943:5)
    at _runTestsForDescribeBlock (/Users/cmuir/P1Import-apps/P1-import-Subsystem/node_modules/jest-circus/build/jestAdapterInit.js:839:13)
    at _runTestsForDescribeBlock (/Users/cmuir/P1Import-apps/P1-import-Subsystem/node_modules/jest-circus/build/jestAdapterInit.js:829:11)
    at _runTestsForDescribeBlock (/Users/cmuir/P1Import-apps/P1-import-Subsystem/node_modules/jest-circus/build/jestAdapterInit.js:829:11)
    at run (/Users/cmuir/P1Import-apps/P1-import-Subsystem/node_modules/jest-circus/build/jestAdapterInit.js:757:3)
    at runAndTransformResultsToJestFormat (/Users/cmuir/P1Import-apps/P1-import-Subsystem/node_modules/jest-circus/build/jestAdapterInit.js:1920:21)
    at jestAdapter (/Users/cmuir/P1Import-apps/P1-import-Subsystem/node_modules/jest-circus/build/runner.js:101:19)
    at runTestInternal (/Users/cmuir/P1Import-apps/P1-import-Subsystem/node_modules/jest-runner/build/testWorker.js:275:16)
    at runTest (/Users/cmuir/P1Import-apps/P1-import-Subsystem/node_modules/jest-runner/build/testWorker.js:343:7)
    at Object.worker (/Users/cmuir/P1Import-apps/P1-import-Subsystem/node_modules/jest-runner/build/testWorker.js:497:12)</failure>
      <failure>ReferenceError: jest is not defined
    at Object.&lt;anonymous&gt; (/Users/cmuir/P1Import-apps/P1-import-Subsystem/test/unit/swagger-ui-integration.test.js:192:5)
    at Promise.finally.completed (/Users/cmuir/P1Import-apps/P1-import-Subsystem/node_modules/jest-circus/build/jestAdapterInit.js:1559:28)
    at new Promise (&lt;anonymous&gt;)
    at callAsyncCircusFn (/Users/cmuir/P1Import-apps/P1-import-Subsystem/node_modules/jest-circus/build/jestAdapterInit.js:1499:10)
    at _callCircusHook (/Users/cmuir/P1Import-apps/P1-import-Subsystem/node_modules/jest-circus/build/jestAdapterInit.js:978:40)
    at processTicksAndRejections (node:internal/process/task_queues:105:5)
    at _runTest (/Users/cmuir/P1Import-apps/P1-import-Subsystem/node_modules/jest-circus/build/jestAdapterInit.js:951:5)
    at _runTestsForDescribeBlock (/Users/cmuir/P1Import-apps/P1-import-Subsystem/node_modules/jest-circus/build/jestAdapterInit.js:839:13)
    at _runTestsForDescribeBlock (/Users/cmuir/P1Import-apps/P1-import-Subsystem/node_modules/jest-circus/build/jestAdapterInit.js:829:11)
    at _runTestsForDescribeBlock (/Users/cmuir/P1Import-apps/P1-import-Subsystem/node_modules/jest-circus/build/jestAdapterInit.js:829:11)
    at run (/Users/cmuir/P1Import-apps/P1-import-Subsystem/node_modules/jest-circus/build/jestAdapterInit.js:757:3)
    at runAndTransformResultsToJestFormat (/Users/cmuir/P1Import-apps/P1-import-Subsystem/node_modules/jest-circus/build/jestAdapterInit.js:1920:21)
    at jestAdapter (/Users/cmuir/P1Import-apps/P1-import-Subsystem/node_modules/jest-circus/build/runner.js:101:19)
    at runTestInternal (/Users/cmuir/P1Import-apps/P1-import-Subsystem/node_modules/jest-runner/build/testWorker.js:275:16)
    at runTest (/Users/cmuir/P1Import-apps/P1-import-Subsystem/node_modules/jest-runner/build/testWorker.js:343:7)
    at Object.worker (/Users/cmuir/P1Import-apps/P1-import-Subsystem/node_modules/jest-runner/build/testWorker.js:497:12)</failure>
    </testcase>
    <testcase classname="Swagger UI Integration with Subsystems › SwaggerUIManager Initialization" name="should load auth token from AuthManagementSubsystem API" time="0.005">
      <failure>ReferenceError: jest is not defined
    at Object.&lt;anonymous&gt; (/Users/cmuir/P1Import-apps/P1-import-Subsystem/test/unit/swagger-ui-integration.test.js:48:20)
    at Promise.finally.completed (/Users/cmuir/P1Import-apps/P1-import-Subsystem/node_modules/jest-circus/build/jestAdapterInit.js:1559:28)
    at new Promise (&lt;anonymous&gt;)
    at callAsyncCircusFn (/Users/cmuir/P1Import-apps/P1-import-Subsystem/node_modules/jest-circus/build/jestAdapterInit.js:1499:10)
    at _callCircusHook (/Users/cmuir/P1Import-apps/P1-import-Subsystem/node_modules/jest-circus/build/jestAdapterInit.js:978:40)
    at processTicksAndRejections (node:internal/process/task_queues:105:5)
    at _runTest (/Users/cmuir/P1Import-apps/P1-import-Subsystem/node_modules/jest-circus/build/jestAdapterInit.js:943:5)
    at _runTestsForDescribeBlock (/Users/cmuir/P1Import-apps/P1-import-Subsystem/node_modules/jest-circus/build/jestAdapterInit.js:839:13)
    at _runTestsForDescribeBlock (/Users/cmuir/P1Import-apps/P1-import-Subsystem/node_modules/jest-circus/build/jestAdapterInit.js:829:11)
    at _runTestsForDescribeBlock (/Users/cmuir/P1Import-apps/P1-import-Subsystem/node_modules/jest-circus/build/jestAdapterInit.js:829:11)
    at run (/Users/cmuir/P1Import-apps/P1-import-Subsystem/node_modules/jest-circus/build/jestAdapterInit.js:757:3)
    at runAndTransformResultsToJestFormat (/Users/cmuir/P1Import-apps/P1-import-Subsystem/node_modules/jest-circus/build/jestAdapterInit.js:1920:21)
    at jestAdapter (/Users/cmuir/P1Import-apps/P1-import-Subsystem/node_modules/jest-circus/build/runner.js:101:19)
    at runTestInternal (/Users/cmuir/P1Import-apps/P1-import-Subsystem/node_modules/jest-runner/build/testWorker.js:275:16)
    at runTest (/Users/cmuir/P1Import-apps/P1-import-Subsystem/node_modules/jest-runner/build/testWorker.js:343:7)
    at Object.worker (/Users/cmuir/P1Import-apps/P1-import-Subsystem/node_modules/jest-runner/build/testWorker.js:497:12)</failure>
      <failure>ReferenceError: jest is not defined
    at Object.&lt;anonymous&gt; (/Users/cmuir/P1Import-apps/P1-import-Subsystem/test/unit/swagger-ui-integration.test.js:192:5)
    at Promise.finally.completed (/Users/cmuir/P1Import-apps/P1-import-Subsystem/node_modules/jest-circus/build/jestAdapterInit.js:1559:28)
    at new Promise (&lt;anonymous&gt;)
    at callAsyncCircusFn (/Users/cmuir/P1Import-apps/P1-import-Subsystem/node_modules/jest-circus/build/jestAdapterInit.js:1499:10)
    at _callCircusHook (/Users/cmuir/P1Import-apps/P1-import-Subsystem/node_modules/jest-circus/build/jestAdapterInit.js:978:40)
    at processTicksAndRejections (node:internal/process/task_queues:105:5)
    at _runTest (/Users/cmuir/P1Import-apps/P1-import-Subsystem/node_modules/jest-circus/build/jestAdapterInit.js:951:5)
    at _runTestsForDescribeBlock (/Users/cmuir/P1Import-apps/P1-import-Subsystem/node_modules/jest-circus/build/jestAdapterInit.js:839:13)
    at _runTestsForDescribeBlock (/Users/cmuir/P1Import-apps/P1-import-Subsystem/node_modules/jest-circus/build/jestAdapterInit.js:829:11)
    at _runTestsForDescribeBlock (/Users/cmuir/P1Import-apps/P1-import-Subsystem/node_modules/jest-circus/build/jestAdapterInit.js:829:11)
    at run (/Users/cmuir/P1Import-apps/P1-import-Subsystem/node_modules/jest-circus/build/jestAdapterInit.js:757:3)
    at runAndTransformResultsToJestFormat (/Users/cmuir/P1Import-apps/P1-import-Subsystem/node_modules/jest-circus/build/jestAdapterInit.js:1920:21)
    at jestAdapter (/Users/cmuir/P1Import-apps/P1-import-Subsystem/node_modules/jest-circus/build/runner.js:101:19)
    at runTestInternal (/Users/cmuir/P1Import-apps/P1-import-Subsystem/node_modules/jest-runner/build/testWorker.js:275:16)
    at runTest (/Users/cmuir/P1Import-apps/P1-import-Subsystem/node_modules/jest-runner/build/testWorker.js:343:7)
    at Object.worker (/Users/cmuir/P1Import-apps/P1-import-Subsystem/node_modules/jest-runner/build/testWorker.js:497:12)</failure>
    </testcase>
    <testcase classname="Swagger UI Integration with Subsystems › Request and Response Interception" name="should add authentication token to requests" time="0.004">
      <failure>ReferenceError: jest is not defined
    at Object.&lt;anonymous&gt; (/Users/cmuir/P1Import-apps/P1-import-Subsystem/test/unit/swagger-ui-integration.test.js:48:20)
    at Promise.finally.completed (/Users/cmuir/P1Import-apps/P1-import-Subsystem/node_modules/jest-circus/build/jestAdapterInit.js:1559:28)
    at new Promise (&lt;anonymous&gt;)
    at callAsyncCircusFn (/Users/cmuir/P1Import-apps/P1-import-Subsystem/node_modules/jest-circus/build/jestAdapterInit.js:1499:10)
    at _callCircusHook (/Users/cmuir/P1Import-apps/P1-import-Subsystem/node_modules/jest-circus/build/jestAdapterInit.js:978:40)
    at processTicksAndRejections (node:internal/process/task_queues:105:5)
    at _runTest (/Users/cmuir/P1Import-apps/P1-import-Subsystem/node_modules/jest-circus/build/jestAdapterInit.js:943:5)
    at _runTestsForDescribeBlock (/Users/cmuir/P1Import-apps/P1-import-Subsystem/node_modules/jest-circus/build/jestAdapterInit.js:839:13)
    at _runTestsForDescribeBlock (/Users/cmuir/P1Import-apps/P1-import-Subsystem/node_modules/jest-circus/build/jestAdapterInit.js:829:11)
    at _runTestsForDescribeBlock (/Users/cmuir/P1Import-apps/P1-import-Subsystem/node_modules/jest-circus/build/jestAdapterInit.js:829:11)
    at run (/Users/cmuir/P1Import-apps/P1-import-Subsystem/node_modules/jest-circus/build/jestAdapterInit.js:757:3)
    at runAndTransformResultsToJestFormat (/Users/cmuir/P1Import-apps/P1-import-Subsystem/node_modules/jest-circus/build/jestAdapterInit.js:1920:21)
    at jestAdapter (/Users/cmuir/P1Import-apps/P1-import-Subsystem/node_modules/jest-circus/build/runner.js:101:19)
    at runTestInternal (/Users/cmuir/P1Import-apps/P1-import-Subsystem/node_modules/jest-runner/build/testWorker.js:275:16)
    at runTest (/Users/cmuir/P1Import-apps/P1-import-Subsystem/node_modules/jest-runner/build/testWorker.js:343:7)
    at Object.worker (/Users/cmuir/P1Import-apps/P1-import-Subsystem/node_modules/jest-runner/build/testWorker.js:497:12)</failure>
      <failure>ReferenceError: jest is not defined
    at Object.&lt;anonymous&gt; (/Users/cmuir/P1Import-apps/P1-import-Subsystem/test/unit/swagger-ui-integration.test.js:192:5)
    at Promise.finally.completed (/Users/cmuir/P1Import-apps/P1-import-Subsystem/node_modules/jest-circus/build/jestAdapterInit.js:1559:28)
    at new Promise (&lt;anonymous&gt;)
    at callAsyncCircusFn (/Users/cmuir/P1Import-apps/P1-import-Subsystem/node_modules/jest-circus/build/jestAdapterInit.js:1499:10)
    at _callCircusHook (/Users/cmuir/P1Import-apps/P1-import-Subsystem/node_modules/jest-circus/build/jestAdapterInit.js:978:40)
    at processTicksAndRejections (node:internal/process/task_queues:105:5)
    at _runTest (/Users/cmuir/P1Import-apps/P1-import-Subsystem/node_modules/jest-circus/build/jestAdapterInit.js:951:5)
    at _runTestsForDescribeBlock (/Users/cmuir/P1Import-apps/P1-import-Subsystem/node_modules/jest-circus/build/jestAdapterInit.js:839:13)
    at _runTestsForDescribeBlock (/Users/cmuir/P1Import-apps/P1-import-Subsystem/node_modules/jest-circus/build/jestAdapterInit.js:829:11)
    at _runTestsForDescribeBlock (/Users/cmuir/P1Import-apps/P1-import-Subsystem/node_modules/jest-circus/build/jestAdapterInit.js:829:11)
    at run (/Users/cmuir/P1Import-apps/P1-import-Subsystem/node_modules/jest-circus/build/jestAdapterInit.js:757:3)
    at runAndTransformResultsToJestFormat (/Users/cmuir/P1Import-apps/P1-import-Subsystem/node_modules/jest-circus/build/jestAdapterInit.js:1920:21)
    at jestAdapter (/Users/cmuir/P1Import-apps/P1-import-Subsystem/node_modules/jest-circus/build/runner.js:101:19)
    at runTestInternal (/Users/cmuir/P1Import-apps/P1-import-Subsystem/node_modules/jest-runner/build/testWorker.js:275:16)
    at runTest (/Users/cmuir/P1Import-apps/P1-import-Subsystem/node_modules/jest-runner/build/testWorker.js:343:7)
    at Object.worker (/Users/cmuir/P1Import-apps/P1-import-Subsystem/node_modules/jest-runner/build/testWorker.js:497:12)</failure>
    </testcase>
    <testcase classname="Swagger UI Integration with Subsystems › Request and Response Interception" name="should not override existing authorization header" time="0.003">
      <failure>ReferenceError: jest is not defined
    at Object.&lt;anonymous&gt; (/Users/cmuir/P1Import-apps/P1-import-Subsystem/test/unit/swagger-ui-integration.test.js:48:20)
    at Promise.finally.completed (/Users/cmuir/P1Import-apps/P1-import-Subsystem/node_modules/jest-circus/build/jestAdapterInit.js:1559:28)
    at new Promise (&lt;anonymous&gt;)
    at callAsyncCircusFn (/Users/cmuir/P1Import-apps/P1-import-Subsystem/node_modules/jest-circus/build/jestAdapterInit.js:1499:10)
    at _callCircusHook (/Users/cmuir/P1Import-apps/P1-import-Subsystem/node_modules/jest-circus/build/jestAdapterInit.js:978:40)
    at processTicksAndRejections (node:internal/process/task_queues:105:5)
    at _runTest (/Users/cmuir/P1Import-apps/P1-import-Subsystem/node_modules/jest-circus/build/jestAdapterInit.js:943:5)
    at _runTestsForDescribeBlock (/Users/cmuir/P1Import-apps/P1-import-Subsystem/node_modules/jest-circus/build/jestAdapterInit.js:839:13)
    at _runTestsForDescribeBlock (/Users/cmuir/P1Import-apps/P1-import-Subsystem/node_modules/jest-circus/build/jestAdapterInit.js:829:11)
    at _runTestsForDescribeBlock (/Users/cmuir/P1Import-apps/P1-import-Subsystem/node_modules/jest-circus/build/jestAdapterInit.js:829:11)
    at run (/Users/cmuir/P1Import-apps/P1-import-Subsystem/node_modules/jest-circus/build/jestAdapterInit.js:757:3)
    at runAndTransformResultsToJestFormat (/Users/cmuir/P1Import-apps/P1-import-Subsystem/node_modules/jest-circus/build/jestAdapterInit.js:1920:21)
    at jestAdapter (/Users/cmuir/P1Import-apps/P1-import-Subsystem/node_modules/jest-circus/build/runner.js:101:19)
    at runTestInternal (/Users/cmuir/P1Import-apps/P1-import-Subsystem/node_modules/jest-runner/build/testWorker.js:275:16)
    at runTest (/Users/cmuir/P1Import-apps/P1-import-Subsystem/node_modules/jest-runner/build/testWorker.js:343:7)
    at Object.worker (/Users/cmuir/P1Import-apps/P1-import-Subsystem/node_modules/jest-runner/build/testWorker.js:497:12)</failure>
      <failure>ReferenceError: jest is not defined
    at Object.&lt;anonymous&gt; (/Users/cmuir/P1Import-apps/P1-import-Subsystem/test/unit/swagger-ui-integration.test.js:192:5)
    at Promise.finally.completed (/Users/cmuir/P1Import-apps/P1-import-Subsystem/node_modules/jest-circus/build/jestAdapterInit.js:1559:28)
    at new Promise (&lt;anonymous&gt;)
    at callAsyncCircusFn (/Users/cmuir/P1Import-apps/P1-import-Subsystem/node_modules/jest-circus/build/jestAdapterInit.js:1499:10)
    at _callCircusHook (/Users/cmuir/P1Import-apps/P1-import-Subsystem/node_modules/jest-circus/build/jestAdapterInit.js:978:40)
    at processTicksAndRejections (node:internal/process/task_queues:105:5)
    at _runTest (/Users/cmuir/P1Import-apps/P1-import-Subsystem/node_modules/jest-circus/build/jestAdapterInit.js:951:5)
    at _runTestsForDescribeBlock (/Users/cmuir/P1Import-apps/P1-import-Subsystem/node_modules/jest-circus/build/jestAdapterInit.js:839:13)
    at _runTestsForDescribeBlock (/Users/cmuir/P1Import-apps/P1-import-Subsystem/node_modules/jest-circus/build/jestAdapterInit.js:829:11)
    at _runTestsForDescribeBlock (/Users/cmuir/P1Import-apps/P1-import-Subsystem/node_modules/jest-circus/build/jestAdapterInit.js:829:11)
    at run (/Users/cmuir/P1Import-apps/P1-import-Subsystem/node_modules/jest-circus/build/jestAdapterInit.js:757:3)
    at runAndTransformResultsToJestFormat (/Users/cmuir/P1Import-apps/P1-import-Subsystem/node_modules/jest-circus/build/jestAdapterInit.js:1920:21)
    at jestAdapter (/Users/cmuir/P1Import-apps/P1-import-Subsystem/node_modules/jest-circus/build/runner.js:101:19)
    at runTestInternal (/Users/cmuir/P1Import-apps/P1-import-Subsystem/node_modules/jest-runner/build/testWorker.js:275:16)
    at runTest (/Users/cmuir/P1Import-apps/P1-import-Subsystem/node_modules/jest-runner/build/testWorker.js:343:7)
    at Object.worker (/Users/cmuir/P1Import-apps/P1-import-Subsystem/node_modules/jest-runner/build/testWorker.js:497:12)</failure>
    </testcase>
    <testcase classname="Swagger UI Integration with Subsystems › Request and Response Interception" name="should log API responses appropriately" time="0.004">
      <failure>ReferenceError: jest is not defined
    at Object.&lt;anonymous&gt; (/Users/cmuir/P1Import-apps/P1-import-Subsystem/test/unit/swagger-ui-integration.test.js:48:20)
    at Promise.finally.completed (/Users/cmuir/P1Import-apps/P1-import-Subsystem/node_modules/jest-circus/build/jestAdapterInit.js:1559:28)
    at new Promise (&lt;anonymous&gt;)
    at callAsyncCircusFn (/Users/cmuir/P1Import-apps/P1-import-Subsystem/node_modules/jest-circus/build/jestAdapterInit.js:1499:10)
    at _callCircusHook (/Users/cmuir/P1Import-apps/P1-import-Subsystem/node_modules/jest-circus/build/jestAdapterInit.js:978:40)
    at processTicksAndRejections (node:internal/process/task_queues:105:5)
    at _runTest (/Users/cmuir/P1Import-apps/P1-import-Subsystem/node_modules/jest-circus/build/jestAdapterInit.js:943:5)
    at _runTestsForDescribeBlock (/Users/cmuir/P1Import-apps/P1-import-Subsystem/node_modules/jest-circus/build/jestAdapterInit.js:839:13)
    at _runTestsForDescribeBlock (/Users/cmuir/P1Import-apps/P1-import-Subsystem/node_modules/jest-circus/build/jestAdapterInit.js:829:11)
    at _runTestsForDescribeBlock (/Users/cmuir/P1Import-apps/P1-import-Subsystem/node_modules/jest-circus/build/jestAdapterInit.js:829:11)
    at run (/Users/cmuir/P1Import-apps/P1-import-Subsystem/node_modules/jest-circus/build/jestAdapterInit.js:757:3)
    at runAndTransformResultsToJestFormat (/Users/cmuir/P1Import-apps/P1-import-Subsystem/node_modules/jest-circus/build/jestAdapterInit.js:1920:21)
    at jestAdapter (/Users/cmuir/P1Import-apps/P1-import-Subsystem/node_modules/jest-circus/build/runner.js:101:19)
    at runTestInternal (/Users/cmuir/P1Import-apps/P1-import-Subsystem/node_modules/jest-runner/build/testWorker.js:275:16)
    at runTest (/Users/cmuir/P1Import-apps/P1-import-Subsystem/node_modules/jest-runner/build/testWorker.js:343:7)
    at Object.worker (/Users/cmuir/P1Import-apps/P1-import-Subsystem/node_modules/jest-runner/build/testWorker.js:497:12)</failure>
      <failure>ReferenceError: jest is not defined
    at Object.&lt;anonymous&gt; (/Users/cmuir/P1Import-apps/P1-import-Subsystem/test/unit/swagger-ui-integration.test.js:192:5)
    at Promise.finally.completed (/Users/cmuir/P1Import-apps/P1-import-Subsystem/node_modules/jest-circus/build/jestAdapterInit.js:1559:28)
    at new Promise (&lt;anonymous&gt;)
    at callAsyncCircusFn (/Users/cmuir/P1Import-apps/P1-import-Subsystem/node_modules/jest-circus/build/jestAdapterInit.js:1499:10)
    at _callCircusHook (/Users/cmuir/P1Import-apps/P1-import-Subsystem/node_modules/jest-circus/build/jestAdapterInit.js:978:40)
    at processTicksAndRejections (node:internal/process/task_queues:105:5)
    at _runTest (/Users/cmuir/P1Import-apps/P1-import-Subsystem/node_modules/jest-circus/build/jestAdapterInit.js:951:5)
    at _runTestsForDescribeBlock (/Users/cmuir/P1Import-apps/P1-import-Subsystem/node_modules/jest-circus/build/jestAdapterInit.js:839:13)
    at _runTestsForDescribeBlock (/Users/cmuir/P1Import-apps/P1-import-Subsystem/node_modules/jest-circus/build/jestAdapterInit.js:829:11)
    at _runTestsForDescribeBlock (/Users/cmuir/P1Import-apps/P1-import-Subsystem/node_modules/jest-circus/build/jestAdapterInit.js:829:11)
    at run (/Users/cmuir/P1Import-apps/P1-import-Subsystem/node_modules/jest-circus/build/jestAdapterInit.js:757:3)
    at runAndTransformResultsToJestFormat (/Users/cmuir/P1Import-apps/P1-import-Subsystem/node_modules/jest-circus/build/jestAdapterInit.js:1920:21)
    at jestAdapter (/Users/cmuir/P1Import-apps/P1-import-Subsystem/node_modules/jest-circus/build/runner.js:101:19)
    at runTestInternal (/Users/cmuir/P1Import-apps/P1-import-Subsystem/node_modules/jest-runner/build/testWorker.js:275:16)
    at runTest (/Users/cmuir/P1Import-apps/P1-import-Subsystem/node_modules/jest-runner/build/testWorker.js:343:7)
    at Object.worker (/Users/cmuir/P1Import-apps/P1-import-Subsystem/node_modules/jest-runner/build/testWorker.js:497:12)</failure>
    </testcase>
    <testcase classname="Swagger UI Integration with Subsystems › Event-driven Integration" name="should handle auth token updates from subsystem events" time="0.003">
      <failure>ReferenceError: jest is not defined
    at Object.&lt;anonymous&gt; (/Users/cmuir/P1Import-apps/P1-import-Subsystem/test/unit/swagger-ui-integration.test.js:48:20)
    at Promise.finally.completed (/Users/cmuir/P1Import-apps/P1-import-Subsystem/node_modules/jest-circus/build/jestAdapterInit.js:1559:28)
    at new Promise (&lt;anonymous&gt;)
    at callAsyncCircusFn (/Users/cmuir/P1Import-apps/P1-import-Subsystem/node_modules/jest-circus/build/jestAdapterInit.js:1499:10)
    at _callCircusHook (/Users/cmuir/P1Import-apps/P1-import-Subsystem/node_modules/jest-circus/build/jestAdapterInit.js:978:40)
    at processTicksAndRejections (node:internal/process/task_queues:105:5)
    at _runTest (/Users/cmuir/P1Import-apps/P1-import-Subsystem/node_modules/jest-circus/build/jestAdapterInit.js:943:5)
    at _runTestsForDescribeBlock (/Users/cmuir/P1Import-apps/P1-import-Subsystem/node_modules/jest-circus/build/jestAdapterInit.js:839:13)
    at _runTestsForDescribeBlock (/Users/cmuir/P1Import-apps/P1-import-Subsystem/node_modules/jest-circus/build/jestAdapterInit.js:829:11)
    at _runTestsForDescribeBlock (/Users/cmuir/P1Import-apps/P1-import-Subsystem/node_modules/jest-circus/build/jestAdapterInit.js:829:11)
    at run (/Users/cmuir/P1Import-apps/P1-import-Subsystem/node_modules/jest-circus/build/jestAdapterInit.js:757:3)
    at runAndTransformResultsToJestFormat (/Users/cmuir/P1Import-apps/P1-import-Subsystem/node_modules/jest-circus/build/jestAdapterInit.js:1920:21)
    at jestAdapter (/Users/cmuir/P1Import-apps/P1-import-Subsystem/node_modules/jest-circus/build/runner.js:101:19)
    at runTestInternal (/Users/cmuir/P1Import-apps/P1-import-Subsystem/node_modules/jest-runner/build/testWorker.js:275:16)
    at runTest (/Users/cmuir/P1Import-apps/P1-import-Subsystem/node_modules/jest-runner/build/testWorker.js:343:7)
    at Object.worker (/Users/cmuir/P1Import-apps/P1-import-Subsystem/node_modules/jest-runner/build/testWorker.js:497:12)</failure>
      <failure>ReferenceError: jest is not defined
    at Object.&lt;anonymous&gt; (/Users/cmuir/P1Import-apps/P1-import-Subsystem/test/unit/swagger-ui-integration.test.js:192:5)
    at Promise.finally.completed (/Users/cmuir/P1Import-apps/P1-import-Subsystem/node_modules/jest-circus/build/jestAdapterInit.js:1559:28)
    at new Promise (&lt;anonymous&gt;)
    at callAsyncCircusFn (/Users/cmuir/P1Import-apps/P1-import-Subsystem/node_modules/jest-circus/build/jestAdapterInit.js:1499:10)
    at _callCircusHook (/Users/cmuir/P1Import-apps/P1-import-Subsystem/node_modules/jest-circus/build/jestAdapterInit.js:978:40)
    at processTicksAndRejections (node:internal/process/task_queues:105:5)
    at _runTest (/Users/cmuir/P1Import-apps/P1-import-Subsystem/node_modules/jest-circus/build/jestAdapterInit.js:951:5)
    at _runTestsForDescribeBlock (/Users/cmuir/P1Import-apps/P1-import-Subsystem/node_modules/jest-circus/build/jestAdapterInit.js:839:13)
    at _runTestsForDescribeBlock (/Users/cmuir/P1Import-apps/P1-import-Subsystem/node_modules/jest-circus/build/jestAdapterInit.js:829:11)
    at _runTestsForDescribeBlock (/Users/cmuir/P1Import-apps/P1-import-Subsystem/node_modules/jest-circus/build/jestAdapterInit.js:829:11)
    at run (/Users/cmuir/P1Import-apps/P1-import-Subsystem/node_modules/jest-circus/build/jestAdapterInit.js:757:3)
    at runAndTransformResultsToJestFormat (/Users/cmuir/P1Import-apps/P1-import-Subsystem/node_modules/jest-circus/build/jestAdapterInit.js:1920:21)
    at jestAdapter (/Users/cmuir/P1Import-apps/P1-import-Subsystem/node_modules/jest-circus/build/runner.js:101:19)
    at runTestInternal (/Users/cmuir/P1Import-apps/P1-import-Subsystem/node_modules/jest-runner/build/testWorker.js:275:16)
    at runTest (/Users/cmuir/P1Import-apps/P1-import-Subsystem/node_modules/jest-runner/build/testWorker.js:343:7)
    at Object.worker (/Users/cmuir/P1Import-apps/P1-import-Subsystem/node_modules/jest-runner/build/testWorker.js:497:12)</failure>
    </testcase>
    <testcase classname="Swagger UI Integration with Subsystems › Event-driven Integration" name="should handle settings updates from subsystem events" time="0.009">
      <failure>ReferenceError: jest is not defined
    at Object.&lt;anonymous&gt; (/Users/cmuir/P1Import-apps/P1-import-Subsystem/test/unit/swagger-ui-integration.test.js:48:20)
    at Promise.finally.completed (/Users/cmuir/P1Import-apps/P1-import-Subsystem/node_modules/jest-circus/build/jestAdapterInit.js:1559:28)
    at new Promise (&lt;anonymous&gt;)
    at callAsyncCircusFn (/Users/cmuir/P1Import-apps/P1-import-Subsystem/node_modules/jest-circus/build/jestAdapterInit.js:1499:10)
    at _callCircusHook (/Users/cmuir/P1Import-apps/P1-import-Subsystem/node_modules/jest-circus/build/jestAdapterInit.js:978:40)
    at processTicksAndRejections (node:internal/process/task_queues:105:5)
    at _runTest (/Users/cmuir/P1Import-apps/P1-import-Subsystem/node_modules/jest-circus/build/jestAdapterInit.js:943:5)
    at _runTestsForDescribeBlock (/Users/cmuir/P1Import-apps/P1-import-Subsystem/node_modules/jest-circus/build/jestAdapterInit.js:839:13)
    at _runTestsForDescribeBlock (/Users/cmuir/P1Import-apps/P1-import-Subsystem/node_modules/jest-circus/build/jestAdapterInit.js:829:11)
    at _runTestsForDescribeBlock (/Users/cmuir/P1Import-apps/P1-import-Subsystem/node_modules/jest-circus/build/jestAdapterInit.js:829:11)
    at run (/Users/cmuir/P1Import-apps/P1-import-Subsystem/node_modules/jest-circus/build/jestAdapterInit.js:757:3)
    at runAndTransformResultsToJestFormat (/Users/cmuir/P1Import-apps/P1-import-Subsystem/node_modules/jest-circus/build/jestAdapterInit.js:1920:21)
    at jestAdapter (/Users/cmuir/P1Import-apps/P1-import-Subsystem/node_modules/jest-circus/build/runner.js:101:19)
    at runTestInternal (/Users/cmuir/P1Import-apps/P1-import-Subsystem/node_modules/jest-runner/build/testWorker.js:275:16)
    at runTest (/Users/cmuir/P1Import-apps/P1-import-Subsystem/node_modules/jest-runner/build/testWorker.js:343:7)
    at Object.worker (/Users/cmuir/P1Import-apps/P1-import-Subsystem/node_modules/jest-runner/build/testWorker.js:497:12)</failure>
      <failure>ReferenceError: jest is not defined
    at Object.&lt;anonymous&gt; (/Users/cmuir/P1Import-apps/P1-import-Subsystem/test/unit/swagger-ui-integration.test.js:192:5)
    at Promise.finally.completed (/Users/cmuir/P1Import-apps/P1-import-Subsystem/node_modules/jest-circus/build/jestAdapterInit.js:1559:28)
    at new Promise (&lt;anonymous&gt;)
    at callAsyncCircusFn (/Users/cmuir/P1Import-apps/P1-import-Subsystem/node_modules/jest-circus/build/jestAdapterInit.js:1499:10)
    at _callCircusHook (/Users/cmuir/P1Import-apps/P1-import-Subsystem/node_modules/jest-circus/build/jestAdapterInit.js:978:40)
    at processTicksAndRejections (node:internal/process/task_queues:105:5)
    at _runTest (/Users/cmuir/P1Import-apps/P1-import-Subsystem/node_modules/jest-circus/build/jestAdapterInit.js:951:5)
    at _runTestsForDescribeBlock (/Users/cmuir/P1Import-apps/P1-import-Subsystem/node_modules/jest-circus/build/jestAdapterInit.js:839:13)
    at _runTestsForDescribeBlock (/Users/cmuir/P1Import-apps/P1-import-Subsystem/node_modules/jest-circus/build/jestAdapterInit.js:829:11)
    at _runTestsForDescribeBlock (/Users/cmuir/P1Import-apps/P1-import-Subsystem/node_modules/jest-circus/build/jestAdapterInit.js:829:11)
    at run (/Users/cmuir/P1Import-apps/P1-import-Subsystem/node_modules/jest-circus/build/jestAdapterInit.js:757:3)
    at runAndTransformResultsToJestFormat (/Users/cmuir/P1Import-apps/P1-import-Subsystem/node_modules/jest-circus/build/jestAdapterInit.js:1920:21)
    at jestAdapter (/Users/cmuir/P1Import-apps/P1-import-Subsystem/node_modules/jest-circus/build/runner.js:101:19)
    at runTestInternal (/Users/cmuir/P1Import-apps/P1-import-Subsystem/node_modules/jest-runner/build/testWorker.js:275:16)
    at runTest (/Users/cmuir/P1Import-apps/P1-import-Subsystem/node_modules/jest-runner/build/testWorker.js:343:7)
    at Object.worker (/Users/cmuir/P1Import-apps/P1-import-Subsystem/node_modules/jest-runner/build/testWorker.js:497:12)</failure>
    </testcase>
    <testcase classname="Swagger UI Integration with Subsystems › UI Enhancement" name="should add custom styling for better integration" time="0.004">
      <failure>ReferenceError: jest is not defined
    at Object.&lt;anonymous&gt; (/Users/cmuir/P1Import-apps/P1-import-Subsystem/test/unit/swagger-ui-integration.test.js:48:20)
    at Promise.finally.completed (/Users/cmuir/P1Import-apps/P1-import-Subsystem/node_modules/jest-circus/build/jestAdapterInit.js:1559:28)
    at new Promise (&lt;anonymous&gt;)
    at callAsyncCircusFn (/Users/cmuir/P1Import-apps/P1-import-Subsystem/node_modules/jest-circus/build/jestAdapterInit.js:1499:10)
    at _callCircusHook (/Users/cmuir/P1Import-apps/P1-import-Subsystem/node_modules/jest-circus/build/jestAdapterInit.js:978:40)
    at processTicksAndRejections (node:internal/process/task_queues:105:5)
    at _runTest (/Users/cmuir/P1Import-apps/P1-import-Subsystem/node_modules/jest-circus/build/jestAdapterInit.js:943:5)
    at _runTestsForDescribeBlock (/Users/cmuir/P1Import-apps/P1-import-Subsystem/node_modules/jest-circus/build/jestAdapterInit.js:839:13)
    at _runTestsForDescribeBlock (/Users/cmuir/P1Import-apps/P1-import-Subsystem/node_modules/jest-circus/build/jestAdapterInit.js:829:11)
    at _runTestsForDescribeBlock (/Users/cmuir/P1Import-apps/P1-import-Subsystem/node_modules/jest-circus/build/jestAdapterInit.js:829:11)
    at run (/Users/cmuir/P1Import-apps/P1-import-Subsystem/node_modules/jest-circus/build/jestAdapterInit.js:757:3)
    at runAndTransformResultsToJestFormat (/Users/cmuir/P1Import-apps/P1-import-Subsystem/node_modules/jest-circus/build/jestAdapterInit.js:1920:21)
    at jestAdapter (/Users/cmuir/P1Import-apps/P1-import-Subsystem/node_modules/jest-circus/build/runner.js:101:19)
    at runTestInternal (/Users/cmuir/P1Import-apps/P1-import-Subsystem/node_modules/jest-runner/build/testWorker.js:275:16)
    at runTest (/Users/cmuir/P1Import-apps/P1-import-Subsystem/node_modules/jest-runner/build/testWorker.js:343:7)
    at Object.worker (/Users/cmuir/P1Import-apps/P1-import-Subsystem/node_modules/jest-runner/build/testWorker.js:497:12)</failure>
      <failure>ReferenceError: jest is not defined
    at Object.&lt;anonymous&gt; (/Users/cmuir/P1Import-apps/P1-import-Subsystem/test/unit/swagger-ui-integration.test.js:192:5)
    at Promise.finally.completed (/Users/cmuir/P1Import-apps/P1-import-Subsystem/node_modules/jest-circus/build/jestAdapterInit.js:1559:28)
    at new Promise (&lt;anonymous&gt;)
    at callAsyncCircusFn (/Users/cmuir/P1Import-apps/P1-import-Subsystem/node_modules/jest-circus/build/jestAdapterInit.js:1499:10)
    at _callCircusHook (/Users/cmuir/P1Import-apps/P1-import-Subsystem/node_modules/jest-circus/build/jestAdapterInit.js:978:40)
    at processTicksAndRejections (node:internal/process/task_queues:105:5)
    at _runTest (/Users/cmuir/P1Import-apps/P1-import-Subsystem/node_modules/jest-circus/build/jestAdapterInit.js:951:5)
    at _runTestsForDescribeBlock (/Users/cmuir/P1Import-apps/P1-import-Subsystem/node_modules/jest-circus/build/jestAdapterInit.js:839:13)
    at _runTestsForDescribeBlock (/Users/cmuir/P1Import-apps/P1-import-Subsystem/node_modules/jest-circus/build/jestAdapterInit.js:829:11)
    at _runTestsForDescribeBlock (/Users/cmuir/P1Import-apps/P1-import-Subsystem/node_modules/jest-circus/build/jestAdapterInit.js:829:11)
    at run (/Users/cmuir/P1Import-apps/P1-import-Subsystem/node_modules/jest-circus/build/jestAdapterInit.js:757:3)
    at runAndTransformResultsToJestFormat (/Users/cmuir/P1Import-apps/P1-import-Subsystem/node_modules/jest-circus/build/jestAdapterInit.js:1920:21)
    at jestAdapter (/Users/cmuir/P1Import-apps/P1-import-Subsystem/node_modules/jest-circus/build/runner.js:101:19)
    at runTestInternal (/Users/cmuir/P1Import-apps/P1-import-Subsystem/node_modules/jest-runner/build/testWorker.js:275:16)
    at runTest (/Users/cmuir/P1Import-apps/P1-import-Subsystem/node_modules/jest-runner/build/testWorker.js:343:7)
    at Object.worker (/Users/cmuir/P1Import-apps/P1-import-Subsystem/node_modules/jest-runner/build/testWorker.js:497:12)</failure>
    </testcase>
    <testcase classname="Swagger UI Integration with Subsystems › UI Enhancement" name="should show initialization status in UI" time="0.003">
      <failure>ReferenceError: jest is not defined
    at Object.&lt;anonymous&gt; (/Users/cmuir/P1Import-apps/P1-import-Subsystem/test/unit/swagger-ui-integration.test.js:48:20)
    at Promise.finally.completed (/Users/cmuir/P1Import-apps/P1-import-Subsystem/node_modules/jest-circus/build/jestAdapterInit.js:1559:28)
    at new Promise (&lt;anonymous&gt;)
    at callAsyncCircusFn (/Users/cmuir/P1Import-apps/P1-import-Subsystem/node_modules/jest-circus/build/jestAdapterInit.js:1499:10)
    at _callCircusHook (/Users/cmuir/P1Import-apps/P1-import-Subsystem/node_modules/jest-circus/build/jestAdapterInit.js:978:40)
    at processTicksAndRejections (node:internal/process/task_queues:105:5)
    at _runTest (/Users/cmuir/P1Import-apps/P1-import-Subsystem/node_modules/jest-circus/build/jestAdapterInit.js:943:5)
    at _runTestsForDescribeBlock (/Users/cmuir/P1Import-apps/P1-import-Subsystem/node_modules/jest-circus/build/jestAdapterInit.js:839:13)
    at _runTestsForDescribeBlock (/Users/cmuir/P1Import-apps/P1-import-Subsystem/node_modules/jest-circus/build/jestAdapterInit.js:829:11)
    at _runTestsForDescribeBlock (/Users/cmuir/P1Import-apps/P1-import-Subsystem/node_modules/jest-circus/build/jestAdapterInit.js:829:11)
    at run (/Users/cmuir/P1Import-apps/P1-import-Subsystem/node_modules/jest-circus/build/jestAdapterInit.js:757:3)
    at runAndTransformResultsToJestFormat (/Users/cmuir/P1Import-apps/P1-import-Subsystem/node_modules/jest-circus/build/jestAdapterInit.js:1920:21)
    at jestAdapter (/Users/cmuir/P1Import-apps/P1-import-Subsystem/node_modules/jest-circus/build/runner.js:101:19)
    at runTestInternal (/Users/cmuir/P1Import-apps/P1-import-Subsystem/node_modules/jest-runner/build/testWorker.js:275:16)
    at runTest (/Users/cmuir/P1Import-apps/P1-import-Subsystem/node_modules/jest-runner/build/testWorker.js:343:7)
    at Object.worker (/Users/cmuir/P1Import-apps/P1-import-Subsystem/node_modules/jest-runner/build/testWorker.js:497:12)</failure>
      <failure>ReferenceError: jest is not defined
    at Object.&lt;anonymous&gt; (/Users/cmuir/P1Import-apps/P1-import-Subsystem/test/unit/swagger-ui-integration.test.js:192:5)
    at Promise.finally.completed (/Users/cmuir/P1Import-apps/P1-import-Subsystem/node_modules/jest-circus/build/jestAdapterInit.js:1559:28)
    at new Promise (&lt;anonymous&gt;)
    at callAsyncCircusFn (/Users/cmuir/P1Import-apps/P1-import-Subsystem/node_modules/jest-circus/build/jestAdapterInit.js:1499:10)
    at _callCircusHook (/Users/cmuir/P1Import-apps/P1-import-Subsystem/node_modules/jest-circus/build/jestAdapterInit.js:978:40)
    at processTicksAndRejections (node:internal/process/task_queues:105:5)
    at _runTest (/Users/cmuir/P1Import-apps/P1-import-Subsystem/node_modules/jest-circus/build/jestAdapterInit.js:951:5)
    at _runTestsForDescribeBlock (/Users/cmuir/P1Import-apps/P1-import-Subsystem/node_modules/jest-circus/build/jestAdapterInit.js:839:13)
    at _runTestsForDescribeBlock (/Users/cmuir/P1Import-apps/P1-import-Subsystem/node_modules/jest-circus/build/jestAdapterInit.js:829:11)
    at _runTestsForDescribeBlock (/Users/cmuir/P1Import-apps/P1-import-Subsystem/node_modules/jest-circus/build/jestAdapterInit.js:829:11)
    at run (/Users/cmuir/P1Import-apps/P1-import-Subsystem/node_modules/jest-circus/build/jestAdapterInit.js:757:3)
    at runAndTransformResultsToJestFormat (/Users/cmuir/P1Import-apps/P1-import-Subsystem/node_modules/jest-circus/build/jestAdapterInit.js:1920:21)
    at jestAdapter (/Users/cmuir/P1Import-apps/P1-import-Subsystem/node_modules/jest-circus/build/runner.js:101:19)
    at runTestInternal (/Users/cmuir/P1Import-apps/P1-import-Subsystem/node_modules/jest-runner/build/testWorker.js:275:16)
    at runTest (/Users/cmuir/P1Import-apps/P1-import-Subsystem/node_modules/jest-runner/build/testWorker.js:343:7)
    at Object.worker (/Users/cmuir/P1Import-apps/P1-import-Subsystem/node_modules/jest-runner/build/testWorker.js:497:12)</failure>
    </testcase>
    <testcase classname="Swagger UI Integration with Subsystems › Population Management Integration" name="should load populations from PopulationSubsystem" time="0.006">
      <failure>ReferenceError: jest is not defined
    at Object.&lt;anonymous&gt; (/Users/cmuir/P1Import-apps/P1-import-Subsystem/test/unit/swagger-ui-integration.test.js:48:20)
    at Promise.finally.completed (/Users/cmuir/P1Import-apps/P1-import-Subsystem/node_modules/jest-circus/build/jestAdapterInit.js:1559:28)
    at new Promise (&lt;anonymous&gt;)
    at callAsyncCircusFn (/Users/cmuir/P1Import-apps/P1-import-Subsystem/node_modules/jest-circus/build/jestAdapterInit.js:1499:10)
    at _callCircusHook (/Users/cmuir/P1Import-apps/P1-import-Subsystem/node_modules/jest-circus/build/jestAdapterInit.js:978:40)
    at processTicksAndRejections (node:internal/process/task_queues:105:5)
    at _runTest (/Users/cmuir/P1Import-apps/P1-import-Subsystem/node_modules/jest-circus/build/jestAdapterInit.js:943:5)
    at _runTestsForDescribeBlock (/Users/cmuir/P1Import-apps/P1-import-Subsystem/node_modules/jest-circus/build/jestAdapterInit.js:839:13)
    at _runTestsForDescribeBlock (/Users/cmuir/P1Import-apps/P1-import-Subsystem/node_modules/jest-circus/build/jestAdapterInit.js:829:11)
    at _runTestsForDescribeBlock (/Users/cmuir/P1Import-apps/P1-import-Subsystem/node_modules/jest-circus/build/jestAdapterInit.js:829:11)
    at run (/Users/cmuir/P1Import-apps/P1-import-Subsystem/node_modules/jest-circus/build/jestAdapterInit.js:757:3)
    at runAndTransformResultsToJestFormat (/Users/cmuir/P1Import-apps/P1-import-Subsystem/node_modules/jest-circus/build/jestAdapterInit.js:1920:21)
    at jestAdapter (/Users/cmuir/P1Import-apps/P1-import-Subsystem/node_modules/jest-circus/build/runner.js:101:19)
    at runTestInternal (/Users/cmuir/P1Import-apps/P1-import-Subsystem/node_modules/jest-runner/build/testWorker.js:275:16)
    at runTest (/Users/cmuir/P1Import-apps/P1-import-Subsystem/node_modules/jest-runner/build/testWorker.js:343:7)
    at Object.worker (/Users/cmuir/P1Import-apps/P1-import-Subsystem/node_modules/jest-runner/build/testWorker.js:497:12)</failure>
      <failure>ReferenceError: jest is not defined
    at Object.&lt;anonymous&gt; (/Users/cmuir/P1Import-apps/P1-import-Subsystem/test/unit/swagger-ui-integration.test.js:192:5)
    at Promise.finally.completed (/Users/cmuir/P1Import-apps/P1-import-Subsystem/node_modules/jest-circus/build/jestAdapterInit.js:1559:28)
    at new Promise (&lt;anonymous&gt;)
    at callAsyncCircusFn (/Users/cmuir/P1Import-apps/P1-import-Subsystem/node_modules/jest-circus/build/jestAdapterInit.js:1499:10)
    at _callCircusHook (/Users/cmuir/P1Import-apps/P1-import-Subsystem/node_modules/jest-circus/build/jestAdapterInit.js:978:40)
    at processTicksAndRejections (node:internal/process/task_queues:105:5)
    at _runTest (/Users/cmuir/P1Import-apps/P1-import-Subsystem/node_modules/jest-circus/build/jestAdapterInit.js:951:5)
    at _runTestsForDescribeBlock (/Users/cmuir/P1Import-apps/P1-import-Subsystem/node_modules/jest-circus/build/jestAdapterInit.js:839:13)
    at _runTestsForDescribeBlock (/Users/cmuir/P1Import-apps/P1-import-Subsystem/node_modules/jest-circus/build/jestAdapterInit.js:829:11)
    at _runTestsForDescribeBlock (/Users/cmuir/P1Import-apps/P1-import-Subsystem/node_modules/jest-circus/build/jestAdapterInit.js:829:11)
    at run (/Users/cmuir/P1Import-apps/P1-import-Subsystem/node_modules/jest-circus/build/jestAdapterInit.js:757:3)
    at runAndTransformResultsToJestFormat (/Users/cmuir/P1Import-apps/P1-import-Subsystem/node_modules/jest-circus/build/jestAdapterInit.js:1920:21)
    at jestAdapter (/Users/cmuir/P1Import-apps/P1-import-Subsystem/node_modules/jest-circus/build/runner.js:101:19)
    at runTestInternal (/Users/cmuir/P1Import-apps/P1-import-Subsystem/node_modules/jest-runner/build/testWorker.js:275:16)
    at runTest (/Users/cmuir/P1Import-apps/P1-import-Subsystem/node_modules/jest-runner/build/testWorker.js:343:7)
    at Object.worker (/Users/cmuir/P1Import-apps/P1-import-Subsystem/node_modules/jest-runner/build/testWorker.js:497:12)</failure>
    </testcase>
    <testcase classname="Swagger UI Integration with Subsystems › Population Management Integration" name="should handle population selection events" time="0.003">
      <failure>ReferenceError: jest is not defined
    at Object.&lt;anonymous&gt; (/Users/cmuir/P1Import-apps/P1-import-Subsystem/test/unit/swagger-ui-integration.test.js:48:20)
    at Promise.finally.completed (/Users/cmuir/P1Import-apps/P1-import-Subsystem/node_modules/jest-circus/build/jestAdapterInit.js:1559:28)
    at new Promise (&lt;anonymous&gt;)
    at callAsyncCircusFn (/Users/cmuir/P1Import-apps/P1-import-Subsystem/node_modules/jest-circus/build/jestAdapterInit.js:1499:10)
    at _callCircusHook (/Users/cmuir/P1Import-apps/P1-import-Subsystem/node_modules/jest-circus/build/jestAdapterInit.js:978:40)
    at processTicksAndRejections (node:internal/process/task_queues:105:5)
    at _runTest (/Users/cmuir/P1Import-apps/P1-import-Subsystem/node_modules/jest-circus/build/jestAdapterInit.js:943:5)
    at _runTestsForDescribeBlock (/Users/cmuir/P1Import-apps/P1-import-Subsystem/node_modules/jest-circus/build/jestAdapterInit.js:839:13)
    at _runTestsForDescribeBlock (/Users/cmuir/P1Import-apps/P1-import-Subsystem/node_modules/jest-circus/build/jestAdapterInit.js:829:11)
    at _runTestsForDescribeBlock (/Users/cmuir/P1Import-apps/P1-import-Subsystem/node_modules/jest-circus/build/jestAdapterInit.js:829:11)
    at run (/Users/cmuir/P1Import-apps/P1-import-Subsystem/node_modules/jest-circus/build/jestAdapterInit.js:757:3)
    at runAndTransformResultsToJestFormat (/Users/cmuir/P1Import-apps/P1-import-Subsystem/node_modules/jest-circus/build/jestAdapterInit.js:1920:21)
    at jestAdapter (/Users/cmuir/P1Import-apps/P1-import-Subsystem/node_modules/jest-circus/build/runner.js:101:19)
    at runTestInternal (/Users/cmuir/P1Import-apps/P1-import-Subsystem/node_modules/jest-runner/build/testWorker.js:275:16)
    at runTest (/Users/cmuir/P1Import-apps/P1-import-Subsystem/node_modules/jest-runner/build/testWorker.js:343:7)
    at Object.worker (/Users/cmuir/P1Import-apps/P1-import-Subsystem/node_modules/jest-runner/build/testWorker.js:497:12)</failure>
      <failure>ReferenceError: jest is not defined
    at Object.&lt;anonymous&gt; (/Users/cmuir/P1Import-apps/P1-import-Subsystem/test/unit/swagger-ui-integration.test.js:192:5)
    at Promise.finally.completed (/Users/cmuir/P1Import-apps/P1-import-Subsystem/node_modules/jest-circus/build/jestAdapterInit.js:1559:28)
    at new Promise (&lt;anonymous&gt;)
    at callAsyncCircusFn (/Users/cmuir/P1Import-apps/P1-import-Subsystem/node_modules/jest-circus/build/jestAdapterInit.js:1499:10)
    at _callCircusHook (/Users/cmuir/P1Import-apps/P1-import-Subsystem/node_modules/jest-circus/build/jestAdapterInit.js:978:40)
    at processTicksAndRejections (node:internal/process/task_queues:105:5)
    at _runTest (/Users/cmuir/P1Import-apps/P1-import-Subsystem/node_modules/jest-circus/build/jestAdapterInit.js:951:5)
    at _runTestsForDescribeBlock (/Users/cmuir/P1Import-apps/P1-import-Subsystem/node_modules/jest-circus/build/jestAdapterInit.js:839:13)
    at _runTestsForDescribeBlock (/Users/cmuir/P1Import-apps/P1-import-Subsystem/node_modules/jest-circus/build/jestAdapterInit.js:829:11)
    at _runTestsForDescribeBlock (/Users/cmuir/P1Import-apps/P1-import-Subsystem/node_modules/jest-circus/build/jestAdapterInit.js:829:11)
    at run (/Users/cmuir/P1Import-apps/P1-import-Subsystem/node_modules/jest-circus/build/jestAdapterInit.js:757:3)
    at runAndTransformResultsToJestFormat (/Users/cmuir/P1Import-apps/P1-import-Subsystem/node_modules/jest-circus/build/jestAdapterInit.js:1920:21)
    at jestAdapter (/Users/cmuir/P1Import-apps/P1-import-Subsystem/node_modules/jest-circus/build/runner.js:101:19)
    at runTestInternal (/Users/cmuir/P1Import-apps/P1-import-Subsystem/node_modules/jest-runner/build/testWorker.js:275:16)
    at runTest (/Users/cmuir/P1Import-apps/P1-import-Subsystem/node_modules/jest-runner/build/testWorker.js:343:7)
    at Object.worker (/Users/cmuir/P1Import-apps/P1-import-Subsystem/node_modules/jest-runner/build/testWorker.js:497:12)</failure>
    </testcase>
    <testcase classname="Swagger UI Integration with Subsystems › Error Handling and Fallbacks" name="should initialize fallback UI when subsystem APIs fail" time="0.003">
      <failure>ReferenceError: jest is not defined
    at Object.&lt;anonymous&gt; (/Users/cmuir/P1Import-apps/P1-import-Subsystem/test/unit/swagger-ui-integration.test.js:48:20)
    at Promise.finally.completed (/Users/cmuir/P1Import-apps/P1-import-Subsystem/node_modules/jest-circus/build/jestAdapterInit.js:1559:28)
    at new Promise (&lt;anonymous&gt;)
    at callAsyncCircusFn (/Users/cmuir/P1Import-apps/P1-import-Subsystem/node_modules/jest-circus/build/jestAdapterInit.js:1499:10)
    at _callCircusHook (/Users/cmuir/P1Import-apps/P1-import-Subsystem/node_modules/jest-circus/build/jestAdapterInit.js:978:40)
    at processTicksAndRejections (node:internal/process/task_queues:105:5)
    at _runTest (/Users/cmuir/P1Import-apps/P1-import-Subsystem/node_modules/jest-circus/build/jestAdapterInit.js:943:5)
    at _runTestsForDescribeBlock (/Users/cmuir/P1Import-apps/P1-import-Subsystem/node_modules/jest-circus/build/jestAdapterInit.js:839:13)
    at _runTestsForDescribeBlock (/Users/cmuir/P1Import-apps/P1-import-Subsystem/node_modules/jest-circus/build/jestAdapterInit.js:829:11)
    at _runTestsForDescribeBlock (/Users/cmuir/P1Import-apps/P1-import-Subsystem/node_modules/jest-circus/build/jestAdapterInit.js:829:11)
    at run (/Users/cmuir/P1Import-apps/P1-import-Subsystem/node_modules/jest-circus/build/jestAdapterInit.js:757:3)
    at runAndTransformResultsToJestFormat (/Users/cmuir/P1Import-apps/P1-import-Subsystem/node_modules/jest-circus/build/jestAdapterInit.js:1920:21)
    at jestAdapter (/Users/cmuir/P1Import-apps/P1-import-Subsystem/node_modules/jest-circus/build/runner.js:101:19)
    at runTestInternal (/Users/cmuir/P1Import-apps/P1-import-Subsystem/node_modules/jest-runner/build/testWorker.js:275:16)
    at runTest (/Users/cmuir/P1Import-apps/P1-import-Subsystem/node_modules/jest-runner/build/testWorker.js:343:7)
    at Object.worker (/Users/cmuir/P1Import-apps/P1-import-Subsystem/node_modules/jest-runner/build/testWorker.js:497:12)</failure>
      <failure>ReferenceError: jest is not defined
    at Object.&lt;anonymous&gt; (/Users/cmuir/P1Import-apps/P1-import-Subsystem/test/unit/swagger-ui-integration.test.js:192:5)
    at Promise.finally.completed (/Users/cmuir/P1Import-apps/P1-import-Subsystem/node_modules/jest-circus/build/jestAdapterInit.js:1559:28)
    at new Promise (&lt;anonymous&gt;)
    at callAsyncCircusFn (/Users/cmuir/P1Import-apps/P1-import-Subsystem/node_modules/jest-circus/build/jestAdapterInit.js:1499:10)
    at _callCircusHook (/Users/cmuir/P1Import-apps/P1-import-Subsystem/node_modules/jest-circus/build/jestAdapterInit.js:978:40)
    at processTicksAndRejections (node:internal/process/task_queues:105:5)
    at _runTest (/Users/cmuir/P1Import-apps/P1-import-Subsystem/node_modules/jest-circus/build/jestAdapterInit.js:951:5)
    at _runTestsForDescribeBlock (/Users/cmuir/P1Import-apps/P1-import-Subsystem/node_modules/jest-circus/build/jestAdapterInit.js:839:13)
    at _runTestsForDescribeBlock (/Users/cmuir/P1Import-apps/P1-import-Subsystem/node_modules/jest-circus/build/jestAdapterInit.js:829:11)
    at _runTestsForDescribeBlock (/Users/cmuir/P1Import-apps/P1-import-Subsystem/node_modules/jest-circus/build/jestAdapterInit.js:829:11)
    at run (/Users/cmuir/P1Import-apps/P1-import-Subsystem/node_modules/jest-circus/build/jestAdapterInit.js:757:3)
    at runAndTransformResultsToJestFormat (/Users/cmuir/P1Import-apps/P1-import-Subsystem/node_modules/jest-circus/build/jestAdapterInit.js:1920:21)
    at jestAdapter (/Users/cmuir/P1Import-apps/P1-import-Subsystem/node_modules/jest-circus/build/runner.js:101:19)
    at runTestInternal (/Users/cmuir/P1Import-apps/P1-import-Subsystem/node_modules/jest-runner/build/testWorker.js:275:16)
    at runTest (/Users/cmuir/P1Import-apps/P1-import-Subsystem/node_modules/jest-runner/build/testWorker.js:343:7)
    at Object.worker (/Users/cmuir/P1Import-apps/P1-import-Subsystem/node_modules/jest-runner/build/testWorker.js:497:12)</failure>
    </testcase>
    <testcase classname="Swagger UI Integration with Subsystems › Error Handling and Fallbacks" name="should handle token refresh failures gracefully" time="0.002">
      <failure>ReferenceError: jest is not defined
    at Object.&lt;anonymous&gt; (/Users/cmuir/P1Import-apps/P1-import-Subsystem/test/unit/swagger-ui-integration.test.js:48:20)
    at Promise.finally.completed (/Users/cmuir/P1Import-apps/P1-import-Subsystem/node_modules/jest-circus/build/jestAdapterInit.js:1559:28)
    at new Promise (&lt;anonymous&gt;)
    at callAsyncCircusFn (/Users/cmuir/P1Import-apps/P1-import-Subsystem/node_modules/jest-circus/build/jestAdapterInit.js:1499:10)
    at _callCircusHook (/Users/cmuir/P1Import-apps/P1-import-Subsystem/node_modules/jest-circus/build/jestAdapterInit.js:978:40)
    at processTicksAndRejections (node:internal/process/task_queues:105:5)
    at _runTest (/Users/cmuir/P1Import-apps/P1-import-Subsystem/node_modules/jest-circus/build/jestAdapterInit.js:943:5)
    at _runTestsForDescribeBlock (/Users/cmuir/P1Import-apps/P1-import-Subsystem/node_modules/jest-circus/build/jestAdapterInit.js:839:13)
    at _runTestsForDescribeBlock (/Users/cmuir/P1Import-apps/P1-import-Subsystem/node_modules/jest-circus/build/jestAdapterInit.js:829:11)
    at _runTestsForDescribeBlock (/Users/cmuir/P1Import-apps/P1-import-Subsystem/node_modules/jest-circus/build/jestAdapterInit.js:829:11)
    at run (/Users/cmuir/P1Import-apps/P1-import-Subsystem/node_modules/jest-circus/build/jestAdapterInit.js:757:3)
    at runAndTransformResultsToJestFormat (/Users/cmuir/P1Import-apps/P1-import-Subsystem/node_modules/jest-circus/build/jestAdapterInit.js:1920:21)
    at jestAdapter (/Users/cmuir/P1Import-apps/P1-import-Subsystem/node_modules/jest-circus/build/runner.js:101:19)
    at runTestInternal (/Users/cmuir/P1Import-apps/P1-import-Subsystem/node_modules/jest-runner/build/testWorker.js:275:16)
    at runTest (/Users/cmuir/P1Import-apps/P1-import-Subsystem/node_modules/jest-runner/build/testWorker.js:343:7)
    at Object.worker (/Users/cmuir/P1Import-apps/P1-import-Subsystem/node_modules/jest-runner/build/testWorker.js:497:12)</failure>
      <failure>ReferenceError: jest is not defined
    at Object.&lt;anonymous&gt; (/Users/cmuir/P1Import-apps/P1-import-Subsystem/test/unit/swagger-ui-integration.test.js:192:5)
    at Promise.finally.completed (/Users/cmuir/P1Import-apps/P1-import-Subsystem/node_modules/jest-circus/build/jestAdapterInit.js:1559:28)
    at new Promise (&lt;anonymous&gt;)
    at callAsyncCircusFn (/Users/cmuir/P1Import-apps/P1-import-Subsystem/node_modules/jest-circus/build/jestAdapterInit.js:1499:10)
    at _callCircusHook (/Users/cmuir/P1Import-apps/P1-import-Subsystem/node_modules/jest-circus/build/jestAdapterInit.js:978:40)
    at processTicksAndRejections (node:internal/process/task_queues:105:5)
    at _runTest (/Users/cmuir/P1Import-apps/P1-import-Subsystem/node_modules/jest-circus/build/jestAdapterInit.js:951:5)
    at _runTestsForDescribeBlock (/Users/cmuir/P1Import-apps/P1-import-Subsystem/node_modules/jest-circus/build/jestAdapterInit.js:839:13)
    at _runTestsForDescribeBlock (/Users/cmuir/P1Import-apps/P1-import-Subsystem/node_modules/jest-circus/build/jestAdapterInit.js:829:11)
    at _runTestsForDescribeBlock (/Users/cmuir/P1Import-apps/P1-import-Subsystem/node_modules/jest-circus/build/jestAdapterInit.js:829:11)
    at run (/Users/cmuir/P1Import-apps/P1-import-Subsystem/node_modules/jest-circus/build/jestAdapterInit.js:757:3)
    at runAndTransformResultsToJestFormat (/Users/cmuir/P1Import-apps/P1-import-Subsystem/node_modules/jest-circus/build/jestAdapterInit.js:1920:21)
    at jestAdapter (/Users/cmuir/P1Import-apps/P1-import-Subsystem/node_modules/jest-circus/build/runner.js:101:19)
    at runTestInternal (/Users/cmuir/P1Import-apps/P1-import-Subsystem/node_modules/jest-runner/build/testWorker.js:275:16)
    at runTest (/Users/cmuir/P1Import-apps/P1-import-Subsystem/node_modules/jest-runner/build/testWorker.js:343:7)
    at Object.worker (/Users/cmuir/P1Import-apps/P1-import-Subsystem/node_modules/jest-runner/build/testWorker.js:497:12)</failure>
    </testcase>
  </testsuite>
  <testsuite name="tests/test-disclaimer-banner.test.js" errors="0" failures="27" skipped="0" timestamp="2025-08-20T11:47:22" time="0.307" tests="27">
    <testcase classname="Disclaimer Banner › Initialization" name="should create banner instance" time="0">
      <failure>Error: Cannot find module &apos;../public/js/modules/disclaimer-banner.js&apos; from &apos;tests/test-disclaimer-banner.test.js&apos;
    at Resolver._throwModNotFoundError (/Users/cmuir/P1Import-apps/P1-import-Subsystem/node_modules/jest-resolve/build/index.js:863:11)
    at Resolver.resolveModuleAsync (/Users/cmuir/P1Import-apps/P1-import-Subsystem/node_modules/jest-resolve/build/index.js:820:10)
    at processTicksAndRejections (node:internal/process/task_queues:105:5)
    at Resolver.getModuleIDAsync (/Users/cmuir/P1Import-apps/P1-import-Subsystem/node_modules/jest-resolve/build/index.js:967:26)
    at Runtime._shouldMockModule (/Users/cmuir/P1Import-apps/P1-import-Subsystem/node_modules/jest-runtime/build/index.js:1527:22)
    at Runtime.resolveModule (/Users/cmuir/P1Import-apps/P1-import-Subsystem/node_modules/jest-runtime/build/index.js:657:9)
    at importModuleDynamically (/Users/cmuir/P1Import-apps/P1-import-Subsystem/node_modules/jest-runtime/build/index.js:526:30)
    at importModuleDynamicallyWrapper (node:internal/vm/module:436:15)
    at Object.&lt;anonymous&gt; (/Users/cmuir/P1Import-apps/P1-import-Subsystem/tests/test-disclaimer-banner.test.js:45:20)</failure>
    </testcase>
    <testcase classname="Disclaimer Banner › Initialization" name="should show banner on first visit" time="0">
      <failure>Error: Cannot find module &apos;../public/js/modules/disclaimer-banner.js&apos; from &apos;tests/test-disclaimer-banner.test.js&apos;
    at Resolver._throwModNotFoundError (/Users/cmuir/P1Import-apps/P1-import-Subsystem/node_modules/jest-resolve/build/index.js:863:11)
    at Resolver.resolveModuleAsync (/Users/cmuir/P1Import-apps/P1-import-Subsystem/node_modules/jest-resolve/build/index.js:820:10)
    at processTicksAndRejections (node:internal/process/task_queues:105:5)
    at Resolver.getModuleIDAsync (/Users/cmuir/P1Import-apps/P1-import-Subsystem/node_modules/jest-resolve/build/index.js:967:26)
    at Runtime._shouldMockModule (/Users/cmuir/P1Import-apps/P1-import-Subsystem/node_modules/jest-runtime/build/index.js:1527:22)
    at Runtime.resolveModule (/Users/cmuir/P1Import-apps/P1-import-Subsystem/node_modules/jest-runtime/build/index.js:657:9)
    at importModuleDynamically (/Users/cmuir/P1Import-apps/P1-import-Subsystem/node_modules/jest-runtime/build/index.js:526:30)
    at importModuleDynamicallyWrapper (node:internal/vm/module:436:15)
    at Object.&lt;anonymous&gt; (/Users/cmuir/P1Import-apps/P1-import-Subsystem/tests/test-disclaimer-banner.test.js:45:20)</failure>
    </testcase>
    <testcase classname="Disclaimer Banner › Initialization" name="should not show banner if previously dismissed" time="0">
      <failure>Error: Cannot find module &apos;../public/js/modules/disclaimer-banner.js&apos; from &apos;tests/test-disclaimer-banner.test.js&apos;
    at Resolver._throwModNotFoundError (/Users/cmuir/P1Import-apps/P1-import-Subsystem/node_modules/jest-resolve/build/index.js:863:11)
    at Resolver.resolveModuleAsync (/Users/cmuir/P1Import-apps/P1-import-Subsystem/node_modules/jest-resolve/build/index.js:820:10)
    at processTicksAndRejections (node:internal/process/task_queues:105:5)
    at Resolver.getModuleIDAsync (/Users/cmuir/P1Import-apps/P1-import-Subsystem/node_modules/jest-resolve/build/index.js:967:26)
    at Runtime._shouldMockModule (/Users/cmuir/P1Import-apps/P1-import-Subsystem/node_modules/jest-runtime/build/index.js:1527:22)
    at Runtime.resolveModule (/Users/cmuir/P1Import-apps/P1-import-Subsystem/node_modules/jest-runtime/build/index.js:657:9)
    at importModuleDynamically (/Users/cmuir/P1Import-apps/P1-import-Subsystem/node_modules/jest-runtime/build/index.js:526:30)
    at importModuleDynamicallyWrapper (node:internal/vm/module:436:15)
    at Object.&lt;anonymous&gt; (/Users/cmuir/P1Import-apps/P1-import-Subsystem/tests/test-disclaimer-banner.test.js:45:20)</failure>
    </testcase>
    <testcase classname="Disclaimer Banner › Banner Creation" name="should create banner HTML" time="0">
      <failure>Error: Cannot find module &apos;../public/js/modules/disclaimer-banner.js&apos; from &apos;tests/test-disclaimer-banner.test.js&apos;
    at Resolver._throwModNotFoundError (/Users/cmuir/P1Import-apps/P1-import-Subsystem/node_modules/jest-resolve/build/index.js:863:11)
    at Resolver.resolveModuleAsync (/Users/cmuir/P1Import-apps/P1-import-Subsystem/node_modules/jest-resolve/build/index.js:820:10)
    at processTicksAndRejections (node:internal/process/task_queues:105:5)
    at Resolver.getModuleIDAsync (/Users/cmuir/P1Import-apps/P1-import-Subsystem/node_modules/jest-resolve/build/index.js:967:26)
    at Runtime._shouldMockModule (/Users/cmuir/P1Import-apps/P1-import-Subsystem/node_modules/jest-runtime/build/index.js:1527:22)
    at Runtime.resolveModule (/Users/cmuir/P1Import-apps/P1-import-Subsystem/node_modules/jest-runtime/build/index.js:657:9)
    at importModuleDynamically (/Users/cmuir/P1Import-apps/P1-import-Subsystem/node_modules/jest-runtime/build/index.js:526:30)
    at importModuleDynamicallyWrapper (node:internal/vm/module:436:15)
    at Object.&lt;anonymous&gt; (/Users/cmuir/P1Import-apps/P1-import-Subsystem/tests/test-disclaimer-banner.test.js:45:20)</failure>
    </testcase>
    <testcase classname="Disclaimer Banner › Banner Creation" name="should add banner to DOM" time="0">
      <failure>Error: Cannot find module &apos;../public/js/modules/disclaimer-banner.js&apos; from &apos;tests/test-disclaimer-banner.test.js&apos;
    at Resolver._throwModNotFoundError (/Users/cmuir/P1Import-apps/P1-import-Subsystem/node_modules/jest-resolve/build/index.js:863:11)
    at Resolver.resolveModuleAsync (/Users/cmuir/P1Import-apps/P1-import-Subsystem/node_modules/jest-resolve/build/index.js:820:10)
    at processTicksAndRejections (node:internal/process/task_queues:105:5)
    at Resolver.getModuleIDAsync (/Users/cmuir/P1Import-apps/P1-import-Subsystem/node_modules/jest-resolve/build/index.js:967:26)
    at Runtime._shouldMockModule (/Users/cmuir/P1Import-apps/P1-import-Subsystem/node_modules/jest-runtime/build/index.js:1527:22)
    at Runtime.resolveModule (/Users/cmuir/P1Import-apps/P1-import-Subsystem/node_modules/jest-runtime/build/index.js:657:9)
    at importModuleDynamically (/Users/cmuir/P1Import-apps/P1-import-Subsystem/node_modules/jest-runtime/build/index.js:526:30)
    at importModuleDynamicallyWrapper (node:internal/vm/module:436:15)
    at Object.&lt;anonymous&gt; (/Users/cmuir/P1Import-apps/P1-import-Subsystem/tests/test-disclaimer-banner.test.js:45:20)</failure>
    </testcase>
    <testcase classname="Disclaimer Banner › Banner Creation" name="should add body class for spacing" time="0">
      <failure>Error: Cannot find module &apos;../public/js/modules/disclaimer-banner.js&apos; from &apos;tests/test-disclaimer-banner.test.js&apos;
    at Resolver._throwModNotFoundError (/Users/cmuir/P1Import-apps/P1-import-Subsystem/node_modules/jest-resolve/build/index.js:863:11)
    at Resolver.resolveModuleAsync (/Users/cmuir/P1Import-apps/P1-import-Subsystem/node_modules/jest-resolve/build/index.js:820:10)
    at processTicksAndRejections (node:internal/process/task_queues:105:5)
    at Resolver.getModuleIDAsync (/Users/cmuir/P1Import-apps/P1-import-Subsystem/node_modules/jest-resolve/build/index.js:967:26)
    at Runtime._shouldMockModule (/Users/cmuir/P1Import-apps/P1-import-Subsystem/node_modules/jest-runtime/build/index.js:1527:22)
    at Runtime.resolveModule (/Users/cmuir/P1Import-apps/P1-import-Subsystem/node_modules/jest-runtime/build/index.js:657:9)
    at importModuleDynamically (/Users/cmuir/P1Import-apps/P1-import-Subsystem/node_modules/jest-runtime/build/index.js:526:30)
    at importModuleDynamicallyWrapper (node:internal/vm/module:436:15)
    at Object.&lt;anonymous&gt; (/Users/cmuir/P1Import-apps/P1-import-Subsystem/tests/test-disclaimer-banner.test.js:45:20)</failure>
    </testcase>
    <testcase classname="Disclaimer Banner › Banner Creation" name="should include proper ARIA attributes" time="0">
      <failure>Error: Cannot find module &apos;../public/js/modules/disclaimer-banner.js&apos; from &apos;tests/test-disclaimer-banner.test.js&apos;
    at Resolver._throwModNotFoundError (/Users/cmuir/P1Import-apps/P1-import-Subsystem/node_modules/jest-resolve/build/index.js:863:11)
    at Resolver.resolveModuleAsync (/Users/cmuir/P1Import-apps/P1-import-Subsystem/node_modules/jest-resolve/build/index.js:820:10)
    at processTicksAndRejections (node:internal/process/task_queues:105:5)
    at Resolver.getModuleIDAsync (/Users/cmuir/P1Import-apps/P1-import-Subsystem/node_modules/jest-resolve/build/index.js:967:26)
    at Runtime._shouldMockModule (/Users/cmuir/P1Import-apps/P1-import-Subsystem/node_modules/jest-runtime/build/index.js:1527:22)
    at Runtime.resolveModule (/Users/cmuir/P1Import-apps/P1-import-Subsystem/node_modules/jest-runtime/build/index.js:657:9)
    at importModuleDynamically (/Users/cmuir/P1Import-apps/P1-import-Subsystem/node_modules/jest-runtime/build/index.js:526:30)
    at importModuleDynamicallyWrapper (node:internal/vm/module:436:15)
    at Object.&lt;anonymous&gt; (/Users/cmuir/P1Import-apps/P1-import-Subsystem/tests/test-disclaimer-banner.test.js:45:20)</failure>
    </testcase>
    <testcase classname="Disclaimer Banner › Banner Content" name="should include warning icon" time="0">
      <failure>Error: Cannot find module &apos;../public/js/modules/disclaimer-banner.js&apos; from &apos;tests/test-disclaimer-banner.test.js&apos;
    at Resolver._throwModNotFoundError (/Users/cmuir/P1Import-apps/P1-import-Subsystem/node_modules/jest-resolve/build/index.js:863:11)
    at Resolver.resolveModuleAsync (/Users/cmuir/P1Import-apps/P1-import-Subsystem/node_modules/jest-resolve/build/index.js:820:10)
    at processTicksAndRejections (node:internal/process/task_queues:105:5)
    at Resolver.getModuleIDAsync (/Users/cmuir/P1Import-apps/P1-import-Subsystem/node_modules/jest-resolve/build/index.js:967:26)
    at Runtime._shouldMockModule (/Users/cmuir/P1Import-apps/P1-import-Subsystem/node_modules/jest-runtime/build/index.js:1527:22)
    at Runtime.resolveModule (/Users/cmuir/P1Import-apps/P1-import-Subsystem/node_modules/jest-runtime/build/index.js:657:9)
    at importModuleDynamically (/Users/cmuir/P1Import-apps/P1-import-Subsystem/node_modules/jest-runtime/build/index.js:526:30)
    at importModuleDynamicallyWrapper (node:internal/vm/module:436:15)
    at Object.&lt;anonymous&gt; (/Users/cmuir/P1Import-apps/P1-import-Subsystem/tests/test-disclaimer-banner.test.js:45:20)</failure>
    </testcase>
    <testcase classname="Disclaimer Banner › Banner Content" name="should include disclaimer message" time="0">
      <failure>Error: Cannot find module &apos;../public/js/modules/disclaimer-banner.js&apos; from &apos;tests/test-disclaimer-banner.test.js&apos;
    at Resolver._throwModNotFoundError (/Users/cmuir/P1Import-apps/P1-import-Subsystem/node_modules/jest-resolve/build/index.js:863:11)
    at Resolver.resolveModuleAsync (/Users/cmuir/P1Import-apps/P1-import-Subsystem/node_modules/jest-resolve/build/index.js:820:10)
    at processTicksAndRejections (node:internal/process/task_queues:105:5)
    at Resolver.getModuleIDAsync (/Users/cmuir/P1Import-apps/P1-import-Subsystem/node_modules/jest-resolve/build/index.js:967:26)
    at Runtime._shouldMockModule (/Users/cmuir/P1Import-apps/P1-import-Subsystem/node_modules/jest-runtime/build/index.js:1527:22)
    at Runtime.resolveModule (/Users/cmuir/P1Import-apps/P1-import-Subsystem/node_modules/jest-runtime/build/index.js:657:9)
    at importModuleDynamically (/Users/cmuir/P1Import-apps/P1-import-Subsystem/node_modules/jest-runtime/build/index.js:526:30)
    at importModuleDynamicallyWrapper (node:internal/vm/module:436:15)
    at Object.&lt;anonymous&gt; (/Users/cmuir/P1Import-apps/P1-import-Subsystem/tests/test-disclaimer-banner.test.js:45:20)</failure>
    </testcase>
    <testcase classname="Disclaimer Banner › Banner Content" name="should include dismiss button" time="0">
      <failure>Error: Cannot find module &apos;../public/js/modules/disclaimer-banner.js&apos; from &apos;tests/test-disclaimer-banner.test.js&apos;
    at Resolver._throwModNotFoundError (/Users/cmuir/P1Import-apps/P1-import-Subsystem/node_modules/jest-resolve/build/index.js:863:11)
    at Resolver.resolveModuleAsync (/Users/cmuir/P1Import-apps/P1-import-Subsystem/node_modules/jest-resolve/build/index.js:820:10)
    at processTicksAndRejections (node:internal/process/task_queues:105:5)
    at Resolver.getModuleIDAsync (/Users/cmuir/P1Import-apps/P1-import-Subsystem/node_modules/jest-resolve/build/index.js:967:26)
    at Runtime._shouldMockModule (/Users/cmuir/P1Import-apps/P1-import-Subsystem/node_modules/jest-runtime/build/index.js:1527:22)
    at Runtime.resolveModule (/Users/cmuir/P1Import-apps/P1-import-Subsystem/node_modules/jest-runtime/build/index.js:657:9)
    at importModuleDynamically (/Users/cmuir/P1Import-apps/P1-import-Subsystem/node_modules/jest-runtime/build/index.js:526:30)
    at importModuleDynamicallyWrapper (node:internal/vm/module:436:15)
    at Object.&lt;anonymous&gt; (/Users/cmuir/P1Import-apps/P1-import-Subsystem/tests/test-disclaimer-banner.test.js:45:20)</failure>
    </testcase>
    <testcase classname="Disclaimer Banner › Banner Visibility" name="should show banner with animation" time="0">
      <failure>Error: Cannot find module &apos;../public/js/modules/disclaimer-banner.js&apos; from &apos;tests/test-disclaimer-banner.test.js&apos;
    at Resolver._throwModNotFoundError (/Users/cmuir/P1Import-apps/P1-import-Subsystem/node_modules/jest-resolve/build/index.js:863:11)
    at Resolver.resolveModuleAsync (/Users/cmuir/P1Import-apps/P1-import-Subsystem/node_modules/jest-resolve/build/index.js:820:10)
    at processTicksAndRejections (node:internal/process/task_queues:105:5)
    at Resolver.getModuleIDAsync (/Users/cmuir/P1Import-apps/P1-import-Subsystem/node_modules/jest-resolve/build/index.js:967:26)
    at Runtime._shouldMockModule (/Users/cmuir/P1Import-apps/P1-import-Subsystem/node_modules/jest-runtime/build/index.js:1527:22)
    at Runtime.resolveModule (/Users/cmuir/P1Import-apps/P1-import-Subsystem/node_modules/jest-runtime/build/index.js:657:9)
    at importModuleDynamically (/Users/cmuir/P1Import-apps/P1-import-Subsystem/node_modules/jest-runtime/build/index.js:526:30)
    at importModuleDynamicallyWrapper (node:internal/vm/module:436:15)
    at Object.&lt;anonymous&gt; (/Users/cmuir/P1Import-apps/P1-import-Subsystem/tests/test-disclaimer-banner.test.js:45:20)</failure>
    </testcase>
    <testcase classname="Disclaimer Banner › Banner Visibility" name="should hide banner with animation" time="0">
      <failure>Error: Cannot find module &apos;../public/js/modules/disclaimer-banner.js&apos; from &apos;tests/test-disclaimer-banner.test.js&apos;
    at Resolver._throwModNotFoundError (/Users/cmuir/P1Import-apps/P1-import-Subsystem/node_modules/jest-resolve/build/index.js:863:11)
    at Resolver.resolveModuleAsync (/Users/cmuir/P1Import-apps/P1-import-Subsystem/node_modules/jest-resolve/build/index.js:820:10)
    at processTicksAndRejections (node:internal/process/task_queues:105:5)
    at Resolver.getModuleIDAsync (/Users/cmuir/P1Import-apps/P1-import-Subsystem/node_modules/jest-resolve/build/index.js:967:26)
    at Runtime._shouldMockModule (/Users/cmuir/P1Import-apps/P1-import-Subsystem/node_modules/jest-runtime/build/index.js:1527:22)
    at Runtime.resolveModule (/Users/cmuir/P1Import-apps/P1-import-Subsystem/node_modules/jest-runtime/build/index.js:657:9)
    at importModuleDynamically (/Users/cmuir/P1Import-apps/P1-import-Subsystem/node_modules/jest-runtime/build/index.js:526:30)
    at importModuleDynamicallyWrapper (node:internal/vm/module:436:15)
    at Object.&lt;anonymous&gt; (/Users/cmuir/P1Import-apps/P1-import-Subsystem/tests/test-disclaimer-banner.test.js:45:20)</failure>
    </testcase>
    <testcase classname="Disclaimer Banner › Dismissal Functionality" name="should store dismissal in localStorage" time="0">
      <failure>Error: Cannot find module &apos;../public/js/modules/disclaimer-banner.js&apos; from &apos;tests/test-disclaimer-banner.test.js&apos;
    at Resolver._throwModNotFoundError (/Users/cmuir/P1Import-apps/P1-import-Subsystem/node_modules/jest-resolve/build/index.js:863:11)
    at Resolver.resolveModuleAsync (/Users/cmuir/P1Import-apps/P1-import-Subsystem/node_modules/jest-resolve/build/index.js:820:10)
    at processTicksAndRejections (node:internal/process/task_queues:105:5)
    at Resolver.getModuleIDAsync (/Users/cmuir/P1Import-apps/P1-import-Subsystem/node_modules/jest-resolve/build/index.js:967:26)
    at Runtime._shouldMockModule (/Users/cmuir/P1Import-apps/P1-import-Subsystem/node_modules/jest-runtime/build/index.js:1527:22)
    at Runtime.resolveModule (/Users/cmuir/P1Import-apps/P1-import-Subsystem/node_modules/jest-runtime/build/index.js:657:9)
    at importModuleDynamically (/Users/cmuir/P1Import-apps/P1-import-Subsystem/node_modules/jest-runtime/build/index.js:526:30)
    at importModuleDynamicallyWrapper (node:internal/vm/module:436:15)
    at Object.&lt;anonymous&gt; (/Users/cmuir/P1Import-apps/P1-import-Subsystem/tests/test-disclaimer-banner.test.js:45:20)</failure>
    </testcase>
    <testcase classname="Disclaimer Banner › Dismissal Functionality" name="should remove banner from DOM after dismissal" time="0">
      <failure>Error: Cannot find module &apos;../public/js/modules/disclaimer-banner.js&apos; from &apos;tests/test-disclaimer-banner.test.js&apos;
    at Resolver._throwModNotFoundError (/Users/cmuir/P1Import-apps/P1-import-Subsystem/node_modules/jest-resolve/build/index.js:863:11)
    at Resolver.resolveModuleAsync (/Users/cmuir/P1Import-apps/P1-import-Subsystem/node_modules/jest-resolve/build/index.js:820:10)
    at processTicksAndRejections (node:internal/process/task_queues:105:5)
    at Resolver.getModuleIDAsync (/Users/cmuir/P1Import-apps/P1-import-Subsystem/node_modules/jest-resolve/build/index.js:967:26)
    at Runtime._shouldMockModule (/Users/cmuir/P1Import-apps/P1-import-Subsystem/node_modules/jest-runtime/build/index.js:1527:22)
    at Runtime.resolveModule (/Users/cmuir/P1Import-apps/P1-import-Subsystem/node_modules/jest-runtime/build/index.js:657:9)
    at importModuleDynamically (/Users/cmuir/P1Import-apps/P1-import-Subsystem/node_modules/jest-runtime/build/index.js:526:30)
    at importModuleDynamicallyWrapper (node:internal/vm/module:436:15)
    at Object.&lt;anonymous&gt; (/Users/cmuir/P1Import-apps/P1-import-Subsystem/tests/test-disclaimer-banner.test.js:45:20)</failure>
    </testcase>
    <testcase classname="Disclaimer Banner › Dismissal Functionality" name="should remove body class after dismissal" time="0">
      <failure>Error: Cannot find module &apos;../public/js/modules/disclaimer-banner.js&apos; from &apos;tests/test-disclaimer-banner.test.js&apos;
    at Resolver._throwModNotFoundError (/Users/cmuir/P1Import-apps/P1-import-Subsystem/node_modules/jest-resolve/build/index.js:863:11)
    at Resolver.resolveModuleAsync (/Users/cmuir/P1Import-apps/P1-import-Subsystem/node_modules/jest-resolve/build/index.js:820:10)
    at processTicksAndRejections (node:internal/process/task_queues:105:5)
    at Resolver.getModuleIDAsync (/Users/cmuir/P1Import-apps/P1-import-Subsystem/node_modules/jest-resolve/build/index.js:967:26)
    at Runtime._shouldMockModule (/Users/cmuir/P1Import-apps/P1-import-Subsystem/node_modules/jest-runtime/build/index.js:1527:22)
    at Runtime.resolveModule (/Users/cmuir/P1Import-apps/P1-import-Subsystem/node_modules/jest-runtime/build/index.js:657:9)
    at importModuleDynamically (/Users/cmuir/P1Import-apps/P1-import-Subsystem/node_modules/jest-runtime/build/index.js:526:30)
    at importModuleDynamicallyWrapper (node:internal/vm/module:436:15)
    at Object.&lt;anonymous&gt; (/Users/cmuir/P1Import-apps/P1-import-Subsystem/tests/test-disclaimer-banner.test.js:45:20)</failure>
    </testcase>
    <testcase classname="Disclaimer Banner › Event Handling" name="should handle dismiss button click" time="0">
      <failure>Error: Cannot find module &apos;../public/js/modules/disclaimer-banner.js&apos; from &apos;tests/test-disclaimer-banner.test.js&apos;
    at Resolver._throwModNotFoundError (/Users/cmuir/P1Import-apps/P1-import-Subsystem/node_modules/jest-resolve/build/index.js:863:11)
    at Resolver.resolveModuleAsync (/Users/cmuir/P1Import-apps/P1-import-Subsystem/node_modules/jest-resolve/build/index.js:820:10)
    at processTicksAndRejections (node:internal/process/task_queues:105:5)
    at Resolver.getModuleIDAsync (/Users/cmuir/P1Import-apps/P1-import-Subsystem/node_modules/jest-resolve/build/index.js:967:26)
    at Runtime._shouldMockModule (/Users/cmuir/P1Import-apps/P1-import-Subsystem/node_modules/jest-runtime/build/index.js:1527:22)
    at Runtime.resolveModule (/Users/cmuir/P1Import-apps/P1-import-Subsystem/node_modules/jest-runtime/build/index.js:657:9)
    at importModuleDynamically (/Users/cmuir/P1Import-apps/P1-import-Subsystem/node_modules/jest-runtime/build/index.js:526:30)
    at importModuleDynamicallyWrapper (node:internal/vm/module:436:15)
    at Object.&lt;anonymous&gt; (/Users/cmuir/P1Import-apps/P1-import-Subsystem/tests/test-disclaimer-banner.test.js:45:20)</failure>
    </testcase>
    <testcase classname="Disclaimer Banner › Event Handling" name="should handle keyboard events" time="0">
      <failure>Error: Cannot find module &apos;../public/js/modules/disclaimer-banner.js&apos; from &apos;tests/test-disclaimer-banner.test.js&apos;
    at Resolver._throwModNotFoundError (/Users/cmuir/P1Import-apps/P1-import-Subsystem/node_modules/jest-resolve/build/index.js:863:11)
    at Resolver.resolveModuleAsync (/Users/cmuir/P1Import-apps/P1-import-Subsystem/node_modules/jest-resolve/build/index.js:820:10)
    at processTicksAndRejections (node:internal/process/task_queues:105:5)
    at Resolver.getModuleIDAsync (/Users/cmuir/P1Import-apps/P1-import-Subsystem/node_modules/jest-resolve/build/index.js:967:26)
    at Runtime._shouldMockModule (/Users/cmuir/P1Import-apps/P1-import-Subsystem/node_modules/jest-runtime/build/index.js:1527:22)
    at Runtime.resolveModule (/Users/cmuir/P1Import-apps/P1-import-Subsystem/node_modules/jest-runtime/build/index.js:657:9)
    at importModuleDynamically (/Users/cmuir/P1Import-apps/P1-import-Subsystem/node_modules/jest-runtime/build/index.js:526:30)
    at importModuleDynamicallyWrapper (node:internal/vm/module:436:15)
    at Object.&lt;anonymous&gt; (/Users/cmuir/P1Import-apps/P1-import-Subsystem/tests/test-disclaimer-banner.test.js:45:20)</failure>
    </testcase>
    <testcase classname="Disclaimer Banner › Auto-hide Functionality" name="should auto-hide after timeout" time="0">
      <failure>Error: Cannot find module &apos;../public/js/modules/disclaimer-banner.js&apos; from &apos;tests/test-disclaimer-banner.test.js&apos;
    at Resolver._throwModNotFoundError (/Users/cmuir/P1Import-apps/P1-import-Subsystem/node_modules/jest-resolve/build/index.js:863:11)
    at Resolver.resolveModuleAsync (/Users/cmuir/P1Import-apps/P1-import-Subsystem/node_modules/jest-resolve/build/index.js:820:10)
    at processTicksAndRejections (node:internal/process/task_queues:105:5)
    at Resolver.getModuleIDAsync (/Users/cmuir/P1Import-apps/P1-import-Subsystem/node_modules/jest-resolve/build/index.js:967:26)
    at Runtime._shouldMockModule (/Users/cmuir/P1Import-apps/P1-import-Subsystem/node_modules/jest-runtime/build/index.js:1527:22)
    at Runtime.resolveModule (/Users/cmuir/P1Import-apps/P1-import-Subsystem/node_modules/jest-runtime/build/index.js:657:9)
    at importModuleDynamically (/Users/cmuir/P1Import-apps/P1-import-Subsystem/node_modules/jest-runtime/build/index.js:526:30)
    at importModuleDynamicallyWrapper (node:internal/vm/module:436:15)
    at Object.&lt;anonymous&gt; (/Users/cmuir/P1Import-apps/P1-import-Subsystem/tests/test-disclaimer-banner.test.js:45:20)</failure>
    </testcase>
    <testcase classname="Disclaimer Banner › Auto-hide Functionality" name="should clear timeout on manual dismissal" time="0">
      <failure>Error: Cannot find module &apos;../public/js/modules/disclaimer-banner.js&apos; from &apos;tests/test-disclaimer-banner.test.js&apos;
    at Resolver._throwModNotFoundError (/Users/cmuir/P1Import-apps/P1-import-Subsystem/node_modules/jest-resolve/build/index.js:863:11)
    at Resolver.resolveModuleAsync (/Users/cmuir/P1Import-apps/P1-import-Subsystem/node_modules/jest-resolve/build/index.js:820:10)
    at processTicksAndRejections (node:internal/process/task_queues:105:5)
    at Resolver.getModuleIDAsync (/Users/cmuir/P1Import-apps/P1-import-Subsystem/node_modules/jest-resolve/build/index.js:967:26)
    at Runtime._shouldMockModule (/Users/cmuir/P1Import-apps/P1-import-Subsystem/node_modules/jest-runtime/build/index.js:1527:22)
    at Runtime.resolveModule (/Users/cmuir/P1Import-apps/P1-import-Subsystem/node_modules/jest-runtime/build/index.js:657:9)
    at importModuleDynamically (/Users/cmuir/P1Import-apps/P1-import-Subsystem/node_modules/jest-runtime/build/index.js:526:30)
    at importModuleDynamicallyWrapper (node:internal/vm/module:436:15)
    at Object.&lt;anonymous&gt; (/Users/cmuir/P1Import-apps/P1-import-Subsystem/tests/test-disclaimer-banner.test.js:45:20)</failure>
    </testcase>
    <testcase classname="Disclaimer Banner › Storage Management" name="should handle localStorage errors gracefully" time="0.003">
      <failure>Error: Cannot find module &apos;../public/js/modules/disclaimer-banner.js&apos; from &apos;tests/test-disclaimer-banner.test.js&apos;
    at Resolver._throwModNotFoundError (/Users/cmuir/P1Import-apps/P1-import-Subsystem/node_modules/jest-resolve/build/index.js:863:11)
    at Resolver.resolveModuleAsync (/Users/cmuir/P1Import-apps/P1-import-Subsystem/node_modules/jest-resolve/build/index.js:820:10)
    at processTicksAndRejections (node:internal/process/task_queues:105:5)
    at Resolver.getModuleIDAsync (/Users/cmuir/P1Import-apps/P1-import-Subsystem/node_modules/jest-resolve/build/index.js:967:26)
    at Runtime._shouldMockModule (/Users/cmuir/P1Import-apps/P1-import-Subsystem/node_modules/jest-runtime/build/index.js:1527:22)
    at Runtime.resolveModule (/Users/cmuir/P1Import-apps/P1-import-Subsystem/node_modules/jest-runtime/build/index.js:657:9)
    at importModuleDynamically (/Users/cmuir/P1Import-apps/P1-import-Subsystem/node_modules/jest-runtime/build/index.js:526:30)
    at importModuleDynamicallyWrapper (node:internal/vm/module:436:15)
    at Object.&lt;anonymous&gt; (/Users/cmuir/P1Import-apps/P1-import-Subsystem/tests/test-disclaimer-banner.test.js:45:20)</failure>
    </testcase>
    <testcase classname="Disclaimer Banner › Storage Management" name="should handle localStorage setItem errors gracefully" time="0">
      <failure>Error: Cannot find module &apos;../public/js/modules/disclaimer-banner.js&apos; from &apos;tests/test-disclaimer-banner.test.js&apos;
    at Resolver._throwModNotFoundError (/Users/cmuir/P1Import-apps/P1-import-Subsystem/node_modules/jest-resolve/build/index.js:863:11)
    at Resolver.resolveModuleAsync (/Users/cmuir/P1Import-apps/P1-import-Subsystem/node_modules/jest-resolve/build/index.js:820:10)
    at processTicksAndRejections (node:internal/process/task_queues:105:5)
    at Resolver.getModuleIDAsync (/Users/cmuir/P1Import-apps/P1-import-Subsystem/node_modules/jest-resolve/build/index.js:967:26)
    at Runtime._shouldMockModule (/Users/cmuir/P1Import-apps/P1-import-Subsystem/node_modules/jest-runtime/build/index.js:1527:22)
    at Runtime.resolveModule (/Users/cmuir/P1Import-apps/P1-import-Subsystem/node_modules/jest-runtime/build/index.js:657:9)
    at importModuleDynamically (/Users/cmuir/P1Import-apps/P1-import-Subsystem/node_modules/jest-runtime/build/index.js:526:30)
    at importModuleDynamicallyWrapper (node:internal/vm/module:436:15)
    at Object.&lt;anonymous&gt; (/Users/cmuir/P1Import-apps/P1-import-Subsystem/tests/test-disclaimer-banner.test.js:45:20)</failure>
    </testcase>
    <testcase classname="Disclaimer Banner › Page Filtering" name="should not show on internal tools" time="0">
      <failure>Error: Cannot find module &apos;../public/js/modules/disclaimer-banner.js&apos; from &apos;tests/test-disclaimer-banner.test.js&apos;
    at Resolver._throwModNotFoundError (/Users/cmuir/P1Import-apps/P1-import-Subsystem/node_modules/jest-resolve/build/index.js:863:11)
    at Resolver.resolveModuleAsync (/Users/cmuir/P1Import-apps/P1-import-Subsystem/node_modules/jest-resolve/build/index.js:820:10)
    at processTicksAndRejections (node:internal/process/task_queues:105:5)
    at Resolver.getModuleIDAsync (/Users/cmuir/P1Import-apps/P1-import-Subsystem/node_modules/jest-resolve/build/index.js:967:26)
    at Runtime._shouldMockModule (/Users/cmuir/P1Import-apps/P1-import-Subsystem/node_modules/jest-runtime/build/index.js:1527:22)
    at Runtime.resolveModule (/Users/cmuir/P1Import-apps/P1-import-Subsystem/node_modules/jest-runtime/build/index.js:657:9)
    at importModuleDynamically (/Users/cmuir/P1Import-apps/P1-import-Subsystem/node_modules/jest-runtime/build/index.js:526:30)
    at importModuleDynamicallyWrapper (node:internal/vm/module:436:15)
    at Object.&lt;anonymous&gt; (/Users/cmuir/P1Import-apps/P1-import-Subsystem/tests/test-disclaimer-banner.test.js:45:20)</failure>
    </testcase>
    <testcase classname="Disclaimer Banner › Page Filtering" name="should show on public pages" time="0">
      <failure>Error: Cannot find module &apos;../public/js/modules/disclaimer-banner.js&apos; from &apos;tests/test-disclaimer-banner.test.js&apos;
    at Resolver._throwModNotFoundError (/Users/cmuir/P1Import-apps/P1-import-Subsystem/node_modules/jest-resolve/build/index.js:863:11)
    at Resolver.resolveModuleAsync (/Users/cmuir/P1Import-apps/P1-import-Subsystem/node_modules/jest-resolve/build/index.js:820:10)
    at processTicksAndRejections (node:internal/process/task_queues:105:5)
    at Resolver.getModuleIDAsync (/Users/cmuir/P1Import-apps/P1-import-Subsystem/node_modules/jest-resolve/build/index.js:967:26)
    at Runtime._shouldMockModule (/Users/cmuir/P1Import-apps/P1-import-Subsystem/node_modules/jest-runtime/build/index.js:1527:22)
    at Runtime.resolveModule (/Users/cmuir/P1Import-apps/P1-import-Subsystem/node_modules/jest-runtime/build/index.js:657:9)
    at importModuleDynamically (/Users/cmuir/P1Import-apps/P1-import-Subsystem/node_modules/jest-runtime/build/index.js:526:30)
    at importModuleDynamicallyWrapper (node:internal/vm/module:436:15)
    at Object.&lt;anonymous&gt; (/Users/cmuir/P1Import-apps/P1-import-Subsystem/tests/test-disclaimer-banner.test.js:45:20)</failure>
    </testcase>
    <testcase classname="Disclaimer Banner › Accessibility" name="should announce to screen readers" time="0">
      <failure>Error: Cannot find module &apos;../public/js/modules/disclaimer-banner.js&apos; from &apos;tests/test-disclaimer-banner.test.js&apos;
    at Resolver._throwModNotFoundError (/Users/cmuir/P1Import-apps/P1-import-Subsystem/node_modules/jest-resolve/build/index.js:863:11)
    at Resolver.resolveModuleAsync (/Users/cmuir/P1Import-apps/P1-import-Subsystem/node_modules/jest-resolve/build/index.js:820:10)
    at processTicksAndRejections (node:internal/process/task_queues:105:5)
    at Resolver.getModuleIDAsync (/Users/cmuir/P1Import-apps/P1-import-Subsystem/node_modules/jest-resolve/build/index.js:967:26)
    at Runtime._shouldMockModule (/Users/cmuir/P1Import-apps/P1-import-Subsystem/node_modules/jest-runtime/build/index.js:1527:22)
    at Runtime.resolveModule (/Users/cmuir/P1Import-apps/P1-import-Subsystem/node_modules/jest-runtime/build/index.js:657:9)
    at importModuleDynamically (/Users/cmuir/P1Import-apps/P1-import-Subsystem/node_modules/jest-runtime/build/index.js:526:30)
    at importModuleDynamicallyWrapper (node:internal/vm/module:436:15)
    at Object.&lt;anonymous&gt; (/Users/cmuir/P1Import-apps/P1-import-Subsystem/tests/test-disclaimer-banner.test.js:45:20)</failure>
    </testcase>
    <testcase classname="Disclaimer Banner › Accessibility" name="should have proper focus management" time="0">
      <failure>Error: Cannot find module &apos;../public/js/modules/disclaimer-banner.js&apos; from &apos;tests/test-disclaimer-banner.test.js&apos;
    at Resolver._throwModNotFoundError (/Users/cmuir/P1Import-apps/P1-import-Subsystem/node_modules/jest-resolve/build/index.js:863:11)
    at Resolver.resolveModuleAsync (/Users/cmuir/P1Import-apps/P1-import-Subsystem/node_modules/jest-resolve/build/index.js:820:10)
    at processTicksAndRejections (node:internal/process/task_queues:105:5)
    at Resolver.getModuleIDAsync (/Users/cmuir/P1Import-apps/P1-import-Subsystem/node_modules/jest-resolve/build/index.js:967:26)
    at Runtime._shouldMockModule (/Users/cmuir/P1Import-apps/P1-import-Subsystem/node_modules/jest-runtime/build/index.js:1527:22)
    at Runtime.resolveModule (/Users/cmuir/P1Import-apps/P1-import-Subsystem/node_modules/jest-runtime/build/index.js:657:9)
    at importModuleDynamically (/Users/cmuir/P1Import-apps/P1-import-Subsystem/node_modules/jest-runtime/build/index.js:526:30)
    at importModuleDynamicallyWrapper (node:internal/vm/module:436:15)
    at Object.&lt;anonymous&gt; (/Users/cmuir/P1Import-apps/P1-import-Subsystem/tests/test-disclaimer-banner.test.js:45:20)</failure>
    </testcase>
    <testcase classname="Disclaimer Banner › Utility Methods" name="should reset banner state" time="0">
      <failure>Error: Cannot find module &apos;../public/js/modules/disclaimer-banner.js&apos; from &apos;tests/test-disclaimer-banner.test.js&apos;
    at Resolver._throwModNotFoundError (/Users/cmuir/P1Import-apps/P1-import-Subsystem/node_modules/jest-resolve/build/index.js:863:11)
    at Resolver.resolveModuleAsync (/Users/cmuir/P1Import-apps/P1-import-Subsystem/node_modules/jest-resolve/build/index.js:820:10)
    at processTicksAndRejections (node:internal/process/task_queues:105:5)
    at Resolver.getModuleIDAsync (/Users/cmuir/P1Import-apps/P1-import-Subsystem/node_modules/jest-resolve/build/index.js:967:26)
    at Runtime._shouldMockModule (/Users/cmuir/P1Import-apps/P1-import-Subsystem/node_modules/jest-runtime/build/index.js:1527:22)
    at Runtime.resolveModule (/Users/cmuir/P1Import-apps/P1-import-Subsystem/node_modules/jest-runtime/build/index.js:657:9)
    at importModuleDynamically (/Users/cmuir/P1Import-apps/P1-import-Subsystem/node_modules/jest-runtime/build/index.js:526:30)
    at importModuleDynamicallyWrapper (node:internal/vm/module:436:15)
    at Object.&lt;anonymous&gt; (/Users/cmuir/P1Import-apps/P1-import-Subsystem/tests/test-disclaimer-banner.test.js:45:20)</failure>
    </testcase>
    <testcase classname="Disclaimer Banner › Utility Methods" name="should force show banner" time="0">
      <failure>Error: Cannot find module &apos;../public/js/modules/disclaimer-banner.js&apos; from &apos;tests/test-disclaimer-banner.test.js&apos;
    at Resolver._throwModNotFoundError (/Users/cmuir/P1Import-apps/P1-import-Subsystem/node_modules/jest-resolve/build/index.js:863:11)
    at Resolver.resolveModuleAsync (/Users/cmuir/P1Import-apps/P1-import-Subsystem/node_modules/jest-resolve/build/index.js:820:10)
    at processTicksAndRejections (node:internal/process/task_queues:105:5)
    at Resolver.getModuleIDAsync (/Users/cmuir/P1Import-apps/P1-import-Subsystem/node_modules/jest-resolve/build/index.js:967:26)
    at Runtime._shouldMockModule (/Users/cmuir/P1Import-apps/P1-import-Subsystem/node_modules/jest-runtime/build/index.js:1527:22)
    at Runtime.resolveModule (/Users/cmuir/P1Import-apps/P1-import-Subsystem/node_modules/jest-runtime/build/index.js:657:9)
    at importModuleDynamically (/Users/cmuir/P1Import-apps/P1-import-Subsystem/node_modules/jest-runtime/build/index.js:526:30)
    at importModuleDynamicallyWrapper (node:internal/vm/module:436:15)
    at Object.&lt;anonymous&gt; (/Users/cmuir/P1Import-apps/P1-import-Subsystem/tests/test-disclaimer-banner.test.js:45:20)</failure>
    </testcase>
  </testsuite>
  <testsuite name="test/ui/comprehensive-ui-suite.test.mjs" errors="0" failures="3" skipped="0" timestamp="2025-08-20T11:47:22" time="0.332" tests="13">
    <testcase classname="🎨 Comprehensive UI Test Suite › 📱 Core UI Components" name="Status banner should render correctly" time="0.003">
    </testcase>
    <testcase classname="🎨 Comprehensive UI Test Suite › 📱 Core UI Components" name="Navigation menu should be interactive" time="0.005">
      <failure>TypeError: Failed to execute &apos;dispatchEvent&apos; on &apos;EventTarget&apos;: parameter 1 is not of type &apos;Event&apos;.
    at Object.exports.convert (/Users/cmuir/P1Import-apps/P1-import-Subsystem/node_modules/jsdom/lib/jsdom/living/generated/Event.js:22:9)
    at HTMLLIElement.dispatchEvent (/Users/cmuir/P1Import-apps/P1-import-Subsystem/node_modules/jsdom/lib/jsdom/living/generated/EventTarget.js:236:24)
    at Object.&lt;anonymous&gt; (/Users/cmuir/P1Import-apps/P1-import-Subsystem/test/ui/comprehensive-ui-suite.test.mjs:134:27)
    at Promise.finally.completed (/Users/cmuir/P1Import-apps/P1-import-Subsystem/node_modules/jest-circus/build/jestAdapterInit.js:1559:28)
    at new Promise (&lt;anonymous&gt;)
    at callAsyncCircusFn (/Users/cmuir/P1Import-apps/P1-import-Subsystem/node_modules/jest-circus/build/jestAdapterInit.js:1499:10)
    at _callCircusTest (/Users/cmuir/P1Import-apps/P1-import-Subsystem/node_modules/jest-circus/build/jestAdapterInit.js:1009:40)
    at processTicksAndRejections (node:internal/process/task_queues:105:5)
    at _runTest (/Users/cmuir/P1Import-apps/P1-import-Subsystem/node_modules/jest-circus/build/jestAdapterInit.js:949:3)
    at _runTestsForDescribeBlock (/Users/cmuir/P1Import-apps/P1-import-Subsystem/node_modules/jest-circus/build/jestAdapterInit.js:839:13)
    at _runTestsForDescribeBlock (/Users/cmuir/P1Import-apps/P1-import-Subsystem/node_modules/jest-circus/build/jestAdapterInit.js:829:11)
    at _runTestsForDescribeBlock (/Users/cmuir/P1Import-apps/P1-import-Subsystem/node_modules/jest-circus/build/jestAdapterInit.js:829:11)
    at run (/Users/cmuir/P1Import-apps/P1-import-Subsystem/node_modules/jest-circus/build/jestAdapterInit.js:757:3)
    at runAndTransformResultsToJestFormat (/Users/cmuir/P1Import-apps/P1-import-Subsystem/node_modules/jest-circus/build/jestAdapterInit.js:1920:21)
    at jestAdapter (/Users/cmuir/P1Import-apps/P1-import-Subsystem/node_modules/jest-circus/build/runner.js:101:19)
    at runTestInternal (/Users/cmuir/P1Import-apps/P1-import-Subsystem/node_modules/jest-runner/build/testWorker.js:275:16)
    at runTest (/Users/cmuir/P1Import-apps/P1-import-Subsystem/node_modules/jest-runner/build/testWorker.js:343:7)
    at Object.worker (/Users/cmuir/P1Import-apps/P1-import-Subsystem/node_modules/jest-runner/build/testWorker.js:497:12)</failure>
    </testcase>
    <testcase classname="🎨 Comprehensive UI Test Suite › 📱 Core UI Components" name="Modal dialogs should open and close" time="0.002">
      <failure>TypeError: Failed to execute &apos;dispatchEvent&apos; on &apos;EventTarget&apos;: parameter 1 is not of type &apos;Event&apos;.
    at Object.exports.convert (/Users/cmuir/P1Import-apps/P1-import-Subsystem/node_modules/jsdom/lib/jsdom/living/generated/Event.js:22:9)
    at HTMLButtonElement.dispatchEvent (/Users/cmuir/P1Import-apps/P1-import-Subsystem/node_modules/jsdom/lib/jsdom/living/generated/EventTarget.js:236:24)
    at Object.&lt;anonymous&gt; (/Users/cmuir/P1Import-apps/P1-import-Subsystem/test/ui/comprehensive-ui-suite.test.mjs:161:24)
    at Promise.finally.completed (/Users/cmuir/P1Import-apps/P1-import-Subsystem/node_modules/jest-circus/build/jestAdapterInit.js:1559:28)
    at new Promise (&lt;anonymous&gt;)
    at callAsyncCircusFn (/Users/cmuir/P1Import-apps/P1-import-Subsystem/node_modules/jest-circus/build/jestAdapterInit.js:1499:10)
    at _callCircusTest (/Users/cmuir/P1Import-apps/P1-import-Subsystem/node_modules/jest-circus/build/jestAdapterInit.js:1009:40)
    at processTicksAndRejections (node:internal/process/task_queues:105:5)
    at _runTest (/Users/cmuir/P1Import-apps/P1-import-Subsystem/node_modules/jest-circus/build/jestAdapterInit.js:949:3)
    at _runTestsForDescribeBlock (/Users/cmuir/P1Import-apps/P1-import-Subsystem/node_modules/jest-circus/build/jestAdapterInit.js:839:13)
    at _runTestsForDescribeBlock (/Users/cmuir/P1Import-apps/P1-import-Subsystem/node_modules/jest-circus/build/jestAdapterInit.js:829:11)
    at _runTestsForDescribeBlock (/Users/cmuir/P1Import-apps/P1-import-Subsystem/node_modules/jest-circus/build/jestAdapterInit.js:829:11)
    at run (/Users/cmuir/P1Import-apps/P1-import-Subsystem/node_modules/jest-circus/build/jestAdapterInit.js:757:3)
    at runAndTransformResultsToJestFormat (/Users/cmuir/P1Import-apps/P1-import-Subsystem/node_modules/jest-circus/build/jestAdapterInit.js:1920:21)
    at jestAdapter (/Users/cmuir/P1Import-apps/P1-import-Subsystem/node_modules/jest-circus/build/runner.js:101:19)
    at runTestInternal (/Users/cmuir/P1Import-apps/P1-import-Subsystem/node_modules/jest-runner/build/testWorker.js:275:16)
    at runTest (/Users/cmuir/P1Import-apps/P1-import-Subsystem/node_modules/jest-runner/build/testWorker.js:343:7)
    at Object.worker (/Users/cmuir/P1Import-apps/P1-import-Subsystem/node_modules/jest-runner/build/testWorker.js:497:12)</failure>
    </testcase>
    <testcase classname="🎨 Comprehensive UI Test Suite › 📝 Form Handling" name="Settings form should validate input" time="0.003">
    </testcase>
    <testcase classname="🎨 Comprehensive UI Test Suite › 📝 Form Handling" name="File upload form should handle files" time="0.001">
    </testcase>
    <testcase classname="🎨 Comprehensive UI Test Suite › 📊 Data Display Components" name="Progress indicators should update correctly" time="0.002">
    </testcase>
    <testcase classname="🎨 Comprehensive UI Test Suite › 📊 Data Display Components" name="Log viewer should display entries" time="0.002">
    </testcase>
    <testcase classname="🎨 Comprehensive UI Test Suite › 🔄 Real-time Updates" name="Status updates should reflect server state" time="0.003">
    </testcase>
    <testcase classname="🎨 Comprehensive UI Test Suite › 🎯 User Interactions" name="Button clicks should trigger appropriate actions" time="0.001">
    </testcase>
    <testcase classname="🎨 Comprehensive UI Test Suite › 🎯 User Interactions" name="Keyboard navigation should work" time="0.001">
    </testcase>
    <testcase classname="🎨 Comprehensive UI Test Suite › 📱 Responsive Design" name="Components should adapt to different screen sizes" time="0.002">
    </testcase>
    <testcase classname="🎨 Comprehensive UI Test Suite › 🚨 Error Handling" name="Error messages should display correctly" time="0.001">
    </testcase>
    <testcase classname="🎨 Comprehensive UI Test Suite › 💾 Local Storage Integration" name="Should save and retrieve settings from localStorage" time="0">
      <failure>TypeError: global.localStorage.getItem.mockReturnValue is not a function
    at Object.&lt;anonymous&gt; (/Users/cmuir/P1Import-apps/P1-import-Subsystem/test/ui/comprehensive-ui-suite.test.mjs:519:41)
    at Promise.finally.completed (/Users/cmuir/P1Import-apps/P1-import-Subsystem/node_modules/jest-circus/build/jestAdapterInit.js:1559:28)
    at new Promise (&lt;anonymous&gt;)
    at callAsyncCircusFn (/Users/cmuir/P1Import-apps/P1-import-Subsystem/node_modules/jest-circus/build/jestAdapterInit.js:1499:10)
    at _callCircusTest (/Users/cmuir/P1Import-apps/P1-import-Subsystem/node_modules/jest-circus/build/jestAdapterInit.js:1009:40)
    at processTicksAndRejections (node:internal/process/task_queues:105:5)
    at _runTest (/Users/cmuir/P1Import-apps/P1-import-Subsystem/node_modules/jest-circus/build/jestAdapterInit.js:949:3)
    at _runTestsForDescribeBlock (/Users/cmuir/P1Import-apps/P1-import-Subsystem/node_modules/jest-circus/build/jestAdapterInit.js:839:13)
    at _runTestsForDescribeBlock (/Users/cmuir/P1Import-apps/P1-import-Subsystem/node_modules/jest-circus/build/jestAdapterInit.js:829:11)
    at _runTestsForDescribeBlock (/Users/cmuir/P1Import-apps/P1-import-Subsystem/node_modules/jest-circus/build/jestAdapterInit.js:829:11)
    at run (/Users/cmuir/P1Import-apps/P1-import-Subsystem/node_modules/jest-circus/build/jestAdapterInit.js:757:3)
    at runAndTransformResultsToJestFormat (/Users/cmuir/P1Import-apps/P1-import-Subsystem/node_modules/jest-circus/build/jestAdapterInit.js:1920:21)
    at jestAdapter (/Users/cmuir/P1Import-apps/P1-import-Subsystem/node_modules/jest-circus/build/runner.js:101:19)
    at runTestInternal (/Users/cmuir/P1Import-apps/P1-import-Subsystem/node_modules/jest-runner/build/testWorker.js:275:16)
    at runTest (/Users/cmuir/P1Import-apps/P1-import-Subsystem/node_modules/jest-runner/build/testWorker.js:343:7)
    at Object.worker (/Users/cmuir/P1Import-apps/P1-import-Subsystem/node_modules/jest-runner/build/testWorker.js:497:12)</failure>
    </testcase>
  </testsuite>
  <testsuite name="test/unit/file-handler.test.mjs" errors="0" failures="11" skipped="0" timestamp="2025-08-20T11:47:22" time="0.33" tests="11">
    <testcase classname="📁 File Handler Test Suite › 🔧 Initialization" name="should add change event listener to file input" time="0.001">
      <failure>ReferenceError: jest is not defined
    at Object.&lt;anonymous&gt; (/Users/cmuir/P1Import-apps/P1-import-Subsystem/test/unit/file-handler.test.mjs:167:13)
    at Promise.finally.completed (/Users/cmuir/P1Import-apps/P1-import-Subsystem/node_modules/jest-circus/build/jestAdapterInit.js:1559:28)
    at new Promise (&lt;anonymous&gt;)
    at callAsyncCircusFn (/Users/cmuir/P1Import-apps/P1-import-Subsystem/node_modules/jest-circus/build/jestAdapterInit.js:1499:10)
    at _callCircusHook (/Users/cmuir/P1Import-apps/P1-import-Subsystem/node_modules/jest-circus/build/jestAdapterInit.js:978:40)
    at processTicksAndRejections (node:internal/process/task_queues:105:5)
    at _runTest (/Users/cmuir/P1Import-apps/P1-import-Subsystem/node_modules/jest-circus/build/jestAdapterInit.js:943:5)
    at _runTestsForDescribeBlock (/Users/cmuir/P1Import-apps/P1-import-Subsystem/node_modules/jest-circus/build/jestAdapterInit.js:839:13)
    at _runTestsForDescribeBlock (/Users/cmuir/P1Import-apps/P1-import-Subsystem/node_modules/jest-circus/build/jestAdapterInit.js:829:11)
    at _runTestsForDescribeBlock (/Users/cmuir/P1Import-apps/P1-import-Subsystem/node_modules/jest-circus/build/jestAdapterInit.js:829:11)
    at run (/Users/cmuir/P1Import-apps/P1-import-Subsystem/node_modules/jest-circus/build/jestAdapterInit.js:757:3)
    at runAndTransformResultsToJestFormat (/Users/cmuir/P1Import-apps/P1-import-Subsystem/node_modules/jest-circus/build/jestAdapterInit.js:1920:21)
    at jestAdapter (/Users/cmuir/P1Import-apps/P1-import-Subsystem/node_modules/jest-circus/build/runner.js:101:19)
    at runTestInternal (/Users/cmuir/P1Import-apps/P1-import-Subsystem/node_modules/jest-runner/build/testWorker.js:275:16)
    at runTest (/Users/cmuir/P1Import-apps/P1-import-Subsystem/node_modules/jest-runner/build/testWorker.js:343:7)
    at Object.worker (/Users/cmuir/P1Import-apps/P1-import-Subsystem/node_modules/jest-runner/build/testWorker.js:497:12)</failure>
    </testcase>
    <testcase classname="📁 File Handler Test Suite › 📤 File Selection" name="should handle file selection" time="0.001">
      <failure>ReferenceError: jest is not defined
    at Object.&lt;anonymous&gt; (/Users/cmuir/P1Import-apps/P1-import-Subsystem/test/unit/file-handler.test.mjs:167:13)
    at Promise.finally.completed (/Users/cmuir/P1Import-apps/P1-import-Subsystem/node_modules/jest-circus/build/jestAdapterInit.js:1559:28)
    at new Promise (&lt;anonymous&gt;)
    at callAsyncCircusFn (/Users/cmuir/P1Import-apps/P1-import-Subsystem/node_modules/jest-circus/build/jestAdapterInit.js:1499:10)
    at _callCircusHook (/Users/cmuir/P1Import-apps/P1-import-Subsystem/node_modules/jest-circus/build/jestAdapterInit.js:978:40)
    at processTicksAndRejections (node:internal/process/task_queues:105:5)
    at _runTest (/Users/cmuir/P1Import-apps/P1-import-Subsystem/node_modules/jest-circus/build/jestAdapterInit.js:943:5)
    at _runTestsForDescribeBlock (/Users/cmuir/P1Import-apps/P1-import-Subsystem/node_modules/jest-circus/build/jestAdapterInit.js:839:13)
    at _runTestsForDescribeBlock (/Users/cmuir/P1Import-apps/P1-import-Subsystem/node_modules/jest-circus/build/jestAdapterInit.js:829:11)
    at _runTestsForDescribeBlock (/Users/cmuir/P1Import-apps/P1-import-Subsystem/node_modules/jest-circus/build/jestAdapterInit.js:829:11)
    at run (/Users/cmuir/P1Import-apps/P1-import-Subsystem/node_modules/jest-circus/build/jestAdapterInit.js:757:3)
    at runAndTransformResultsToJestFormat (/Users/cmuir/P1Import-apps/P1-import-Subsystem/node_modules/jest-circus/build/jestAdapterInit.js:1920:21)
    at jestAdapter (/Users/cmuir/P1Import-apps/P1-import-Subsystem/node_modules/jest-circus/build/runner.js:101:19)
    at runTestInternal (/Users/cmuir/P1Import-apps/P1-import-Subsystem/node_modules/jest-runner/build/testWorker.js:275:16)
    at runTest (/Users/cmuir/P1Import-apps/P1-import-Subsystem/node_modules/jest-runner/build/testWorker.js:343:7)
    at Object.worker (/Users/cmuir/P1Import-apps/P1-import-Subsystem/node_modules/jest-runner/build/testWorker.js:497:12)</failure>
    </testcase>
    <testcase classname="📁 File Handler Test Suite › 📤 File Selection" name="should handle no file selected" time="0.001">
      <failure>ReferenceError: jest is not defined
    at Object.&lt;anonymous&gt; (/Users/cmuir/P1Import-apps/P1-import-Subsystem/test/unit/file-handler.test.mjs:167:13)
    at Promise.finally.completed (/Users/cmuir/P1Import-apps/P1-import-Subsystem/node_modules/jest-circus/build/jestAdapterInit.js:1559:28)
    at new Promise (&lt;anonymous&gt;)
    at callAsyncCircusFn (/Users/cmuir/P1Import-apps/P1-import-Subsystem/node_modules/jest-circus/build/jestAdapterInit.js:1499:10)
    at _callCircusHook (/Users/cmuir/P1Import-apps/P1-import-Subsystem/node_modules/jest-circus/build/jestAdapterInit.js:978:40)
    at processTicksAndRejections (node:internal/process/task_queues:105:5)
    at _runTest (/Users/cmuir/P1Import-apps/P1-import-Subsystem/node_modules/jest-circus/build/jestAdapterInit.js:943:5)
    at _runTestsForDescribeBlock (/Users/cmuir/P1Import-apps/P1-import-Subsystem/node_modules/jest-circus/build/jestAdapterInit.js:839:13)
    at _runTestsForDescribeBlock (/Users/cmuir/P1Import-apps/P1-import-Subsystem/node_modules/jest-circus/build/jestAdapterInit.js:829:11)
    at _runTestsForDescribeBlock (/Users/cmuir/P1Import-apps/P1-import-Subsystem/node_modules/jest-circus/build/jestAdapterInit.js:829:11)
    at run (/Users/cmuir/P1Import-apps/P1-import-Subsystem/node_modules/jest-circus/build/jestAdapterInit.js:757:3)
    at runAndTransformResultsToJestFormat (/Users/cmuir/P1Import-apps/P1-import-Subsystem/node_modules/jest-circus/build/jestAdapterInit.js:1920:21)
    at jestAdapter (/Users/cmuir/P1Import-apps/P1-import-Subsystem/node_modules/jest-circus/build/runner.js:101:19)
    at runTestInternal (/Users/cmuir/P1Import-apps/P1-import-Subsystem/node_modules/jest-runner/build/testWorker.js:275:16)
    at runTest (/Users/cmuir/P1Import-apps/P1-import-Subsystem/node_modules/jest-runner/build/testWorker.js:343:7)
    at Object.worker (/Users/cmuir/P1Import-apps/P1-import-Subsystem/node_modules/jest-runner/build/testWorker.js:497:12)</failure>
    </testcase>
    <testcase classname="📁 File Handler Test Suite › 📤 File Selection" name="should handle file read error" time="0.001">
      <failure>ReferenceError: jest is not defined
    at Object.&lt;anonymous&gt; (/Users/cmuir/P1Import-apps/P1-import-Subsystem/test/unit/file-handler.test.mjs:167:13)
    at Promise.finally.completed (/Users/cmuir/P1Import-apps/P1-import-Subsystem/node_modules/jest-circus/build/jestAdapterInit.js:1559:28)
    at new Promise (&lt;anonymous&gt;)
    at callAsyncCircusFn (/Users/cmuir/P1Import-apps/P1-import-Subsystem/node_modules/jest-circus/build/jestAdapterInit.js:1499:10)
    at _callCircusHook (/Users/cmuir/P1Import-apps/P1-import-Subsystem/node_modules/jest-circus/build/jestAdapterInit.js:978:40)
    at processTicksAndRejections (node:internal/process/task_queues:105:5)
    at _runTest (/Users/cmuir/P1Import-apps/P1-import-Subsystem/node_modules/jest-circus/build/jestAdapterInit.js:943:5)
    at _runTestsForDescribeBlock (/Users/cmuir/P1Import-apps/P1-import-Subsystem/node_modules/jest-circus/build/jestAdapterInit.js:839:13)
    at _runTestsForDescribeBlock (/Users/cmuir/P1Import-apps/P1-import-Subsystem/node_modules/jest-circus/build/jestAdapterInit.js:829:11)
    at _runTestsForDescribeBlock (/Users/cmuir/P1Import-apps/P1-import-Subsystem/node_modules/jest-circus/build/jestAdapterInit.js:829:11)
    at run (/Users/cmuir/P1Import-apps/P1-import-Subsystem/node_modules/jest-circus/build/jestAdapterInit.js:757:3)
    at runAndTransformResultsToJestFormat (/Users/cmuir/P1Import-apps/P1-import-Subsystem/node_modules/jest-circus/build/jestAdapterInit.js:1920:21)
    at jestAdapter (/Users/cmuir/P1Import-apps/P1-import-Subsystem/node_modules/jest-circus/build/runner.js:101:19)
    at runTestInternal (/Users/cmuir/P1Import-apps/P1-import-Subsystem/node_modules/jest-runner/build/testWorker.js:275:16)
    at runTest (/Users/cmuir/P1Import-apps/P1-import-Subsystem/node_modules/jest-runner/build/testWorker.js:343:7)
    at Object.worker (/Users/cmuir/P1Import-apps/P1-import-Subsystem/node_modules/jest-runner/build/testWorker.js:497:12)</failure>
    </testcase>
    <testcase classname="📁 File Handler Test Suite › 🔍 File Validation" name="should return the correct file extension" time="0">
      <failure>ReferenceError: jest is not defined
    at Object.&lt;anonymous&gt; (/Users/cmuir/P1Import-apps/P1-import-Subsystem/test/unit/file-handler.test.mjs:167:13)
    at Promise.finally.completed (/Users/cmuir/P1Import-apps/P1-import-Subsystem/node_modules/jest-circus/build/jestAdapterInit.js:1559:28)
    at new Promise (&lt;anonymous&gt;)
    at callAsyncCircusFn (/Users/cmuir/P1Import-apps/P1-import-Subsystem/node_modules/jest-circus/build/jestAdapterInit.js:1499:10)
    at _callCircusHook (/Users/cmuir/P1Import-apps/P1-import-Subsystem/node_modules/jest-circus/build/jestAdapterInit.js:978:40)
    at processTicksAndRejections (node:internal/process/task_queues:105:5)
    at _runTest (/Users/cmuir/P1Import-apps/P1-import-Subsystem/node_modules/jest-circus/build/jestAdapterInit.js:943:5)
    at _runTestsForDescribeBlock (/Users/cmuir/P1Import-apps/P1-import-Subsystem/node_modules/jest-circus/build/jestAdapterInit.js:839:13)
    at _runTestsForDescribeBlock (/Users/cmuir/P1Import-apps/P1-import-Subsystem/node_modules/jest-circus/build/jestAdapterInit.js:829:11)
    at _runTestsForDescribeBlock (/Users/cmuir/P1Import-apps/P1-import-Subsystem/node_modules/jest-circus/build/jestAdapterInit.js:829:11)
    at run (/Users/cmuir/P1Import-apps/P1-import-Subsystem/node_modules/jest-circus/build/jestAdapterInit.js:757:3)
    at runAndTransformResultsToJestFormat (/Users/cmuir/P1Import-apps/P1-import-Subsystem/node_modules/jest-circus/build/jestAdapterInit.js:1920:21)
    at jestAdapter (/Users/cmuir/P1Import-apps/P1-import-Subsystem/node_modules/jest-circus/build/runner.js:101:19)
    at runTestInternal (/Users/cmuir/P1Import-apps/P1-import-Subsystem/node_modules/jest-runner/build/testWorker.js:275:16)
    at runTest (/Users/cmuir/P1Import-apps/P1-import-Subsystem/node_modules/jest-runner/build/testWorker.js:343:7)
    at Object.worker (/Users/cmuir/P1Import-apps/P1-import-Subsystem/node_modules/jest-runner/build/testWorker.js:497:12)</failure>
    </testcase>
    <testcase classname="📁 File Handler Test Suite › 🔍 File Validation" name="should validate file type correctly" time="0">
      <failure>ReferenceError: jest is not defined
    at Object.&lt;anonymous&gt; (/Users/cmuir/P1Import-apps/P1-import-Subsystem/test/unit/file-handler.test.mjs:167:13)
    at Promise.finally.completed (/Users/cmuir/P1Import-apps/P1-import-Subsystem/node_modules/jest-circus/build/jestAdapterInit.js:1559:28)
    at new Promise (&lt;anonymous&gt;)
    at callAsyncCircusFn (/Users/cmuir/P1Import-apps/P1-import-Subsystem/node_modules/jest-circus/build/jestAdapterInit.js:1499:10)
    at _callCircusHook (/Users/cmuir/P1Import-apps/P1-import-Subsystem/node_modules/jest-circus/build/jestAdapterInit.js:978:40)
    at processTicksAndRejections (node:internal/process/task_queues:105:5)
    at _runTest (/Users/cmuir/P1Import-apps/P1-import-Subsystem/node_modules/jest-circus/build/jestAdapterInit.js:943:5)
    at _runTestsForDescribeBlock (/Users/cmuir/P1Import-apps/P1-import-Subsystem/node_modules/jest-circus/build/jestAdapterInit.js:839:13)
    at _runTestsForDescribeBlock (/Users/cmuir/P1Import-apps/P1-import-Subsystem/node_modules/jest-circus/build/jestAdapterInit.js:829:11)
    at _runTestsForDescribeBlock (/Users/cmuir/P1Import-apps/P1-import-Subsystem/node_modules/jest-circus/build/jestAdapterInit.js:829:11)
    at run (/Users/cmuir/P1Import-apps/P1-import-Subsystem/node_modules/jest-circus/build/jestAdapterInit.js:757:3)
    at runAndTransformResultsToJestFormat (/Users/cmuir/P1Import-apps/P1-import-Subsystem/node_modules/jest-circus/build/jestAdapterInit.js:1920:21)
    at jestAdapter (/Users/cmuir/P1Import-apps/P1-import-Subsystem/node_modules/jest-circus/build/runner.js:101:19)
    at runTestInternal (/Users/cmuir/P1Import-apps/P1-import-Subsystem/node_modules/jest-runner/build/testWorker.js:275:16)
    at runTest (/Users/cmuir/P1Import-apps/P1-import-Subsystem/node_modules/jest-runner/build/testWorker.js:343:7)
    at Object.worker (/Users/cmuir/P1Import-apps/P1-import-Subsystem/node_modules/jest-runner/build/testWorker.js:497:12)</failure>
    </testcase>
    <testcase classname="📁 File Handler Test Suite › 🔍 File Validation" name="should handle missing file" time="0.001">
      <failure>ReferenceError: jest is not defined
    at Object.&lt;anonymous&gt; (/Users/cmuir/P1Import-apps/P1-import-Subsystem/test/unit/file-handler.test.mjs:167:13)
    at Promise.finally.completed (/Users/cmuir/P1Import-apps/P1-import-Subsystem/node_modules/jest-circus/build/jestAdapterInit.js:1559:28)
    at new Promise (&lt;anonymous&gt;)
    at callAsyncCircusFn (/Users/cmuir/P1Import-apps/P1-import-Subsystem/node_modules/jest-circus/build/jestAdapterInit.js:1499:10)
    at _callCircusHook (/Users/cmuir/P1Import-apps/P1-import-Subsystem/node_modules/jest-circus/build/jestAdapterInit.js:978:40)
    at processTicksAndRejections (node:internal/process/task_queues:105:5)
    at _runTest (/Users/cmuir/P1Import-apps/P1-import-Subsystem/node_modules/jest-circus/build/jestAdapterInit.js:943:5)
    at _runTestsForDescribeBlock (/Users/cmuir/P1Import-apps/P1-import-Subsystem/node_modules/jest-circus/build/jestAdapterInit.js:839:13)
    at _runTestsForDescribeBlock (/Users/cmuir/P1Import-apps/P1-import-Subsystem/node_modules/jest-circus/build/jestAdapterInit.js:829:11)
    at _runTestsForDescribeBlock (/Users/cmuir/P1Import-apps/P1-import-Subsystem/node_modules/jest-circus/build/jestAdapterInit.js:829:11)
    at run (/Users/cmuir/P1Import-apps/P1-import-Subsystem/node_modules/jest-circus/build/jestAdapterInit.js:757:3)
    at runAndTransformResultsToJestFormat (/Users/cmuir/P1Import-apps/P1-import-Subsystem/node_modules/jest-circus/build/jestAdapterInit.js:1920:21)
    at jestAdapter (/Users/cmuir/P1Import-apps/P1-import-Subsystem/node_modules/jest-circus/build/runner.js:101:19)
    at runTestInternal (/Users/cmuir/P1Import-apps/P1-import-Subsystem/node_modules/jest-runner/build/testWorker.js:275:16)
    at runTest (/Users/cmuir/P1Import-apps/P1-import-Subsystem/node_modules/jest-runner/build/testWorker.js:343:7)
    at Object.worker (/Users/cmuir/P1Import-apps/P1-import-Subsystem/node_modules/jest-runner/build/testWorker.js:497:12)</failure>
    </testcase>
    <testcase classname="📁 File Handler Test Suite › 📊 CSV Parsing" name="should parse CSV content correctly" time="0.001">
      <failure>ReferenceError: jest is not defined
    at Object.&lt;anonymous&gt; (/Users/cmuir/P1Import-apps/P1-import-Subsystem/test/unit/file-handler.test.mjs:167:13)
    at Promise.finally.completed (/Users/cmuir/P1Import-apps/P1-import-Subsystem/node_modules/jest-circus/build/jestAdapterInit.js:1559:28)
    at new Promise (&lt;anonymous&gt;)
    at callAsyncCircusFn (/Users/cmuir/P1Import-apps/P1-import-Subsystem/node_modules/jest-circus/build/jestAdapterInit.js:1499:10)
    at _callCircusHook (/Users/cmuir/P1Import-apps/P1-import-Subsystem/node_modules/jest-circus/build/jestAdapterInit.js:978:40)
    at processTicksAndRejections (node:internal/process/task_queues:105:5)
    at _runTest (/Users/cmuir/P1Import-apps/P1-import-Subsystem/node_modules/jest-circus/build/jestAdapterInit.js:943:5)
    at _runTestsForDescribeBlock (/Users/cmuir/P1Import-apps/P1-import-Subsystem/node_modules/jest-circus/build/jestAdapterInit.js:839:13)
    at _runTestsForDescribeBlock (/Users/cmuir/P1Import-apps/P1-import-Subsystem/node_modules/jest-circus/build/jestAdapterInit.js:829:11)
    at _runTestsForDescribeBlock (/Users/cmuir/P1Import-apps/P1-import-Subsystem/node_modules/jest-circus/build/jestAdapterInit.js:829:11)
    at run (/Users/cmuir/P1Import-apps/P1-import-Subsystem/node_modules/jest-circus/build/jestAdapterInit.js:757:3)
    at runAndTransformResultsToJestFormat (/Users/cmuir/P1Import-apps/P1-import-Subsystem/node_modules/jest-circus/build/jestAdapterInit.js:1920:21)
    at jestAdapter (/Users/cmuir/P1Import-apps/P1-import-Subsystem/node_modules/jest-circus/build/runner.js:101:19)
    at runTestInternal (/Users/cmuir/P1Import-apps/P1-import-Subsystem/node_modules/jest-runner/build/testWorker.js:275:16)
    at runTest (/Users/cmuir/P1Import-apps/P1-import-Subsystem/node_modules/jest-runner/build/testWorker.js:343:7)
    at Object.worker (/Users/cmuir/P1Import-apps/P1-import-Subsystem/node_modules/jest-runner/build/testWorker.js:497:12)</failure>
    </testcase>
    <testcase classname="📁 File Handler Test Suite › 📊 CSV Parsing" name="should handle empty CSV content" time="0">
      <failure>ReferenceError: jest is not defined
    at Object.&lt;anonymous&gt; (/Users/cmuir/P1Import-apps/P1-import-Subsystem/test/unit/file-handler.test.mjs:167:13)
    at Promise.finally.completed (/Users/cmuir/P1Import-apps/P1-import-Subsystem/node_modules/jest-circus/build/jestAdapterInit.js:1559:28)
    at new Promise (&lt;anonymous&gt;)
    at callAsyncCircusFn (/Users/cmuir/P1Import-apps/P1-import-Subsystem/node_modules/jest-circus/build/jestAdapterInit.js:1499:10)
    at _callCircusHook (/Users/cmuir/P1Import-apps/P1-import-Subsystem/node_modules/jest-circus/build/jestAdapterInit.js:978:40)
    at processTicksAndRejections (node:internal/process/task_queues:105:5)
    at _runTest (/Users/cmuir/P1Import-apps/P1-import-Subsystem/node_modules/jest-circus/build/jestAdapterInit.js:943:5)
    at _runTestsForDescribeBlock (/Users/cmuir/P1Import-apps/P1-import-Subsystem/node_modules/jest-circus/build/jestAdapterInit.js:839:13)
    at _runTestsForDescribeBlock (/Users/cmuir/P1Import-apps/P1-import-Subsystem/node_modules/jest-circus/build/jestAdapterInit.js:829:11)
    at _runTestsForDescribeBlock (/Users/cmuir/P1Import-apps/P1-import-Subsystem/node_modules/jest-circus/build/jestAdapterInit.js:829:11)
    at run (/Users/cmuir/P1Import-apps/P1-import-Subsystem/node_modules/jest-circus/build/jestAdapterInit.js:757:3)
    at runAndTransformResultsToJestFormat (/Users/cmuir/P1Import-apps/P1-import-Subsystem/node_modules/jest-circus/build/jestAdapterInit.js:1920:21)
    at jestAdapter (/Users/cmuir/P1Import-apps/P1-import-Subsystem/node_modules/jest-circus/build/runner.js:101:19)
    at runTestInternal (/Users/cmuir/P1Import-apps/P1-import-Subsystem/node_modules/jest-runner/build/testWorker.js:275:16)
    at runTest (/Users/cmuir/P1Import-apps/P1-import-Subsystem/node_modules/jest-runner/build/testWorker.js:343:7)
    at Object.worker (/Users/cmuir/P1Import-apps/P1-import-Subsystem/node_modules/jest-runner/build/testWorker.js:497:12)</failure>
    </testcase>
    <testcase classname="📁 File Handler Test Suite › 📊 CSV Parsing" name="should handle CSV with only headers" time="0">
      <failure>ReferenceError: jest is not defined
    at Object.&lt;anonymous&gt; (/Users/cmuir/P1Import-apps/P1-import-Subsystem/test/unit/file-handler.test.mjs:167:13)
    at Promise.finally.completed (/Users/cmuir/P1Import-apps/P1-import-Subsystem/node_modules/jest-circus/build/jestAdapterInit.js:1559:28)
    at new Promise (&lt;anonymous&gt;)
    at callAsyncCircusFn (/Users/cmuir/P1Import-apps/P1-import-Subsystem/node_modules/jest-circus/build/jestAdapterInit.js:1499:10)
    at _callCircusHook (/Users/cmuir/P1Import-apps/P1-import-Subsystem/node_modules/jest-circus/build/jestAdapterInit.js:978:40)
    at processTicksAndRejections (node:internal/process/task_queues:105:5)
    at _runTest (/Users/cmuir/P1Import-apps/P1-import-Subsystem/node_modules/jest-circus/build/jestAdapterInit.js:943:5)
    at _runTestsForDescribeBlock (/Users/cmuir/P1Import-apps/P1-import-Subsystem/node_modules/jest-circus/build/jestAdapterInit.js:839:13)
    at _runTestsForDescribeBlock (/Users/cmuir/P1Import-apps/P1-import-Subsystem/node_modules/jest-circus/build/jestAdapterInit.js:829:11)
    at _runTestsForDescribeBlock (/Users/cmuir/P1Import-apps/P1-import-Subsystem/node_modules/jest-circus/build/jestAdapterInit.js:829:11)
    at run (/Users/cmuir/P1Import-apps/P1-import-Subsystem/node_modules/jest-circus/build/jestAdapterInit.js:757:3)
    at runAndTransformResultsToJestFormat (/Users/cmuir/P1Import-apps/P1-import-Subsystem/node_modules/jest-circus/build/jestAdapterInit.js:1920:21)
    at jestAdapter (/Users/cmuir/P1Import-apps/P1-import-Subsystem/node_modules/jest-circus/build/runner.js:101:19)
    at runTestInternal (/Users/cmuir/P1Import-apps/P1-import-Subsystem/node_modules/jest-runner/build/testWorker.js:275:16)
    at runTest (/Users/cmuir/P1Import-apps/P1-import-Subsystem/node_modules/jest-runner/build/testWorker.js:343:7)
    at Object.worker (/Users/cmuir/P1Import-apps/P1-import-Subsystem/node_modules/jest-runner/build/testWorker.js:497:12)</failure>
    </testcase>
    <testcase classname="📁 File Handler Test Suite › 📊 CSV Parsing" name="should handle malformed CSV" time="0.001">
      <failure>ReferenceError: jest is not defined
    at Object.&lt;anonymous&gt; (/Users/cmuir/P1Import-apps/P1-import-Subsystem/test/unit/file-handler.test.mjs:167:13)
    at Promise.finally.completed (/Users/cmuir/P1Import-apps/P1-import-Subsystem/node_modules/jest-circus/build/jestAdapterInit.js:1559:28)
    at new Promise (&lt;anonymous&gt;)
    at callAsyncCircusFn (/Users/cmuir/P1Import-apps/P1-import-Subsystem/node_modules/jest-circus/build/jestAdapterInit.js:1499:10)
    at _callCircusHook (/Users/cmuir/P1Import-apps/P1-import-Subsystem/node_modules/jest-circus/build/jestAdapterInit.js:978:40)
    at processTicksAndRejections (node:internal/process/task_queues:105:5)
    at _runTest (/Users/cmuir/P1Import-apps/P1-import-Subsystem/node_modules/jest-circus/build/jestAdapterInit.js:943:5)
    at _runTestsForDescribeBlock (/Users/cmuir/P1Import-apps/P1-import-Subsystem/node_modules/jest-circus/build/jestAdapterInit.js:839:13)
    at _runTestsForDescribeBlock (/Users/cmuir/P1Import-apps/P1-import-Subsystem/node_modules/jest-circus/build/jestAdapterInit.js:829:11)
    at _runTestsForDescribeBlock (/Users/cmuir/P1Import-apps/P1-import-Subsystem/node_modules/jest-circus/build/jestAdapterInit.js:829:11)
    at run (/Users/cmuir/P1Import-apps/P1-import-Subsystem/node_modules/jest-circus/build/jestAdapterInit.js:757:3)
    at runAndTransformResultsToJestFormat (/Users/cmuir/P1Import-apps/P1-import-Subsystem/node_modules/jest-circus/build/jestAdapterInit.js:1920:21)
    at jestAdapter (/Users/cmuir/P1Import-apps/P1-import-Subsystem/node_modules/jest-circus/build/runner.js:101:19)
    at runTestInternal (/Users/cmuir/P1Import-apps/P1-import-Subsystem/node_modules/jest-runner/build/testWorker.js:275:16)
    at runTest (/Users/cmuir/P1Import-apps/P1-import-Subsystem/node_modules/jest-runner/build/testWorker.js:343:7)
    at Object.worker (/Users/cmuir/P1Import-apps/P1-import-Subsystem/node_modules/jest-runner/build/testWorker.js:497:12)</failure>
    </testcase>
  </testsuite>
  <testsuite name="test/integration/auth-subsystem.test.js" errors="0" failures="0" skipped="8" timestamp="2025-08-20T11:47:22" time="0.157" tests="8">
    <testcase classname="Auth Subsystem Integration › Credential Consistency" name="should validate credentials via API" time="0">
      <skipped/>
    </testcase>
    <testcase classname="Auth Subsystem Integration › Credential Consistency" name="should save credentials via API" time="0">
      <skipped/>
    </testcase>
    <testcase classname="Auth Subsystem Integration › Credential Consistency" name="should get credentials via API" time="0">
      <skipped/>
    </testcase>
    <testcase classname="Auth Subsystem Integration › Token Management" name="should get token via API" time="0">
      <skipped/>
    </testcase>
    <testcase classname="Auth Subsystem Integration › Token Management" name="should get token status via API" time="0">
      <skipped/>
    </testcase>
    <testcase classname="Auth Subsystem Integration › Token Management" name="should clear token via API" time="0">
      <skipped/>
    </testcase>
    <testcase classname="Auth Subsystem Integration › Subsystem Isolation" name="should handle server startup with invalid credentials" time="0">
      <skipped/>
    </testcase>
    <testcase classname="Auth Subsystem Integration › Subsystem Isolation" name="should handle API requests with invalid token" time="0">
      <skipped/>
    </testcase>
  </testsuite>
  <testsuite name="test/api/auth/auth-subsystem.test.js" errors="0" failures="2" skipped="0" timestamp="2025-08-20T11:47:22" time="0.15" tests="6">
    <testcase classname="Auth Subsystem › Credential Encryptor" name="should encrypt and decrypt values" time="0.002">
    </testcase>
    <testcase classname="Auth Subsystem › Credential Encryptor" name="should detect encrypted values" time="0">
    </testcase>
    <testcase classname="Auth Subsystem › PingOne Auth" name="should validate credentials format" time="0">
    </testcase>
    <testcase classname="Auth Subsystem › PingOne Auth" name="should save and retrieve credentials" time="0.003">
    </testcase>
    <testcase classname="Auth Subsystem › API Endpoints" name="should return token status" time="0.007">
      <failure>Expected value   undefined
Received:
  {&quot;data&quot;: {&quot;expiresIn&quot;: 3253, &quot;hasToken&quot;: true, &quot;isExpired&quot;: false, &quot;isValid&quot;: true, &quot;needsRefresh&quot;: false, &quot;status&quot;: &quot;Valid&quot;, &quot;timestamp&quot;: &quot;2025-08-20T11:47:23.133Z&quot;}, &quot;message&quot;: &quot;Operation completed successfully&quot;, &quot;requestId&quot;: &quot;req_1755690443132_66qc8wd1k&quot;, &quot;success&quot;: true, &quot;timestamp&quot;: &quot;2025-08-20T11:47:23.133Z&quot;}

Message:
  expected { success: true, …(4) } to have property &apos;hasToken&apos;

Difference:

  Comparing two different types of values. Expected undefined but received object.
    at Object.&lt;anonymous&gt; (/Users/cmuir/P1Import-apps/P1-import-Subsystem/test/api/auth/auth-subsystem.test.js:90:28)
    at processTicksAndRejections (node:internal/process/task_queues:105:5)</failure>
    </testcase>
    <testcase classname="Auth Subsystem › API Endpoints" name="should validate credentials" time="0.002">
      <failure>assert.strictEqual(received, expected)

Expected value to strictly be equal to:
  200
Received:
  403

Message:
  expected 403 to equal 200
    at Object.&lt;anonymous&gt; (/Users/cmuir/P1Import-apps/P1-import-Subsystem/test/api/auth/auth-subsystem.test.js:107:34)
    at processTicksAndRejections (node:internal/process/task_queues:105:5)</failure>
    </testcase>
  </testsuite>
  <testsuite name="test/api/mock-api.test.js" errors="0" failures="9" skipped="0" timestamp="2025-08-20T11:47:22" time="0.291" tests="30">
    <testcase classname="API Mocking and Simulation Test Suite › Health and Status Endpoints" name="GET /api/health - should return health status" time="0.012">
    </testcase>
    <testcase classname="API Mocking and Simulation Test Suite › Health and Status Endpoints" name="GET /api/status - should return system status" time="0.003">
    </testcase>
    <testcase classname="API Mocking and Simulation Test Suite › Health and Status Endpoints" name="GET /api/version - should return version info" time="0.002">
    </testcase>
    <testcase classname="API Mocking and Simulation Test Suite › Authentication Endpoints" name="POST /api/auth/token - should return token with valid credentials" time="0.008">
      <failure>Error: expected 200 &quot;OK&quot;, got 500 &quot;Internal Server Error&quot;
    at Object.&lt;anonymous&gt; (/Users/cmuir/P1Import-apps/P1-import-Subsystem/test/api/mock-api.test.js:726:18)
    at Promise.finally.completed (/Users/cmuir/P1Import-apps/P1-import-Subsystem/node_modules/jest-circus/build/jestAdapterInit.js:1559:28)
    at new Promise (&lt;anonymous&gt;)
    at callAsyncCircusFn (/Users/cmuir/P1Import-apps/P1-import-Subsystem/node_modules/jest-circus/build/jestAdapterInit.js:1499:10)
    at _callCircusTest (/Users/cmuir/P1Import-apps/P1-import-Subsystem/node_modules/jest-circus/build/jestAdapterInit.js:1009:40)
    at processTicksAndRejections (node:internal/process/task_queues:105:5)
    at _runTest (/Users/cmuir/P1Import-apps/P1-import-Subsystem/node_modules/jest-circus/build/jestAdapterInit.js:949:3)
    at _runTestsForDescribeBlock (/Users/cmuir/P1Import-apps/P1-import-Subsystem/node_modules/jest-circus/build/jestAdapterInit.js:839:13)
    at _runTestsForDescribeBlock (/Users/cmuir/P1Import-apps/P1-import-Subsystem/node_modules/jest-circus/build/jestAdapterInit.js:829:11)
    at _runTestsForDescribeBlock (/Users/cmuir/P1Import-apps/P1-import-Subsystem/node_modules/jest-circus/build/jestAdapterInit.js:829:11)
    at run (/Users/cmuir/P1Import-apps/P1-import-Subsystem/node_modules/jest-circus/build/jestAdapterInit.js:757:3)
    at runAndTransformResultsToJestFormat (/Users/cmuir/P1Import-apps/P1-import-Subsystem/node_modules/jest-circus/build/jestAdapterInit.js:1920:21)
    at jestAdapter (/Users/cmuir/P1Import-apps/P1-import-Subsystem/node_modules/jest-circus/build/runner.js:101:19)
    at runTestInternal (/Users/cmuir/P1Import-apps/P1-import-Subsystem/node_modules/jest-runner/build/testWorker.js:275:16)
    at runTest (/Users/cmuir/P1Import-apps/P1-import-Subsystem/node_modules/jest-runner/build/testWorker.js:343:7)
    at Object.worker (/Users/cmuir/P1Import-apps/P1-import-Subsystem/node_modules/jest-runner/build/testWorker.js:497:12)
----
    at Test._assertStatus (/Users/cmuir/P1Import-apps/P1-import-Subsystem/node_modules/supertest/lib/test.js:252:14)
    at /Users/cmuir/P1Import-apps/P1-import-Subsystem/node_modules/supertest/lib/test.js:308:13
    at Test._assertFunction (/Users/cmuir/P1Import-apps/P1-import-Subsystem/node_modules/supertest/lib/test.js:285:13)
    at Test.assert (/Users/cmuir/P1Import-apps/P1-import-Subsystem/node_modules/supertest/lib/test.js:164:23)
    at Server.localAssert (/Users/cmuir/P1Import-apps/P1-import-Subsystem/node_modules/supertest/lib/test.js:120:14)
    at Object.onceWrapper (node:events:632:28)
    at Server.emit (node:events:518:28)
    at emitCloseNT (node:net:2418:8)
    at processTicksAndRejections (node:internal/process/task_queues:89:21)</failure>
    </testcase>
    <testcase classname="API Mocking and Simulation Test Suite › Authentication Endpoints" name="POST /api/auth/token - should reject missing credentials" time="0.003">
      <failure>Error: expected 400 &quot;Bad Request&quot;, got 500 &quot;Internal Server Error&quot;
    at Object.&lt;anonymous&gt; (/Users/cmuir/P1Import-apps/P1-import-Subsystem/test/api/mock-api.test.js:740:18)
    at Promise.finally.completed (/Users/cmuir/P1Import-apps/P1-import-Subsystem/node_modules/jest-circus/build/jestAdapterInit.js:1559:28)
    at new Promise (&lt;anonymous&gt;)
    at callAsyncCircusFn (/Users/cmuir/P1Import-apps/P1-import-Subsystem/node_modules/jest-circus/build/jestAdapterInit.js:1499:10)
    at _callCircusTest (/Users/cmuir/P1Import-apps/P1-import-Subsystem/node_modules/jest-circus/build/jestAdapterInit.js:1009:40)
    at processTicksAndRejections (node:internal/process/task_queues:105:5)
    at _runTest (/Users/cmuir/P1Import-apps/P1-import-Subsystem/node_modules/jest-circus/build/jestAdapterInit.js:949:3)
    at _runTestsForDescribeBlock (/Users/cmuir/P1Import-apps/P1-import-Subsystem/node_modules/jest-circus/build/jestAdapterInit.js:839:13)
    at _runTestsForDescribeBlock (/Users/cmuir/P1Import-apps/P1-import-Subsystem/node_modules/jest-circus/build/jestAdapterInit.js:829:11)
    at _runTestsForDescribeBlock (/Users/cmuir/P1Import-apps/P1-import-Subsystem/node_modules/jest-circus/build/jestAdapterInit.js:829:11)
    at run (/Users/cmuir/P1Import-apps/P1-import-Subsystem/node_modules/jest-circus/build/jestAdapterInit.js:757:3)
    at runAndTransformResultsToJestFormat (/Users/cmuir/P1Import-apps/P1-import-Subsystem/node_modules/jest-circus/build/jestAdapterInit.js:1920:21)
    at jestAdapter (/Users/cmuir/P1Import-apps/P1-import-Subsystem/node_modules/jest-circus/build/runner.js:101:19)
    at runTestInternal (/Users/cmuir/P1Import-apps/P1-import-Subsystem/node_modules/jest-runner/build/testWorker.js:275:16)
    at runTest (/Users/cmuir/P1Import-apps/P1-import-Subsystem/node_modules/jest-runner/build/testWorker.js:343:7)
    at Object.worker (/Users/cmuir/P1Import-apps/P1-import-Subsystem/node_modules/jest-runner/build/testWorker.js:497:12)
----
    at Test._assertStatus (/Users/cmuir/P1Import-apps/P1-import-Subsystem/node_modules/supertest/lib/test.js:252:14)
    at /Users/cmuir/P1Import-apps/P1-import-Subsystem/node_modules/supertest/lib/test.js:308:13
    at Test._assertFunction (/Users/cmuir/P1Import-apps/P1-import-Subsystem/node_modules/supertest/lib/test.js:285:13)
    at Test.assert (/Users/cmuir/P1Import-apps/P1-import-Subsystem/node_modules/supertest/lib/test.js:164:23)
    at Server.localAssert (/Users/cmuir/P1Import-apps/P1-import-Subsystem/node_modules/supertest/lib/test.js:120:14)
    at Object.onceWrapper (node:events:632:28)
    at Server.emit (node:events:518:28)
    at emitCloseNT (node:net:2418:8)
    at processTicksAndRejections (node:internal/process/task_queues:89:21)</failure>
    </testcase>
    <testcase classname="API Mocking and Simulation Test Suite › Authentication Endpoints" name="POST /api/auth/token - should handle authentication failure" time="0.002">
      <failure>Error: expected 401 &quot;Unauthorized&quot;, got 500 &quot;Internal Server Error&quot;
    at Object.&lt;anonymous&gt; (/Users/cmuir/P1Import-apps/P1-import-Subsystem/test/api/mock-api.test.js:754:18)
    at Promise.finally.completed (/Users/cmuir/P1Import-apps/P1-import-Subsystem/node_modules/jest-circus/build/jestAdapterInit.js:1559:28)
    at new Promise (&lt;anonymous&gt;)
    at callAsyncCircusFn (/Users/cmuir/P1Import-apps/P1-import-Subsystem/node_modules/jest-circus/build/jestAdapterInit.js:1499:10)
    at _callCircusTest (/Users/cmuir/P1Import-apps/P1-import-Subsystem/node_modules/jest-circus/build/jestAdapterInit.js:1009:40)
    at processTicksAndRejections (node:internal/process/task_queues:105:5)
    at _runTest (/Users/cmuir/P1Import-apps/P1-import-Subsystem/node_modules/jest-circus/build/jestAdapterInit.js:949:3)
    at _runTestsForDescribeBlock (/Users/cmuir/P1Import-apps/P1-import-Subsystem/node_modules/jest-circus/build/jestAdapterInit.js:839:13)
    at _runTestsForDescribeBlock (/Users/cmuir/P1Import-apps/P1-import-Subsystem/node_modules/jest-circus/build/jestAdapterInit.js:829:11)
    at _runTestsForDescribeBlock (/Users/cmuir/P1Import-apps/P1-import-Subsystem/node_modules/jest-circus/build/jestAdapterInit.js:829:11)
    at run (/Users/cmuir/P1Import-apps/P1-import-Subsystem/node_modules/jest-circus/build/jestAdapterInit.js:757:3)
    at runAndTransformResultsToJestFormat (/Users/cmuir/P1Import-apps/P1-import-Subsystem/node_modules/jest-circus/build/jestAdapterInit.js:1920:21)
    at jestAdapter (/Users/cmuir/P1Import-apps/P1-import-Subsystem/node_modules/jest-circus/build/runner.js:101:19)
    at runTestInternal (/Users/cmuir/P1Import-apps/P1-import-Subsystem/node_modules/jest-runner/build/testWorker.js:275:16)
    at runTest (/Users/cmuir/P1Import-apps/P1-import-Subsystem/node_modules/jest-runner/build/testWorker.js:343:7)
    at Object.worker (/Users/cmuir/P1Import-apps/P1-import-Subsystem/node_modules/jest-runner/build/testWorker.js:497:12)
----
    at Test._assertStatus (/Users/cmuir/P1Import-apps/P1-import-Subsystem/node_modules/supertest/lib/test.js:252:14)
    at /Users/cmuir/P1Import-apps/P1-import-Subsystem/node_modules/supertest/lib/test.js:308:13
    at Test._assertFunction (/Users/cmuir/P1Import-apps/P1-import-Subsystem/node_modules/supertest/lib/test.js:285:13)
    at Test.assert (/Users/cmuir/P1Import-apps/P1-import-Subsystem/node_modules/supertest/lib/test.js:164:23)
    at Server.localAssert (/Users/cmuir/P1Import-apps/P1-import-Subsystem/node_modules/supertest/lib/test.js:120:14)
    at Object.onceWrapper (node:events:632:28)
    at Server.emit (node:events:518:28)
    at emitCloseNT (node:net:2418:8)
    at processTicksAndRejections (node:internal/process/task_queues:89:21)</failure>
    </testcase>
    <testcase classname="API Mocking and Simulation Test Suite › Authentication Endpoints" name="POST /api/auth/token - should handle rate limiting" time="0.002">
      <failure>Error: expected 429 &quot;Too Many Requests&quot;, got 500 &quot;Internal Server Error&quot;
    at Object.&lt;anonymous&gt; (/Users/cmuir/P1Import-apps/P1-import-Subsystem/test/api/mock-api.test.js:768:18)
    at Promise.finally.completed (/Users/cmuir/P1Import-apps/P1-import-Subsystem/node_modules/jest-circus/build/jestAdapterInit.js:1559:28)
    at new Promise (&lt;anonymous&gt;)
    at callAsyncCircusFn (/Users/cmuir/P1Import-apps/P1-import-Subsystem/node_modules/jest-circus/build/jestAdapterInit.js:1499:10)
    at _callCircusTest (/Users/cmuir/P1Import-apps/P1-import-Subsystem/node_modules/jest-circus/build/jestAdapterInit.js:1009:40)
    at processTicksAndRejections (node:internal/process/task_queues:105:5)
    at _runTest (/Users/cmuir/P1Import-apps/P1-import-Subsystem/node_modules/jest-circus/build/jestAdapterInit.js:949:3)
    at _runTestsForDescribeBlock (/Users/cmuir/P1Import-apps/P1-import-Subsystem/node_modules/jest-circus/build/jestAdapterInit.js:839:13)
    at _runTestsForDescribeBlock (/Users/cmuir/P1Import-apps/P1-import-Subsystem/node_modules/jest-circus/build/jestAdapterInit.js:829:11)
    at _runTestsForDescribeBlock (/Users/cmuir/P1Import-apps/P1-import-Subsystem/node_modules/jest-circus/build/jestAdapterInit.js:829:11)
    at run (/Users/cmuir/P1Import-apps/P1-import-Subsystem/node_modules/jest-circus/build/jestAdapterInit.js:757:3)
    at runAndTransformResultsToJestFormat (/Users/cmuir/P1Import-apps/P1-import-Subsystem/node_modules/jest-circus/build/jestAdapterInit.js:1920:21)
    at jestAdapter (/Users/cmuir/P1Import-apps/P1-import-Subsystem/node_modules/jest-circus/build/runner.js:101:19)
    at runTestInternal (/Users/cmuir/P1Import-apps/P1-import-Subsystem/node_modules/jest-runner/build/testWorker.js:275:16)
    at runTest (/Users/cmuir/P1Import-apps/P1-import-Subsystem/node_modules/jest-runner/build/testWorker.js:343:7)
    at Object.worker (/Users/cmuir/P1Import-apps/P1-import-Subsystem/node_modules/jest-runner/build/testWorker.js:497:12)
----
    at Test._assertStatus (/Users/cmuir/P1Import-apps/P1-import-Subsystem/node_modules/supertest/lib/test.js:252:14)
    at /Users/cmuir/P1Import-apps/P1-import-Subsystem/node_modules/supertest/lib/test.js:308:13
    at Test._assertFunction (/Users/cmuir/P1Import-apps/P1-import-Subsystem/node_modules/supertest/lib/test.js:285:13)
    at Test.assert (/Users/cmuir/P1Import-apps/P1-import-Subsystem/node_modules/supertest/lib/test.js:164:23)
    at Server.localAssert (/Users/cmuir/P1Import-apps/P1-import-Subsystem/node_modules/supertest/lib/test.js:120:14)
    at Object.onceWrapper (node:events:632:28)
    at Server.emit (node:events:518:28)
    at emitCloseNT (node:net:2418:8)
    at processTicksAndRejections (node:internal/process/task_queues:89:21)</failure>
    </testcase>
    <testcase classname="API Mocking and Simulation Test Suite › Authentication Endpoints" name="POST /api/auth/refresh - should refresh token with valid refresh token" time="0.002">
      <failure>Error: expected 200 &quot;OK&quot;, got 500 &quot;Internal Server Error&quot;
    at Object.&lt;anonymous&gt; (/Users/cmuir/P1Import-apps/P1-import-Subsystem/test/api/mock-api.test.js:780:18)
    at Promise.finally.completed (/Users/cmuir/P1Import-apps/P1-import-Subsystem/node_modules/jest-circus/build/jestAdapterInit.js:1559:28)
    at new Promise (&lt;anonymous&gt;)
    at callAsyncCircusFn (/Users/cmuir/P1Import-apps/P1-import-Subsystem/node_modules/jest-circus/build/jestAdapterInit.js:1499:10)
    at _callCircusTest (/Users/cmuir/P1Import-apps/P1-import-Subsystem/node_modules/jest-circus/build/jestAdapterInit.js:1009:40)
    at processTicksAndRejections (node:internal/process/task_queues:105:5)
    at _runTest (/Users/cmuir/P1Import-apps/P1-import-Subsystem/node_modules/jest-circus/build/jestAdapterInit.js:949:3)
    at _runTestsForDescribeBlock (/Users/cmuir/P1Import-apps/P1-import-Subsystem/node_modules/jest-circus/build/jestAdapterInit.js:839:13)
    at _runTestsForDescribeBlock (/Users/cmuir/P1Import-apps/P1-import-Subsystem/node_modules/jest-circus/build/jestAdapterInit.js:829:11)
    at _runTestsForDescribeBlock (/Users/cmuir/P1Import-apps/P1-import-Subsystem/node_modules/jest-circus/build/jestAdapterInit.js:829:11)
    at run (/Users/cmuir/P1Import-apps/P1-import-Subsystem/node_modules/jest-circus/build/jestAdapterInit.js:757:3)
    at runAndTransformResultsToJestFormat (/Users/cmuir/P1Import-apps/P1-import-Subsystem/node_modules/jest-circus/build/jestAdapterInit.js:1920:21)
    at jestAdapter (/Users/cmuir/P1Import-apps/P1-import-Subsystem/node_modules/jest-circus/build/runner.js:101:19)
    at runTestInternal (/Users/cmuir/P1Import-apps/P1-import-Subsystem/node_modules/jest-runner/build/testWorker.js:275:16)
    at runTest (/Users/cmuir/P1Import-apps/P1-import-Subsystem/node_modules/jest-runner/build/testWorker.js:343:7)
    at Object.worker (/Users/cmuir/P1Import-apps/P1-import-Subsystem/node_modules/jest-runner/build/testWorker.js:497:12)
----
    at Test._assertStatus (/Users/cmuir/P1Import-apps/P1-import-Subsystem/node_modules/supertest/lib/test.js:252:14)
    at /Users/cmuir/P1Import-apps/P1-import-Subsystem/node_modules/supertest/lib/test.js:308:13
    at Test._assertFunction (/Users/cmuir/P1Import-apps/P1-import-Subsystem/node_modules/supertest/lib/test.js:285:13)
    at Test.assert (/Users/cmuir/P1Import-apps/P1-import-Subsystem/node_modules/supertest/lib/test.js:164:23)
    at Server.localAssert (/Users/cmuir/P1Import-apps/P1-import-Subsystem/node_modules/supertest/lib/test.js:120:14)
    at Object.onceWrapper (node:events:632:28)
    at Server.emit (node:events:518:28)
    at emitCloseNT (node:net:2418:8)
    at processTicksAndRejections (node:internal/process/task_queues:89:21)</failure>
    </testcase>
    <testcase classname="API Mocking and Simulation Test Suite › Authentication Endpoints" name="POST /api/auth/refresh - should reject invalid refresh token" time="0.004">
      <failure>Error: expected 401 &quot;Unauthorized&quot;, got 500 &quot;Internal Server Error&quot;
    at Object.&lt;anonymous&gt; (/Users/cmuir/P1Import-apps/P1-import-Subsystem/test/api/mock-api.test.js:793:18)
    at Promise.finally.completed (/Users/cmuir/P1Import-apps/P1-import-Subsystem/node_modules/jest-circus/build/jestAdapterInit.js:1559:28)
    at new Promise (&lt;anonymous&gt;)
    at callAsyncCircusFn (/Users/cmuir/P1Import-apps/P1-import-Subsystem/node_modules/jest-circus/build/jestAdapterInit.js:1499:10)
    at _callCircusTest (/Users/cmuir/P1Import-apps/P1-import-Subsystem/node_modules/jest-circus/build/jestAdapterInit.js:1009:40)
    at processTicksAndRejections (node:internal/process/task_queues:105:5)
    at _runTest (/Users/cmuir/P1Import-apps/P1-import-Subsystem/node_modules/jest-circus/build/jestAdapterInit.js:949:3)
    at _runTestsForDescribeBlock (/Users/cmuir/P1Import-apps/P1-import-Subsystem/node_modules/jest-circus/build/jestAdapterInit.js:839:13)
    at _runTestsForDescribeBlock (/Users/cmuir/P1Import-apps/P1-import-Subsystem/node_modules/jest-circus/build/jestAdapterInit.js:829:11)
    at _runTestsForDescribeBlock (/Users/cmuir/P1Import-apps/P1-import-Subsystem/node_modules/jest-circus/build/jestAdapterInit.js:829:11)
    at run (/Users/cmuir/P1Import-apps/P1-import-Subsystem/node_modules/jest-circus/build/jestAdapterInit.js:757:3)
    at runAndTransformResultsToJestFormat (/Users/cmuir/P1Import-apps/P1-import-Subsystem/node_modules/jest-circus/build/jestAdapterInit.js:1920:21)
    at jestAdapter (/Users/cmuir/P1Import-apps/P1-import-Subsystem/node_modules/jest-circus/build/runner.js:101:19)
    at runTestInternal (/Users/cmuir/P1Import-apps/P1-import-Subsystem/node_modules/jest-runner/build/testWorker.js:275:16)
    at runTest (/Users/cmuir/P1Import-apps/P1-import-Subsystem/node_modules/jest-runner/build/testWorker.js:343:7)
    at Object.worker (/Users/cmuir/P1Import-apps/P1-import-Subsystem/node_modules/jest-runner/build/testWorker.js:497:12)
----
    at Test._assertStatus (/Users/cmuir/P1Import-apps/P1-import-Subsystem/node_modules/supertest/lib/test.js:252:14)
    at /Users/cmuir/P1Import-apps/P1-import-Subsystem/node_modules/supertest/lib/test.js:308:13
    at Test._assertFunction (/Users/cmuir/P1Import-apps/P1-import-Subsystem/node_modules/supertest/lib/test.js:285:13)
    at Test.assert (/Users/cmuir/P1Import-apps/P1-import-Subsystem/node_modules/supertest/lib/test.js:164:23)
    at Server.localAssert (/Users/cmuir/P1Import-apps/P1-import-Subsystem/node_modules/supertest/lib/test.js:120:14)
    at Object.onceWrapper (node:events:632:28)
    at Server.emit (node:events:518:28)
    at emitCloseNT (node:net:2418:8)
    at processTicksAndRejections (node:internal/process/task_queues:89:21)</failure>
    </testcase>
    <testcase classname="API Mocking and Simulation Test Suite › Authentication Endpoints" name="GET /api/auth/status - should return auth status with valid token" time="0.002">
    </testcase>
    <testcase classname="API Mocking and Simulation Test Suite › Authentication Endpoints" name="GET /api/auth/status - should reject invalid token" time="0.002">
    </testcase>
    <testcase classname="API Mocking and Simulation Test Suite › User Management Endpoints" name="GET /api/users - should return users list with valid token" time="0.002">
    </testcase>
    <testcase classname="API Mocking and Simulation Test Suite › User Management Endpoints" name="GET /api/users - should reject unauthorized request" time="0.001">
    </testcase>
    <testcase classname="API Mocking and Simulation Test Suite › User Management Endpoints" name="GET /api/users/:id - should return user details with valid token" time="0.002">
    </testcase>
    <testcase classname="API Mocking and Simulation Test Suite › User Management Endpoints" name="GET /api/users/:id - should handle not found error" time="0.003">
    </testcase>
    <testcase classname="API Mocking and Simulation Test Suite › User Management Endpoints" name="POST /api/users - should create user with valid data" time="0.006">
    </testcase>
    <testcase classname="API Mocking and Simulation Test Suite › User Management Endpoints" name="POST /api/users - should reject duplicate user" time="0.001">
    </testcase>
    <testcase classname="API Mocking and Simulation Test Suite › User Management Endpoints" name="PUT /api/users/:id - should update user with valid data" time="0.002">
    </testcase>
    <testcase classname="API Mocking and Simulation Test Suite › User Management Endpoints" name="DELETE /api/users/:id - should delete user" time="0.002">
    </testcase>
    <testcase classname="API Mocking and Simulation Test Suite › Import/Export Endpoints" name="POST /api/users/import - should start import process" time="0.003">
      <failure>Error: expected 200 &quot;OK&quot;, got 400 &quot;Bad Request&quot;
    at Object.&lt;anonymous&gt; (/Users/cmuir/P1Import-apps/P1-import-Subsystem/test/api/mock-api.test.js:934:18)
    at Promise.finally.completed (/Users/cmuir/P1Import-apps/P1-import-Subsystem/node_modules/jest-circus/build/jestAdapterInit.js:1559:28)
    at new Promise (&lt;anonymous&gt;)
    at callAsyncCircusFn (/Users/cmuir/P1Import-apps/P1-import-Subsystem/node_modules/jest-circus/build/jestAdapterInit.js:1499:10)
    at _callCircusTest (/Users/cmuir/P1Import-apps/P1-import-Subsystem/node_modules/jest-circus/build/jestAdapterInit.js:1009:40)
    at processTicksAndRejections (node:internal/process/task_queues:105:5)
    at _runTest (/Users/cmuir/P1Import-apps/P1-import-Subsystem/node_modules/jest-circus/build/jestAdapterInit.js:949:3)
    at _runTestsForDescribeBlock (/Users/cmuir/P1Import-apps/P1-import-Subsystem/node_modules/jest-circus/build/jestAdapterInit.js:839:13)
    at _runTestsForDescribeBlock (/Users/cmuir/P1Import-apps/P1-import-Subsystem/node_modules/jest-circus/build/jestAdapterInit.js:829:11)
    at _runTestsForDescribeBlock (/Users/cmuir/P1Import-apps/P1-import-Subsystem/node_modules/jest-circus/build/jestAdapterInit.js:829:11)
    at run (/Users/cmuir/P1Import-apps/P1-import-Subsystem/node_modules/jest-circus/build/jestAdapterInit.js:757:3)
    at runAndTransformResultsToJestFormat (/Users/cmuir/P1Import-apps/P1-import-Subsystem/node_modules/jest-circus/build/jestAdapterInit.js:1920:21)
    at jestAdapter (/Users/cmuir/P1Import-apps/P1-import-Subsystem/node_modules/jest-circus/build/runner.js:101:19)
    at runTestInternal (/Users/cmuir/P1Import-apps/P1-import-Subsystem/node_modules/jest-runner/build/testWorker.js:275:16)
    at runTest (/Users/cmuir/P1Import-apps/P1-import-Subsystem/node_modules/jest-runner/build/testWorker.js:343:7)
    at Object.worker (/Users/cmuir/P1Import-apps/P1-import-Subsystem/node_modules/jest-runner/build/testWorker.js:497:12)
----
    at Test._assertStatus (/Users/cmuir/P1Import-apps/P1-import-Subsystem/node_modules/supertest/lib/test.js:252:14)
    at /Users/cmuir/P1Import-apps/P1-import-Subsystem/node_modules/supertest/lib/test.js:308:13
    at Test._assertFunction (/Users/cmuir/P1Import-apps/P1-import-Subsystem/node_modules/supertest/lib/test.js:285:13)
    at Test.assert (/Users/cmuir/P1Import-apps/P1-import-Subsystem/node_modules/supertest/lib/test.js:164:23)
    at Server.localAssert (/Users/cmuir/P1Import-apps/P1-import-Subsystem/node_modules/supertest/lib/test.js:120:14)
    at Object.onceWrapper (node:events:632:28)
    at Server.emit (node:events:518:28)
    at emitCloseNT (node:net:2418:8)
    at processTicksAndRejections (node:internal/process/task_queues:89:21)</failure>
    </testcase>
    <testcase classname="API Mocking and Simulation Test Suite › Import/Export Endpoints" name="GET /api/users/export - should export users as JSON" time="0.004">
      <failure>Error: expect(received).toHaveProperty(path)

Expected path: &quot;users&quot;
Received path: []

Received value: {&quot;success&quot;: true, &quot;user&quot;: {&quot;created&quot;: &quot;2025-08-20T11:47:23.110Z&quot;, &quot;email&quot;: &quot;userexport@example.com&quot;, &quot;familyName&quot;: &quot;export&quot;, &quot;givenName&quot;: &quot;User&quot;, &quot;id&quot;: &quot;export&quot;, &quot;lastModified&quot;: &quot;2025-08-20T11:47:23.110Z&quot;, &quot;population&quot;: {&quot;id&quot;: &quot;1&quot;, &quot;name&quot;: &quot;Test Population&quot;}, &quot;username&quot;: &quot;userexport&quot;}}
    at Object.&lt;anonymous&gt; (/Users/cmuir/P1Import-apps/P1-import-Subsystem/test/api/mock-api.test.js:949:35)
    at processTicksAndRejections (node:internal/process/task_queues:105:5)</failure>
    </testcase>
    <testcase classname="API Mocking and Simulation Test Suite › Import/Export Endpoints" name="GET /api/users/export - should export users as CSV" time="0.004">
      <failure>Error: expect(received).toBe(expected) // Object.is equality

Expected: &quot;text/csv&quot;
Received: &quot;application/json; charset=utf-8&quot;
    at Object.&lt;anonymous&gt; (/Users/cmuir/P1Import-apps/P1-import-Subsystem/test/api/mock-api.test.js:960:54)
    at processTicksAndRejections (node:internal/process/task_queues:105:5)</failure>
    </testcase>
    <testcase classname="API Mocking and Simulation Test Suite › Import/Export Endpoints" name="GET /api/import/status/:sessionId - should return import status" time="0.002">
    </testcase>
    <testcase classname="API Mocking and Simulation Test Suite › Import/Export Endpoints" name="GET /api/import/status/:sessionId - should return completed status" time="0.001">
    </testcase>
    <testcase classname="API Mocking and Simulation Test Suite › Import/Export Endpoints" name="GET /api/import/status/:sessionId - should return failed status" time="0.002">
    </testcase>
    <testcase classname="API Mocking and Simulation Test Suite › Settings Endpoints" name="GET /api/settings - should return settings" time="0.001">
    </testcase>
    <testcase classname="API Mocking and Simulation Test Suite › Settings Endpoints" name="PUT /api/settings - should update settings" time="0.002">
    </testcase>
    <testcase classname="API Mocking and Simulation Test Suite › Error Handling" name="Should handle timeout errors" time="0.002">
    </testcase>
    <testcase classname="API Mocking and Simulation Test Suite › Error Handling" name="Should handle server errors" time="0.001">
    </testcase>
    <testcase classname="API Mocking and Simulation Test Suite › Error Handling" name="Should handle not found errors" time="0.003">
    </testcase>
  </testsuite>
  <testsuite name="test/debug/api-debug.test.js" errors="0" failures="4" skipped="0" timestamp="2025-08-20T11:47:17" time="6.177" tests="6">
    <testcase classname="API Debug Test Suite › Health Check Endpoint" name="should respond quickly with comprehensive health information" time="0.035">
      <failure>Error: expect(received).toHaveProperty(path, value)

Expected path: &quot;status&quot;
Received path: []

Expected value: &quot;healthy&quot;
Received value: {&quot;data&quot;: {&quot;checks&quot;: {&quot;environment&quot;: &quot;test&quot;, &quot;memory&quot;: {&quot;arrayBuffers&quot;: 5109304, &quot;external&quot;: 7769624, &quot;heapTotal&quot;: 92160000, &quot;heapUsed&quot;: 69459208, &quot;rss&quot;: 174292992}, &quot;requestId&quot;: &quot;1755690437990&quot;, &quot;server&quot;: true, &quot;settings&quot;: true, &quot;timestamp&quot;: &quot;2025-08-20T11:47:17.993Z&quot;, &quot;tokenManager&quot;: true, &quot;tokenStatus&quot;: &quot;available&quot;, &quot;uptime&quot;: 1.449076042}, &quot;responseTime&quot;: &quot;0ms&quot;, &quot;status&quot;: &quot;healthy&quot;}, &quot;message&quot;: &quot;Health check completed successfully&quot;, &quot;success&quot;: true}
    at Object.&lt;anonymous&gt; (/Users/cmuir/P1Import-apps/P1-import-Subsystem/test/debug/api-debug.test.js:355:35)
    at processTicksAndRejections (node:internal/process/task_queues:105:5)</failure>
    </testcase>
    <testcase classname="API Debug Test Suite › Health Check Endpoint" name="should handle concurrent health check requests efficiently" time="0.076">
      <failure>Error: expect(received).toBe(expected) // Object.is equality

Expected: &quot;healthy&quot;
Received: undefined
    at /Users/cmuir/P1Import-apps/P1-import-Subsystem/test/debug/api-debug.test.js:404:46
    at Array.forEach (&lt;anonymous&gt;)
    at Object.&lt;anonymous&gt; (/Users/cmuir/P1Import-apps/P1-import-Subsystem/test/debug/api-debug.test.js:402:23)
    at processTicksAndRejections (node:internal/process/task_queues:105:5)</failure>
    </testcase>
    <testcase classname="API Debug Test Suite › Error Handling and Recovery" name="should handle malformed requests gracefully" time="0.025">
      <failure>Error: expect(received).toHaveProperty(path, value)

Expected path: &quot;success&quot;
Received path: []

Expected value: false
Received value: {}
    at Object.&lt;anonymous&gt; (/Users/cmuir/P1Import-apps/P1-import-Subsystem/test/debug/api-debug.test.js:449:47)
    at processTicksAndRejections (node:internal/process/task_queues:105:5)</failure>
    </testcase>
    <testcase classname="API Debug Test Suite › Error Handling and Recovery" name="should recover from temporary service failures" time="0.01">
      <failure>Error: expect(received).toHaveProperty(path, value)

Matcher error: received value must not be null nor undefined

Received has value: undefined
    at Object.&lt;anonymous&gt; (/Users/cmuir/P1Import-apps/P1-import-Subsystem/test/debug/api-debug.test.js:486:42)
    at processTicksAndRejections (node:internal/process/task_queues:105:5)</failure>
    </testcase>
    <testcase classname="API Debug Test Suite › Performance and Load Testing" name="should maintain performance under load" time="5.045">
    </testcase>
    <testcase classname="API Debug Test Suite › Memory and Resource Management" name="should not leak memory during repeated operations" time="0.108">
    </testcase>
  </testsuite>
  <testsuite name="test/integration/ui-to-api.test.mjs" errors="0" failures="3" skipped="0" timestamp="2025-08-20T11:47:17" time="6.557" tests="8">
    <testcase classname="🔄 UI to API Integration Tests › ⚙️ Settings Management UI to API Flow" name="should handle settings form submission to API" time="0.014">
      <failure>TypeError: Failed to construct &apos;FormData&apos;: parameter 1 is not of type &apos;HTMLFormElement&apos;.
    at Object.exports.convert (/Users/cmuir/P1Import-apps/P1-import-Subsystem/node_modules/jsdom/lib/jsdom/living/generated/HTMLFormElement.js:25:9)
    at new FormData (/Users/cmuir/P1Import-apps/P1-import-Subsystem/node_modules/jsdom/lib/jsdom/living/generated/FormData.js:111:36)
    at Object.&lt;anonymous&gt; (/Users/cmuir/P1Import-apps/P1-import-Subsystem/test/integration/ui-to-api.test.mjs:150:30)
    at Promise.finally.completed (/Users/cmuir/P1Import-apps/P1-import-Subsystem/node_modules/jest-circus/build/jestAdapterInit.js:1559:28)
    at new Promise (&lt;anonymous&gt;)
    at callAsyncCircusFn (/Users/cmuir/P1Import-apps/P1-import-Subsystem/node_modules/jest-circus/build/jestAdapterInit.js:1499:10)
    at _callCircusTest (/Users/cmuir/P1Import-apps/P1-import-Subsystem/node_modules/jest-circus/build/jestAdapterInit.js:1009:40)
    at processTicksAndRejections (node:internal/process/task_queues:105:5)
    at _runTest (/Users/cmuir/P1Import-apps/P1-import-Subsystem/node_modules/jest-circus/build/jestAdapterInit.js:949:3)
    at _runTestsForDescribeBlock (/Users/cmuir/P1Import-apps/P1-import-Subsystem/node_modules/jest-circus/build/jestAdapterInit.js:839:13)
    at _runTestsForDescribeBlock (/Users/cmuir/P1Import-apps/P1-import-Subsystem/node_modules/jest-circus/build/jestAdapterInit.js:829:11)
    at _runTestsForDescribeBlock (/Users/cmuir/P1Import-apps/P1-import-Subsystem/node_modules/jest-circus/build/jestAdapterInit.js:829:11)
    at run (/Users/cmuir/P1Import-apps/P1-import-Subsystem/node_modules/jest-circus/build/jestAdapterInit.js:757:3)
    at runAndTransformResultsToJestFormat (/Users/cmuir/P1Import-apps/P1-import-Subsystem/node_modules/jest-circus/build/jestAdapterInit.js:1920:21)
    at jestAdapter (/Users/cmuir/P1Import-apps/P1-import-Subsystem/node_modules/jest-circus/build/runner.js:101:19)
    at runTestInternal (/Users/cmuir/P1Import-apps/P1-import-Subsystem/node_modules/jest-runner/build/testWorker.js:275:16)
    at runTest (/Users/cmuir/P1Import-apps/P1-import-Subsystem/node_modules/jest-runner/build/testWorker.js:343:7)
    at Object.worker (/Users/cmuir/P1Import-apps/P1-import-Subsystem/node_modules/jest-runner/build/testWorker.js:497:12)</failure>
    </testcase>
    <testcase classname="🔄 UI to API Integration Tests › ⚙️ Settings Management UI to API Flow" name="should load and display settings from API" time="0.012">
    </testcase>
    <testcase classname="🔄 UI to API Integration Tests › 📤 File Upload UI to API Flow" name="should handle CSV file upload from UI to API" time="0.023">
    </testcase>
    <testcase classname="🔄 UI to API Integration Tests › 📤 File Upload UI to API Flow" name="should validate file format in UI before API call" time="0.001">
      <failure>TypeError: Cannot redefine property: files
    at Function.defineProperty (&lt;anonymous&gt;)
    at Object.&lt;anonymous&gt; (/Users/cmuir/P1Import-apps/P1-import-Subsystem/test/integration/ui-to-api.test.mjs:415:20)
    at Promise.finally.completed (/Users/cmuir/P1Import-apps/P1-import-Subsystem/node_modules/jest-circus/build/jestAdapterInit.js:1559:28)
    at new Promise (&lt;anonymous&gt;)
    at callAsyncCircusFn (/Users/cmuir/P1Import-apps/P1-import-Subsystem/node_modules/jest-circus/build/jestAdapterInit.js:1499:10)
    at _callCircusTest (/Users/cmuir/P1Import-apps/P1-import-Subsystem/node_modules/jest-circus/build/jestAdapterInit.js:1009:40)
    at processTicksAndRejections (node:internal/process/task_queues:105:5)
    at _runTest (/Users/cmuir/P1Import-apps/P1-import-Subsystem/node_modules/jest-circus/build/jestAdapterInit.js:949:3)
    at _runTestsForDescribeBlock (/Users/cmuir/P1Import-apps/P1-import-Subsystem/node_modules/jest-circus/build/jestAdapterInit.js:839:13)
    at _runTestsForDescribeBlock (/Users/cmuir/P1Import-apps/P1-import-Subsystem/node_modules/jest-circus/build/jestAdapterInit.js:829:11)
    at _runTestsForDescribeBlock (/Users/cmuir/P1Import-apps/P1-import-Subsystem/node_modules/jest-circus/build/jestAdapterInit.js:829:11)
    at run (/Users/cmuir/P1Import-apps/P1-import-Subsystem/node_modules/jest-circus/build/jestAdapterInit.js:757:3)
    at runAndTransformResultsToJestFormat (/Users/cmuir/P1Import-apps/P1-import-Subsystem/node_modules/jest-circus/build/jestAdapterInit.js:1920:21)
    at jestAdapter (/Users/cmuir/P1Import-apps/P1-import-Subsystem/node_modules/jest-circus/build/runner.js:101:19)
    at runTestInternal (/Users/cmuir/P1Import-apps/P1-import-Subsystem/node_modules/jest-runner/build/testWorker.js:275:16)
    at runTest (/Users/cmuir/P1Import-apps/P1-import-Subsystem/node_modules/jest-runner/build/testWorker.js:343:7)
    at Object.worker (/Users/cmuir/P1Import-apps/P1-import-Subsystem/node_modules/jest-runner/build/testWorker.js:497:12)</failure>
    </testcase>
    <testcase classname="🔄 UI to API Integration Tests › 📊 Real-time Progress UI Updates" name="should update progress UI from API responses" time="2.539">
    </testcase>
    <testcase classname="🔄 UI to API Integration Tests › 📊 Real-time Progress UI Updates" name="should handle API errors in progress UI" time="0.004">
    </testcase>
    <testcase classname="🔄 UI to API Integration Tests › 🔍 API Health Check UI Integration" name="should display API health status in UI" time="0.005">
    </testcase>
    <testcase classname="🔄 UI to API Integration Tests › 📋 Complete End-to-End Workflow" name="should complete full import workflow from UI to API" time="3.018">
      <failure>Error: expect(received).toContain(expected) // indexOf

Expected substring: &quot;completed&quot;
Received string:    &quot;Waiting...&quot;
    at Object.&lt;anonymous&gt; (/Users/cmuir/P1Import-apps/P1-import-Subsystem/test/integration/ui-to-api.test.mjs:868:77)</failure>
    </testcase>
  </testsuite>
  <testsuite name="test/unit/logger.test.mjs" errors="0" failures="6" skipped="0" timestamp="2025-08-20T11:47:22" time="0.303" tests="9">
    <testcase classname="Logger › initialization" name="should initialize with default values" time="0.002">
    </testcase>
    <testcase classname="Logger › initialization" name="should create a winston logger instance" time="0">
    </testcase>
    <testcase classname="Logger › log methods" name="should log info messages" time="0.014">
      <failure>Error: expect(jest.fn()).toHaveBeenCalledWith(...expected)

Expected: &quot;Test info message&quot;, undefined
Received: &quot;Logger initialized successfully&quot;

Number of calls: 1
    at Object.&lt;anonymous&gt; (/Users/cmuir/P1Import-apps/P1-import-Subsystem/test/unit/logger.test.mjs:97:38)
    at Promise.finally.completed (/Users/cmuir/P1Import-apps/P1-import-Subsystem/node_modules/jest-circus/build/jestAdapterInit.js:1559:28)
    at new Promise (&lt;anonymous&gt;)
    at callAsyncCircusFn (/Users/cmuir/P1Import-apps/P1-import-Subsystem/node_modules/jest-circus/build/jestAdapterInit.js:1499:10)
    at _callCircusTest (/Users/cmuir/P1Import-apps/P1-import-Subsystem/node_modules/jest-circus/build/jestAdapterInit.js:1009:40)
    at processTicksAndRejections (node:internal/process/task_queues:105:5)
    at _runTest (/Users/cmuir/P1Import-apps/P1-import-Subsystem/node_modules/jest-circus/build/jestAdapterInit.js:949:3)
    at _runTestsForDescribeBlock (/Users/cmuir/P1Import-apps/P1-import-Subsystem/node_modules/jest-circus/build/jestAdapterInit.js:839:13)
    at _runTestsForDescribeBlock (/Users/cmuir/P1Import-apps/P1-import-Subsystem/node_modules/jest-circus/build/jestAdapterInit.js:829:11)
    at _runTestsForDescribeBlock (/Users/cmuir/P1Import-apps/P1-import-Subsystem/node_modules/jest-circus/build/jestAdapterInit.js:829:11)
    at run (/Users/cmuir/P1Import-apps/P1-import-Subsystem/node_modules/jest-circus/build/jestAdapterInit.js:757:3)
    at runAndTransformResultsToJestFormat (/Users/cmuir/P1Import-apps/P1-import-Subsystem/node_modules/jest-circus/build/jestAdapterInit.js:1920:21)
    at jestAdapter (/Users/cmuir/P1Import-apps/P1-import-Subsystem/node_modules/jest-circus/build/runner.js:101:19)
    at runTestInternal (/Users/cmuir/P1Import-apps/P1-import-Subsystem/node_modules/jest-runner/build/testWorker.js:275:16)
    at runTest (/Users/cmuir/P1Import-apps/P1-import-Subsystem/node_modules/jest-runner/build/testWorker.js:343:7)
    at Object.worker (/Users/cmuir/P1Import-apps/P1-import-Subsystem/node_modules/jest-runner/build/testWorker.js:497:12)</failure>
    </testcase>
    <testcase classname="Logger › log methods" name="should log error messages" time="0.001">
      <failure>TypeError: ui.showStatusBar is not a function
    at Logger.error (/Users/cmuir/P1Import-apps/P1-import-Subsystem/src/client/utils/logger.js:233:20)
    at Object.&lt;anonymous&gt; (/Users/cmuir/P1Import-apps/P1-import-Subsystem/test/unit/logger.test.mjs:103:14)
    at Promise.finally.completed (/Users/cmuir/P1Import-apps/P1-import-Subsystem/node_modules/jest-circus/build/jestAdapterInit.js:1559:28)
    at new Promise (&lt;anonymous&gt;)
    at callAsyncCircusFn (/Users/cmuir/P1Import-apps/P1-import-Subsystem/node_modules/jest-circus/build/jestAdapterInit.js:1499:10)
    at _callCircusTest (/Users/cmuir/P1Import-apps/P1-import-Subsystem/node_modules/jest-circus/build/jestAdapterInit.js:1009:40)
    at processTicksAndRejections (node:internal/process/task_queues:105:5)
    at _runTest (/Users/cmuir/P1Import-apps/P1-import-Subsystem/node_modules/jest-circus/build/jestAdapterInit.js:949:3)
    at _runTestsForDescribeBlock (/Users/cmuir/P1Import-apps/P1-import-Subsystem/node_modules/jest-circus/build/jestAdapterInit.js:839:13)
    at _runTestsForDescribeBlock (/Users/cmuir/P1Import-apps/P1-import-Subsystem/node_modules/jest-circus/build/jestAdapterInit.js:829:11)
    at _runTestsForDescribeBlock (/Users/cmuir/P1Import-apps/P1-import-Subsystem/node_modules/jest-circus/build/jestAdapterInit.js:829:11)
    at run (/Users/cmuir/P1Import-apps/P1-import-Subsystem/node_modules/jest-circus/build/jestAdapterInit.js:757:3)
    at runAndTransformResultsToJestFormat (/Users/cmuir/P1Import-apps/P1-import-Subsystem/node_modules/jest-circus/build/jestAdapterInit.js:1920:21)
    at jestAdapter (/Users/cmuir/P1Import-apps/P1-import-Subsystem/node_modules/jest-circus/build/runner.js:101:19)
    at runTestInternal (/Users/cmuir/P1Import-apps/P1-import-Subsystem/node_modules/jest-runner/build/testWorker.js:275:16)
    at runTest (/Users/cmuir/P1Import-apps/P1-import-Subsystem/node_modules/jest-runner/build/testWorker.js:343:7)
    at Object.worker (/Users/cmuir/P1Import-apps/P1-import-Subsystem/node_modules/jest-runner/build/testWorker.js:497:12)</failure>
    </testcase>
    <testcase classname="Logger › log methods" name="should log warning messages" time="0">
      <failure>Error: expect(jest.fn()).toHaveBeenCalledWith(...expected)

Expected: &quot;Test warning&quot;, undefined

Number of calls: 0
    at Object.&lt;anonymous&gt; (/Users/cmuir/P1Import-apps/P1-import-Subsystem/test/unit/logger.test.mjs:116:38)
    at Promise.finally.completed (/Users/cmuir/P1Import-apps/P1-import-Subsystem/node_modules/jest-circus/build/jestAdapterInit.js:1559:28)
    at new Promise (&lt;anonymous&gt;)
    at callAsyncCircusFn (/Users/cmuir/P1Import-apps/P1-import-Subsystem/node_modules/jest-circus/build/jestAdapterInit.js:1499:10)
    at _callCircusTest (/Users/cmuir/P1Import-apps/P1-import-Subsystem/node_modules/jest-circus/build/jestAdapterInit.js:1009:40)
    at processTicksAndRejections (node:internal/process/task_queues:105:5)
    at _runTest (/Users/cmuir/P1Import-apps/P1-import-Subsystem/node_modules/jest-circus/build/jestAdapterInit.js:949:3)
    at _runTestsForDescribeBlock (/Users/cmuir/P1Import-apps/P1-import-Subsystem/node_modules/jest-circus/build/jestAdapterInit.js:839:13)
    at _runTestsForDescribeBlock (/Users/cmuir/P1Import-apps/P1-import-Subsystem/node_modules/jest-circus/build/jestAdapterInit.js:829:11)
    at _runTestsForDescribeBlock (/Users/cmuir/P1Import-apps/P1-import-Subsystem/node_modules/jest-circus/build/jestAdapterInit.js:829:11)
    at run (/Users/cmuir/P1Import-apps/P1-import-Subsystem/node_modules/jest-circus/build/jestAdapterInit.js:757:3)
    at runAndTransformResultsToJestFormat (/Users/cmuir/P1Import-apps/P1-import-Subsystem/node_modules/jest-circus/build/jestAdapterInit.js:1920:21)
    at jestAdapter (/Users/cmuir/P1Import-apps/P1-import-Subsystem/node_modules/jest-circus/build/runner.js:101:19)
    at runTestInternal (/Users/cmuir/P1Import-apps/P1-import-Subsystem/node_modules/jest-runner/build/testWorker.js:275:16)
    at runTest (/Users/cmuir/P1Import-apps/P1-import-Subsystem/node_modules/jest-runner/build/testWorker.js:343:7)
    at Object.worker (/Users/cmuir/P1Import-apps/P1-import-Subsystem/node_modules/jest-runner/build/testWorker.js:497:12)</failure>
    </testcase>
    <testcase classname="Logger › log methods" name="should log debug messages in development" time="0">
      <failure>Error: expect(jest.fn()).toHaveBeenCalledWith(...expected)

Expected: &quot;Debug message&quot;, undefined

Number of calls: 0
    at Object.&lt;anonymous&gt; (/Users/cmuir/P1Import-apps/P1-import-Subsystem/test/unit/logger.test.mjs:127:39)
    at Promise.finally.completed (/Users/cmuir/P1Import-apps/P1-import-Subsystem/node_modules/jest-circus/build/jestAdapterInit.js:1559:28)
    at new Promise (&lt;anonymous&gt;)
    at callAsyncCircusFn (/Users/cmuir/P1Import-apps/P1-import-Subsystem/node_modules/jest-circus/build/jestAdapterInit.js:1499:10)
    at _callCircusTest (/Users/cmuir/P1Import-apps/P1-import-Subsystem/node_modules/jest-circus/build/jestAdapterInit.js:1009:40)
    at processTicksAndRejections (node:internal/process/task_queues:105:5)
    at _runTest (/Users/cmuir/P1Import-apps/P1-import-Subsystem/node_modules/jest-circus/build/jestAdapterInit.js:949:3)
    at _runTestsForDescribeBlock (/Users/cmuir/P1Import-apps/P1-import-Subsystem/node_modules/jest-circus/build/jestAdapterInit.js:839:13)
    at _runTestsForDescribeBlock (/Users/cmuir/P1Import-apps/P1-import-Subsystem/node_modules/jest-circus/build/jestAdapterInit.js:829:11)
    at _runTestsForDescribeBlock (/Users/cmuir/P1Import-apps/P1-import-Subsystem/node_modules/jest-circus/build/jestAdapterInit.js:829:11)
    at run (/Users/cmuir/P1Import-apps/P1-import-Subsystem/node_modules/jest-circus/build/jestAdapterInit.js:757:3)
    at runAndTransformResultsToJestFormat (/Users/cmuir/P1Import-apps/P1-import-Subsystem/node_modules/jest-circus/build/jestAdapterInit.js:1920:21)
    at jestAdapter (/Users/cmuir/P1Import-apps/P1-import-Subsystem/node_modules/jest-circus/build/runner.js:101:19)
    at runTestInternal (/Users/cmuir/P1Import-apps/P1-import-Subsystem/node_modules/jest-runner/build/testWorker.js:275:16)
    at runTest (/Users/cmuir/P1Import-apps/P1-import-Subsystem/node_modules/jest-runner/build/testWorker.js:343:7)
    at Object.worker (/Users/cmuir/P1Import-apps/P1-import-Subsystem/node_modules/jest-runner/build/testWorker.js:497:12)</failure>
    </testcase>
    <testcase classname="Logger › log counting" name="should count valid logs" time="0">
      <failure>Error: expect(received).toBe(expected) // Object.is equality

Expected: 2
Received: 0
    at Object.&lt;anonymous&gt; (/Users/cmuir/P1Import-apps/P1-import-Subsystem/test/unit/logger.test.mjs:139:33)
    at Promise.finally.completed (/Users/cmuir/P1Import-apps/P1-import-Subsystem/node_modules/jest-circus/build/jestAdapterInit.js:1559:28)
    at new Promise (&lt;anonymous&gt;)
    at callAsyncCircusFn (/Users/cmuir/P1Import-apps/P1-import-Subsystem/node_modules/jest-circus/build/jestAdapterInit.js:1499:10)
    at _callCircusTest (/Users/cmuir/P1Import-apps/P1-import-Subsystem/node_modules/jest-circus/build/jestAdapterInit.js:1009:40)
    at processTicksAndRejections (node:internal/process/task_queues:105:5)
    at _runTest (/Users/cmuir/P1Import-apps/P1-import-Subsystem/node_modules/jest-circus/build/jestAdapterInit.js:949:3)
    at _runTestsForDescribeBlock (/Users/cmuir/P1Import-apps/P1-import-Subsystem/node_modules/jest-circus/build/jestAdapterInit.js:839:13)
    at _runTestsForDescribeBlock (/Users/cmuir/P1Import-apps/P1-import-Subsystem/node_modules/jest-circus/build/jestAdapterInit.js:829:11)
    at _runTestsForDescribeBlock (/Users/cmuir/P1Import-apps/P1-import-Subsystem/node_modules/jest-circus/build/jestAdapterInit.js:829:11)
    at run (/Users/cmuir/P1Import-apps/P1-import-Subsystem/node_modules/jest-circus/build/jestAdapterInit.js:757:3)
    at runAndTransformResultsToJestFormat (/Users/cmuir/P1Import-apps/P1-import-Subsystem/node_modules/jest-circus/build/jestAdapterInit.js:1920:21)
    at jestAdapter (/Users/cmuir/P1Import-apps/P1-import-Subsystem/node_modules/jest-circus/build/runner.js:101:19)
    at runTestInternal (/Users/cmuir/P1Import-apps/P1-import-Subsystem/node_modules/jest-runner/build/testWorker.js:275:16)
    at runTest (/Users/cmuir/P1Import-apps/P1-import-Subsystem/node_modules/jest-runner/build/testWorker.js:343:7)
    at Object.worker (/Users/cmuir/P1Import-apps/P1-import-Subsystem/node_modules/jest-runner/build/testWorker.js:497:12)</failure>
    </testcase>
    <testcase classname="Logger › log counting" name="should count error logs" time="0">
      <failure>TypeError: ui.showStatusBar is not a function
    at Logger.error (/Users/cmuir/P1Import-apps/P1-import-Subsystem/src/client/utils/logger.js:233:20)
    at Object.&lt;anonymous&gt; (/Users/cmuir/P1Import-apps/P1-import-Subsystem/test/unit/logger.test.mjs:144:14)
    at Promise.finally.completed (/Users/cmuir/P1Import-apps/P1-import-Subsystem/node_modules/jest-circus/build/jestAdapterInit.js:1559:28)
    at new Promise (&lt;anonymous&gt;)
    at callAsyncCircusFn (/Users/cmuir/P1Import-apps/P1-import-Subsystem/node_modules/jest-circus/build/jestAdapterInit.js:1499:10)
    at _callCircusTest (/Users/cmuir/P1Import-apps/P1-import-Subsystem/node_modules/jest-circus/build/jestAdapterInit.js:1009:40)
    at processTicksAndRejections (node:internal/process/task_queues:105:5)
    at _runTest (/Users/cmuir/P1Import-apps/P1-import-Subsystem/node_modules/jest-circus/build/jestAdapterInit.js:949:3)
    at _runTestsForDescribeBlock (/Users/cmuir/P1Import-apps/P1-import-Subsystem/node_modules/jest-circus/build/jestAdapterInit.js:839:13)
    at _runTestsForDescribeBlock (/Users/cmuir/P1Import-apps/P1-import-Subsystem/node_modules/jest-circus/build/jestAdapterInit.js:829:11)
    at _runTestsForDescribeBlock (/Users/cmuir/P1Import-apps/P1-import-Subsystem/node_modules/jest-circus/build/jestAdapterInit.js:829:11)
    at run (/Users/cmuir/P1Import-apps/P1-import-Subsystem/node_modules/jest-circus/build/jestAdapterInit.js:757:3)
    at runAndTransformResultsToJestFormat (/Users/cmuir/P1Import-apps/P1-import-Subsystem/node_modules/jest-circus/build/jestAdapterInit.js:1920:21)
    at jestAdapter (/Users/cmuir/P1Import-apps/P1-import-Subsystem/node_modules/jest-circus/build/runner.js:101:19)
    at runTestInternal (/Users/cmuir/P1Import-apps/P1-import-Subsystem/node_modules/jest-runner/build/testWorker.js:275:16)
    at runTest (/Users/cmuir/P1Import-apps/P1-import-Subsystem/node_modules/jest-runner/build/testWorker.js:343:7)
    at Object.worker (/Users/cmuir/P1Import-apps/P1-import-Subsystem/node_modules/jest-runner/build/testWorker.js:497:12)</failure>
    </testcase>
    <testcase classname="Logger › log clearing" name="should clear logs" time="0.001">
    </testcase>
  </testsuite>
  <testsuite name="test/integration/pingone-api.test.js" errors="0" failures="3" skipped="0" timestamp="2025-08-20T11:47:24" time="0.099" tests="3">
    <testcase classname="PingOne API Integration Tests › User Management" name="should create a new user" time="0">
      <failure>FetchError: request to https://auth.northamerica.pingone.com//as/token failed, reason: getaddrinfo ENOTFOUND auth.northamerica.pingone.com
    at ClientRequest.&lt;anonymous&gt; (/Users/cmuir/P1Import-apps/P1-import-Subsystem/node_modules/node-fetch/lib/index.js:1501:11)
    at ClientRequest.emit (node:events:518:28)
    at emitErrorEvent (node:_http_client:104:11)
    at TLSSocket.socketErrorListener (node:_http_client:518:5)
    at TLSSocket.emit (node:events:518:28)
    at emitErrorNT (node:internal/streams/destroy:170:8)
    at emitErrorCloseNT (node:internal/streams/destroy:129:3)
    at processTicksAndRejections (node:internal/process/task_queues:90:21)</failure>
    </testcase>
    <testcase classname="PingOne API Integration Tests › User Management" name="should get the created user" time="0">
      <failure>FetchError: request to https://auth.northamerica.pingone.com//as/token failed, reason: getaddrinfo ENOTFOUND auth.northamerica.pingone.com
    at ClientRequest.&lt;anonymous&gt; (/Users/cmuir/P1Import-apps/P1-import-Subsystem/node_modules/node-fetch/lib/index.js:1501:11)
    at ClientRequest.emit (node:events:518:28)
    at emitErrorEvent (node:_http_client:104:11)
    at TLSSocket.socketErrorListener (node:_http_client:518:5)
    at TLSSocket.emit (node:events:518:28)
    at emitErrorNT (node:internal/streams/destroy:170:8)
    at emitErrorCloseNT (node:internal/streams/destroy:129:3)
    at processTicksAndRejections (node:internal/process/task_queues:90:21)</failure>
    </testcase>
    <testcase classname="PingOne API Integration Tests › User Import" name="should import users with correct content type" time="0">
      <failure>FetchError: request to https://auth.northamerica.pingone.com//as/token failed, reason: getaddrinfo ENOTFOUND auth.northamerica.pingone.com
    at ClientRequest.&lt;anonymous&gt; (/Users/cmuir/P1Import-apps/P1-import-Subsystem/node_modules/node-fetch/lib/index.js:1501:11)
    at ClientRequest.emit (node:events:518:28)
    at emitErrorEvent (node:_http_client:104:11)
    at TLSSocket.socketErrorListener (node:_http_client:518:5)
    at TLSSocket.emit (node:events:518:28)
    at emitErrorNT (node:internal/streams/destroy:170:8)
    at emitErrorCloseNT (node:internal/streams/destroy:129:3)
    at processTicksAndRejections (node:internal/process/task_queues:90:21)</failure>
    </testcase>
  </testsuite>
  <testsuite name="test/api/token-endpoint.test.mjs" errors="0" failures="4" skipped="0" timestamp="2025-08-20T11:47:24" time="0.145" tests="5">
    <testcase classname="PingOne Token Endpoint Tests › Token Endpoint Configuration" name="should use auth.pingone.com for token requests" time="0.019">
      <failure>Error: expect(received).toContain(expected) // indexOf

Expected value: 403
Received array: [200, 500]
    at Object.&lt;anonymous&gt; (/Users/cmuir/P1Import-apps/P1-import-Subsystem/test/api/token-endpoint.test.mjs:58:32)
    at processTicksAndRejections (node:internal/process/task_queues:105:5)</failure>
    </testcase>
    <testcase classname="PingOne Token Endpoint Tests › Token Endpoint Configuration" name="should not use api.pingone.com for token requests" time="0.003">
    </testcase>
    <testcase classname="PingOne Token Endpoint Tests › Token Endpoint Configuration" name="should handle token endpoint errors correctly" time="0.002">
      <failure>Error: expect(received).toContain(expected) // indexOf

Expected value: 403
Received array: [400, 401, 500]
    at Object.&lt;anonymous&gt; (/Users/cmuir/P1Import-apps/P1-import-Subsystem/test/api/token-endpoint.test.mjs:124:37)
    at processTicksAndRejections (node:internal/process/task_queues:105:5)</failure>
    </testcase>
    <testcase classname="PingOne Token Endpoint Tests › Token Endpoint Configuration" name="should return 404 for direct /token endpoint access" time="0.003">
      <failure>Error: expect(received).toContain(expected) // indexOf

Expected value: 400
Received array: [404, 405]
    at Object.&lt;anonymous&gt; (/Users/cmuir/P1Import-apps/P1-import-Subsystem/test/api/token-endpoint.test.mjs:135:32)
    at processTicksAndRejections (node:internal/process/task_queues:105:5)</failure>
    </testcase>
    <testcase classname="PingOne Token Endpoint Tests › Token Manager Configuration" name="should handle token manager operations" time="0.002">
      <failure>Error: expect(received).toContain(expected) // indexOf

Expected value: 403
Received array: [200, 401, 404, 500]
    at Object.&lt;anonymous&gt; (/Users/cmuir/P1Import-apps/P1-import-Subsystem/test/api/token-endpoint.test.mjs:150:42)
    at processTicksAndRejections (node:internal/process/task_queues:105:5)</failure>
    </testcase>
  </testsuite>
  <testsuite name="test/integration/setup-verification.test.js" errors="0" failures="8" skipped="0" timestamp="2025-08-20T11:47:23" time="0.211" tests="12">
    <testcase classname="Setup Verification Tests › Environment Configuration" name="should have valid test environment configuration" time="0.001">
    </testcase>
    <testcase classname="Setup Verification Tests › Environment Configuration" name="should not be running in production" time="0.001">
    </testcase>
    <testcase classname="Setup Verification Tests › Environment Configuration" name="should have valid PingOne region" time="0.001">
    </testcase>
    <testcase classname="Setup Verification Tests › API Server Connectivity" name="should be able to connect to API server" time="0.03">
      <failure>AxiosError: Network Error
    at XMLHttpRequest.handleError (/Users/cmuir/P1Import-apps/P1-import-Subsystem/node_modules/axios/lib/adapters/xhr.js:110:14)
    at XMLHttpRequest.invokeTheCallbackFunction (/Users/cmuir/P1Import-apps/P1-import-Subsystem/node_modules/jsdom/lib/jsdom/living/generated/EventHandlerNonNull.js:14:28)
    at XMLHttpRequest.&lt;anonymous&gt; (/Users/cmuir/P1Import-apps/P1-import-Subsystem/node_modules/jsdom/lib/jsdom/living/helpers/create-event-accessor.js:35:32)
    at innerInvokeEventListeners (/Users/cmuir/P1Import-apps/P1-import-Subsystem/node_modules/jsdom/lib/jsdom/living/events/EventTarget-impl.js:350:25)
    at invokeEventListeners (/Users/cmuir/P1Import-apps/P1-import-Subsystem/node_modules/jsdom/lib/jsdom/living/events/EventTarget-impl.js:286:3)
    at XMLHttpRequestImpl._dispatch (/Users/cmuir/P1Import-apps/P1-import-Subsystem/node_modules/jsdom/lib/jsdom/living/events/EventTarget-impl.js:233:9)
    at fireAnEvent (/Users/cmuir/P1Import-apps/P1-import-Subsystem/node_modules/jsdom/lib/jsdom/living/helpers/events.js:18:36)
    at requestErrorSteps (/Users/cmuir/P1Import-apps/P1-import-Subsystem/node_modules/jsdom/lib/jsdom/living/xhr/xhr-utils.js:130:3)
    at dispatchError (/Users/cmuir/P1Import-apps/P1-import-Subsystem/node_modules/jsdom/lib/jsdom/living/xhr/xhr-utils.js:59:3)
    at validCORSHeaders (/Users/cmuir/P1Import-apps/P1-import-Subsystem/node_modules/jsdom/lib/jsdom/living/xhr/xhr-utils.js:74:5)
    at validCORSPreflightHeaders (/Users/cmuir/P1Import-apps/P1-import-Subsystem/node_modules/jsdom/lib/jsdom/living/xhr/xhr-utils.js:88:8)
    at Request.&lt;anonymous&gt; (/Users/cmuir/P1Import-apps/P1-import-Subsystem/node_modules/jsdom/lib/jsdom/living/xhr/xhr-utils.js:353:12)
    at Request.emit (node:events:518:28)
    at Request._processResponse (/Users/cmuir/P1Import-apps/P1-import-Subsystem/node_modules/jsdom/lib/jsdom/living/helpers/http-request.js:240:12)
    at ClientRequest.&lt;anonymous&gt; (/Users/cmuir/P1Import-apps/P1-import-Subsystem/node_modules/jsdom/lib/jsdom/living/helpers/http-request.js:107:12)
    at Object.onceWrapper (node:events:633:26)
    at ClientRequest.emit (node:events:518:28)
    at HTTPParser.parserOnIncomingClient (node:_http_client:716:27)
    at HTTPParser.parserOnHeadersComplete (node:_http_common:117:17)
    at Socket.socketOnData (node:_http_client:558:22)
    at Socket.emit (node:events:518:28)
    at addChunk (node:internal/streams/readable:561:12)
    at readableAddChunkPushByteMode (node:internal/streams/readable:512:3)
    at Socket.Readable.push (node:internal/streams/readable:392:5)
    at TCP.onStreamRead (node:internal/stream_base_commons:189:23)
    at Axios.request (/Users/cmuir/P1Import-apps/P1-import-Subsystem/node_modules/axios/lib/core/Axios.js:45:41)
    at processTicksAndRejections (node:internal/process/task_queues:105:5)
    at Object.&lt;anonymous&gt; (/Users/cmuir/P1Import-apps/P1-import-Subsystem/test/integration/setup-verification.test.js:75:26)</failure>
    </testcase>
    <testcase classname="Setup Verification Tests › API Server Connectivity" name="should get valid health response structure" time="0.007">
      <failure>AxiosError: Network Error
    at XMLHttpRequest.handleError (/Users/cmuir/P1Import-apps/P1-import-Subsystem/node_modules/axios/lib/adapters/xhr.js:110:14)
    at XMLHttpRequest.invokeTheCallbackFunction (/Users/cmuir/P1Import-apps/P1-import-Subsystem/node_modules/jsdom/lib/jsdom/living/generated/EventHandlerNonNull.js:14:28)
    at XMLHttpRequest.&lt;anonymous&gt; (/Users/cmuir/P1Import-apps/P1-import-Subsystem/node_modules/jsdom/lib/jsdom/living/helpers/create-event-accessor.js:35:32)
    at innerInvokeEventListeners (/Users/cmuir/P1Import-apps/P1-import-Subsystem/node_modules/jsdom/lib/jsdom/living/events/EventTarget-impl.js:350:25)
    at invokeEventListeners (/Users/cmuir/P1Import-apps/P1-import-Subsystem/node_modules/jsdom/lib/jsdom/living/events/EventTarget-impl.js:286:3)
    at XMLHttpRequestImpl._dispatch (/Users/cmuir/P1Import-apps/P1-import-Subsystem/node_modules/jsdom/lib/jsdom/living/events/EventTarget-impl.js:233:9)
    at fireAnEvent (/Users/cmuir/P1Import-apps/P1-import-Subsystem/node_modules/jsdom/lib/jsdom/living/helpers/events.js:18:36)
    at requestErrorSteps (/Users/cmuir/P1Import-apps/P1-import-Subsystem/node_modules/jsdom/lib/jsdom/living/xhr/xhr-utils.js:130:3)
    at dispatchError (/Users/cmuir/P1Import-apps/P1-import-Subsystem/node_modules/jsdom/lib/jsdom/living/xhr/xhr-utils.js:59:3)
    at validCORSHeaders (/Users/cmuir/P1Import-apps/P1-import-Subsystem/node_modules/jsdom/lib/jsdom/living/xhr/xhr-utils.js:74:5)
    at validCORSPreflightHeaders (/Users/cmuir/P1Import-apps/P1-import-Subsystem/node_modules/jsdom/lib/jsdom/living/xhr/xhr-utils.js:88:8)
    at Request.&lt;anonymous&gt; (/Users/cmuir/P1Import-apps/P1-import-Subsystem/node_modules/jsdom/lib/jsdom/living/xhr/xhr-utils.js:353:12)
    at Request.emit (node:events:518:28)
    at Request._processResponse (/Users/cmuir/P1Import-apps/P1-import-Subsystem/node_modules/jsdom/lib/jsdom/living/helpers/http-request.js:240:12)
    at ClientRequest.&lt;anonymous&gt; (/Users/cmuir/P1Import-apps/P1-import-Subsystem/node_modules/jsdom/lib/jsdom/living/helpers/http-request.js:107:12)
    at Object.onceWrapper (node:events:633:26)
    at ClientRequest.emit (node:events:518:28)
    at HTTPParser.parserOnIncomingClient (node:_http_client:716:27)
    at HTTPParser.parserOnHeadersComplete (node:_http_common:117:17)
    at Socket.socketOnData (node:_http_client:558:22)
    at Socket.emit (node:events:518:28)
    at addChunk (node:internal/streams/readable:561:12)
    at readableAddChunkPushByteMode (node:internal/streams/readable:512:3)
    at Socket.Readable.push (node:internal/streams/readable:392:5)
    at TCP.onStreamRead (node:internal/stream_base_commons:189:23)
    at Axios.request (/Users/cmuir/P1Import-apps/P1-import-Subsystem/node_modules/axios/lib/core/Axios.js:45:41)
    at processTicksAndRejections (node:internal/process/task_queues:105:5)
    at Object.&lt;anonymous&gt; (/Users/cmuir/P1Import-apps/P1-import-Subsystem/test/integration/setup-verification.test.js:87:24)</failure>
    </testcase>
    <testcase classname="Setup Verification Tests › PingOne API Connectivity" name="should be able to authenticate with PingOne API" time="0.007">
      <failure>AxiosError: Network Error
    at XMLHttpRequest.handleError (/Users/cmuir/P1Import-apps/P1-import-Subsystem/node_modules/axios/lib/adapters/xhr.js:110:14)
    at XMLHttpRequest.invokeTheCallbackFunction (/Users/cmuir/P1Import-apps/P1-import-Subsystem/node_modules/jsdom/lib/jsdom/living/generated/EventHandlerNonNull.js:14:28)
    at XMLHttpRequest.&lt;anonymous&gt; (/Users/cmuir/P1Import-apps/P1-import-Subsystem/node_modules/jsdom/lib/jsdom/living/helpers/create-event-accessor.js:35:32)
    at innerInvokeEventListeners (/Users/cmuir/P1Import-apps/P1-import-Subsystem/node_modules/jsdom/lib/jsdom/living/events/EventTarget-impl.js:350:25)
    at invokeEventListeners (/Users/cmuir/P1Import-apps/P1-import-Subsystem/node_modules/jsdom/lib/jsdom/living/events/EventTarget-impl.js:286:3)
    at XMLHttpRequestImpl._dispatch (/Users/cmuir/P1Import-apps/P1-import-Subsystem/node_modules/jsdom/lib/jsdom/living/events/EventTarget-impl.js:233:9)
    at fireAnEvent (/Users/cmuir/P1Import-apps/P1-import-Subsystem/node_modules/jsdom/lib/jsdom/living/helpers/events.js:18:36)
    at requestErrorSteps (/Users/cmuir/P1Import-apps/P1-import-Subsystem/node_modules/jsdom/lib/jsdom/living/xhr/xhr-utils.js:130:3)
    at dispatchError (/Users/cmuir/P1Import-apps/P1-import-Subsystem/node_modules/jsdom/lib/jsdom/living/xhr/xhr-utils.js:59:3)
    at validCORSHeaders (/Users/cmuir/P1Import-apps/P1-import-Subsystem/node_modules/jsdom/lib/jsdom/living/xhr/xhr-utils.js:74:5)
    at validCORSPreflightHeaders (/Users/cmuir/P1Import-apps/P1-import-Subsystem/node_modules/jsdom/lib/jsdom/living/xhr/xhr-utils.js:88:8)
    at Request.&lt;anonymous&gt; (/Users/cmuir/P1Import-apps/P1-import-Subsystem/node_modules/jsdom/lib/jsdom/living/xhr/xhr-utils.js:353:12)
    at Request.emit (node:events:518:28)
    at Request._processResponse (/Users/cmuir/P1Import-apps/P1-import-Subsystem/node_modules/jsdom/lib/jsdom/living/helpers/http-request.js:240:12)
    at ClientRequest.&lt;anonymous&gt; (/Users/cmuir/P1Import-apps/P1-import-Subsystem/node_modules/jsdom/lib/jsdom/living/helpers/http-request.js:107:12)
    at Object.onceWrapper (node:events:633:26)
    at ClientRequest.emit (node:events:518:28)
    at HTTPParser.parserOnIncomingClient (node:_http_client:716:27)
    at HTTPParser.parserOnHeadersComplete (node:_http_common:117:17)
    at Socket.socketOnData (node:_http_client:558:22)
    at Socket.emit (node:events:518:28)
    at addChunk (node:internal/streams/readable:561:12)
    at readableAddChunkPushByteMode (node:internal/streams/readable:512:3)
    at Socket.Readable.push (node:internal/streams/readable:392:5)
    at TCP.onStreamRead (node:internal/stream_base_commons:189:23)
    at Axios.request (/Users/cmuir/P1Import-apps/P1-import-Subsystem/node_modules/axios/lib/core/Axios.js:45:41)
    at processTicksAndRejections (node:internal/process/task_queues:105:5)
    at Object.&lt;anonymous&gt; (/Users/cmuir/P1Import-apps/P1-import-Subsystem/test/integration/setup-verification.test.js:109:26)</failure>
    </testcase>
    <testcase classname="Setup Verification Tests › PingOne API Connectivity" name="should have access to test environment" time="0.006">
      <failure>AxiosError: Network Error
    at XMLHttpRequest.handleError (/Users/cmuir/P1Import-apps/P1-import-Subsystem/node_modules/axios/lib/adapters/xhr.js:110:14)
    at XMLHttpRequest.invokeTheCallbackFunction (/Users/cmuir/P1Import-apps/P1-import-Subsystem/node_modules/jsdom/lib/jsdom/living/generated/EventHandlerNonNull.js:14:28)
    at XMLHttpRequest.&lt;anonymous&gt; (/Users/cmuir/P1Import-apps/P1-import-Subsystem/node_modules/jsdom/lib/jsdom/living/helpers/create-event-accessor.js:35:32)
    at innerInvokeEventListeners (/Users/cmuir/P1Import-apps/P1-import-Subsystem/node_modules/jsdom/lib/jsdom/living/events/EventTarget-impl.js:350:25)
    at invokeEventListeners (/Users/cmuir/P1Import-apps/P1-import-Subsystem/node_modules/jsdom/lib/jsdom/living/events/EventTarget-impl.js:286:3)
    at XMLHttpRequestImpl._dispatch (/Users/cmuir/P1Import-apps/P1-import-Subsystem/node_modules/jsdom/lib/jsdom/living/events/EventTarget-impl.js:233:9)
    at fireAnEvent (/Users/cmuir/P1Import-apps/P1-import-Subsystem/node_modules/jsdom/lib/jsdom/living/helpers/events.js:18:36)
    at requestErrorSteps (/Users/cmuir/P1Import-apps/P1-import-Subsystem/node_modules/jsdom/lib/jsdom/living/xhr/xhr-utils.js:130:3)
    at dispatchError (/Users/cmuir/P1Import-apps/P1-import-Subsystem/node_modules/jsdom/lib/jsdom/living/xhr/xhr-utils.js:59:3)
    at validCORSHeaders (/Users/cmuir/P1Import-apps/P1-import-Subsystem/node_modules/jsdom/lib/jsdom/living/xhr/xhr-utils.js:74:5)
    at validCORSPreflightHeaders (/Users/cmuir/P1Import-apps/P1-import-Subsystem/node_modules/jsdom/lib/jsdom/living/xhr/xhr-utils.js:88:8)
    at Request.&lt;anonymous&gt; (/Users/cmuir/P1Import-apps/P1-import-Subsystem/node_modules/jsdom/lib/jsdom/living/xhr/xhr-utils.js:353:12)
    at Request.emit (node:events:518:28)
    at Request._processResponse (/Users/cmuir/P1Import-apps/P1-import-Subsystem/node_modules/jsdom/lib/jsdom/living/helpers/http-request.js:240:12)
    at ClientRequest.&lt;anonymous&gt; (/Users/cmuir/P1Import-apps/P1-import-Subsystem/node_modules/jsdom/lib/jsdom/living/helpers/http-request.js:107:12)
    at Object.onceWrapper (node:events:633:26)
    at ClientRequest.emit (node:events:518:28)
    at HTTPParser.parserOnIncomingClient (node:_http_client:716:27)
    at HTTPParser.parserOnHeadersComplete (node:_http_common:117:17)
    at Socket.socketOnData (node:_http_client:558:22)
    at Socket.emit (node:events:518:28)
    at addChunk (node:internal/streams/readable:561:12)
    at readableAddChunkPushByteMode (node:internal/streams/readable:512:3)
    at Socket.Readable.push (node:internal/streams/readable:392:5)
    at TCP.onStreamRead (node:internal/stream_base_commons:189:23)
    at Axios.request (/Users/cmuir/P1Import-apps/P1-import-Subsystem/node_modules/axios/lib/core/Axios.js:45:41)
    at processTicksAndRejections (node:internal/process/task_queues:105:5)
    at Object.&lt;anonymous&gt; (/Users/cmuir/P1Import-apps/P1-import-Subsystem/test/integration/setup-verification.test.js:123:26)</failure>
    </testcase>
    <testcase classname="Setup Verification Tests › Basic API Endpoints" name="should be able to retrieve settings" time="0.003">
      <failure>AxiosError: Network Error
    at XMLHttpRequest.handleError (/Users/cmuir/P1Import-apps/P1-import-Subsystem/node_modules/axios/lib/adapters/xhr.js:110:14)
    at XMLHttpRequest.invokeTheCallbackFunction (/Users/cmuir/P1Import-apps/P1-import-Subsystem/node_modules/jsdom/lib/jsdom/living/generated/EventHandlerNonNull.js:14:28)
    at XMLHttpRequest.&lt;anonymous&gt; (/Users/cmuir/P1Import-apps/P1-import-Subsystem/node_modules/jsdom/lib/jsdom/living/helpers/create-event-accessor.js:35:32)
    at innerInvokeEventListeners (/Users/cmuir/P1Import-apps/P1-import-Subsystem/node_modules/jsdom/lib/jsdom/living/events/EventTarget-impl.js:350:25)
    at invokeEventListeners (/Users/cmuir/P1Import-apps/P1-import-Subsystem/node_modules/jsdom/lib/jsdom/living/events/EventTarget-impl.js:286:3)
    at XMLHttpRequestImpl._dispatch (/Users/cmuir/P1Import-apps/P1-import-Subsystem/node_modules/jsdom/lib/jsdom/living/events/EventTarget-impl.js:233:9)
    at fireAnEvent (/Users/cmuir/P1Import-apps/P1-import-Subsystem/node_modules/jsdom/lib/jsdom/living/helpers/events.js:18:36)
    at requestErrorSteps (/Users/cmuir/P1Import-apps/P1-import-Subsystem/node_modules/jsdom/lib/jsdom/living/xhr/xhr-utils.js:130:3)
    at dispatchError (/Users/cmuir/P1Import-apps/P1-import-Subsystem/node_modules/jsdom/lib/jsdom/living/xhr/xhr-utils.js:59:3)
    at validCORSHeaders (/Users/cmuir/P1Import-apps/P1-import-Subsystem/node_modules/jsdom/lib/jsdom/living/xhr/xhr-utils.js:74:5)
    at validCORSPreflightHeaders (/Users/cmuir/P1Import-apps/P1-import-Subsystem/node_modules/jsdom/lib/jsdom/living/xhr/xhr-utils.js:88:8)
    at Request.&lt;anonymous&gt; (/Users/cmuir/P1Import-apps/P1-import-Subsystem/node_modules/jsdom/lib/jsdom/living/xhr/xhr-utils.js:353:12)
    at Request.emit (node:events:518:28)
    at Request._processResponse (/Users/cmuir/P1Import-apps/P1-import-Subsystem/node_modules/jsdom/lib/jsdom/living/helpers/http-request.js:240:12)
    at ClientRequest.&lt;anonymous&gt; (/Users/cmuir/P1Import-apps/P1-import-Subsystem/node_modules/jsdom/lib/jsdom/living/helpers/http-request.js:107:12)
    at Object.onceWrapper (node:events:633:26)
    at ClientRequest.emit (node:events:518:28)
    at HTTPParser.parserOnIncomingClient (node:_http_client:716:27)
    at HTTPParser.parserOnHeadersComplete (node:_http_common:117:17)
    at Socket.socketOnData (node:_http_client:558:22)
    at Socket.emit (node:events:518:28)
    at addChunk (node:internal/streams/readable:561:12)
    at readableAddChunkPushByteMode (node:internal/streams/readable:512:3)
    at Socket.Readable.push (node:internal/streams/readable:392:5)
    at TCP.onStreamRead (node:internal/stream_base_commons:189:23)
    at Axios.request (/Users/cmuir/P1Import-apps/P1-import-Subsystem/node_modules/axios/lib/core/Axios.js:45:41)
    at processTicksAndRejections (node:internal/process/task_queues:105:5)
    at Object.&lt;anonymous&gt; (/Users/cmuir/P1Import-apps/P1-import-Subsystem/test/integration/setup-verification.test.js:138:24)</failure>
    </testcase>
    <testcase classname="Setup Verification Tests › Basic API Endpoints" name="should be able to retrieve feature flags" time="0.003">
      <failure>AxiosError: Network Error
    at XMLHttpRequest.handleError (/Users/cmuir/P1Import-apps/P1-import-Subsystem/node_modules/axios/lib/adapters/xhr.js:110:14)
    at XMLHttpRequest.invokeTheCallbackFunction (/Users/cmuir/P1Import-apps/P1-import-Subsystem/node_modules/jsdom/lib/jsdom/living/generated/EventHandlerNonNull.js:14:28)
    at XMLHttpRequest.&lt;anonymous&gt; (/Users/cmuir/P1Import-apps/P1-import-Subsystem/node_modules/jsdom/lib/jsdom/living/helpers/create-event-accessor.js:35:32)
    at innerInvokeEventListeners (/Users/cmuir/P1Import-apps/P1-import-Subsystem/node_modules/jsdom/lib/jsdom/living/events/EventTarget-impl.js:350:25)
    at invokeEventListeners (/Users/cmuir/P1Import-apps/P1-import-Subsystem/node_modules/jsdom/lib/jsdom/living/events/EventTarget-impl.js:286:3)
    at XMLHttpRequestImpl._dispatch (/Users/cmuir/P1Import-apps/P1-import-Subsystem/node_modules/jsdom/lib/jsdom/living/events/EventTarget-impl.js:233:9)
    at fireAnEvent (/Users/cmuir/P1Import-apps/P1-import-Subsystem/node_modules/jsdom/lib/jsdom/living/helpers/events.js:18:36)
    at requestErrorSteps (/Users/cmuir/P1Import-apps/P1-import-Subsystem/node_modules/jsdom/lib/jsdom/living/xhr/xhr-utils.js:130:3)
    at dispatchError (/Users/cmuir/P1Import-apps/P1-import-Subsystem/node_modules/jsdom/lib/jsdom/living/xhr/xhr-utils.js:59:3)
    at validCORSHeaders (/Users/cmuir/P1Import-apps/P1-import-Subsystem/node_modules/jsdom/lib/jsdom/living/xhr/xhr-utils.js:74:5)
    at validCORSPreflightHeaders (/Users/cmuir/P1Import-apps/P1-import-Subsystem/node_modules/jsdom/lib/jsdom/living/xhr/xhr-utils.js:88:8)
    at Request.&lt;anonymous&gt; (/Users/cmuir/P1Import-apps/P1-import-Subsystem/node_modules/jsdom/lib/jsdom/living/xhr/xhr-utils.js:353:12)
    at Request.emit (node:events:518:28)
    at Request._processResponse (/Users/cmuir/P1Import-apps/P1-import-Subsystem/node_modules/jsdom/lib/jsdom/living/helpers/http-request.js:240:12)
    at ClientRequest.&lt;anonymous&gt; (/Users/cmuir/P1Import-apps/P1-import-Subsystem/node_modules/jsdom/lib/jsdom/living/helpers/http-request.js:107:12)
    at Object.onceWrapper (node:events:633:26)
    at ClientRequest.emit (node:events:518:28)
    at HTTPParser.parserOnIncomingClient (node:_http_client:716:27)
    at HTTPParser.parserOnHeadersComplete (node:_http_common:117:17)
    at Socket.socketOnData (node:_http_client:558:22)
    at Socket.emit (node:events:518:28)
    at addChunk (node:internal/streams/readable:561:12)
    at readableAddChunkPushByteMode (node:internal/streams/readable:512:3)
    at Socket.Readable.push (node:internal/streams/readable:392:5)
    at TCP.onStreamRead (node:internal/stream_base_commons:189:23)
    at Axios.request (/Users/cmuir/P1Import-apps/P1-import-Subsystem/node_modules/axios/lib/core/Axios.js:45:41)
    at processTicksAndRejections (node:internal/process/task_queues:105:5)
    at Object.&lt;anonymous&gt; (/Users/cmuir/P1Import-apps/P1-import-Subsystem/test/integration/setup-verification.test.js:146:24)</failure>
    </testcase>
    <testcase classname="Setup Verification Tests › Basic API Endpoints" name="should be able to retrieve logs" time="0.003">
      <failure>AxiosError: Network Error
    at XMLHttpRequest.handleError (/Users/cmuir/P1Import-apps/P1-import-Subsystem/node_modules/axios/lib/adapters/xhr.js:110:14)
    at XMLHttpRequest.invokeTheCallbackFunction (/Users/cmuir/P1Import-apps/P1-import-Subsystem/node_modules/jsdom/lib/jsdom/living/generated/EventHandlerNonNull.js:14:28)
    at XMLHttpRequest.&lt;anonymous&gt; (/Users/cmuir/P1Import-apps/P1-import-Subsystem/node_modules/jsdom/lib/jsdom/living/helpers/create-event-accessor.js:35:32)
    at innerInvokeEventListeners (/Users/cmuir/P1Import-apps/P1-import-Subsystem/node_modules/jsdom/lib/jsdom/living/events/EventTarget-impl.js:350:25)
    at invokeEventListeners (/Users/cmuir/P1Import-apps/P1-import-Subsystem/node_modules/jsdom/lib/jsdom/living/events/EventTarget-impl.js:286:3)
    at XMLHttpRequestImpl._dispatch (/Users/cmuir/P1Import-apps/P1-import-Subsystem/node_modules/jsdom/lib/jsdom/living/events/EventTarget-impl.js:233:9)
    at fireAnEvent (/Users/cmuir/P1Import-apps/P1-import-Subsystem/node_modules/jsdom/lib/jsdom/living/helpers/events.js:18:36)
    at requestErrorSteps (/Users/cmuir/P1Import-apps/P1-import-Subsystem/node_modules/jsdom/lib/jsdom/living/xhr/xhr-utils.js:130:3)
    at dispatchError (/Users/cmuir/P1Import-apps/P1-import-Subsystem/node_modules/jsdom/lib/jsdom/living/xhr/xhr-utils.js:59:3)
    at validCORSHeaders (/Users/cmuir/P1Import-apps/P1-import-Subsystem/node_modules/jsdom/lib/jsdom/living/xhr/xhr-utils.js:74:5)
    at validCORSPreflightHeaders (/Users/cmuir/P1Import-apps/P1-import-Subsystem/node_modules/jsdom/lib/jsdom/living/xhr/xhr-utils.js:88:8)
    at Request.&lt;anonymous&gt; (/Users/cmuir/P1Import-apps/P1-import-Subsystem/node_modules/jsdom/lib/jsdom/living/xhr/xhr-utils.js:353:12)
    at Request.emit (node:events:518:28)
    at Request._processResponse (/Users/cmuir/P1Import-apps/P1-import-Subsystem/node_modules/jsdom/lib/jsdom/living/helpers/http-request.js:240:12)
    at ClientRequest.&lt;anonymous&gt; (/Users/cmuir/P1Import-apps/P1-import-Subsystem/node_modules/jsdom/lib/jsdom/living/helpers/http-request.js:107:12)
    at Object.onceWrapper (node:events:633:26)
    at ClientRequest.emit (node:events:518:28)
    at HTTPParser.parserOnIncomingClient (node:_http_client:716:27)
    at HTTPParser.parserOnHeadersComplete (node:_http_common:117:17)
    at Socket.socketOnData (node:_http_client:558:22)
    at Socket.emit (node:events:518:28)
    at addChunk (node:internal/streams/readable:561:12)
    at readableAddChunkPushByteMode (node:internal/streams/readable:512:3)
    at Socket.Readable.push (node:internal/streams/readable:392:5)
    at TCP.onStreamRead (node:internal/stream_base_commons:189:23)
    at Axios.request (/Users/cmuir/P1Import-apps/P1-import-Subsystem/node_modules/axios/lib/core/Axios.js:45:41)
    at processTicksAndRejections (node:internal/process/task_queues:105:5)
    at Object.&lt;anonymous&gt; (/Users/cmuir/P1Import-apps/P1-import-Subsystem/test/integration/setup-verification.test.js:154:24)</failure>
    </testcase>
    <testcase classname="Setup Verification Tests › Test Data Preparation" name="should be able to create test population" time="0.006">
      <failure>AxiosError: Network Error
    at XMLHttpRequest.handleError (/Users/cmuir/P1Import-apps/P1-import-Subsystem/node_modules/axios/lib/adapters/xhr.js:110:14)
    at XMLHttpRequest.invokeTheCallbackFunction (/Users/cmuir/P1Import-apps/P1-import-Subsystem/node_modules/jsdom/lib/jsdom/living/generated/EventHandlerNonNull.js:14:28)
    at XMLHttpRequest.&lt;anonymous&gt; (/Users/cmuir/P1Import-apps/P1-import-Subsystem/node_modules/jsdom/lib/jsdom/living/helpers/create-event-accessor.js:35:32)
    at innerInvokeEventListeners (/Users/cmuir/P1Import-apps/P1-import-Subsystem/node_modules/jsdom/lib/jsdom/living/events/EventTarget-impl.js:350:25)
    at invokeEventListeners (/Users/cmuir/P1Import-apps/P1-import-Subsystem/node_modules/jsdom/lib/jsdom/living/events/EventTarget-impl.js:286:3)
    at XMLHttpRequestImpl._dispatch (/Users/cmuir/P1Import-apps/P1-import-Subsystem/node_modules/jsdom/lib/jsdom/living/events/EventTarget-impl.js:233:9)
    at fireAnEvent (/Users/cmuir/P1Import-apps/P1-import-Subsystem/node_modules/jsdom/lib/jsdom/living/helpers/events.js:18:36)
    at requestErrorSteps (/Users/cmuir/P1Import-apps/P1-import-Subsystem/node_modules/jsdom/lib/jsdom/living/xhr/xhr-utils.js:130:3)
    at dispatchError (/Users/cmuir/P1Import-apps/P1-import-Subsystem/node_modules/jsdom/lib/jsdom/living/xhr/xhr-utils.js:59:3)
    at validCORSHeaders (/Users/cmuir/P1Import-apps/P1-import-Subsystem/node_modules/jsdom/lib/jsdom/living/xhr/xhr-utils.js:74:5)
    at validCORSPreflightHeaders (/Users/cmuir/P1Import-apps/P1-import-Subsystem/node_modules/jsdom/lib/jsdom/living/xhr/xhr-utils.js:88:8)
    at Request.&lt;anonymous&gt; (/Users/cmuir/P1Import-apps/P1-import-Subsystem/node_modules/jsdom/lib/jsdom/living/xhr/xhr-utils.js:353:12)
    at Request.emit (node:events:518:28)
    at Request._processResponse (/Users/cmuir/P1Import-apps/P1-import-Subsystem/node_modules/jsdom/lib/jsdom/living/helpers/http-request.js:240:12)
    at ClientRequest.&lt;anonymous&gt; (/Users/cmuir/P1Import-apps/P1-import-Subsystem/node_modules/jsdom/lib/jsdom/living/helpers/http-request.js:107:12)
    at Object.onceWrapper (node:events:633:26)
    at ClientRequest.emit (node:events:518:28)
    at HTTPParser.parserOnIncomingClient (node:_http_client:716:27)
    at HTTPParser.parserOnHeadersComplete (node:_http_common:117:17)
    at Socket.socketOnData (node:_http_client:558:22)
    at Socket.emit (node:events:518:28)
    at addChunk (node:internal/streams/readable:561:12)
    at readableAddChunkPushByteMode (node:internal/streams/readable:512:3)
    at Socket.Readable.push (node:internal/streams/readable:392:5)
    at TCP.onStreamRead (node:internal/stream_base_commons:189:23)
    at Axios.request (/Users/cmuir/P1Import-apps/P1-import-Subsystem/node_modules/axios/lib/core/Axios.js:45:41)
    at processTicksAndRejections (node:internal/process/task_queues:105:5)
    at Object.&lt;anonymous&gt; (/Users/cmuir/P1Import-apps/P1-import-Subsystem/test/integration/setup-verification.test.js:167:32)</failure>
    </testcase>
    <testcase classname="Setup Verification Tests › Configuration Summary" name="should display configuration summary" time="0.005">
    </testcase>
  </testsuite>
  <testsuite name="tests/integration/real-api-integration.test.js" errors="0" failures="22" skipped="0" timestamp="2025-08-20T11:47:24" time="0.188" tests="22">
    <testcase classname="Real API Integration Tests › Health and Status Endpoints" name="should return server health status" time="0">
      <failure>Error: Test environment validation failed:
PINGONE_TEST_CLIENT_ID is required
PINGONE_TEST_CLIENT_SECRET is required
PINGONE_TEST_ENVIRONMENT_ID is required
    at validateTestEnvironment (/Users/cmuir/P1Import-apps/P1-import-Subsystem/tests/integration/real-api-integration.test.js:114:15)
    at Object.&lt;anonymous&gt; (/Users/cmuir/P1Import-apps/P1-import-Subsystem/tests/integration/real-api-integration.test.js:274:9)
    at Promise.finally.completed (/Users/cmuir/P1Import-apps/P1-import-Subsystem/node_modules/jest-circus/build/jestAdapterInit.js:1559:28)
    at new Promise (&lt;anonymous&gt;)
    at callAsyncCircusFn (/Users/cmuir/P1Import-apps/P1-import-Subsystem/node_modules/jest-circus/build/jestAdapterInit.js:1499:10)
    at _callCircusHook (/Users/cmuir/P1Import-apps/P1-import-Subsystem/node_modules/jest-circus/build/jestAdapterInit.js:978:40)
    at processTicksAndRejections (node:internal/process/task_queues:105:5)
    at _runTestsForDescribeBlock (/Users/cmuir/P1Import-apps/P1-import-Subsystem/node_modules/jest-circus/build/jestAdapterInit.js:775:7)
    at _runTestsForDescribeBlock (/Users/cmuir/P1Import-apps/P1-import-Subsystem/node_modules/jest-circus/build/jestAdapterInit.js:829:11)
    at run (/Users/cmuir/P1Import-apps/P1-import-Subsystem/node_modules/jest-circus/build/jestAdapterInit.js:757:3)
    at runAndTransformResultsToJestFormat (/Users/cmuir/P1Import-apps/P1-import-Subsystem/node_modules/jest-circus/build/jestAdapterInit.js:1920:21)
    at jestAdapter (/Users/cmuir/P1Import-apps/P1-import-Subsystem/node_modules/jest-circus/build/runner.js:101:19)
    at runTestInternal (/Users/cmuir/P1Import-apps/P1-import-Subsystem/node_modules/jest-runner/build/testWorker.js:275:16)
    at runTest (/Users/cmuir/P1Import-apps/P1-import-Subsystem/node_modules/jest-runner/build/testWorker.js:343:7)
    at Object.worker (/Users/cmuir/P1Import-apps/P1-import-Subsystem/node_modules/jest-runner/build/testWorker.js:497:12)</failure>
    </testcase>
    <testcase classname="Real API Integration Tests › Health and Status Endpoints" name="should return detailed system information" time="0">
      <failure>Error: Test environment validation failed:
PINGONE_TEST_CLIENT_ID is required
PINGONE_TEST_CLIENT_SECRET is required
PINGONE_TEST_ENVIRONMENT_ID is required
    at validateTestEnvironment (/Users/cmuir/P1Import-apps/P1-import-Subsystem/tests/integration/real-api-integration.test.js:114:15)
    at Object.&lt;anonymous&gt; (/Users/cmuir/P1Import-apps/P1-import-Subsystem/tests/integration/real-api-integration.test.js:274:9)
    at Promise.finally.completed (/Users/cmuir/P1Import-apps/P1-import-Subsystem/node_modules/jest-circus/build/jestAdapterInit.js:1559:28)
    at new Promise (&lt;anonymous&gt;)
    at callAsyncCircusFn (/Users/cmuir/P1Import-apps/P1-import-Subsystem/node_modules/jest-circus/build/jestAdapterInit.js:1499:10)
    at _callCircusHook (/Users/cmuir/P1Import-apps/P1-import-Subsystem/node_modules/jest-circus/build/jestAdapterInit.js:978:40)
    at processTicksAndRejections (node:internal/process/task_queues:105:5)
    at _runTestsForDescribeBlock (/Users/cmuir/P1Import-apps/P1-import-Subsystem/node_modules/jest-circus/build/jestAdapterInit.js:775:7)
    at _runTestsForDescribeBlock (/Users/cmuir/P1Import-apps/P1-import-Subsystem/node_modules/jest-circus/build/jestAdapterInit.js:829:11)
    at run (/Users/cmuir/P1Import-apps/P1-import-Subsystem/node_modules/jest-circus/build/jestAdapterInit.js:757:3)
    at runAndTransformResultsToJestFormat (/Users/cmuir/P1Import-apps/P1-import-Subsystem/node_modules/jest-circus/build/jestAdapterInit.js:1920:21)
    at jestAdapter (/Users/cmuir/P1Import-apps/P1-import-Subsystem/node_modules/jest-circus/build/runner.js:101:19)
    at runTestInternal (/Users/cmuir/P1Import-apps/P1-import-Subsystem/node_modules/jest-runner/build/testWorker.js:275:16)
    at runTest (/Users/cmuir/P1Import-apps/P1-import-Subsystem/node_modules/jest-runner/build/testWorker.js:343:7)
    at Object.worker (/Users/cmuir/P1Import-apps/P1-import-Subsystem/node_modules/jest-runner/build/testWorker.js:497:12)</failure>
    </testcase>
    <testcase classname="Real API Integration Tests › Settings Management" name="should retrieve current settings" time="0">
      <failure>Error: Test environment validation failed:
PINGONE_TEST_CLIENT_ID is required
PINGONE_TEST_CLIENT_SECRET is required
PINGONE_TEST_ENVIRONMENT_ID is required
    at validateTestEnvironment (/Users/cmuir/P1Import-apps/P1-import-Subsystem/tests/integration/real-api-integration.test.js:114:15)
    at Object.&lt;anonymous&gt; (/Users/cmuir/P1Import-apps/P1-import-Subsystem/tests/integration/real-api-integration.test.js:274:9)
    at Promise.finally.completed (/Users/cmuir/P1Import-apps/P1-import-Subsystem/node_modules/jest-circus/build/jestAdapterInit.js:1559:28)
    at new Promise (&lt;anonymous&gt;)
    at callAsyncCircusFn (/Users/cmuir/P1Import-apps/P1-import-Subsystem/node_modules/jest-circus/build/jestAdapterInit.js:1499:10)
    at _callCircusHook (/Users/cmuir/P1Import-apps/P1-import-Subsystem/node_modules/jest-circus/build/jestAdapterInit.js:978:40)
    at processTicksAndRejections (node:internal/process/task_queues:105:5)
    at _runTestsForDescribeBlock (/Users/cmuir/P1Import-apps/P1-import-Subsystem/node_modules/jest-circus/build/jestAdapterInit.js:775:7)
    at _runTestsForDescribeBlock (/Users/cmuir/P1Import-apps/P1-import-Subsystem/node_modules/jest-circus/build/jestAdapterInit.js:829:11)
    at run (/Users/cmuir/P1Import-apps/P1-import-Subsystem/node_modules/jest-circus/build/jestAdapterInit.js:757:3)
    at runAndTransformResultsToJestFormat (/Users/cmuir/P1Import-apps/P1-import-Subsystem/node_modules/jest-circus/build/jestAdapterInit.js:1920:21)
    at jestAdapter (/Users/cmuir/P1Import-apps/P1-import-Subsystem/node_modules/jest-circus/build/runner.js:101:19)
    at runTestInternal (/Users/cmuir/P1Import-apps/P1-import-Subsystem/node_modules/jest-runner/build/testWorker.js:275:16)
    at runTest (/Users/cmuir/P1Import-apps/P1-import-Subsystem/node_modules/jest-runner/build/testWorker.js:343:7)
    at Object.worker (/Users/cmuir/P1Import-apps/P1-import-Subsystem/node_modules/jest-runner/build/testWorker.js:497:12)</failure>
    </testcase>
    <testcase classname="Real API Integration Tests › Settings Management" name="should update settings successfully" time="0">
      <failure>Error: Test environment validation failed:
PINGONE_TEST_CLIENT_ID is required
PINGONE_TEST_CLIENT_SECRET is required
PINGONE_TEST_ENVIRONMENT_ID is required
    at validateTestEnvironment (/Users/cmuir/P1Import-apps/P1-import-Subsystem/tests/integration/real-api-integration.test.js:114:15)
    at Object.&lt;anonymous&gt; (/Users/cmuir/P1Import-apps/P1-import-Subsystem/tests/integration/real-api-integration.test.js:274:9)
    at Promise.finally.completed (/Users/cmuir/P1Import-apps/P1-import-Subsystem/node_modules/jest-circus/build/jestAdapterInit.js:1559:28)
    at new Promise (&lt;anonymous&gt;)
    at callAsyncCircusFn (/Users/cmuir/P1Import-apps/P1-import-Subsystem/node_modules/jest-circus/build/jestAdapterInit.js:1499:10)
    at _callCircusHook (/Users/cmuir/P1Import-apps/P1-import-Subsystem/node_modules/jest-circus/build/jestAdapterInit.js:978:40)
    at processTicksAndRejections (node:internal/process/task_queues:105:5)
    at _runTestsForDescribeBlock (/Users/cmuir/P1Import-apps/P1-import-Subsystem/node_modules/jest-circus/build/jestAdapterInit.js:775:7)
    at _runTestsForDescribeBlock (/Users/cmuir/P1Import-apps/P1-import-Subsystem/node_modules/jest-circus/build/jestAdapterInit.js:829:11)
    at run (/Users/cmuir/P1Import-apps/P1-import-Subsystem/node_modules/jest-circus/build/jestAdapterInit.js:757:3)
    at runAndTransformResultsToJestFormat (/Users/cmuir/P1Import-apps/P1-import-Subsystem/node_modules/jest-circus/build/jestAdapterInit.js:1920:21)
    at jestAdapter (/Users/cmuir/P1Import-apps/P1-import-Subsystem/node_modules/jest-circus/build/runner.js:101:19)
    at runTestInternal (/Users/cmuir/P1Import-apps/P1-import-Subsystem/node_modules/jest-runner/build/testWorker.js:275:16)
    at runTest (/Users/cmuir/P1Import-apps/P1-import-Subsystem/node_modules/jest-runner/build/testWorker.js:343:7)
    at Object.worker (/Users/cmuir/P1Import-apps/P1-import-Subsystem/node_modules/jest-runner/build/testWorker.js:497:12)</failure>
    </testcase>
    <testcase classname="Real API Integration Tests › Settings Management" name="should validate required fields" time="0">
      <failure>Error: Test environment validation failed:
PINGONE_TEST_CLIENT_ID is required
PINGONE_TEST_CLIENT_SECRET is required
PINGONE_TEST_ENVIRONMENT_ID is required
    at validateTestEnvironment (/Users/cmuir/P1Import-apps/P1-import-Subsystem/tests/integration/real-api-integration.test.js:114:15)
    at Object.&lt;anonymous&gt; (/Users/cmuir/P1Import-apps/P1-import-Subsystem/tests/integration/real-api-integration.test.js:274:9)
    at Promise.finally.completed (/Users/cmuir/P1Import-apps/P1-import-Subsystem/node_modules/jest-circus/build/jestAdapterInit.js:1559:28)
    at new Promise (&lt;anonymous&gt;)
    at callAsyncCircusFn (/Users/cmuir/P1Import-apps/P1-import-Subsystem/node_modules/jest-circus/build/jestAdapterInit.js:1499:10)
    at _callCircusHook (/Users/cmuir/P1Import-apps/P1-import-Subsystem/node_modules/jest-circus/build/jestAdapterInit.js:978:40)
    at processTicksAndRejections (node:internal/process/task_queues:105:5)
    at _runTestsForDescribeBlock (/Users/cmuir/P1Import-apps/P1-import-Subsystem/node_modules/jest-circus/build/jestAdapterInit.js:775:7)
    at _runTestsForDescribeBlock (/Users/cmuir/P1Import-apps/P1-import-Subsystem/node_modules/jest-circus/build/jestAdapterInit.js:829:11)
    at run (/Users/cmuir/P1Import-apps/P1-import-Subsystem/node_modules/jest-circus/build/jestAdapterInit.js:757:3)
    at runAndTransformResultsToJestFormat (/Users/cmuir/P1Import-apps/P1-import-Subsystem/node_modules/jest-circus/build/jestAdapterInit.js:1920:21)
    at jestAdapter (/Users/cmuir/P1Import-apps/P1-import-Subsystem/node_modules/jest-circus/build/runner.js:101:19)
    at runTestInternal (/Users/cmuir/P1Import-apps/P1-import-Subsystem/node_modules/jest-runner/build/testWorker.js:275:16)
    at runTest (/Users/cmuir/P1Import-apps/P1-import-Subsystem/node_modules/jest-runner/build/testWorker.js:343:7)
    at Object.worker (/Users/cmuir/P1Import-apps/P1-import-Subsystem/node_modules/jest-runner/build/testWorker.js:497:12)</failure>
    </testcase>
    <testcase classname="Real API Integration Tests › PingOne API Integration" name="should authenticate with PingOne API" time="0">
      <failure>Error: Test environment validation failed:
PINGONE_TEST_CLIENT_ID is required
PINGONE_TEST_CLIENT_SECRET is required
PINGONE_TEST_ENVIRONMENT_ID is required
    at validateTestEnvironment (/Users/cmuir/P1Import-apps/P1-import-Subsystem/tests/integration/real-api-integration.test.js:114:15)
    at Object.&lt;anonymous&gt; (/Users/cmuir/P1Import-apps/P1-import-Subsystem/tests/integration/real-api-integration.test.js:274:9)
    at Promise.finally.completed (/Users/cmuir/P1Import-apps/P1-import-Subsystem/node_modules/jest-circus/build/jestAdapterInit.js:1559:28)
    at new Promise (&lt;anonymous&gt;)
    at callAsyncCircusFn (/Users/cmuir/P1Import-apps/P1-import-Subsystem/node_modules/jest-circus/build/jestAdapterInit.js:1499:10)
    at _callCircusHook (/Users/cmuir/P1Import-apps/P1-import-Subsystem/node_modules/jest-circus/build/jestAdapterInit.js:978:40)
    at processTicksAndRejections (node:internal/process/task_queues:105:5)
    at _runTestsForDescribeBlock (/Users/cmuir/P1Import-apps/P1-import-Subsystem/node_modules/jest-circus/build/jestAdapterInit.js:775:7)
    at _runTestsForDescribeBlock (/Users/cmuir/P1Import-apps/P1-import-Subsystem/node_modules/jest-circus/build/jestAdapterInit.js:829:11)
    at run (/Users/cmuir/P1Import-apps/P1-import-Subsystem/node_modules/jest-circus/build/jestAdapterInit.js:757:3)
    at runAndTransformResultsToJestFormat (/Users/cmuir/P1Import-apps/P1-import-Subsystem/node_modules/jest-circus/build/jestAdapterInit.js:1920:21)
    at jestAdapter (/Users/cmuir/P1Import-apps/P1-import-Subsystem/node_modules/jest-circus/build/runner.js:101:19)
    at runTestInternal (/Users/cmuir/P1Import-apps/P1-import-Subsystem/node_modules/jest-runner/build/testWorker.js:275:16)
    at runTest (/Users/cmuir/P1Import-apps/P1-import-Subsystem/node_modules/jest-runner/build/testWorker.js:343:7)
    at Object.worker (/Users/cmuir/P1Import-apps/P1-import-Subsystem/node_modules/jest-runner/build/testWorker.js:497:12)</failure>
    </testcase>
    <testcase classname="Real API Integration Tests › PingOne API Integration" name="should create and delete test population" time="0">
      <failure>Error: Test environment validation failed:
PINGONE_TEST_CLIENT_ID is required
PINGONE_TEST_CLIENT_SECRET is required
PINGONE_TEST_ENVIRONMENT_ID is required
    at validateTestEnvironment (/Users/cmuir/P1Import-apps/P1-import-Subsystem/tests/integration/real-api-integration.test.js:114:15)
    at Object.&lt;anonymous&gt; (/Users/cmuir/P1Import-apps/P1-import-Subsystem/tests/integration/real-api-integration.test.js:274:9)
    at Promise.finally.completed (/Users/cmuir/P1Import-apps/P1-import-Subsystem/node_modules/jest-circus/build/jestAdapterInit.js:1559:28)
    at new Promise (&lt;anonymous&gt;)
    at callAsyncCircusFn (/Users/cmuir/P1Import-apps/P1-import-Subsystem/node_modules/jest-circus/build/jestAdapterInit.js:1499:10)
    at _callCircusHook (/Users/cmuir/P1Import-apps/P1-import-Subsystem/node_modules/jest-circus/build/jestAdapterInit.js:978:40)
    at processTicksAndRejections (node:internal/process/task_queues:105:5)
    at _runTestsForDescribeBlock (/Users/cmuir/P1Import-apps/P1-import-Subsystem/node_modules/jest-circus/build/jestAdapterInit.js:775:7)
    at _runTestsForDescribeBlock (/Users/cmuir/P1Import-apps/P1-import-Subsystem/node_modules/jest-circus/build/jestAdapterInit.js:829:11)
    at run (/Users/cmuir/P1Import-apps/P1-import-Subsystem/node_modules/jest-circus/build/jestAdapterInit.js:757:3)
    at runAndTransformResultsToJestFormat (/Users/cmuir/P1Import-apps/P1-import-Subsystem/node_modules/jest-circus/build/jestAdapterInit.js:1920:21)
    at jestAdapter (/Users/cmuir/P1Import-apps/P1-import-Subsystem/node_modules/jest-circus/build/runner.js:101:19)
    at runTestInternal (/Users/cmuir/P1Import-apps/P1-import-Subsystem/node_modules/jest-runner/build/testWorker.js:275:16)
    at runTest (/Users/cmuir/P1Import-apps/P1-import-Subsystem/node_modules/jest-runner/build/testWorker.js:343:7)
    at Object.worker (/Users/cmuir/P1Import-apps/P1-import-Subsystem/node_modules/jest-runner/build/testWorker.js:497:12)</failure>
    </testcase>
    <testcase classname="Real API Integration Tests › PingOne API Integration" name="should create and delete test users" time="0">
      <failure>Error: Test environment validation failed:
PINGONE_TEST_CLIENT_ID is required
PINGONE_TEST_CLIENT_SECRET is required
PINGONE_TEST_ENVIRONMENT_ID is required
    at validateTestEnvironment (/Users/cmuir/P1Import-apps/P1-import-Subsystem/tests/integration/real-api-integration.test.js:114:15)
    at Object.&lt;anonymous&gt; (/Users/cmuir/P1Import-apps/P1-import-Subsystem/tests/integration/real-api-integration.test.js:274:9)
    at Promise.finally.completed (/Users/cmuir/P1Import-apps/P1-import-Subsystem/node_modules/jest-circus/build/jestAdapterInit.js:1559:28)
    at new Promise (&lt;anonymous&gt;)
    at callAsyncCircusFn (/Users/cmuir/P1Import-apps/P1-import-Subsystem/node_modules/jest-circus/build/jestAdapterInit.js:1499:10)
    at _callCircusHook (/Users/cmuir/P1Import-apps/P1-import-Subsystem/node_modules/jest-circus/build/jestAdapterInit.js:978:40)
    at processTicksAndRejections (node:internal/process/task_queues:105:5)
    at _runTestsForDescribeBlock (/Users/cmuir/P1Import-apps/P1-import-Subsystem/node_modules/jest-circus/build/jestAdapterInit.js:775:7)
    at _runTestsForDescribeBlock (/Users/cmuir/P1Import-apps/P1-import-Subsystem/node_modules/jest-circus/build/jestAdapterInit.js:829:11)
    at run (/Users/cmuir/P1Import-apps/P1-import-Subsystem/node_modules/jest-circus/build/jestAdapterInit.js:757:3)
    at runAndTransformResultsToJestFormat (/Users/cmuir/P1Import-apps/P1-import-Subsystem/node_modules/jest-circus/build/jestAdapterInit.js:1920:21)
    at jestAdapter (/Users/cmuir/P1Import-apps/P1-import-Subsystem/node_modules/jest-circus/build/runner.js:101:19)
    at runTestInternal (/Users/cmuir/P1Import-apps/P1-import-Subsystem/node_modules/jest-runner/build/testWorker.js:275:16)
    at runTest (/Users/cmuir/P1Import-apps/P1-import-Subsystem/node_modules/jest-runner/build/testWorker.js:343:7)
    at Object.worker (/Users/cmuir/P1Import-apps/P1-import-Subsystem/node_modules/jest-runner/build/testWorker.js:497:12)</failure>
    </testcase>
    <testcase classname="Real API Integration Tests › User Import Operations" name="should import users from CSV file" time="0">
      <failure>Error: Test environment validation failed:
PINGONE_TEST_CLIENT_ID is required
PINGONE_TEST_CLIENT_SECRET is required
PINGONE_TEST_ENVIRONMENT_ID is required
    at validateTestEnvironment (/Users/cmuir/P1Import-apps/P1-import-Subsystem/tests/integration/real-api-integration.test.js:114:15)
    at Object.&lt;anonymous&gt; (/Users/cmuir/P1Import-apps/P1-import-Subsystem/tests/integration/real-api-integration.test.js:274:9)
    at Promise.finally.completed (/Users/cmuir/P1Import-apps/P1-import-Subsystem/node_modules/jest-circus/build/jestAdapterInit.js:1559:28)
    at new Promise (&lt;anonymous&gt;)
    at callAsyncCircusFn (/Users/cmuir/P1Import-apps/P1-import-Subsystem/node_modules/jest-circus/build/jestAdapterInit.js:1499:10)
    at _callCircusHook (/Users/cmuir/P1Import-apps/P1-import-Subsystem/node_modules/jest-circus/build/jestAdapterInit.js:978:40)
    at processTicksAndRejections (node:internal/process/task_queues:105:5)
    at _runTestsForDescribeBlock (/Users/cmuir/P1Import-apps/P1-import-Subsystem/node_modules/jest-circus/build/jestAdapterInit.js:775:7)
    at _runTestsForDescribeBlock (/Users/cmuir/P1Import-apps/P1-import-Subsystem/node_modules/jest-circus/build/jestAdapterInit.js:829:11)
    at run (/Users/cmuir/P1Import-apps/P1-import-Subsystem/node_modules/jest-circus/build/jestAdapterInit.js:757:3)
    at runAndTransformResultsToJestFormat (/Users/cmuir/P1Import-apps/P1-import-Subsystem/node_modules/jest-circus/build/jestAdapterInit.js:1920:21)
    at jestAdapter (/Users/cmuir/P1Import-apps/P1-import-Subsystem/node_modules/jest-circus/build/runner.js:101:19)
    at runTestInternal (/Users/cmuir/P1Import-apps/P1-import-Subsystem/node_modules/jest-runner/build/testWorker.js:275:16)
    at runTest (/Users/cmuir/P1Import-apps/P1-import-Subsystem/node_modules/jest-runner/build/testWorker.js:343:7)
    at Object.worker (/Users/cmuir/P1Import-apps/P1-import-Subsystem/node_modules/jest-runner/build/testWorker.js:497:12)</failure>
    </testcase>
    <testcase classname="Real API Integration Tests › User Import Operations" name="should handle import progress tracking" time="0">
      <failure>Error: Test environment validation failed:
PINGONE_TEST_CLIENT_ID is required
PINGONE_TEST_CLIENT_SECRET is required
PINGONE_TEST_ENVIRONMENT_ID is required
    at validateTestEnvironment (/Users/cmuir/P1Import-apps/P1-import-Subsystem/tests/integration/real-api-integration.test.js:114:15)
    at Object.&lt;anonymous&gt; (/Users/cmuir/P1Import-apps/P1-import-Subsystem/tests/integration/real-api-integration.test.js:274:9)
    at Promise.finally.completed (/Users/cmuir/P1Import-apps/P1-import-Subsystem/node_modules/jest-circus/build/jestAdapterInit.js:1559:28)
    at new Promise (&lt;anonymous&gt;)
    at callAsyncCircusFn (/Users/cmuir/P1Import-apps/P1-import-Subsystem/node_modules/jest-circus/build/jestAdapterInit.js:1499:10)
    at _callCircusHook (/Users/cmuir/P1Import-apps/P1-import-Subsystem/node_modules/jest-circus/build/jestAdapterInit.js:978:40)
    at processTicksAndRejections (node:internal/process/task_queues:105:5)
    at _runTestsForDescribeBlock (/Users/cmuir/P1Import-apps/P1-import-Subsystem/node_modules/jest-circus/build/jestAdapterInit.js:775:7)
    at _runTestsForDescribeBlock (/Users/cmuir/P1Import-apps/P1-import-Subsystem/node_modules/jest-circus/build/jestAdapterInit.js:829:11)
    at run (/Users/cmuir/P1Import-apps/P1-import-Subsystem/node_modules/jest-circus/build/jestAdapterInit.js:757:3)
    at runAndTransformResultsToJestFormat (/Users/cmuir/P1Import-apps/P1-import-Subsystem/node_modules/jest-circus/build/jestAdapterInit.js:1920:21)
    at jestAdapter (/Users/cmuir/P1Import-apps/P1-import-Subsystem/node_modules/jest-circus/build/runner.js:101:19)
    at runTestInternal (/Users/cmuir/P1Import-apps/P1-import-Subsystem/node_modules/jest-runner/build/testWorker.js:275:16)
    at runTest (/Users/cmuir/P1Import-apps/P1-import-Subsystem/node_modules/jest-runner/build/testWorker.js:343:7)
    at Object.worker (/Users/cmuir/P1Import-apps/P1-import-Subsystem/node_modules/jest-runner/build/testWorker.js:497:12)</failure>
    </testcase>
    <testcase classname="Real API Integration Tests › User Export Operations" name="should export users from population" time="0">
      <failure>Error: Test environment validation failed:
PINGONE_TEST_CLIENT_ID is required
PINGONE_TEST_CLIENT_SECRET is required
PINGONE_TEST_ENVIRONMENT_ID is required
    at validateTestEnvironment (/Users/cmuir/P1Import-apps/P1-import-Subsystem/tests/integration/real-api-integration.test.js:114:15)
    at Object.&lt;anonymous&gt; (/Users/cmuir/P1Import-apps/P1-import-Subsystem/tests/integration/real-api-integration.test.js:274:9)
    at Promise.finally.completed (/Users/cmuir/P1Import-apps/P1-import-Subsystem/node_modules/jest-circus/build/jestAdapterInit.js:1559:28)
    at new Promise (&lt;anonymous&gt;)
    at callAsyncCircusFn (/Users/cmuir/P1Import-apps/P1-import-Subsystem/node_modules/jest-circus/build/jestAdapterInit.js:1499:10)
    at _callCircusHook (/Users/cmuir/P1Import-apps/P1-import-Subsystem/node_modules/jest-circus/build/jestAdapterInit.js:978:40)
    at processTicksAndRejections (node:internal/process/task_queues:105:5)
    at _runTestsForDescribeBlock (/Users/cmuir/P1Import-apps/P1-import-Subsystem/node_modules/jest-circus/build/jestAdapterInit.js:775:7)
    at _runTestsForDescribeBlock (/Users/cmuir/P1Import-apps/P1-import-Subsystem/node_modules/jest-circus/build/jestAdapterInit.js:829:11)
    at run (/Users/cmuir/P1Import-apps/P1-import-Subsystem/node_modules/jest-circus/build/jestAdapterInit.js:757:3)
    at runAndTransformResultsToJestFormat (/Users/cmuir/P1Import-apps/P1-import-Subsystem/node_modules/jest-circus/build/jestAdapterInit.js:1920:21)
    at jestAdapter (/Users/cmuir/P1Import-apps/P1-import-Subsystem/node_modules/jest-circus/build/runner.js:101:19)
    at runTestInternal (/Users/cmuir/P1Import-apps/P1-import-Subsystem/node_modules/jest-runner/build/testWorker.js:275:16)
    at runTest (/Users/cmuir/P1Import-apps/P1-import-Subsystem/node_modules/jest-runner/build/testWorker.js:343:7)
    at Object.worker (/Users/cmuir/P1Import-apps/P1-import-Subsystem/node_modules/jest-runner/build/testWorker.js:497:12)</failure>
    </testcase>
    <testcase classname="Real API Integration Tests › User Export Operations" name="should export users in CSV format" time="0">
      <failure>Error: Test environment validation failed:
PINGONE_TEST_CLIENT_ID is required
PINGONE_TEST_CLIENT_SECRET is required
PINGONE_TEST_ENVIRONMENT_ID is required
    at validateTestEnvironment (/Users/cmuir/P1Import-apps/P1-import-Subsystem/tests/integration/real-api-integration.test.js:114:15)
    at Object.&lt;anonymous&gt; (/Users/cmuir/P1Import-apps/P1-import-Subsystem/tests/integration/real-api-integration.test.js:274:9)
    at Promise.finally.completed (/Users/cmuir/P1Import-apps/P1-import-Subsystem/node_modules/jest-circus/build/jestAdapterInit.js:1559:28)
    at new Promise (&lt;anonymous&gt;)
    at callAsyncCircusFn (/Users/cmuir/P1Import-apps/P1-import-Subsystem/node_modules/jest-circus/build/jestAdapterInit.js:1499:10)
    at _callCircusHook (/Users/cmuir/P1Import-apps/P1-import-Subsystem/node_modules/jest-circus/build/jestAdapterInit.js:978:40)
    at processTicksAndRejections (node:internal/process/task_queues:105:5)
    at _runTestsForDescribeBlock (/Users/cmuir/P1Import-apps/P1-import-Subsystem/node_modules/jest-circus/build/jestAdapterInit.js:775:7)
    at _runTestsForDescribeBlock (/Users/cmuir/P1Import-apps/P1-import-Subsystem/node_modules/jest-circus/build/jestAdapterInit.js:829:11)
    at run (/Users/cmuir/P1Import-apps/P1-import-Subsystem/node_modules/jest-circus/build/jestAdapterInit.js:757:3)
    at runAndTransformResultsToJestFormat (/Users/cmuir/P1Import-apps/P1-import-Subsystem/node_modules/jest-circus/build/jestAdapterInit.js:1920:21)
    at jestAdapter (/Users/cmuir/P1Import-apps/P1-import-Subsystem/node_modules/jest-circus/build/runner.js:101:19)
    at runTestInternal (/Users/cmuir/P1Import-apps/P1-import-Subsystem/node_modules/jest-runner/build/testWorker.js:275:16)
    at runTest (/Users/cmuir/P1Import-apps/P1-import-Subsystem/node_modules/jest-runner/build/testWorker.js:343:7)
    at Object.worker (/Users/cmuir/P1Import-apps/P1-import-Subsystem/node_modules/jest-runner/build/testWorker.js:497:12)</failure>
    </testcase>
    <testcase classname="Real API Integration Tests › Feature Flags" name="should retrieve feature flags" time="0">
      <failure>Error: Test environment validation failed:
PINGONE_TEST_CLIENT_ID is required
PINGONE_TEST_CLIENT_SECRET is required
PINGONE_TEST_ENVIRONMENT_ID is required
    at validateTestEnvironment (/Users/cmuir/P1Import-apps/P1-import-Subsystem/tests/integration/real-api-integration.test.js:114:15)
    at Object.&lt;anonymous&gt; (/Users/cmuir/P1Import-apps/P1-import-Subsystem/tests/integration/real-api-integration.test.js:274:9)
    at Promise.finally.completed (/Users/cmuir/P1Import-apps/P1-import-Subsystem/node_modules/jest-circus/build/jestAdapterInit.js:1559:28)
    at new Promise (&lt;anonymous&gt;)
    at callAsyncCircusFn (/Users/cmuir/P1Import-apps/P1-import-Subsystem/node_modules/jest-circus/build/jestAdapterInit.js:1499:10)
    at _callCircusHook (/Users/cmuir/P1Import-apps/P1-import-Subsystem/node_modules/jest-circus/build/jestAdapterInit.js:978:40)
    at processTicksAndRejections (node:internal/process/task_queues:105:5)
    at _runTestsForDescribeBlock (/Users/cmuir/P1Import-apps/P1-import-Subsystem/node_modules/jest-circus/build/jestAdapterInit.js:775:7)
    at _runTestsForDescribeBlock (/Users/cmuir/P1Import-apps/P1-import-Subsystem/node_modules/jest-circus/build/jestAdapterInit.js:829:11)
    at run (/Users/cmuir/P1Import-apps/P1-import-Subsystem/node_modules/jest-circus/build/jestAdapterInit.js:757:3)
    at runAndTransformResultsToJestFormat (/Users/cmuir/P1Import-apps/P1-import-Subsystem/node_modules/jest-circus/build/jestAdapterInit.js:1920:21)
    at jestAdapter (/Users/cmuir/P1Import-apps/P1-import-Subsystem/node_modules/jest-circus/build/runner.js:101:19)
    at runTestInternal (/Users/cmuir/P1Import-apps/P1-import-Subsystem/node_modules/jest-runner/build/testWorker.js:275:16)
    at runTest (/Users/cmuir/P1Import-apps/P1-import-Subsystem/node_modules/jest-runner/build/testWorker.js:343:7)
    at Object.worker (/Users/cmuir/P1Import-apps/P1-import-Subsystem/node_modules/jest-runner/build/testWorker.js:497:12)</failure>
    </testcase>
    <testcase classname="Real API Integration Tests › Feature Flags" name="should update feature flag" time="0">
      <failure>Error: Test environment validation failed:
PINGONE_TEST_CLIENT_ID is required
PINGONE_TEST_CLIENT_SECRET is required
PINGONE_TEST_ENVIRONMENT_ID is required
    at validateTestEnvironment (/Users/cmuir/P1Import-apps/P1-import-Subsystem/tests/integration/real-api-integration.test.js:114:15)
    at Object.&lt;anonymous&gt; (/Users/cmuir/P1Import-apps/P1-import-Subsystem/tests/integration/real-api-integration.test.js:274:9)
    at Promise.finally.completed (/Users/cmuir/P1Import-apps/P1-import-Subsystem/node_modules/jest-circus/build/jestAdapterInit.js:1559:28)
    at new Promise (&lt;anonymous&gt;)
    at callAsyncCircusFn (/Users/cmuir/P1Import-apps/P1-import-Subsystem/node_modules/jest-circus/build/jestAdapterInit.js:1499:10)
    at _callCircusHook (/Users/cmuir/P1Import-apps/P1-import-Subsystem/node_modules/jest-circus/build/jestAdapterInit.js:978:40)
    at processTicksAndRejections (node:internal/process/task_queues:105:5)
    at _runTestsForDescribeBlock (/Users/cmuir/P1Import-apps/P1-import-Subsystem/node_modules/jest-circus/build/jestAdapterInit.js:775:7)
    at _runTestsForDescribeBlock (/Users/cmuir/P1Import-apps/P1-import-Subsystem/node_modules/jest-circus/build/jestAdapterInit.js:829:11)
    at run (/Users/cmuir/P1Import-apps/P1-import-Subsystem/node_modules/jest-circus/build/jestAdapterInit.js:757:3)
    at runAndTransformResultsToJestFormat (/Users/cmuir/P1Import-apps/P1-import-Subsystem/node_modules/jest-circus/build/jestAdapterInit.js:1920:21)
    at jestAdapter (/Users/cmuir/P1Import-apps/P1-import-Subsystem/node_modules/jest-circus/build/runner.js:101:19)
    at runTestInternal (/Users/cmuir/P1Import-apps/P1-import-Subsystem/node_modules/jest-runner/build/testWorker.js:275:16)
    at runTest (/Users/cmuir/P1Import-apps/P1-import-Subsystem/node_modules/jest-runner/build/testWorker.js:343:7)
    at Object.worker (/Users/cmuir/P1Import-apps/P1-import-Subsystem/node_modules/jest-runner/build/testWorker.js:497:12)</failure>
    </testcase>
    <testcase classname="Real API Integration Tests › Feature Flags" name="should reset feature flags" time="0">
      <failure>Error: Test environment validation failed:
PINGONE_TEST_CLIENT_ID is required
PINGONE_TEST_CLIENT_SECRET is required
PINGONE_TEST_ENVIRONMENT_ID is required
    at validateTestEnvironment (/Users/cmuir/P1Import-apps/P1-import-Subsystem/tests/integration/real-api-integration.test.js:114:15)
    at Object.&lt;anonymous&gt; (/Users/cmuir/P1Import-apps/P1-import-Subsystem/tests/integration/real-api-integration.test.js:274:9)
    at Promise.finally.completed (/Users/cmuir/P1Import-apps/P1-import-Subsystem/node_modules/jest-circus/build/jestAdapterInit.js:1559:28)
    at new Promise (&lt;anonymous&gt;)
    at callAsyncCircusFn (/Users/cmuir/P1Import-apps/P1-import-Subsystem/node_modules/jest-circus/build/jestAdapterInit.js:1499:10)
    at _callCircusHook (/Users/cmuir/P1Import-apps/P1-import-Subsystem/node_modules/jest-circus/build/jestAdapterInit.js:978:40)
    at processTicksAndRejections (node:internal/process/task_queues:105:5)
    at _runTestsForDescribeBlock (/Users/cmuir/P1Import-apps/P1-import-Subsystem/node_modules/jest-circus/build/jestAdapterInit.js:775:7)
    at _runTestsForDescribeBlock (/Users/cmuir/P1Import-apps/P1-import-Subsystem/node_modules/jest-circus/build/jestAdapterInit.js:829:11)
    at run (/Users/cmuir/P1Import-apps/P1-import-Subsystem/node_modules/jest-circus/build/jestAdapterInit.js:757:3)
    at runAndTransformResultsToJestFormat (/Users/cmuir/P1Import-apps/P1-import-Subsystem/node_modules/jest-circus/build/jestAdapterInit.js:1920:21)
    at jestAdapter (/Users/cmuir/P1Import-apps/P1-import-Subsystem/node_modules/jest-circus/build/runner.js:101:19)
    at runTestInternal (/Users/cmuir/P1Import-apps/P1-import-Subsystem/node_modules/jest-runner/build/testWorker.js:275:16)
    at runTest (/Users/cmuir/P1Import-apps/P1-import-Subsystem/node_modules/jest-runner/build/testWorker.js:343:7)
    at Object.worker (/Users/cmuir/P1Import-apps/P1-import-Subsystem/node_modules/jest-runner/build/testWorker.js:497:12)</failure>
    </testcase>
    <testcase classname="Real API Integration Tests › Logging Endpoints" name="should retrieve application logs" time="0">
      <failure>Error: Test environment validation failed:
PINGONE_TEST_CLIENT_ID is required
PINGONE_TEST_CLIENT_SECRET is required
PINGONE_TEST_ENVIRONMENT_ID is required
    at validateTestEnvironment (/Users/cmuir/P1Import-apps/P1-import-Subsystem/tests/integration/real-api-integration.test.js:114:15)
    at Object.&lt;anonymous&gt; (/Users/cmuir/P1Import-apps/P1-import-Subsystem/tests/integration/real-api-integration.test.js:274:9)
    at Promise.finally.completed (/Users/cmuir/P1Import-apps/P1-import-Subsystem/node_modules/jest-circus/build/jestAdapterInit.js:1559:28)
    at new Promise (&lt;anonymous&gt;)
    at callAsyncCircusFn (/Users/cmuir/P1Import-apps/P1-import-Subsystem/node_modules/jest-circus/build/jestAdapterInit.js:1499:10)
    at _callCircusHook (/Users/cmuir/P1Import-apps/P1-import-Subsystem/node_modules/jest-circus/build/jestAdapterInit.js:978:40)
    at processTicksAndRejections (node:internal/process/task_queues:105:5)
    at _runTestsForDescribeBlock (/Users/cmuir/P1Import-apps/P1-import-Subsystem/node_modules/jest-circus/build/jestAdapterInit.js:775:7)
    at _runTestsForDescribeBlock (/Users/cmuir/P1Import-apps/P1-import-Subsystem/node_modules/jest-circus/build/jestAdapterInit.js:829:11)
    at run (/Users/cmuir/P1Import-apps/P1-import-Subsystem/node_modules/jest-circus/build/jestAdapterInit.js:757:3)
    at runAndTransformResultsToJestFormat (/Users/cmuir/P1Import-apps/P1-import-Subsystem/node_modules/jest-circus/build/jestAdapterInit.js:1920:21)
    at jestAdapter (/Users/cmuir/P1Import-apps/P1-import-Subsystem/node_modules/jest-circus/build/runner.js:101:19)
    at runTestInternal (/Users/cmuir/P1Import-apps/P1-import-Subsystem/node_modules/jest-runner/build/testWorker.js:275:16)
    at runTest (/Users/cmuir/P1Import-apps/P1-import-Subsystem/node_modules/jest-runner/build/testWorker.js:343:7)
    at Object.worker (/Users/cmuir/P1Import-apps/P1-import-Subsystem/node_modules/jest-runner/build/testWorker.js:497:12)</failure>
    </testcase>
    <testcase classname="Real API Integration Tests › Logging Endpoints" name="should create log entry" time="0">
      <failure>Error: Test environment validation failed:
PINGONE_TEST_CLIENT_ID is required
PINGONE_TEST_CLIENT_SECRET is required
PINGONE_TEST_ENVIRONMENT_ID is required
    at validateTestEnvironment (/Users/cmuir/P1Import-apps/P1-import-Subsystem/tests/integration/real-api-integration.test.js:114:15)
    at Object.&lt;anonymous&gt; (/Users/cmuir/P1Import-apps/P1-import-Subsystem/tests/integration/real-api-integration.test.js:274:9)
    at Promise.finally.completed (/Users/cmuir/P1Import-apps/P1-import-Subsystem/node_modules/jest-circus/build/jestAdapterInit.js:1559:28)
    at new Promise (&lt;anonymous&gt;)
    at callAsyncCircusFn (/Users/cmuir/P1Import-apps/P1-import-Subsystem/node_modules/jest-circus/build/jestAdapterInit.js:1499:10)
    at _callCircusHook (/Users/cmuir/P1Import-apps/P1-import-Subsystem/node_modules/jest-circus/build/jestAdapterInit.js:978:40)
    at processTicksAndRejections (node:internal/process/task_queues:105:5)
    at _runTestsForDescribeBlock (/Users/cmuir/P1Import-apps/P1-import-Subsystem/node_modules/jest-circus/build/jestAdapterInit.js:775:7)
    at _runTestsForDescribeBlock (/Users/cmuir/P1Import-apps/P1-import-Subsystem/node_modules/jest-circus/build/jestAdapterInit.js:829:11)
    at run (/Users/cmuir/P1Import-apps/P1-import-Subsystem/node_modules/jest-circus/build/jestAdapterInit.js:757:3)
    at runAndTransformResultsToJestFormat (/Users/cmuir/P1Import-apps/P1-import-Subsystem/node_modules/jest-circus/build/jestAdapterInit.js:1920:21)
    at jestAdapter (/Users/cmuir/P1Import-apps/P1-import-Subsystem/node_modules/jest-circus/build/runner.js:101:19)
    at runTestInternal (/Users/cmuir/P1Import-apps/P1-import-Subsystem/node_modules/jest-runner/build/testWorker.js:275:16)
    at runTest (/Users/cmuir/P1Import-apps/P1-import-Subsystem/node_modules/jest-runner/build/testWorker.js:343:7)
    at Object.worker (/Users/cmuir/P1Import-apps/P1-import-Subsystem/node_modules/jest-runner/build/testWorker.js:497:12)</failure>
    </testcase>
    <testcase classname="Real API Integration Tests › Error Handling" name="should handle invalid endpoints gracefully" time="0">
      <failure>Error: Test environment validation failed:
PINGONE_TEST_CLIENT_ID is required
PINGONE_TEST_CLIENT_SECRET is required
PINGONE_TEST_ENVIRONMENT_ID is required
    at validateTestEnvironment (/Users/cmuir/P1Import-apps/P1-import-Subsystem/tests/integration/real-api-integration.test.js:114:15)
    at Object.&lt;anonymous&gt; (/Users/cmuir/P1Import-apps/P1-import-Subsystem/tests/integration/real-api-integration.test.js:274:9)
    at Promise.finally.completed (/Users/cmuir/P1Import-apps/P1-import-Subsystem/node_modules/jest-circus/build/jestAdapterInit.js:1559:28)
    at new Promise (&lt;anonymous&gt;)
    at callAsyncCircusFn (/Users/cmuir/P1Import-apps/P1-import-Subsystem/node_modules/jest-circus/build/jestAdapterInit.js:1499:10)
    at _callCircusHook (/Users/cmuir/P1Import-apps/P1-import-Subsystem/node_modules/jest-circus/build/jestAdapterInit.js:978:40)
    at processTicksAndRejections (node:internal/process/task_queues:105:5)
    at _runTestsForDescribeBlock (/Users/cmuir/P1Import-apps/P1-import-Subsystem/node_modules/jest-circus/build/jestAdapterInit.js:775:7)
    at _runTestsForDescribeBlock (/Users/cmuir/P1Import-apps/P1-import-Subsystem/node_modules/jest-circus/build/jestAdapterInit.js:829:11)
    at run (/Users/cmuir/P1Import-apps/P1-import-Subsystem/node_modules/jest-circus/build/jestAdapterInit.js:757:3)
    at runAndTransformResultsToJestFormat (/Users/cmuir/P1Import-apps/P1-import-Subsystem/node_modules/jest-circus/build/jestAdapterInit.js:1920:21)
    at jestAdapter (/Users/cmuir/P1Import-apps/P1-import-Subsystem/node_modules/jest-circus/build/runner.js:101:19)
    at runTestInternal (/Users/cmuir/P1Import-apps/P1-import-Subsystem/node_modules/jest-runner/build/testWorker.js:275:16)
    at runTest (/Users/cmuir/P1Import-apps/P1-import-Subsystem/node_modules/jest-runner/build/testWorker.js:343:7)
    at Object.worker (/Users/cmuir/P1Import-apps/P1-import-Subsystem/node_modules/jest-runner/build/testWorker.js:497:12)</failure>
    </testcase>
    <testcase classname="Real API Integration Tests › Error Handling" name="should handle invalid request data" time="0">
      <failure>Error: Test environment validation failed:
PINGONE_TEST_CLIENT_ID is required
PINGONE_TEST_CLIENT_SECRET is required
PINGONE_TEST_ENVIRONMENT_ID is required
    at validateTestEnvironment (/Users/cmuir/P1Import-apps/P1-import-Subsystem/tests/integration/real-api-integration.test.js:114:15)
    at Object.&lt;anonymous&gt; (/Users/cmuir/P1Import-apps/P1-import-Subsystem/tests/integration/real-api-integration.test.js:274:9)
    at Promise.finally.completed (/Users/cmuir/P1Import-apps/P1-import-Subsystem/node_modules/jest-circus/build/jestAdapterInit.js:1559:28)
    at new Promise (&lt;anonymous&gt;)
    at callAsyncCircusFn (/Users/cmuir/P1Import-apps/P1-import-Subsystem/node_modules/jest-circus/build/jestAdapterInit.js:1499:10)
    at _callCircusHook (/Users/cmuir/P1Import-apps/P1-import-Subsystem/node_modules/jest-circus/build/jestAdapterInit.js:978:40)
    at processTicksAndRejections (node:internal/process/task_queues:105:5)
    at _runTestsForDescribeBlock (/Users/cmuir/P1Import-apps/P1-import-Subsystem/node_modules/jest-circus/build/jestAdapterInit.js:775:7)
    at _runTestsForDescribeBlock (/Users/cmuir/P1Import-apps/P1-import-Subsystem/node_modules/jest-circus/build/jestAdapterInit.js:829:11)
    at run (/Users/cmuir/P1Import-apps/P1-import-Subsystem/node_modules/jest-circus/build/jestAdapterInit.js:757:3)
    at runAndTransformResultsToJestFormat (/Users/cmuir/P1Import-apps/P1-import-Subsystem/node_modules/jest-circus/build/jestAdapterInit.js:1920:21)
    at jestAdapter (/Users/cmuir/P1Import-apps/P1-import-Subsystem/node_modules/jest-circus/build/runner.js:101:19)
    at runTestInternal (/Users/cmuir/P1Import-apps/P1-import-Subsystem/node_modules/jest-runner/build/testWorker.js:275:16)
    at runTest (/Users/cmuir/P1Import-apps/P1-import-Subsystem/node_modules/jest-runner/build/testWorker.js:343:7)
    at Object.worker (/Users/cmuir/P1Import-apps/P1-import-Subsystem/node_modules/jest-runner/build/testWorker.js:497:12)</failure>
    </testcase>
    <testcase classname="Real API Integration Tests › Error Handling" name="should handle authentication errors" time="0">
      <failure>Error: Test environment validation failed:
PINGONE_TEST_CLIENT_ID is required
PINGONE_TEST_CLIENT_SECRET is required
PINGONE_TEST_ENVIRONMENT_ID is required
    at validateTestEnvironment (/Users/cmuir/P1Import-apps/P1-import-Subsystem/tests/integration/real-api-integration.test.js:114:15)
    at Object.&lt;anonymous&gt; (/Users/cmuir/P1Import-apps/P1-import-Subsystem/tests/integration/real-api-integration.test.js:274:9)
    at Promise.finally.completed (/Users/cmuir/P1Import-apps/P1-import-Subsystem/node_modules/jest-circus/build/jestAdapterInit.js:1559:28)
    at new Promise (&lt;anonymous&gt;)
    at callAsyncCircusFn (/Users/cmuir/P1Import-apps/P1-import-Subsystem/node_modules/jest-circus/build/jestAdapterInit.js:1499:10)
    at _callCircusHook (/Users/cmuir/P1Import-apps/P1-import-Subsystem/node_modules/jest-circus/build/jestAdapterInit.js:978:40)
    at processTicksAndRejections (node:internal/process/task_queues:105:5)
    at _runTestsForDescribeBlock (/Users/cmuir/P1Import-apps/P1-import-Subsystem/node_modules/jest-circus/build/jestAdapterInit.js:775:7)
    at _runTestsForDescribeBlock (/Users/cmuir/P1Import-apps/P1-import-Subsystem/node_modules/jest-circus/build/jestAdapterInit.js:829:11)
    at run (/Users/cmuir/P1Import-apps/P1-import-Subsystem/node_modules/jest-circus/build/jestAdapterInit.js:757:3)
    at runAndTransformResultsToJestFormat (/Users/cmuir/P1Import-apps/P1-import-Subsystem/node_modules/jest-circus/build/jestAdapterInit.js:1920:21)
    at jestAdapter (/Users/cmuir/P1Import-apps/P1-import-Subsystem/node_modules/jest-circus/build/runner.js:101:19)
    at runTestInternal (/Users/cmuir/P1Import-apps/P1-import-Subsystem/node_modules/jest-runner/build/testWorker.js:275:16)
    at runTest (/Users/cmuir/P1Import-apps/P1-import-Subsystem/node_modules/jest-runner/build/testWorker.js:343:7)
    at Object.worker (/Users/cmuir/P1Import-apps/P1-import-Subsystem/node_modules/jest-runner/build/testWorker.js:497:12)</failure>
    </testcase>
    <testcase classname="Real API Integration Tests › Performance and Limits" name="should handle rate limiting" time="0">
      <failure>Error: Test environment validation failed:
PINGONE_TEST_CLIENT_ID is required
PINGONE_TEST_CLIENT_SECRET is required
PINGONE_TEST_ENVIRONMENT_ID is required
    at validateTestEnvironment (/Users/cmuir/P1Import-apps/P1-import-Subsystem/tests/integration/real-api-integration.test.js:114:15)
    at Object.&lt;anonymous&gt; (/Users/cmuir/P1Import-apps/P1-import-Subsystem/tests/integration/real-api-integration.test.js:274:9)
    at Promise.finally.completed (/Users/cmuir/P1Import-apps/P1-import-Subsystem/node_modules/jest-circus/build/jestAdapterInit.js:1559:28)
    at new Promise (&lt;anonymous&gt;)
    at callAsyncCircusFn (/Users/cmuir/P1Import-apps/P1-import-Subsystem/node_modules/jest-circus/build/jestAdapterInit.js:1499:10)
    at _callCircusHook (/Users/cmuir/P1Import-apps/P1-import-Subsystem/node_modules/jest-circus/build/jestAdapterInit.js:978:40)
    at processTicksAndRejections (node:internal/process/task_queues:105:5)
    at _runTestsForDescribeBlock (/Users/cmuir/P1Import-apps/P1-import-Subsystem/node_modules/jest-circus/build/jestAdapterInit.js:775:7)
    at _runTestsForDescribeBlock (/Users/cmuir/P1Import-apps/P1-import-Subsystem/node_modules/jest-circus/build/jestAdapterInit.js:829:11)
    at run (/Users/cmuir/P1Import-apps/P1-import-Subsystem/node_modules/jest-circus/build/jestAdapterInit.js:757:3)
    at runAndTransformResultsToJestFormat (/Users/cmuir/P1Import-apps/P1-import-Subsystem/node_modules/jest-circus/build/jestAdapterInit.js:1920:21)
    at jestAdapter (/Users/cmuir/P1Import-apps/P1-import-Subsystem/node_modules/jest-circus/build/runner.js:101:19)
    at runTestInternal (/Users/cmuir/P1Import-apps/P1-import-Subsystem/node_modules/jest-runner/build/testWorker.js:275:16)
    at runTest (/Users/cmuir/P1Import-apps/P1-import-Subsystem/node_modules/jest-runner/build/testWorker.js:343:7)
    at Object.worker (/Users/cmuir/P1Import-apps/P1-import-Subsystem/node_modules/jest-runner/build/testWorker.js:497:12)</failure>
    </testcase>
    <testcase classname="Real API Integration Tests › Performance and Limits" name="should handle timeout scenarios" time="0">
      <failure>Error: Test environment validation failed:
PINGONE_TEST_CLIENT_ID is required
PINGONE_TEST_CLIENT_SECRET is required
PINGONE_TEST_ENVIRONMENT_ID is required
    at validateTestEnvironment (/Users/cmuir/P1Import-apps/P1-import-Subsystem/tests/integration/real-api-integration.test.js:114:15)
    at Object.&lt;anonymous&gt; (/Users/cmuir/P1Import-apps/P1-import-Subsystem/tests/integration/real-api-integration.test.js:274:9)
    at Promise.finally.completed (/Users/cmuir/P1Import-apps/P1-import-Subsystem/node_modules/jest-circus/build/jestAdapterInit.js:1559:28)
    at new Promise (&lt;anonymous&gt;)
    at callAsyncCircusFn (/Users/cmuir/P1Import-apps/P1-import-Subsystem/node_modules/jest-circus/build/jestAdapterInit.js:1499:10)
    at _callCircusHook (/Users/cmuir/P1Import-apps/P1-import-Subsystem/node_modules/jest-circus/build/jestAdapterInit.js:978:40)
    at processTicksAndRejections (node:internal/process/task_queues:105:5)
    at _runTestsForDescribeBlock (/Users/cmuir/P1Import-apps/P1-import-Subsystem/node_modules/jest-circus/build/jestAdapterInit.js:775:7)
    at _runTestsForDescribeBlock (/Users/cmuir/P1Import-apps/P1-import-Subsystem/node_modules/jest-circus/build/jestAdapterInit.js:829:11)
    at run (/Users/cmuir/P1Import-apps/P1-import-Subsystem/node_modules/jest-circus/build/jestAdapterInit.js:757:3)
    at runAndTransformResultsToJestFormat (/Users/cmuir/P1Import-apps/P1-import-Subsystem/node_modules/jest-circus/build/jestAdapterInit.js:1920:21)
    at jestAdapter (/Users/cmuir/P1Import-apps/P1-import-Subsystem/node_modules/jest-circus/build/runner.js:101:19)
    at runTestInternal (/Users/cmuir/P1Import-apps/P1-import-Subsystem/node_modules/jest-runner/build/testWorker.js:275:16)
    at runTest (/Users/cmuir/P1Import-apps/P1-import-Subsystem/node_modules/jest-runner/build/testWorker.js:343:7)
    at Object.worker (/Users/cmuir/P1Import-apps/P1-import-Subsystem/node_modules/jest-runner/build/testWorker.js:497:12)</failure>
    </testcase>
  </testsuite>
  <testsuite name="test/integration/real-api-integration.test.js" errors="0" failures="22" skipped="0" timestamp="2025-08-20T11:47:24" time="0.19" tests="22">
    <testcase classname="Real API Integration Tests › Health and Status Endpoints" name="should return server health status" time="0.001">
      <failure>Error: Test environment validation failed:
PINGONE_TEST_CLIENT_ID is required
PINGONE_TEST_CLIENT_SECRET is required
PINGONE_TEST_ENVIRONMENT_ID is required
    at validateTestEnvironment (/Users/cmuir/P1Import-apps/P1-import-Subsystem/test/integration/real-api-integration.test.js:114:15)
    at Object.&lt;anonymous&gt; (/Users/cmuir/P1Import-apps/P1-import-Subsystem/test/integration/real-api-integration.test.js:274:9)
    at Promise.finally.completed (/Users/cmuir/P1Import-apps/P1-import-Subsystem/node_modules/jest-circus/build/jestAdapterInit.js:1559:28)
    at new Promise (&lt;anonymous&gt;)
    at callAsyncCircusFn (/Users/cmuir/P1Import-apps/P1-import-Subsystem/node_modules/jest-circus/build/jestAdapterInit.js:1499:10)
    at _callCircusHook (/Users/cmuir/P1Import-apps/P1-import-Subsystem/node_modules/jest-circus/build/jestAdapterInit.js:978:40)
    at processTicksAndRejections (node:internal/process/task_queues:105:5)
    at _runTestsForDescribeBlock (/Users/cmuir/P1Import-apps/P1-import-Subsystem/node_modules/jest-circus/build/jestAdapterInit.js:775:7)
    at _runTestsForDescribeBlock (/Users/cmuir/P1Import-apps/P1-import-Subsystem/node_modules/jest-circus/build/jestAdapterInit.js:829:11)
    at run (/Users/cmuir/P1Import-apps/P1-import-Subsystem/node_modules/jest-circus/build/jestAdapterInit.js:757:3)
    at runAndTransformResultsToJestFormat (/Users/cmuir/P1Import-apps/P1-import-Subsystem/node_modules/jest-circus/build/jestAdapterInit.js:1920:21)
    at jestAdapter (/Users/cmuir/P1Import-apps/P1-import-Subsystem/node_modules/jest-circus/build/runner.js:101:19)
    at runTestInternal (/Users/cmuir/P1Import-apps/P1-import-Subsystem/node_modules/jest-runner/build/testWorker.js:275:16)
    at runTest (/Users/cmuir/P1Import-apps/P1-import-Subsystem/node_modules/jest-runner/build/testWorker.js:343:7)
    at Object.worker (/Users/cmuir/P1Import-apps/P1-import-Subsystem/node_modules/jest-runner/build/testWorker.js:497:12)</failure>
    </testcase>
    <testcase classname="Real API Integration Tests › Health and Status Endpoints" name="should return detailed system information" time="0">
      <failure>Error: Test environment validation failed:
PINGONE_TEST_CLIENT_ID is required
PINGONE_TEST_CLIENT_SECRET is required
PINGONE_TEST_ENVIRONMENT_ID is required
    at validateTestEnvironment (/Users/cmuir/P1Import-apps/P1-import-Subsystem/test/integration/real-api-integration.test.js:114:15)
    at Object.&lt;anonymous&gt; (/Users/cmuir/P1Import-apps/P1-import-Subsystem/test/integration/real-api-integration.test.js:274:9)
    at Promise.finally.completed (/Users/cmuir/P1Import-apps/P1-import-Subsystem/node_modules/jest-circus/build/jestAdapterInit.js:1559:28)
    at new Promise (&lt;anonymous&gt;)
    at callAsyncCircusFn (/Users/cmuir/P1Import-apps/P1-import-Subsystem/node_modules/jest-circus/build/jestAdapterInit.js:1499:10)
    at _callCircusHook (/Users/cmuir/P1Import-apps/P1-import-Subsystem/node_modules/jest-circus/build/jestAdapterInit.js:978:40)
    at processTicksAndRejections (node:internal/process/task_queues:105:5)
    at _runTestsForDescribeBlock (/Users/cmuir/P1Import-apps/P1-import-Subsystem/node_modules/jest-circus/build/jestAdapterInit.js:775:7)
    at _runTestsForDescribeBlock (/Users/cmuir/P1Import-apps/P1-import-Subsystem/node_modules/jest-circus/build/jestAdapterInit.js:829:11)
    at run (/Users/cmuir/P1Import-apps/P1-import-Subsystem/node_modules/jest-circus/build/jestAdapterInit.js:757:3)
    at runAndTransformResultsToJestFormat (/Users/cmuir/P1Import-apps/P1-import-Subsystem/node_modules/jest-circus/build/jestAdapterInit.js:1920:21)
    at jestAdapter (/Users/cmuir/P1Import-apps/P1-import-Subsystem/node_modules/jest-circus/build/runner.js:101:19)
    at runTestInternal (/Users/cmuir/P1Import-apps/P1-import-Subsystem/node_modules/jest-runner/build/testWorker.js:275:16)
    at runTest (/Users/cmuir/P1Import-apps/P1-import-Subsystem/node_modules/jest-runner/build/testWorker.js:343:7)
    at Object.worker (/Users/cmuir/P1Import-apps/P1-import-Subsystem/node_modules/jest-runner/build/testWorker.js:497:12)</failure>
    </testcase>
    <testcase classname="Real API Integration Tests › Settings Management" name="should retrieve current settings" time="0">
      <failure>Error: Test environment validation failed:
PINGONE_TEST_CLIENT_ID is required
PINGONE_TEST_CLIENT_SECRET is required
PINGONE_TEST_ENVIRONMENT_ID is required
    at validateTestEnvironment (/Users/cmuir/P1Import-apps/P1-import-Subsystem/test/integration/real-api-integration.test.js:114:15)
    at Object.&lt;anonymous&gt; (/Users/cmuir/P1Import-apps/P1-import-Subsystem/test/integration/real-api-integration.test.js:274:9)
    at Promise.finally.completed (/Users/cmuir/P1Import-apps/P1-import-Subsystem/node_modules/jest-circus/build/jestAdapterInit.js:1559:28)
    at new Promise (&lt;anonymous&gt;)
    at callAsyncCircusFn (/Users/cmuir/P1Import-apps/P1-import-Subsystem/node_modules/jest-circus/build/jestAdapterInit.js:1499:10)
    at _callCircusHook (/Users/cmuir/P1Import-apps/P1-import-Subsystem/node_modules/jest-circus/build/jestAdapterInit.js:978:40)
    at processTicksAndRejections (node:internal/process/task_queues:105:5)
    at _runTestsForDescribeBlock (/Users/cmuir/P1Import-apps/P1-import-Subsystem/node_modules/jest-circus/build/jestAdapterInit.js:775:7)
    at _runTestsForDescribeBlock (/Users/cmuir/P1Import-apps/P1-import-Subsystem/node_modules/jest-circus/build/jestAdapterInit.js:829:11)
    at run (/Users/cmuir/P1Import-apps/P1-import-Subsystem/node_modules/jest-circus/build/jestAdapterInit.js:757:3)
    at runAndTransformResultsToJestFormat (/Users/cmuir/P1Import-apps/P1-import-Subsystem/node_modules/jest-circus/build/jestAdapterInit.js:1920:21)
    at jestAdapter (/Users/cmuir/P1Import-apps/P1-import-Subsystem/node_modules/jest-circus/build/runner.js:101:19)
    at runTestInternal (/Users/cmuir/P1Import-apps/P1-import-Subsystem/node_modules/jest-runner/build/testWorker.js:275:16)
    at runTest (/Users/cmuir/P1Import-apps/P1-import-Subsystem/node_modules/jest-runner/build/testWorker.js:343:7)
    at Object.worker (/Users/cmuir/P1Import-apps/P1-import-Subsystem/node_modules/jest-runner/build/testWorker.js:497:12)</failure>
    </testcase>
    <testcase classname="Real API Integration Tests › Settings Management" name="should update settings successfully" time="0">
      <failure>Error: Test environment validation failed:
PINGONE_TEST_CLIENT_ID is required
PINGONE_TEST_CLIENT_SECRET is required
PINGONE_TEST_ENVIRONMENT_ID is required
    at validateTestEnvironment (/Users/cmuir/P1Import-apps/P1-import-Subsystem/test/integration/real-api-integration.test.js:114:15)
    at Object.&lt;anonymous&gt; (/Users/cmuir/P1Import-apps/P1-import-Subsystem/test/integration/real-api-integration.test.js:274:9)
    at Promise.finally.completed (/Users/cmuir/P1Import-apps/P1-import-Subsystem/node_modules/jest-circus/build/jestAdapterInit.js:1559:28)
    at new Promise (&lt;anonymous&gt;)
    at callAsyncCircusFn (/Users/cmuir/P1Import-apps/P1-import-Subsystem/node_modules/jest-circus/build/jestAdapterInit.js:1499:10)
    at _callCircusHook (/Users/cmuir/P1Import-apps/P1-import-Subsystem/node_modules/jest-circus/build/jestAdapterInit.js:978:40)
    at processTicksAndRejections (node:internal/process/task_queues:105:5)
    at _runTestsForDescribeBlock (/Users/cmuir/P1Import-apps/P1-import-Subsystem/node_modules/jest-circus/build/jestAdapterInit.js:775:7)
    at _runTestsForDescribeBlock (/Users/cmuir/P1Import-apps/P1-import-Subsystem/node_modules/jest-circus/build/jestAdapterInit.js:829:11)
    at run (/Users/cmuir/P1Import-apps/P1-import-Subsystem/node_modules/jest-circus/build/jestAdapterInit.js:757:3)
    at runAndTransformResultsToJestFormat (/Users/cmuir/P1Import-apps/P1-import-Subsystem/node_modules/jest-circus/build/jestAdapterInit.js:1920:21)
    at jestAdapter (/Users/cmuir/P1Import-apps/P1-import-Subsystem/node_modules/jest-circus/build/runner.js:101:19)
    at runTestInternal (/Users/cmuir/P1Import-apps/P1-import-Subsystem/node_modules/jest-runner/build/testWorker.js:275:16)
    at runTest (/Users/cmuir/P1Import-apps/P1-import-Subsystem/node_modules/jest-runner/build/testWorker.js:343:7)
    at Object.worker (/Users/cmuir/P1Import-apps/P1-import-Subsystem/node_modules/jest-runner/build/testWorker.js:497:12)</failure>
    </testcase>
    <testcase classname="Real API Integration Tests › Settings Management" name="should validate required fields" time="0">
      <failure>Error: Test environment validation failed:
PINGONE_TEST_CLIENT_ID is required
PINGONE_TEST_CLIENT_SECRET is required
PINGONE_TEST_ENVIRONMENT_ID is required
    at validateTestEnvironment (/Users/cmuir/P1Import-apps/P1-import-Subsystem/test/integration/real-api-integration.test.js:114:15)
    at Object.&lt;anonymous&gt; (/Users/cmuir/P1Import-apps/P1-import-Subsystem/test/integration/real-api-integration.test.js:274:9)
    at Promise.finally.completed (/Users/cmuir/P1Import-apps/P1-import-Subsystem/node_modules/jest-circus/build/jestAdapterInit.js:1559:28)
    at new Promise (&lt;anonymous&gt;)
    at callAsyncCircusFn (/Users/cmuir/P1Import-apps/P1-import-Subsystem/node_modules/jest-circus/build/jestAdapterInit.js:1499:10)
    at _callCircusHook (/Users/cmuir/P1Import-apps/P1-import-Subsystem/node_modules/jest-circus/build/jestAdapterInit.js:978:40)
    at processTicksAndRejections (node:internal/process/task_queues:105:5)
    at _runTestsForDescribeBlock (/Users/cmuir/P1Import-apps/P1-import-Subsystem/node_modules/jest-circus/build/jestAdapterInit.js:775:7)
    at _runTestsForDescribeBlock (/Users/cmuir/P1Import-apps/P1-import-Subsystem/node_modules/jest-circus/build/jestAdapterInit.js:829:11)
    at run (/Users/cmuir/P1Import-apps/P1-import-Subsystem/node_modules/jest-circus/build/jestAdapterInit.js:757:3)
    at runAndTransformResultsToJestFormat (/Users/cmuir/P1Import-apps/P1-import-Subsystem/node_modules/jest-circus/build/jestAdapterInit.js:1920:21)
    at jestAdapter (/Users/cmuir/P1Import-apps/P1-import-Subsystem/node_modules/jest-circus/build/runner.js:101:19)
    at runTestInternal (/Users/cmuir/P1Import-apps/P1-import-Subsystem/node_modules/jest-runner/build/testWorker.js:275:16)
    at runTest (/Users/cmuir/P1Import-apps/P1-import-Subsystem/node_modules/jest-runner/build/testWorker.js:343:7)
    at Object.worker (/Users/cmuir/P1Import-apps/P1-import-Subsystem/node_modules/jest-runner/build/testWorker.js:497:12)</failure>
    </testcase>
    <testcase classname="Real API Integration Tests › PingOne API Integration" name="should authenticate with PingOne API" time="0.002">
      <failure>Error: Test environment validation failed:
PINGONE_TEST_CLIENT_ID is required
PINGONE_TEST_CLIENT_SECRET is required
PINGONE_TEST_ENVIRONMENT_ID is required
    at validateTestEnvironment (/Users/cmuir/P1Import-apps/P1-import-Subsystem/test/integration/real-api-integration.test.js:114:15)
    at Object.&lt;anonymous&gt; (/Users/cmuir/P1Import-apps/P1-import-Subsystem/test/integration/real-api-integration.test.js:274:9)
    at Promise.finally.completed (/Users/cmuir/P1Import-apps/P1-import-Subsystem/node_modules/jest-circus/build/jestAdapterInit.js:1559:28)
    at new Promise (&lt;anonymous&gt;)
    at callAsyncCircusFn (/Users/cmuir/P1Import-apps/P1-import-Subsystem/node_modules/jest-circus/build/jestAdapterInit.js:1499:10)
    at _callCircusHook (/Users/cmuir/P1Import-apps/P1-import-Subsystem/node_modules/jest-circus/build/jestAdapterInit.js:978:40)
    at processTicksAndRejections (node:internal/process/task_queues:105:5)
    at _runTestsForDescribeBlock (/Users/cmuir/P1Import-apps/P1-import-Subsystem/node_modules/jest-circus/build/jestAdapterInit.js:775:7)
    at _runTestsForDescribeBlock (/Users/cmuir/P1Import-apps/P1-import-Subsystem/node_modules/jest-circus/build/jestAdapterInit.js:829:11)
    at run (/Users/cmuir/P1Import-apps/P1-import-Subsystem/node_modules/jest-circus/build/jestAdapterInit.js:757:3)
    at runAndTransformResultsToJestFormat (/Users/cmuir/P1Import-apps/P1-import-Subsystem/node_modules/jest-circus/build/jestAdapterInit.js:1920:21)
    at jestAdapter (/Users/cmuir/P1Import-apps/P1-import-Subsystem/node_modules/jest-circus/build/runner.js:101:19)
    at runTestInternal (/Users/cmuir/P1Import-apps/P1-import-Subsystem/node_modules/jest-runner/build/testWorker.js:275:16)
    at runTest (/Users/cmuir/P1Import-apps/P1-import-Subsystem/node_modules/jest-runner/build/testWorker.js:343:7)
    at Object.worker (/Users/cmuir/P1Import-apps/P1-import-Subsystem/node_modules/jest-runner/build/testWorker.js:497:12)</failure>
    </testcase>
    <testcase classname="Real API Integration Tests › PingOne API Integration" name="should create and delete test population" time="0">
      <failure>Error: Test environment validation failed:
PINGONE_TEST_CLIENT_ID is required
PINGONE_TEST_CLIENT_SECRET is required
PINGONE_TEST_ENVIRONMENT_ID is required
    at validateTestEnvironment (/Users/cmuir/P1Import-apps/P1-import-Subsystem/test/integration/real-api-integration.test.js:114:15)
    at Object.&lt;anonymous&gt; (/Users/cmuir/P1Import-apps/P1-import-Subsystem/test/integration/real-api-integration.test.js:274:9)
    at Promise.finally.completed (/Users/cmuir/P1Import-apps/P1-import-Subsystem/node_modules/jest-circus/build/jestAdapterInit.js:1559:28)
    at new Promise (&lt;anonymous&gt;)
    at callAsyncCircusFn (/Users/cmuir/P1Import-apps/P1-import-Subsystem/node_modules/jest-circus/build/jestAdapterInit.js:1499:10)
    at _callCircusHook (/Users/cmuir/P1Import-apps/P1-import-Subsystem/node_modules/jest-circus/build/jestAdapterInit.js:978:40)
    at processTicksAndRejections (node:internal/process/task_queues:105:5)
    at _runTestsForDescribeBlock (/Users/cmuir/P1Import-apps/P1-import-Subsystem/node_modules/jest-circus/build/jestAdapterInit.js:775:7)
    at _runTestsForDescribeBlock (/Users/cmuir/P1Import-apps/P1-import-Subsystem/node_modules/jest-circus/build/jestAdapterInit.js:829:11)
    at run (/Users/cmuir/P1Import-apps/P1-import-Subsystem/node_modules/jest-circus/build/jestAdapterInit.js:757:3)
    at runAndTransformResultsToJestFormat (/Users/cmuir/P1Import-apps/P1-import-Subsystem/node_modules/jest-circus/build/jestAdapterInit.js:1920:21)
    at jestAdapter (/Users/cmuir/P1Import-apps/P1-import-Subsystem/node_modules/jest-circus/build/runner.js:101:19)
    at runTestInternal (/Users/cmuir/P1Import-apps/P1-import-Subsystem/node_modules/jest-runner/build/testWorker.js:275:16)
    at runTest (/Users/cmuir/P1Import-apps/P1-import-Subsystem/node_modules/jest-runner/build/testWorker.js:343:7)
    at Object.worker (/Users/cmuir/P1Import-apps/P1-import-Subsystem/node_modules/jest-runner/build/testWorker.js:497:12)</failure>
    </testcase>
    <testcase classname="Real API Integration Tests › PingOne API Integration" name="should create and delete test users" time="0">
      <failure>Error: Test environment validation failed:
PINGONE_TEST_CLIENT_ID is required
PINGONE_TEST_CLIENT_SECRET is required
PINGONE_TEST_ENVIRONMENT_ID is required
    at validateTestEnvironment (/Users/cmuir/P1Import-apps/P1-import-Subsystem/test/integration/real-api-integration.test.js:114:15)
    at Object.&lt;anonymous&gt; (/Users/cmuir/P1Import-apps/P1-import-Subsystem/test/integration/real-api-integration.test.js:274:9)
    at Promise.finally.completed (/Users/cmuir/P1Import-apps/P1-import-Subsystem/node_modules/jest-circus/build/jestAdapterInit.js:1559:28)
    at new Promise (&lt;anonymous&gt;)
    at callAsyncCircusFn (/Users/cmuir/P1Import-apps/P1-import-Subsystem/node_modules/jest-circus/build/jestAdapterInit.js:1499:10)
    at _callCircusHook (/Users/cmuir/P1Import-apps/P1-import-Subsystem/node_modules/jest-circus/build/jestAdapterInit.js:978:40)
    at processTicksAndRejections (node:internal/process/task_queues:105:5)
    at _runTestsForDescribeBlock (/Users/cmuir/P1Import-apps/P1-import-Subsystem/node_modules/jest-circus/build/jestAdapterInit.js:775:7)
    at _runTestsForDescribeBlock (/Users/cmuir/P1Import-apps/P1-import-Subsystem/node_modules/jest-circus/build/jestAdapterInit.js:829:11)
    at run (/Users/cmuir/P1Import-apps/P1-import-Subsystem/node_modules/jest-circus/build/jestAdapterInit.js:757:3)
    at runAndTransformResultsToJestFormat (/Users/cmuir/P1Import-apps/P1-import-Subsystem/node_modules/jest-circus/build/jestAdapterInit.js:1920:21)
    at jestAdapter (/Users/cmuir/P1Import-apps/P1-import-Subsystem/node_modules/jest-circus/build/runner.js:101:19)
    at runTestInternal (/Users/cmuir/P1Import-apps/P1-import-Subsystem/node_modules/jest-runner/build/testWorker.js:275:16)
    at runTest (/Users/cmuir/P1Import-apps/P1-import-Subsystem/node_modules/jest-runner/build/testWorker.js:343:7)
    at Object.worker (/Users/cmuir/P1Import-apps/P1-import-Subsystem/node_modules/jest-runner/build/testWorker.js:497:12)</failure>
    </testcase>
    <testcase classname="Real API Integration Tests › User Import Operations" name="should import users from CSV file" time="0">
      <failure>Error: Test environment validation failed:
PINGONE_TEST_CLIENT_ID is required
PINGONE_TEST_CLIENT_SECRET is required
PINGONE_TEST_ENVIRONMENT_ID is required
    at validateTestEnvironment (/Users/cmuir/P1Import-apps/P1-import-Subsystem/test/integration/real-api-integration.test.js:114:15)
    at Object.&lt;anonymous&gt; (/Users/cmuir/P1Import-apps/P1-import-Subsystem/test/integration/real-api-integration.test.js:274:9)
    at Promise.finally.completed (/Users/cmuir/P1Import-apps/P1-import-Subsystem/node_modules/jest-circus/build/jestAdapterInit.js:1559:28)
    at new Promise (&lt;anonymous&gt;)
    at callAsyncCircusFn (/Users/cmuir/P1Import-apps/P1-import-Subsystem/node_modules/jest-circus/build/jestAdapterInit.js:1499:10)
    at _callCircusHook (/Users/cmuir/P1Import-apps/P1-import-Subsystem/node_modules/jest-circus/build/jestAdapterInit.js:978:40)
    at processTicksAndRejections (node:internal/process/task_queues:105:5)
    at _runTestsForDescribeBlock (/Users/cmuir/P1Import-apps/P1-import-Subsystem/node_modules/jest-circus/build/jestAdapterInit.js:775:7)
    at _runTestsForDescribeBlock (/Users/cmuir/P1Import-apps/P1-import-Subsystem/node_modules/jest-circus/build/jestAdapterInit.js:829:11)
    at run (/Users/cmuir/P1Import-apps/P1-import-Subsystem/node_modules/jest-circus/build/jestAdapterInit.js:757:3)
    at runAndTransformResultsToJestFormat (/Users/cmuir/P1Import-apps/P1-import-Subsystem/node_modules/jest-circus/build/jestAdapterInit.js:1920:21)
    at jestAdapter (/Users/cmuir/P1Import-apps/P1-import-Subsystem/node_modules/jest-circus/build/runner.js:101:19)
    at runTestInternal (/Users/cmuir/P1Import-apps/P1-import-Subsystem/node_modules/jest-runner/build/testWorker.js:275:16)
    at runTest (/Users/cmuir/P1Import-apps/P1-import-Subsystem/node_modules/jest-runner/build/testWorker.js:343:7)
    at Object.worker (/Users/cmuir/P1Import-apps/P1-import-Subsystem/node_modules/jest-runner/build/testWorker.js:497:12)</failure>
    </testcase>
    <testcase classname="Real API Integration Tests › User Import Operations" name="should handle import progress tracking" time="0">
      <failure>Error: Test environment validation failed:
PINGONE_TEST_CLIENT_ID is required
PINGONE_TEST_CLIENT_SECRET is required
PINGONE_TEST_ENVIRONMENT_ID is required
    at validateTestEnvironment (/Users/cmuir/P1Import-apps/P1-import-Subsystem/test/integration/real-api-integration.test.js:114:15)
    at Object.&lt;anonymous&gt; (/Users/cmuir/P1Import-apps/P1-import-Subsystem/test/integration/real-api-integration.test.js:274:9)
    at Promise.finally.completed (/Users/cmuir/P1Import-apps/P1-import-Subsystem/node_modules/jest-circus/build/jestAdapterInit.js:1559:28)
    at new Promise (&lt;anonymous&gt;)
    at callAsyncCircusFn (/Users/cmuir/P1Import-apps/P1-import-Subsystem/node_modules/jest-circus/build/jestAdapterInit.js:1499:10)
    at _callCircusHook (/Users/cmuir/P1Import-apps/P1-import-Subsystem/node_modules/jest-circus/build/jestAdapterInit.js:978:40)
    at processTicksAndRejections (node:internal/process/task_queues:105:5)
    at _runTestsForDescribeBlock (/Users/cmuir/P1Import-apps/P1-import-Subsystem/node_modules/jest-circus/build/jestAdapterInit.js:775:7)
    at _runTestsForDescribeBlock (/Users/cmuir/P1Import-apps/P1-import-Subsystem/node_modules/jest-circus/build/jestAdapterInit.js:829:11)
    at run (/Users/cmuir/P1Import-apps/P1-import-Subsystem/node_modules/jest-circus/build/jestAdapterInit.js:757:3)
    at runAndTransformResultsToJestFormat (/Users/cmuir/P1Import-apps/P1-import-Subsystem/node_modules/jest-circus/build/jestAdapterInit.js:1920:21)
    at jestAdapter (/Users/cmuir/P1Import-apps/P1-import-Subsystem/node_modules/jest-circus/build/runner.js:101:19)
    at runTestInternal (/Users/cmuir/P1Import-apps/P1-import-Subsystem/node_modules/jest-runner/build/testWorker.js:275:16)
    at runTest (/Users/cmuir/P1Import-apps/P1-import-Subsystem/node_modules/jest-runner/build/testWorker.js:343:7)
    at Object.worker (/Users/cmuir/P1Import-apps/P1-import-Subsystem/node_modules/jest-runner/build/testWorker.js:497:12)</failure>
    </testcase>
    <testcase classname="Real API Integration Tests › User Export Operations" name="should export users from population" time="0">
      <failure>Error: Test environment validation failed:
PINGONE_TEST_CLIENT_ID is required
PINGONE_TEST_CLIENT_SECRET is required
PINGONE_TEST_ENVIRONMENT_ID is required
    at validateTestEnvironment (/Users/cmuir/P1Import-apps/P1-import-Subsystem/test/integration/real-api-integration.test.js:114:15)
    at Object.&lt;anonymous&gt; (/Users/cmuir/P1Import-apps/P1-import-Subsystem/test/integration/real-api-integration.test.js:274:9)
    at Promise.finally.completed (/Users/cmuir/P1Import-apps/P1-import-Subsystem/node_modules/jest-circus/build/jestAdapterInit.js:1559:28)
    at new Promise (&lt;anonymous&gt;)
    at callAsyncCircusFn (/Users/cmuir/P1Import-apps/P1-import-Subsystem/node_modules/jest-circus/build/jestAdapterInit.js:1499:10)
    at _callCircusHook (/Users/cmuir/P1Import-apps/P1-import-Subsystem/node_modules/jest-circus/build/jestAdapterInit.js:978:40)
    at processTicksAndRejections (node:internal/process/task_queues:105:5)
    at _runTestsForDescribeBlock (/Users/cmuir/P1Import-apps/P1-import-Subsystem/node_modules/jest-circus/build/jestAdapterInit.js:775:7)
    at _runTestsForDescribeBlock (/Users/cmuir/P1Import-apps/P1-import-Subsystem/node_modules/jest-circus/build/jestAdapterInit.js:829:11)
    at run (/Users/cmuir/P1Import-apps/P1-import-Subsystem/node_modules/jest-circus/build/jestAdapterInit.js:757:3)
    at runAndTransformResultsToJestFormat (/Users/cmuir/P1Import-apps/P1-import-Subsystem/node_modules/jest-circus/build/jestAdapterInit.js:1920:21)
    at jestAdapter (/Users/cmuir/P1Import-apps/P1-import-Subsystem/node_modules/jest-circus/build/runner.js:101:19)
    at runTestInternal (/Users/cmuir/P1Import-apps/P1-import-Subsystem/node_modules/jest-runner/build/testWorker.js:275:16)
    at runTest (/Users/cmuir/P1Import-apps/P1-import-Subsystem/node_modules/jest-runner/build/testWorker.js:343:7)
    at Object.worker (/Users/cmuir/P1Import-apps/P1-import-Subsystem/node_modules/jest-runner/build/testWorker.js:497:12)</failure>
    </testcase>
    <testcase classname="Real API Integration Tests › User Export Operations" name="should export users in CSV format" time="0">
      <failure>Error: Test environment validation failed:
PINGONE_TEST_CLIENT_ID is required
PINGONE_TEST_CLIENT_SECRET is required
PINGONE_TEST_ENVIRONMENT_ID is required
    at validateTestEnvironment (/Users/cmuir/P1Import-apps/P1-import-Subsystem/test/integration/real-api-integration.test.js:114:15)
    at Object.&lt;anonymous&gt; (/Users/cmuir/P1Import-apps/P1-import-Subsystem/test/integration/real-api-integration.test.js:274:9)
    at Promise.finally.completed (/Users/cmuir/P1Import-apps/P1-import-Subsystem/node_modules/jest-circus/build/jestAdapterInit.js:1559:28)
    at new Promise (&lt;anonymous&gt;)
    at callAsyncCircusFn (/Users/cmuir/P1Import-apps/P1-import-Subsystem/node_modules/jest-circus/build/jestAdapterInit.js:1499:10)
    at _callCircusHook (/Users/cmuir/P1Import-apps/P1-import-Subsystem/node_modules/jest-circus/build/jestAdapterInit.js:978:40)
    at processTicksAndRejections (node:internal/process/task_queues:105:5)
    at _runTestsForDescribeBlock (/Users/cmuir/P1Import-apps/P1-import-Subsystem/node_modules/jest-circus/build/jestAdapterInit.js:775:7)
    at _runTestsForDescribeBlock (/Users/cmuir/P1Import-apps/P1-import-Subsystem/node_modules/jest-circus/build/jestAdapterInit.js:829:11)
    at run (/Users/cmuir/P1Import-apps/P1-import-Subsystem/node_modules/jest-circus/build/jestAdapterInit.js:757:3)
    at runAndTransformResultsToJestFormat (/Users/cmuir/P1Import-apps/P1-import-Subsystem/node_modules/jest-circus/build/jestAdapterInit.js:1920:21)
    at jestAdapter (/Users/cmuir/P1Import-apps/P1-import-Subsystem/node_modules/jest-circus/build/runner.js:101:19)
    at runTestInternal (/Users/cmuir/P1Import-apps/P1-import-Subsystem/node_modules/jest-runner/build/testWorker.js:275:16)
    at runTest (/Users/cmuir/P1Import-apps/P1-import-Subsystem/node_modules/jest-runner/build/testWorker.js:343:7)
    at Object.worker (/Users/cmuir/P1Import-apps/P1-import-Subsystem/node_modules/jest-runner/build/testWorker.js:497:12)</failure>
    </testcase>
    <testcase classname="Real API Integration Tests › Feature Flags" name="should retrieve feature flags" time="0">
      <failure>Error: Test environment validation failed:
PINGONE_TEST_CLIENT_ID is required
PINGONE_TEST_CLIENT_SECRET is required
PINGONE_TEST_ENVIRONMENT_ID is required
    at validateTestEnvironment (/Users/cmuir/P1Import-apps/P1-import-Subsystem/test/integration/real-api-integration.test.js:114:15)
    at Object.&lt;anonymous&gt; (/Users/cmuir/P1Import-apps/P1-import-Subsystem/test/integration/real-api-integration.test.js:274:9)
    at Promise.finally.completed (/Users/cmuir/P1Import-apps/P1-import-Subsystem/node_modules/jest-circus/build/jestAdapterInit.js:1559:28)
    at new Promise (&lt;anonymous&gt;)
    at callAsyncCircusFn (/Users/cmuir/P1Import-apps/P1-import-Subsystem/node_modules/jest-circus/build/jestAdapterInit.js:1499:10)
    at _callCircusHook (/Users/cmuir/P1Import-apps/P1-import-Subsystem/node_modules/jest-circus/build/jestAdapterInit.js:978:40)
    at processTicksAndRejections (node:internal/process/task_queues:105:5)
    at _runTestsForDescribeBlock (/Users/cmuir/P1Import-apps/P1-import-Subsystem/node_modules/jest-circus/build/jestAdapterInit.js:775:7)
    at _runTestsForDescribeBlock (/Users/cmuir/P1Import-apps/P1-import-Subsystem/node_modules/jest-circus/build/jestAdapterInit.js:829:11)
    at run (/Users/cmuir/P1Import-apps/P1-import-Subsystem/node_modules/jest-circus/build/jestAdapterInit.js:757:3)
    at runAndTransformResultsToJestFormat (/Users/cmuir/P1Import-apps/P1-import-Subsystem/node_modules/jest-circus/build/jestAdapterInit.js:1920:21)
    at jestAdapter (/Users/cmuir/P1Import-apps/P1-import-Subsystem/node_modules/jest-circus/build/runner.js:101:19)
    at runTestInternal (/Users/cmuir/P1Import-apps/P1-import-Subsystem/node_modules/jest-runner/build/testWorker.js:275:16)
    at runTest (/Users/cmuir/P1Import-apps/P1-import-Subsystem/node_modules/jest-runner/build/testWorker.js:343:7)
    at Object.worker (/Users/cmuir/P1Import-apps/P1-import-Subsystem/node_modules/jest-runner/build/testWorker.js:497:12)</failure>
    </testcase>
    <testcase classname="Real API Integration Tests › Feature Flags" name="should update feature flag" time="0">
      <failure>Error: Test environment validation failed:
PINGONE_TEST_CLIENT_ID is required
PINGONE_TEST_CLIENT_SECRET is required
PINGONE_TEST_ENVIRONMENT_ID is required
    at validateTestEnvironment (/Users/cmuir/P1Import-apps/P1-import-Subsystem/test/integration/real-api-integration.test.js:114:15)
    at Object.&lt;anonymous&gt; (/Users/cmuir/P1Import-apps/P1-import-Subsystem/test/integration/real-api-integration.test.js:274:9)
    at Promise.finally.completed (/Users/cmuir/P1Import-apps/P1-import-Subsystem/node_modules/jest-circus/build/jestAdapterInit.js:1559:28)
    at new Promise (&lt;anonymous&gt;)
    at callAsyncCircusFn (/Users/cmuir/P1Import-apps/P1-import-Subsystem/node_modules/jest-circus/build/jestAdapterInit.js:1499:10)
    at _callCircusHook (/Users/cmuir/P1Import-apps/P1-import-Subsystem/node_modules/jest-circus/build/jestAdapterInit.js:978:40)
    at processTicksAndRejections (node:internal/process/task_queues:105:5)
    at _runTestsForDescribeBlock (/Users/cmuir/P1Import-apps/P1-import-Subsystem/node_modules/jest-circus/build/jestAdapterInit.js:775:7)
    at _runTestsForDescribeBlock (/Users/cmuir/P1Import-apps/P1-import-Subsystem/node_modules/jest-circus/build/jestAdapterInit.js:829:11)
    at run (/Users/cmuir/P1Import-apps/P1-import-Subsystem/node_modules/jest-circus/build/jestAdapterInit.js:757:3)
    at runAndTransformResultsToJestFormat (/Users/cmuir/P1Import-apps/P1-import-Subsystem/node_modules/jest-circus/build/jestAdapterInit.js:1920:21)
    at jestAdapter (/Users/cmuir/P1Import-apps/P1-import-Subsystem/node_modules/jest-circus/build/runner.js:101:19)
    at runTestInternal (/Users/cmuir/P1Import-apps/P1-import-Subsystem/node_modules/jest-runner/build/testWorker.js:275:16)
    at runTest (/Users/cmuir/P1Import-apps/P1-import-Subsystem/node_modules/jest-runner/build/testWorker.js:343:7)
    at Object.worker (/Users/cmuir/P1Import-apps/P1-import-Subsystem/node_modules/jest-runner/build/testWorker.js:497:12)</failure>
    </testcase>
    <testcase classname="Real API Integration Tests › Feature Flags" name="should reset feature flags" time="0">
      <failure>Error: Test environment validation failed:
PINGONE_TEST_CLIENT_ID is required
PINGONE_TEST_CLIENT_SECRET is required
PINGONE_TEST_ENVIRONMENT_ID is required
    at validateTestEnvironment (/Users/cmuir/P1Import-apps/P1-import-Subsystem/test/integration/real-api-integration.test.js:114:15)
    at Object.&lt;anonymous&gt; (/Users/cmuir/P1Import-apps/P1-import-Subsystem/test/integration/real-api-integration.test.js:274:9)
    at Promise.finally.completed (/Users/cmuir/P1Import-apps/P1-import-Subsystem/node_modules/jest-circus/build/jestAdapterInit.js:1559:28)
    at new Promise (&lt;anonymous&gt;)
    at callAsyncCircusFn (/Users/cmuir/P1Import-apps/P1-import-Subsystem/node_modules/jest-circus/build/jestAdapterInit.js:1499:10)
    at _callCircusHook (/Users/cmuir/P1Import-apps/P1-import-Subsystem/node_modules/jest-circus/build/jestAdapterInit.js:978:40)
    at processTicksAndRejections (node:internal/process/task_queues:105:5)
    at _runTestsForDescribeBlock (/Users/cmuir/P1Import-apps/P1-import-Subsystem/node_modules/jest-circus/build/jestAdapterInit.js:775:7)
    at _runTestsForDescribeBlock (/Users/cmuir/P1Import-apps/P1-import-Subsystem/node_modules/jest-circus/build/jestAdapterInit.js:829:11)
    at run (/Users/cmuir/P1Import-apps/P1-import-Subsystem/node_modules/jest-circus/build/jestAdapterInit.js:757:3)
    at runAndTransformResultsToJestFormat (/Users/cmuir/P1Import-apps/P1-import-Subsystem/node_modules/jest-circus/build/jestAdapterInit.js:1920:21)
    at jestAdapter (/Users/cmuir/P1Import-apps/P1-import-Subsystem/node_modules/jest-circus/build/runner.js:101:19)
    at runTestInternal (/Users/cmuir/P1Import-apps/P1-import-Subsystem/node_modules/jest-runner/build/testWorker.js:275:16)
    at runTest (/Users/cmuir/P1Import-apps/P1-import-Subsystem/node_modules/jest-runner/build/testWorker.js:343:7)
    at Object.worker (/Users/cmuir/P1Import-apps/P1-import-Subsystem/node_modules/jest-runner/build/testWorker.js:497:12)</failure>
    </testcase>
    <testcase classname="Real API Integration Tests › Logging Endpoints" name="should retrieve application logs" time="0">
      <failure>Error: Test environment validation failed:
PINGONE_TEST_CLIENT_ID is required
PINGONE_TEST_CLIENT_SECRET is required
PINGONE_TEST_ENVIRONMENT_ID is required
    at validateTestEnvironment (/Users/cmuir/P1Import-apps/P1-import-Subsystem/test/integration/real-api-integration.test.js:114:15)
    at Object.&lt;anonymous&gt; (/Users/cmuir/P1Import-apps/P1-import-Subsystem/test/integration/real-api-integration.test.js:274:9)
    at Promise.finally.completed (/Users/cmuir/P1Import-apps/P1-import-Subsystem/node_modules/jest-circus/build/jestAdapterInit.js:1559:28)
    at new Promise (&lt;anonymous&gt;)
    at callAsyncCircusFn (/Users/cmuir/P1Import-apps/P1-import-Subsystem/node_modules/jest-circus/build/jestAdapterInit.js:1499:10)
    at _callCircusHook (/Users/cmuir/P1Import-apps/P1-import-Subsystem/node_modules/jest-circus/build/jestAdapterInit.js:978:40)
    at processTicksAndRejections (node:internal/process/task_queues:105:5)
    at _runTestsForDescribeBlock (/Users/cmuir/P1Import-apps/P1-import-Subsystem/node_modules/jest-circus/build/jestAdapterInit.js:775:7)
    at _runTestsForDescribeBlock (/Users/cmuir/P1Import-apps/P1-import-Subsystem/node_modules/jest-circus/build/jestAdapterInit.js:829:11)
    at run (/Users/cmuir/P1Import-apps/P1-import-Subsystem/node_modules/jest-circus/build/jestAdapterInit.js:757:3)
    at runAndTransformResultsToJestFormat (/Users/cmuir/P1Import-apps/P1-import-Subsystem/node_modules/jest-circus/build/jestAdapterInit.js:1920:21)
    at jestAdapter (/Users/cmuir/P1Import-apps/P1-import-Subsystem/node_modules/jest-circus/build/runner.js:101:19)
    at runTestInternal (/Users/cmuir/P1Import-apps/P1-import-Subsystem/node_modules/jest-runner/build/testWorker.js:275:16)
    at runTest (/Users/cmuir/P1Import-apps/P1-import-Subsystem/node_modules/jest-runner/build/testWorker.js:343:7)
    at Object.worker (/Users/cmuir/P1Import-apps/P1-import-Subsystem/node_modules/jest-runner/build/testWorker.js:497:12)</failure>
    </testcase>
    <testcase classname="Real API Integration Tests › Logging Endpoints" name="should create log entry" time="0">
      <failure>Error: Test environment validation failed:
PINGONE_TEST_CLIENT_ID is required
PINGONE_TEST_CLIENT_SECRET is required
PINGONE_TEST_ENVIRONMENT_ID is required
    at validateTestEnvironment (/Users/cmuir/P1Import-apps/P1-import-Subsystem/test/integration/real-api-integration.test.js:114:15)
    at Object.&lt;anonymous&gt; (/Users/cmuir/P1Import-apps/P1-import-Subsystem/test/integration/real-api-integration.test.js:274:9)
    at Promise.finally.completed (/Users/cmuir/P1Import-apps/P1-import-Subsystem/node_modules/jest-circus/build/jestAdapterInit.js:1559:28)
    at new Promise (&lt;anonymous&gt;)
    at callAsyncCircusFn (/Users/cmuir/P1Import-apps/P1-import-Subsystem/node_modules/jest-circus/build/jestAdapterInit.js:1499:10)
    at _callCircusHook (/Users/cmuir/P1Import-apps/P1-import-Subsystem/node_modules/jest-circus/build/jestAdapterInit.js:978:40)
    at processTicksAndRejections (node:internal/process/task_queues:105:5)
    at _runTestsForDescribeBlock (/Users/cmuir/P1Import-apps/P1-import-Subsystem/node_modules/jest-circus/build/jestAdapterInit.js:775:7)
    at _runTestsForDescribeBlock (/Users/cmuir/P1Import-apps/P1-import-Subsystem/node_modules/jest-circus/build/jestAdapterInit.js:829:11)
    at run (/Users/cmuir/P1Import-apps/P1-import-Subsystem/node_modules/jest-circus/build/jestAdapterInit.js:757:3)
    at runAndTransformResultsToJestFormat (/Users/cmuir/P1Import-apps/P1-import-Subsystem/node_modules/jest-circus/build/jestAdapterInit.js:1920:21)
    at jestAdapter (/Users/cmuir/P1Import-apps/P1-import-Subsystem/node_modules/jest-circus/build/runner.js:101:19)
    at runTestInternal (/Users/cmuir/P1Import-apps/P1-import-Subsystem/node_modules/jest-runner/build/testWorker.js:275:16)
    at runTest (/Users/cmuir/P1Import-apps/P1-import-Subsystem/node_modules/jest-runner/build/testWorker.js:343:7)
    at Object.worker (/Users/cmuir/P1Import-apps/P1-import-Subsystem/node_modules/jest-runner/build/testWorker.js:497:12)</failure>
    </testcase>
    <testcase classname="Real API Integration Tests › Error Handling" name="should handle invalid endpoints gracefully" time="0">
      <failure>Error: Test environment validation failed:
PINGONE_TEST_CLIENT_ID is required
PINGONE_TEST_CLIENT_SECRET is required
PINGONE_TEST_ENVIRONMENT_ID is required
    at validateTestEnvironment (/Users/cmuir/P1Import-apps/P1-import-Subsystem/test/integration/real-api-integration.test.js:114:15)
    at Object.&lt;anonymous&gt; (/Users/cmuir/P1Import-apps/P1-import-Subsystem/test/integration/real-api-integration.test.js:274:9)
    at Promise.finally.completed (/Users/cmuir/P1Import-apps/P1-import-Subsystem/node_modules/jest-circus/build/jestAdapterInit.js:1559:28)
    at new Promise (&lt;anonymous&gt;)
    at callAsyncCircusFn (/Users/cmuir/P1Import-apps/P1-import-Subsystem/node_modules/jest-circus/build/jestAdapterInit.js:1499:10)
    at _callCircusHook (/Users/cmuir/P1Import-apps/P1-import-Subsystem/node_modules/jest-circus/build/jestAdapterInit.js:978:40)
    at processTicksAndRejections (node:internal/process/task_queues:105:5)
    at _runTestsForDescribeBlock (/Users/cmuir/P1Import-apps/P1-import-Subsystem/node_modules/jest-circus/build/jestAdapterInit.js:775:7)
    at _runTestsForDescribeBlock (/Users/cmuir/P1Import-apps/P1-import-Subsystem/node_modules/jest-circus/build/jestAdapterInit.js:829:11)
    at run (/Users/cmuir/P1Import-apps/P1-import-Subsystem/node_modules/jest-circus/build/jestAdapterInit.js:757:3)
    at runAndTransformResultsToJestFormat (/Users/cmuir/P1Import-apps/P1-import-Subsystem/node_modules/jest-circus/build/jestAdapterInit.js:1920:21)
    at jestAdapter (/Users/cmuir/P1Import-apps/P1-import-Subsystem/node_modules/jest-circus/build/runner.js:101:19)
    at runTestInternal (/Users/cmuir/P1Import-apps/P1-import-Subsystem/node_modules/jest-runner/build/testWorker.js:275:16)
    at runTest (/Users/cmuir/P1Import-apps/P1-import-Subsystem/node_modules/jest-runner/build/testWorker.js:343:7)
    at Object.worker (/Users/cmuir/P1Import-apps/P1-import-Subsystem/node_modules/jest-runner/build/testWorker.js:497:12)</failure>
    </testcase>
    <testcase classname="Real API Integration Tests › Error Handling" name="should handle invalid request data" time="0">
      <failure>Error: Test environment validation failed:
PINGONE_TEST_CLIENT_ID is required
PINGONE_TEST_CLIENT_SECRET is required
PINGONE_TEST_ENVIRONMENT_ID is required
    at validateTestEnvironment (/Users/cmuir/P1Import-apps/P1-import-Subsystem/test/integration/real-api-integration.test.js:114:15)
    at Object.&lt;anonymous&gt; (/Users/cmuir/P1Import-apps/P1-import-Subsystem/test/integration/real-api-integration.test.js:274:9)
    at Promise.finally.completed (/Users/cmuir/P1Import-apps/P1-import-Subsystem/node_modules/jest-circus/build/jestAdapterInit.js:1559:28)
    at new Promise (&lt;anonymous&gt;)
    at callAsyncCircusFn (/Users/cmuir/P1Import-apps/P1-import-Subsystem/node_modules/jest-circus/build/jestAdapterInit.js:1499:10)
    at _callCircusHook (/Users/cmuir/P1Import-apps/P1-import-Subsystem/node_modules/jest-circus/build/jestAdapterInit.js:978:40)
    at processTicksAndRejections (node:internal/process/task_queues:105:5)
    at _runTestsForDescribeBlock (/Users/cmuir/P1Import-apps/P1-import-Subsystem/node_modules/jest-circus/build/jestAdapterInit.js:775:7)
    at _runTestsForDescribeBlock (/Users/cmuir/P1Import-apps/P1-import-Subsystem/node_modules/jest-circus/build/jestAdapterInit.js:829:11)
    at run (/Users/cmuir/P1Import-apps/P1-import-Subsystem/node_modules/jest-circus/build/jestAdapterInit.js:757:3)
    at runAndTransformResultsToJestFormat (/Users/cmuir/P1Import-apps/P1-import-Subsystem/node_modules/jest-circus/build/jestAdapterInit.js:1920:21)
    at jestAdapter (/Users/cmuir/P1Import-apps/P1-import-Subsystem/node_modules/jest-circus/build/runner.js:101:19)
    at runTestInternal (/Users/cmuir/P1Import-apps/P1-import-Subsystem/node_modules/jest-runner/build/testWorker.js:275:16)
    at runTest (/Users/cmuir/P1Import-apps/P1-import-Subsystem/node_modules/jest-runner/build/testWorker.js:343:7)
    at Object.worker (/Users/cmuir/P1Import-apps/P1-import-Subsystem/node_modules/jest-runner/build/testWorker.js:497:12)</failure>
    </testcase>
    <testcase classname="Real API Integration Tests › Error Handling" name="should handle authentication errors" time="0">
      <failure>Error: Test environment validation failed:
PINGONE_TEST_CLIENT_ID is required
PINGONE_TEST_CLIENT_SECRET is required
PINGONE_TEST_ENVIRONMENT_ID is required
    at validateTestEnvironment (/Users/cmuir/P1Import-apps/P1-import-Subsystem/test/integration/real-api-integration.test.js:114:15)
    at Object.&lt;anonymous&gt; (/Users/cmuir/P1Import-apps/P1-import-Subsystem/test/integration/real-api-integration.test.js:274:9)
    at Promise.finally.completed (/Users/cmuir/P1Import-apps/P1-import-Subsystem/node_modules/jest-circus/build/jestAdapterInit.js:1559:28)
    at new Promise (&lt;anonymous&gt;)
    at callAsyncCircusFn (/Users/cmuir/P1Import-apps/P1-import-Subsystem/node_modules/jest-circus/build/jestAdapterInit.js:1499:10)
    at _callCircusHook (/Users/cmuir/P1Import-apps/P1-import-Subsystem/node_modules/jest-circus/build/jestAdapterInit.js:978:40)
    at processTicksAndRejections (node:internal/process/task_queues:105:5)
    at _runTestsForDescribeBlock (/Users/cmuir/P1Import-apps/P1-import-Subsystem/node_modules/jest-circus/build/jestAdapterInit.js:775:7)
    at _runTestsForDescribeBlock (/Users/cmuir/P1Import-apps/P1-import-Subsystem/node_modules/jest-circus/build/jestAdapterInit.js:829:11)
    at run (/Users/cmuir/P1Import-apps/P1-import-Subsystem/node_modules/jest-circus/build/jestAdapterInit.js:757:3)
    at runAndTransformResultsToJestFormat (/Users/cmuir/P1Import-apps/P1-import-Subsystem/node_modules/jest-circus/build/jestAdapterInit.js:1920:21)
    at jestAdapter (/Users/cmuir/P1Import-apps/P1-import-Subsystem/node_modules/jest-circus/build/runner.js:101:19)
    at runTestInternal (/Users/cmuir/P1Import-apps/P1-import-Subsystem/node_modules/jest-runner/build/testWorker.js:275:16)
    at runTest (/Users/cmuir/P1Import-apps/P1-import-Subsystem/node_modules/jest-runner/build/testWorker.js:343:7)
    at Object.worker (/Users/cmuir/P1Import-apps/P1-import-Subsystem/node_modules/jest-runner/build/testWorker.js:497:12)</failure>
    </testcase>
    <testcase classname="Real API Integration Tests › Performance and Limits" name="should handle rate limiting" time="0">
      <failure>Error: Test environment validation failed:
PINGONE_TEST_CLIENT_ID is required
PINGONE_TEST_CLIENT_SECRET is required
PINGONE_TEST_ENVIRONMENT_ID is required
    at validateTestEnvironment (/Users/cmuir/P1Import-apps/P1-import-Subsystem/test/integration/real-api-integration.test.js:114:15)
    at Object.&lt;anonymous&gt; (/Users/cmuir/P1Import-apps/P1-import-Subsystem/test/integration/real-api-integration.test.js:274:9)
    at Promise.finally.completed (/Users/cmuir/P1Import-apps/P1-import-Subsystem/node_modules/jest-circus/build/jestAdapterInit.js:1559:28)
    at new Promise (&lt;anonymous&gt;)
    at callAsyncCircusFn (/Users/cmuir/P1Import-apps/P1-import-Subsystem/node_modules/jest-circus/build/jestAdapterInit.js:1499:10)
    at _callCircusHook (/Users/cmuir/P1Import-apps/P1-import-Subsystem/node_modules/jest-circus/build/jestAdapterInit.js:978:40)
    at processTicksAndRejections (node:internal/process/task_queues:105:5)
    at _runTestsForDescribeBlock (/Users/cmuir/P1Import-apps/P1-import-Subsystem/node_modules/jest-circus/build/jestAdapterInit.js:775:7)
    at _runTestsForDescribeBlock (/Users/cmuir/P1Import-apps/P1-import-Subsystem/node_modules/jest-circus/build/jestAdapterInit.js:829:11)
    at run (/Users/cmuir/P1Import-apps/P1-import-Subsystem/node_modules/jest-circus/build/jestAdapterInit.js:757:3)
    at runAndTransformResultsToJestFormat (/Users/cmuir/P1Import-apps/P1-import-Subsystem/node_modules/jest-circus/build/jestAdapterInit.js:1920:21)
    at jestAdapter (/Users/cmuir/P1Import-apps/P1-import-Subsystem/node_modules/jest-circus/build/runner.js:101:19)
    at runTestInternal (/Users/cmuir/P1Import-apps/P1-import-Subsystem/node_modules/jest-runner/build/testWorker.js:275:16)
    at runTest (/Users/cmuir/P1Import-apps/P1-import-Subsystem/node_modules/jest-runner/build/testWorker.js:343:7)
    at Object.worker (/Users/cmuir/P1Import-apps/P1-import-Subsystem/node_modules/jest-runner/build/testWorker.js:497:12)</failure>
    </testcase>
    <testcase classname="Real API Integration Tests › Performance and Limits" name="should handle timeout scenarios" time="0">
      <failure>Error: Test environment validation failed:
PINGONE_TEST_CLIENT_ID is required
PINGONE_TEST_CLIENT_SECRET is required
PINGONE_TEST_ENVIRONMENT_ID is required
    at validateTestEnvironment (/Users/cmuir/P1Import-apps/P1-import-Subsystem/test/integration/real-api-integration.test.js:114:15)
    at Object.&lt;anonymous&gt; (/Users/cmuir/P1Import-apps/P1-import-Subsystem/test/integration/real-api-integration.test.js:274:9)
    at Promise.finally.completed (/Users/cmuir/P1Import-apps/P1-import-Subsystem/node_modules/jest-circus/build/jestAdapterInit.js:1559:28)
    at new Promise (&lt;anonymous&gt;)
    at callAsyncCircusFn (/Users/cmuir/P1Import-apps/P1-import-Subsystem/node_modules/jest-circus/build/jestAdapterInit.js:1499:10)
    at _callCircusHook (/Users/cmuir/P1Import-apps/P1-import-Subsystem/node_modules/jest-circus/build/jestAdapterInit.js:978:40)
    at processTicksAndRejections (node:internal/process/task_queues:105:5)
    at _runTestsForDescribeBlock (/Users/cmuir/P1Import-apps/P1-import-Subsystem/node_modules/jest-circus/build/jestAdapterInit.js:775:7)
    at _runTestsForDescribeBlock (/Users/cmuir/P1Import-apps/P1-import-Subsystem/node_modules/jest-circus/build/jestAdapterInit.js:829:11)
    at run (/Users/cmuir/P1Import-apps/P1-import-Subsystem/node_modules/jest-circus/build/jestAdapterInit.js:757:3)
    at runAndTransformResultsToJestFormat (/Users/cmuir/P1Import-apps/P1-import-Subsystem/node_modules/jest-circus/build/jestAdapterInit.js:1920:21)
    at jestAdapter (/Users/cmuir/P1Import-apps/P1-import-Subsystem/node_modules/jest-circus/build/runner.js:101:19)
    at runTestInternal (/Users/cmuir/P1Import-apps/P1-import-Subsystem/node_modules/jest-runner/build/testWorker.js:275:16)
    at runTest (/Users/cmuir/P1Import-apps/P1-import-Subsystem/node_modules/jest-runner/build/testWorker.js:343:7)
    at Object.worker (/Users/cmuir/P1Import-apps/P1-import-Subsystem/node_modules/jest-runner/build/testWorker.js:497:12)</failure>
    </testcase>
  </testsuite>
  <testsuite name="test/ui/drag-drop-functionality.test.mjs" errors="0" failures="16" skipped="0" timestamp="2025-08-20T11:47:24" time="0.145" tests="16">
    <testcase classname="🎯 Drag and Drop Functionality Tests › 📄 Import Page Drag and Drop" name="should handle valid CSV file drag and drop" time="0">
      <failure>ReferenceError: jest is not defined
    at Object.&lt;anonymous&gt; (/Users/cmuir/P1Import-apps/P1-import-Subsystem/test/ui/drag-drop-functionality.test.mjs:188:9)
    at Promise.finally.completed (/Users/cmuir/P1Import-apps/P1-import-Subsystem/node_modules/jest-circus/build/jestAdapterInit.js:1559:28)
    at new Promise (&lt;anonymous&gt;)
    at callAsyncCircusFn (/Users/cmuir/P1Import-apps/P1-import-Subsystem/node_modules/jest-circus/build/jestAdapterInit.js:1499:10)
    at _callCircusHook (/Users/cmuir/P1Import-apps/P1-import-Subsystem/node_modules/jest-circus/build/jestAdapterInit.js:978:40)
    at processTicksAndRejections (node:internal/process/task_queues:105:5)
    at _runTest (/Users/cmuir/P1Import-apps/P1-import-Subsystem/node_modules/jest-circus/build/jestAdapterInit.js:943:5)
    at _runTestsForDescribeBlock (/Users/cmuir/P1Import-apps/P1-import-Subsystem/node_modules/jest-circus/build/jestAdapterInit.js:839:13)
    at _runTestsForDescribeBlock (/Users/cmuir/P1Import-apps/P1-import-Subsystem/node_modules/jest-circus/build/jestAdapterInit.js:829:11)
    at _runTestsForDescribeBlock (/Users/cmuir/P1Import-apps/P1-import-Subsystem/node_modules/jest-circus/build/jestAdapterInit.js:829:11)
    at run (/Users/cmuir/P1Import-apps/P1-import-Subsystem/node_modules/jest-circus/build/jestAdapterInit.js:757:3)
    at runAndTransformResultsToJestFormat (/Users/cmuir/P1Import-apps/P1-import-Subsystem/node_modules/jest-circus/build/jestAdapterInit.js:1920:21)
    at jestAdapter (/Users/cmuir/P1Import-apps/P1-import-Subsystem/node_modules/jest-circus/build/runner.js:101:19)
    at runTestInternal (/Users/cmuir/P1Import-apps/P1-import-Subsystem/node_modules/jest-runner/build/testWorker.js:275:16)
    at runTest (/Users/cmuir/P1Import-apps/P1-import-Subsystem/node_modules/jest-runner/build/testWorker.js:343:7)
    at Object.worker (/Users/cmuir/P1Import-apps/P1-import-Subsystem/node_modules/jest-runner/build/testWorker.js:497:12)</failure>
    </testcase>
    <testcase classname="🎯 Drag and Drop Functionality Tests › 📄 Import Page Drag and Drop" name="should reject invalid file types in drag and drop" time="0">
      <failure>ReferenceError: jest is not defined
    at Object.&lt;anonymous&gt; (/Users/cmuir/P1Import-apps/P1-import-Subsystem/test/ui/drag-drop-functionality.test.mjs:188:9)
    at Promise.finally.completed (/Users/cmuir/P1Import-apps/P1-import-Subsystem/node_modules/jest-circus/build/jestAdapterInit.js:1559:28)
    at new Promise (&lt;anonymous&gt;)
    at callAsyncCircusFn (/Users/cmuir/P1Import-apps/P1-import-Subsystem/node_modules/jest-circus/build/jestAdapterInit.js:1499:10)
    at _callCircusHook (/Users/cmuir/P1Import-apps/P1-import-Subsystem/node_modules/jest-circus/build/jestAdapterInit.js:978:40)
    at processTicksAndRejections (node:internal/process/task_queues:105:5)
    at _runTest (/Users/cmuir/P1Import-apps/P1-import-Subsystem/node_modules/jest-circus/build/jestAdapterInit.js:943:5)
    at _runTestsForDescribeBlock (/Users/cmuir/P1Import-apps/P1-import-Subsystem/node_modules/jest-circus/build/jestAdapterInit.js:839:13)
    at _runTestsForDescribeBlock (/Users/cmuir/P1Import-apps/P1-import-Subsystem/node_modules/jest-circus/build/jestAdapterInit.js:829:11)
    at _runTestsForDescribeBlock (/Users/cmuir/P1Import-apps/P1-import-Subsystem/node_modules/jest-circus/build/jestAdapterInit.js:829:11)
    at run (/Users/cmuir/P1Import-apps/P1-import-Subsystem/node_modules/jest-circus/build/jestAdapterInit.js:757:3)
    at runAndTransformResultsToJestFormat (/Users/cmuir/P1Import-apps/P1-import-Subsystem/node_modules/jest-circus/build/jestAdapterInit.js:1920:21)
    at jestAdapter (/Users/cmuir/P1Import-apps/P1-import-Subsystem/node_modules/jest-circus/build/runner.js:101:19)
    at runTestInternal (/Users/cmuir/P1Import-apps/P1-import-Subsystem/node_modules/jest-runner/build/testWorker.js:275:16)
    at runTest (/Users/cmuir/P1Import-apps/P1-import-Subsystem/node_modules/jest-runner/build/testWorker.js:343:7)
    at Object.worker (/Users/cmuir/P1Import-apps/P1-import-Subsystem/node_modules/jest-runner/build/testWorker.js:497:12)</failure>
    </testcase>
    <testcase classname="🎯 Drag and Drop Functionality Tests › 📄 Import Page Drag and Drop" name="should handle empty file drag and drop" time="0">
      <failure>ReferenceError: jest is not defined
    at Object.&lt;anonymous&gt; (/Users/cmuir/P1Import-apps/P1-import-Subsystem/test/ui/drag-drop-functionality.test.mjs:188:9)
    at Promise.finally.completed (/Users/cmuir/P1Import-apps/P1-import-Subsystem/node_modules/jest-circus/build/jestAdapterInit.js:1559:28)
    at new Promise (&lt;anonymous&gt;)
    at callAsyncCircusFn (/Users/cmuir/P1Import-apps/P1-import-Subsystem/node_modules/jest-circus/build/jestAdapterInit.js:1499:10)
    at _callCircusHook (/Users/cmuir/P1Import-apps/P1-import-Subsystem/node_modules/jest-circus/build/jestAdapterInit.js:978:40)
    at processTicksAndRejections (node:internal/process/task_queues:105:5)
    at _runTest (/Users/cmuir/P1Import-apps/P1-import-Subsystem/node_modules/jest-circus/build/jestAdapterInit.js:943:5)
    at _runTestsForDescribeBlock (/Users/cmuir/P1Import-apps/P1-import-Subsystem/node_modules/jest-circus/build/jestAdapterInit.js:839:13)
    at _runTestsForDescribeBlock (/Users/cmuir/P1Import-apps/P1-import-Subsystem/node_modules/jest-circus/build/jestAdapterInit.js:829:11)
    at _runTestsForDescribeBlock (/Users/cmuir/P1Import-apps/P1-import-Subsystem/node_modules/jest-circus/build/jestAdapterInit.js:829:11)
    at run (/Users/cmuir/P1Import-apps/P1-import-Subsystem/node_modules/jest-circus/build/jestAdapterInit.js:757:3)
    at runAndTransformResultsToJestFormat (/Users/cmuir/P1Import-apps/P1-import-Subsystem/node_modules/jest-circus/build/jestAdapterInit.js:1920:21)
    at jestAdapter (/Users/cmuir/P1Import-apps/P1-import-Subsystem/node_modules/jest-circus/build/runner.js:101:19)
    at runTestInternal (/Users/cmuir/P1Import-apps/P1-import-Subsystem/node_modules/jest-runner/build/testWorker.js:275:16)
    at runTest (/Users/cmuir/P1Import-apps/P1-import-Subsystem/node_modules/jest-runner/build/testWorker.js:343:7)
    at Object.worker (/Users/cmuir/P1Import-apps/P1-import-Subsystem/node_modules/jest-runner/build/testWorker.js:497:12)</failure>
    </testcase>
    <testcase classname="🎯 Drag and Drop Functionality Tests › 📄 Import Page Drag and Drop" name="should handle oversized file drag and drop" time="0">
      <failure>ReferenceError: jest is not defined
    at Object.&lt;anonymous&gt; (/Users/cmuir/P1Import-apps/P1-import-Subsystem/test/ui/drag-drop-functionality.test.mjs:188:9)
    at Promise.finally.completed (/Users/cmuir/P1Import-apps/P1-import-Subsystem/node_modules/jest-circus/build/jestAdapterInit.js:1559:28)
    at new Promise (&lt;anonymous&gt;)
    at callAsyncCircusFn (/Users/cmuir/P1Import-apps/P1-import-Subsystem/node_modules/jest-circus/build/jestAdapterInit.js:1499:10)
    at _callCircusHook (/Users/cmuir/P1Import-apps/P1-import-Subsystem/node_modules/jest-circus/build/jestAdapterInit.js:978:40)
    at processTicksAndRejections (node:internal/process/task_queues:105:5)
    at _runTest (/Users/cmuir/P1Import-apps/P1-import-Subsystem/node_modules/jest-circus/build/jestAdapterInit.js:943:5)
    at _runTestsForDescribeBlock (/Users/cmuir/P1Import-apps/P1-import-Subsystem/node_modules/jest-circus/build/jestAdapterInit.js:839:13)
    at _runTestsForDescribeBlock (/Users/cmuir/P1Import-apps/P1-import-Subsystem/node_modules/jest-circus/build/jestAdapterInit.js:829:11)
    at _runTestsForDescribeBlock (/Users/cmuir/P1Import-apps/P1-import-Subsystem/node_modules/jest-circus/build/jestAdapterInit.js:829:11)
    at run (/Users/cmuir/P1Import-apps/P1-import-Subsystem/node_modules/jest-circus/build/jestAdapterInit.js:757:3)
    at runAndTransformResultsToJestFormat (/Users/cmuir/P1Import-apps/P1-import-Subsystem/node_modules/jest-circus/build/jestAdapterInit.js:1920:21)
    at jestAdapter (/Users/cmuir/P1Import-apps/P1-import-Subsystem/node_modules/jest-circus/build/runner.js:101:19)
    at runTestInternal (/Users/cmuir/P1Import-apps/P1-import-Subsystem/node_modules/jest-runner/build/testWorker.js:275:16)
    at runTest (/Users/cmuir/P1Import-apps/P1-import-Subsystem/node_modules/jest-runner/build/testWorker.js:343:7)
    at Object.worker (/Users/cmuir/P1Import-apps/P1-import-Subsystem/node_modules/jest-runner/build/testWorker.js:497:12)</failure>
    </testcase>
    <testcase classname="🎯 Drag and Drop Functionality Tests › 📄 Import Page Drag and Drop" name="should handle multiple file drag and drop" time="0.001">
      <failure>ReferenceError: jest is not defined
    at Object.&lt;anonymous&gt; (/Users/cmuir/P1Import-apps/P1-import-Subsystem/test/ui/drag-drop-functionality.test.mjs:188:9)
    at Promise.finally.completed (/Users/cmuir/P1Import-apps/P1-import-Subsystem/node_modules/jest-circus/build/jestAdapterInit.js:1559:28)
    at new Promise (&lt;anonymous&gt;)
    at callAsyncCircusFn (/Users/cmuir/P1Import-apps/P1-import-Subsystem/node_modules/jest-circus/build/jestAdapterInit.js:1499:10)
    at _callCircusHook (/Users/cmuir/P1Import-apps/P1-import-Subsystem/node_modules/jest-circus/build/jestAdapterInit.js:978:40)
    at processTicksAndRejections (node:internal/process/task_queues:105:5)
    at _runTest (/Users/cmuir/P1Import-apps/P1-import-Subsystem/node_modules/jest-circus/build/jestAdapterInit.js:943:5)
    at _runTestsForDescribeBlock (/Users/cmuir/P1Import-apps/P1-import-Subsystem/node_modules/jest-circus/build/jestAdapterInit.js:839:13)
    at _runTestsForDescribeBlock (/Users/cmuir/P1Import-apps/P1-import-Subsystem/node_modules/jest-circus/build/jestAdapterInit.js:829:11)
    at _runTestsForDescribeBlock (/Users/cmuir/P1Import-apps/P1-import-Subsystem/node_modules/jest-circus/build/jestAdapterInit.js:829:11)
    at run (/Users/cmuir/P1Import-apps/P1-import-Subsystem/node_modules/jest-circus/build/jestAdapterInit.js:757:3)
    at runAndTransformResultsToJestFormat (/Users/cmuir/P1Import-apps/P1-import-Subsystem/node_modules/jest-circus/build/jestAdapterInit.js:1920:21)
    at jestAdapter (/Users/cmuir/P1Import-apps/P1-import-Subsystem/node_modules/jest-circus/build/runner.js:101:19)
    at runTestInternal (/Users/cmuir/P1Import-apps/P1-import-Subsystem/node_modules/jest-runner/build/testWorker.js:275:16)
    at runTest (/Users/cmuir/P1Import-apps/P1-import-Subsystem/node_modules/jest-runner/build/testWorker.js:343:7)
    at Object.worker (/Users/cmuir/P1Import-apps/P1-import-Subsystem/node_modules/jest-runner/build/testWorker.js:497:12)</failure>
    </testcase>
    <testcase classname="🎯 Drag and Drop Functionality Tests › 🎨 Visual Feedback and UI States" name="should provide visual feedback during drag operations" time="0">
      <failure>ReferenceError: jest is not defined
    at Object.&lt;anonymous&gt; (/Users/cmuir/P1Import-apps/P1-import-Subsystem/test/ui/drag-drop-functionality.test.mjs:188:9)
    at Promise.finally.completed (/Users/cmuir/P1Import-apps/P1-import-Subsystem/node_modules/jest-circus/build/jestAdapterInit.js:1559:28)
    at new Promise (&lt;anonymous&gt;)
    at callAsyncCircusFn (/Users/cmuir/P1Import-apps/P1-import-Subsystem/node_modules/jest-circus/build/jestAdapterInit.js:1499:10)
    at _callCircusHook (/Users/cmuir/P1Import-apps/P1-import-Subsystem/node_modules/jest-circus/build/jestAdapterInit.js:978:40)
    at processTicksAndRejections (node:internal/process/task_queues:105:5)
    at _runTest (/Users/cmuir/P1Import-apps/P1-import-Subsystem/node_modules/jest-circus/build/jestAdapterInit.js:943:5)
    at _runTestsForDescribeBlock (/Users/cmuir/P1Import-apps/P1-import-Subsystem/node_modules/jest-circus/build/jestAdapterInit.js:839:13)
    at _runTestsForDescribeBlock (/Users/cmuir/P1Import-apps/P1-import-Subsystem/node_modules/jest-circus/build/jestAdapterInit.js:829:11)
    at _runTestsForDescribeBlock (/Users/cmuir/P1Import-apps/P1-import-Subsystem/node_modules/jest-circus/build/jestAdapterInit.js:829:11)
    at run (/Users/cmuir/P1Import-apps/P1-import-Subsystem/node_modules/jest-circus/build/jestAdapterInit.js:757:3)
    at runAndTransformResultsToJestFormat (/Users/cmuir/P1Import-apps/P1-import-Subsystem/node_modules/jest-circus/build/jestAdapterInit.js:1920:21)
    at jestAdapter (/Users/cmuir/P1Import-apps/P1-import-Subsystem/node_modules/jest-circus/build/runner.js:101:19)
    at runTestInternal (/Users/cmuir/P1Import-apps/P1-import-Subsystem/node_modules/jest-runner/build/testWorker.js:275:16)
    at runTest (/Users/cmuir/P1Import-apps/P1-import-Subsystem/node_modules/jest-runner/build/testWorker.js:343:7)
    at Object.worker (/Users/cmuir/P1Import-apps/P1-import-Subsystem/node_modules/jest-runner/build/testWorker.js:497:12)</failure>
    </testcase>
    <testcase classname="🎯 Drag and Drop Functionality Tests › 🎨 Visual Feedback and UI States" name="should show appropriate error states for invalid files" time="0">
      <failure>ReferenceError: jest is not defined
    at Object.&lt;anonymous&gt; (/Users/cmuir/P1Import-apps/P1-import-Subsystem/test/ui/drag-drop-functionality.test.mjs:188:9)
    at Promise.finally.completed (/Users/cmuir/P1Import-apps/P1-import-Subsystem/node_modules/jest-circus/build/jestAdapterInit.js:1559:28)
    at new Promise (&lt;anonymous&gt;)
    at callAsyncCircusFn (/Users/cmuir/P1Import-apps/P1-import-Subsystem/node_modules/jest-circus/build/jestAdapterInit.js:1499:10)
    at _callCircusHook (/Users/cmuir/P1Import-apps/P1-import-Subsystem/node_modules/jest-circus/build/jestAdapterInit.js:978:40)
    at processTicksAndRejections (node:internal/process/task_queues:105:5)
    at _runTest (/Users/cmuir/P1Import-apps/P1-import-Subsystem/node_modules/jest-circus/build/jestAdapterInit.js:943:5)
    at _runTestsForDescribeBlock (/Users/cmuir/P1Import-apps/P1-import-Subsystem/node_modules/jest-circus/build/jestAdapterInit.js:839:13)
    at _runTestsForDescribeBlock (/Users/cmuir/P1Import-apps/P1-import-Subsystem/node_modules/jest-circus/build/jestAdapterInit.js:829:11)
    at _runTestsForDescribeBlock (/Users/cmuir/P1Import-apps/P1-import-Subsystem/node_modules/jest-circus/build/jestAdapterInit.js:829:11)
    at run (/Users/cmuir/P1Import-apps/P1-import-Subsystem/node_modules/jest-circus/build/jestAdapterInit.js:757:3)
    at runAndTransformResultsToJestFormat (/Users/cmuir/P1Import-apps/P1-import-Subsystem/node_modules/jest-circus/build/jestAdapterInit.js:1920:21)
    at jestAdapter (/Users/cmuir/P1Import-apps/P1-import-Subsystem/node_modules/jest-circus/build/runner.js:101:19)
    at runTestInternal (/Users/cmuir/P1Import-apps/P1-import-Subsystem/node_modules/jest-runner/build/testWorker.js:275:16)
    at runTest (/Users/cmuir/P1Import-apps/P1-import-Subsystem/node_modules/jest-runner/build/testWorker.js:343:7)
    at Object.worker (/Users/cmuir/P1Import-apps/P1-import-Subsystem/node_modules/jest-runner/build/testWorker.js:497:12)</failure>
    </testcase>
    <testcase classname="🎯 Drag and Drop Functionality Tests › 🎨 Visual Feedback and UI States" name="should show success states for valid files" time="0">
      <failure>ReferenceError: jest is not defined
    at Object.&lt;anonymous&gt; (/Users/cmuir/P1Import-apps/P1-import-Subsystem/test/ui/drag-drop-functionality.test.mjs:188:9)
    at Promise.finally.completed (/Users/cmuir/P1Import-apps/P1-import-Subsystem/node_modules/jest-circus/build/jestAdapterInit.js:1559:28)
    at new Promise (&lt;anonymous&gt;)
    at callAsyncCircusFn (/Users/cmuir/P1Import-apps/P1-import-Subsystem/node_modules/jest-circus/build/jestAdapterInit.js:1499:10)
    at _callCircusHook (/Users/cmuir/P1Import-apps/P1-import-Subsystem/node_modules/jest-circus/build/jestAdapterInit.js:978:40)
    at processTicksAndRejections (node:internal/process/task_queues:105:5)
    at _runTest (/Users/cmuir/P1Import-apps/P1-import-Subsystem/node_modules/jest-circus/build/jestAdapterInit.js:943:5)
    at _runTestsForDescribeBlock (/Users/cmuir/P1Import-apps/P1-import-Subsystem/node_modules/jest-circus/build/jestAdapterInit.js:839:13)
    at _runTestsForDescribeBlock (/Users/cmuir/P1Import-apps/P1-import-Subsystem/node_modules/jest-circus/build/jestAdapterInit.js:829:11)
    at _runTestsForDescribeBlock (/Users/cmuir/P1Import-apps/P1-import-Subsystem/node_modules/jest-circus/build/jestAdapterInit.js:829:11)
    at run (/Users/cmuir/P1Import-apps/P1-import-Subsystem/node_modules/jest-circus/build/jestAdapterInit.js:757:3)
    at runAndTransformResultsToJestFormat (/Users/cmuir/P1Import-apps/P1-import-Subsystem/node_modules/jest-circus/build/jestAdapterInit.js:1920:21)
    at jestAdapter (/Users/cmuir/P1Import-apps/P1-import-Subsystem/node_modules/jest-circus/build/runner.js:101:19)
    at runTestInternal (/Users/cmuir/P1Import-apps/P1-import-Subsystem/node_modules/jest-runner/build/testWorker.js:275:16)
    at runTest (/Users/cmuir/P1Import-apps/P1-import-Subsystem/node_modules/jest-runner/build/testWorker.js:343:7)
    at Object.worker (/Users/cmuir/P1Import-apps/P1-import-Subsystem/node_modules/jest-runner/build/testWorker.js:497:12)</failure>
    </testcase>
    <testcase classname="🎯 Drag and Drop Functionality Tests › 🔗 Integration with Backend" name="should integrate drag and drop with import API" time="0">
      <failure>ReferenceError: jest is not defined
    at Object.&lt;anonymous&gt; (/Users/cmuir/P1Import-apps/P1-import-Subsystem/test/ui/drag-drop-functionality.test.mjs:188:9)
    at Promise.finally.completed (/Users/cmuir/P1Import-apps/P1-import-Subsystem/node_modules/jest-circus/build/jestAdapterInit.js:1559:28)
    at new Promise (&lt;anonymous&gt;)
    at callAsyncCircusFn (/Users/cmuir/P1Import-apps/P1-import-Subsystem/node_modules/jest-circus/build/jestAdapterInit.js:1499:10)
    at _callCircusHook (/Users/cmuir/P1Import-apps/P1-import-Subsystem/node_modules/jest-circus/build/jestAdapterInit.js:978:40)
    at processTicksAndRejections (node:internal/process/task_queues:105:5)
    at _runTest (/Users/cmuir/P1Import-apps/P1-import-Subsystem/node_modules/jest-circus/build/jestAdapterInit.js:943:5)
    at _runTestsForDescribeBlock (/Users/cmuir/P1Import-apps/P1-import-Subsystem/node_modules/jest-circus/build/jestAdapterInit.js:839:13)
    at _runTestsForDescribeBlock (/Users/cmuir/P1Import-apps/P1-import-Subsystem/node_modules/jest-circus/build/jestAdapterInit.js:829:11)
    at _runTestsForDescribeBlock (/Users/cmuir/P1Import-apps/P1-import-Subsystem/node_modules/jest-circus/build/jestAdapterInit.js:829:11)
    at run (/Users/cmuir/P1Import-apps/P1-import-Subsystem/node_modules/jest-circus/build/jestAdapterInit.js:757:3)
    at runAndTransformResultsToJestFormat (/Users/cmuir/P1Import-apps/P1-import-Subsystem/node_modules/jest-circus/build/jestAdapterInit.js:1920:21)
    at jestAdapter (/Users/cmuir/P1Import-apps/P1-import-Subsystem/node_modules/jest-circus/build/runner.js:101:19)
    at runTestInternal (/Users/cmuir/P1Import-apps/P1-import-Subsystem/node_modules/jest-runner/build/testWorker.js:275:16)
    at runTest (/Users/cmuir/P1Import-apps/P1-import-Subsystem/node_modules/jest-runner/build/testWorker.js:343:7)
    at Object.worker (/Users/cmuir/P1Import-apps/P1-import-Subsystem/node_modules/jest-runner/build/testWorker.js:497:12)</failure>
    </testcase>
    <testcase classname="🎯 Drag and Drop Functionality Tests › 🔗 Integration with Backend" name="should handle drag and drop file validation with server" time="0.001">
      <failure>ReferenceError: jest is not defined
    at Object.&lt;anonymous&gt; (/Users/cmuir/P1Import-apps/P1-import-Subsystem/test/ui/drag-drop-functionality.test.mjs:188:9)
    at Promise.finally.completed (/Users/cmuir/P1Import-apps/P1-import-Subsystem/node_modules/jest-circus/build/jestAdapterInit.js:1559:28)
    at new Promise (&lt;anonymous&gt;)
    at callAsyncCircusFn (/Users/cmuir/P1Import-apps/P1-import-Subsystem/node_modules/jest-circus/build/jestAdapterInit.js:1499:10)
    at _callCircusHook (/Users/cmuir/P1Import-apps/P1-import-Subsystem/node_modules/jest-circus/build/jestAdapterInit.js:978:40)
    at processTicksAndRejections (node:internal/process/task_queues:105:5)
    at _runTest (/Users/cmuir/P1Import-apps/P1-import-Subsystem/node_modules/jest-circus/build/jestAdapterInit.js:943:5)
    at _runTestsForDescribeBlock (/Users/cmuir/P1Import-apps/P1-import-Subsystem/node_modules/jest-circus/build/jestAdapterInit.js:839:13)
    at _runTestsForDescribeBlock (/Users/cmuir/P1Import-apps/P1-import-Subsystem/node_modules/jest-circus/build/jestAdapterInit.js:829:11)
    at _runTestsForDescribeBlock (/Users/cmuir/P1Import-apps/P1-import-Subsystem/node_modules/jest-circus/build/jestAdapterInit.js:829:11)
    at run (/Users/cmuir/P1Import-apps/P1-import-Subsystem/node_modules/jest-circus/build/jestAdapterInit.js:757:3)
    at runAndTransformResultsToJestFormat (/Users/cmuir/P1Import-apps/P1-import-Subsystem/node_modules/jest-circus/build/jestAdapterInit.js:1920:21)
    at jestAdapter (/Users/cmuir/P1Import-apps/P1-import-Subsystem/node_modules/jest-circus/build/runner.js:101:19)
    at runTestInternal (/Users/cmuir/P1Import-apps/P1-import-Subsystem/node_modules/jest-runner/build/testWorker.js:275:16)
    at runTest (/Users/cmuir/P1Import-apps/P1-import-Subsystem/node_modules/jest-runner/build/testWorker.js:343:7)
    at Object.worker (/Users/cmuir/P1Import-apps/P1-import-Subsystem/node_modules/jest-runner/build/testWorker.js:497:12)</failure>
    </testcase>
    <testcase classname="🎯 Drag and Drop Functionality Tests › 🌐 Cross-Page Drag and Drop Support" name="should support drag and drop on main import page" time="0">
      <failure>ReferenceError: jest is not defined
    at Object.&lt;anonymous&gt; (/Users/cmuir/P1Import-apps/P1-import-Subsystem/test/ui/drag-drop-functionality.test.mjs:188:9)
    at Promise.finally.completed (/Users/cmuir/P1Import-apps/P1-import-Subsystem/node_modules/jest-circus/build/jestAdapterInit.js:1559:28)
    at new Promise (&lt;anonymous&gt;)
    at callAsyncCircusFn (/Users/cmuir/P1Import-apps/P1-import-Subsystem/node_modules/jest-circus/build/jestAdapterInit.js:1499:10)
    at _callCircusHook (/Users/cmuir/P1Import-apps/P1-import-Subsystem/node_modules/jest-circus/build/jestAdapterInit.js:978:40)
    at processTicksAndRejections (node:internal/process/task_queues:105:5)
    at _runTest (/Users/cmuir/P1Import-apps/P1-import-Subsystem/node_modules/jest-circus/build/jestAdapterInit.js:943:5)
    at _runTestsForDescribeBlock (/Users/cmuir/P1Import-apps/P1-import-Subsystem/node_modules/jest-circus/build/jestAdapterInit.js:839:13)
    at _runTestsForDescribeBlock (/Users/cmuir/P1Import-apps/P1-import-Subsystem/node_modules/jest-circus/build/jestAdapterInit.js:829:11)
    at _runTestsForDescribeBlock (/Users/cmuir/P1Import-apps/P1-import-Subsystem/node_modules/jest-circus/build/jestAdapterInit.js:829:11)
    at run (/Users/cmuir/P1Import-apps/P1-import-Subsystem/node_modules/jest-circus/build/jestAdapterInit.js:757:3)
    at runAndTransformResultsToJestFormat (/Users/cmuir/P1Import-apps/P1-import-Subsystem/node_modules/jest-circus/build/jestAdapterInit.js:1920:21)
    at jestAdapter (/Users/cmuir/P1Import-apps/P1-import-Subsystem/node_modules/jest-circus/build/runner.js:101:19)
    at runTestInternal (/Users/cmuir/P1Import-apps/P1-import-Subsystem/node_modules/jest-runner/build/testWorker.js:275:16)
    at runTest (/Users/cmuir/P1Import-apps/P1-import-Subsystem/node_modules/jest-runner/build/testWorker.js:343:7)
    at Object.worker (/Users/cmuir/P1Import-apps/P1-import-Subsystem/node_modules/jest-runner/build/testWorker.js:497:12)</failure>
    </testcase>
    <testcase classname="🎯 Drag and Drop Functionality Tests › 🌐 Cross-Page Drag and Drop Support" name="should handle drag and drop on settings page (if applicable)" time="0">
      <failure>ReferenceError: jest is not defined
    at Object.&lt;anonymous&gt; (/Users/cmuir/P1Import-apps/P1-import-Subsystem/test/ui/drag-drop-functionality.test.mjs:188:9)
    at Promise.finally.completed (/Users/cmuir/P1Import-apps/P1-import-Subsystem/node_modules/jest-circus/build/jestAdapterInit.js:1559:28)
    at new Promise (&lt;anonymous&gt;)
    at callAsyncCircusFn (/Users/cmuir/P1Import-apps/P1-import-Subsystem/node_modules/jest-circus/build/jestAdapterInit.js:1499:10)
    at _callCircusHook (/Users/cmuir/P1Import-apps/P1-import-Subsystem/node_modules/jest-circus/build/jestAdapterInit.js:978:40)
    at processTicksAndRejections (node:internal/process/task_queues:105:5)
    at _runTest (/Users/cmuir/P1Import-apps/P1-import-Subsystem/node_modules/jest-circus/build/jestAdapterInit.js:943:5)
    at _runTestsForDescribeBlock (/Users/cmuir/P1Import-apps/P1-import-Subsystem/node_modules/jest-circus/build/jestAdapterInit.js:839:13)
    at _runTestsForDescribeBlock (/Users/cmuir/P1Import-apps/P1-import-Subsystem/node_modules/jest-circus/build/jestAdapterInit.js:829:11)
    at _runTestsForDescribeBlock (/Users/cmuir/P1Import-apps/P1-import-Subsystem/node_modules/jest-circus/build/jestAdapterInit.js:829:11)
    at run (/Users/cmuir/P1Import-apps/P1-import-Subsystem/node_modules/jest-circus/build/jestAdapterInit.js:757:3)
    at runAndTransformResultsToJestFormat (/Users/cmuir/P1Import-apps/P1-import-Subsystem/node_modules/jest-circus/build/jestAdapterInit.js:1920:21)
    at jestAdapter (/Users/cmuir/P1Import-apps/P1-import-Subsystem/node_modules/jest-circus/build/runner.js:101:19)
    at runTestInternal (/Users/cmuir/P1Import-apps/P1-import-Subsystem/node_modules/jest-runner/build/testWorker.js:275:16)
    at runTest (/Users/cmuir/P1Import-apps/P1-import-Subsystem/node_modules/jest-runner/build/testWorker.js:343:7)
    at Object.worker (/Users/cmuir/P1Import-apps/P1-import-Subsystem/node_modules/jest-runner/build/testWorker.js:497:12)</failure>
    </testcase>
    <testcase classname="🎯 Drag and Drop Functionality Tests › 🌐 Cross-Page Drag and Drop Support" name="should handle drag and drop on history page (if applicable)" time="0">
      <failure>ReferenceError: jest is not defined
    at Object.&lt;anonymous&gt; (/Users/cmuir/P1Import-apps/P1-import-Subsystem/test/ui/drag-drop-functionality.test.mjs:188:9)
    at Promise.finally.completed (/Users/cmuir/P1Import-apps/P1-import-Subsystem/node_modules/jest-circus/build/jestAdapterInit.js:1559:28)
    at new Promise (&lt;anonymous&gt;)
    at callAsyncCircusFn (/Users/cmuir/P1Import-apps/P1-import-Subsystem/node_modules/jest-circus/build/jestAdapterInit.js:1499:10)
    at _callCircusHook (/Users/cmuir/P1Import-apps/P1-import-Subsystem/node_modules/jest-circus/build/jestAdapterInit.js:978:40)
    at processTicksAndRejections (node:internal/process/task_queues:105:5)
    at _runTest (/Users/cmuir/P1Import-apps/P1-import-Subsystem/node_modules/jest-circus/build/jestAdapterInit.js:943:5)
    at _runTestsForDescribeBlock (/Users/cmuir/P1Import-apps/P1-import-Subsystem/node_modules/jest-circus/build/jestAdapterInit.js:839:13)
    at _runTestsForDescribeBlock (/Users/cmuir/P1Import-apps/P1-import-Subsystem/node_modules/jest-circus/build/jestAdapterInit.js:829:11)
    at _runTestsForDescribeBlock (/Users/cmuir/P1Import-apps/P1-import-Subsystem/node_modules/jest-circus/build/jestAdapterInit.js:829:11)
    at run (/Users/cmuir/P1Import-apps/P1-import-Subsystem/node_modules/jest-circus/build/jestAdapterInit.js:757:3)
    at runAndTransformResultsToJestFormat (/Users/cmuir/P1Import-apps/P1-import-Subsystem/node_modules/jest-circus/build/jestAdapterInit.js:1920:21)
    at jestAdapter (/Users/cmuir/P1Import-apps/P1-import-Subsystem/node_modules/jest-circus/build/runner.js:101:19)
    at runTestInternal (/Users/cmuir/P1Import-apps/P1-import-Subsystem/node_modules/jest-runner/build/testWorker.js:275:16)
    at runTest (/Users/cmuir/P1Import-apps/P1-import-Subsystem/node_modules/jest-runner/build/testWorker.js:343:7)
    at Object.worker (/Users/cmuir/P1Import-apps/P1-import-Subsystem/node_modules/jest-runner/build/testWorker.js:497:12)</failure>
    </testcase>
    <testcase classname="🎯 Drag and Drop Functionality Tests › 🔧 Error Handling and Edge Cases" name="should handle drag and drop when no files are present" time="0">
      <failure>ReferenceError: jest is not defined
    at Object.&lt;anonymous&gt; (/Users/cmuir/P1Import-apps/P1-import-Subsystem/test/ui/drag-drop-functionality.test.mjs:188:9)
    at Promise.finally.completed (/Users/cmuir/P1Import-apps/P1-import-Subsystem/node_modules/jest-circus/build/jestAdapterInit.js:1559:28)
    at new Promise (&lt;anonymous&gt;)
    at callAsyncCircusFn (/Users/cmuir/P1Import-apps/P1-import-Subsystem/node_modules/jest-circus/build/jestAdapterInit.js:1499:10)
    at _callCircusHook (/Users/cmuir/P1Import-apps/P1-import-Subsystem/node_modules/jest-circus/build/jestAdapterInit.js:978:40)
    at processTicksAndRejections (node:internal/process/task_queues:105:5)
    at _runTest (/Users/cmuir/P1Import-apps/P1-import-Subsystem/node_modules/jest-circus/build/jestAdapterInit.js:943:5)
    at _runTestsForDescribeBlock (/Users/cmuir/P1Import-apps/P1-import-Subsystem/node_modules/jest-circus/build/jestAdapterInit.js:839:13)
    at _runTestsForDescribeBlock (/Users/cmuir/P1Import-apps/P1-import-Subsystem/node_modules/jest-circus/build/jestAdapterInit.js:829:11)
    at _runTestsForDescribeBlock (/Users/cmuir/P1Import-apps/P1-import-Subsystem/node_modules/jest-circus/build/jestAdapterInit.js:829:11)
    at run (/Users/cmuir/P1Import-apps/P1-import-Subsystem/node_modules/jest-circus/build/jestAdapterInit.js:757:3)
    at runAndTransformResultsToJestFormat (/Users/cmuir/P1Import-apps/P1-import-Subsystem/node_modules/jest-circus/build/jestAdapterInit.js:1920:21)
    at jestAdapter (/Users/cmuir/P1Import-apps/P1-import-Subsystem/node_modules/jest-circus/build/runner.js:101:19)
    at runTestInternal (/Users/cmuir/P1Import-apps/P1-import-Subsystem/node_modules/jest-runner/build/testWorker.js:275:16)
    at runTest (/Users/cmuir/P1Import-apps/P1-import-Subsystem/node_modules/jest-runner/build/testWorker.js:343:7)
    at Object.worker (/Users/cmuir/P1Import-apps/P1-import-Subsystem/node_modules/jest-runner/build/testWorker.js:497:12)</failure>
    </testcase>
    <testcase classname="🎯 Drag and Drop Functionality Tests › 🔧 Error Handling and Edge Cases" name="should handle drag and drop with corrupted file data" time="0">
      <failure>ReferenceError: jest is not defined
    at Object.&lt;anonymous&gt; (/Users/cmuir/P1Import-apps/P1-import-Subsystem/test/ui/drag-drop-functionality.test.mjs:188:9)
    at Promise.finally.completed (/Users/cmuir/P1Import-apps/P1-import-Subsystem/node_modules/jest-circus/build/jestAdapterInit.js:1559:28)
    at new Promise (&lt;anonymous&gt;)
    at callAsyncCircusFn (/Users/cmuir/P1Import-apps/P1-import-Subsystem/node_modules/jest-circus/build/jestAdapterInit.js:1499:10)
    at _callCircusHook (/Users/cmuir/P1Import-apps/P1-import-Subsystem/node_modules/jest-circus/build/jestAdapterInit.js:978:40)
    at processTicksAndRejections (node:internal/process/task_queues:105:5)
    at _runTest (/Users/cmuir/P1Import-apps/P1-import-Subsystem/node_modules/jest-circus/build/jestAdapterInit.js:943:5)
    at _runTestsForDescribeBlock (/Users/cmuir/P1Import-apps/P1-import-Subsystem/node_modules/jest-circus/build/jestAdapterInit.js:839:13)
    at _runTestsForDescribeBlock (/Users/cmuir/P1Import-apps/P1-import-Subsystem/node_modules/jest-circus/build/jestAdapterInit.js:829:11)
    at _runTestsForDescribeBlock (/Users/cmuir/P1Import-apps/P1-import-Subsystem/node_modules/jest-circus/build/jestAdapterInit.js:829:11)
    at run (/Users/cmuir/P1Import-apps/P1-import-Subsystem/node_modules/jest-circus/build/jestAdapterInit.js:757:3)
    at runAndTransformResultsToJestFormat (/Users/cmuir/P1Import-apps/P1-import-Subsystem/node_modules/jest-circus/build/jestAdapterInit.js:1920:21)
    at jestAdapter (/Users/cmuir/P1Import-apps/P1-import-Subsystem/node_modules/jest-circus/build/runner.js:101:19)
    at runTestInternal (/Users/cmuir/P1Import-apps/P1-import-Subsystem/node_modules/jest-runner/build/testWorker.js:275:16)
    at runTest (/Users/cmuir/P1Import-apps/P1-import-Subsystem/node_modules/jest-runner/build/testWorker.js:343:7)
    at Object.worker (/Users/cmuir/P1Import-apps/P1-import-Subsystem/node_modules/jest-runner/build/testWorker.js:497:12)</failure>
    </testcase>
    <testcase classname="🎯 Drag and Drop Functionality Tests › 🔧 Error Handling and Edge Cases" name="should prevent default browser behavior for drag and drop" time="0">
      <failure>ReferenceError: jest is not defined
    at Object.&lt;anonymous&gt; (/Users/cmuir/P1Import-apps/P1-import-Subsystem/test/ui/drag-drop-functionality.test.mjs:188:9)
    at Promise.finally.completed (/Users/cmuir/P1Import-apps/P1-import-Subsystem/node_modules/jest-circus/build/jestAdapterInit.js:1559:28)
    at new Promise (&lt;anonymous&gt;)
    at callAsyncCircusFn (/Users/cmuir/P1Import-apps/P1-import-Subsystem/node_modules/jest-circus/build/jestAdapterInit.js:1499:10)
    at _callCircusHook (/Users/cmuir/P1Import-apps/P1-import-Subsystem/node_modules/jest-circus/build/jestAdapterInit.js:978:40)
    at processTicksAndRejections (node:internal/process/task_queues:105:5)
    at _runTest (/Users/cmuir/P1Import-apps/P1-import-Subsystem/node_modules/jest-circus/build/jestAdapterInit.js:943:5)
    at _runTestsForDescribeBlock (/Users/cmuir/P1Import-apps/P1-import-Subsystem/node_modules/jest-circus/build/jestAdapterInit.js:839:13)
    at _runTestsForDescribeBlock (/Users/cmuir/P1Import-apps/P1-import-Subsystem/node_modules/jest-circus/build/jestAdapterInit.js:829:11)
    at _runTestsForDescribeBlock (/Users/cmuir/P1Import-apps/P1-import-Subsystem/node_modules/jest-circus/build/jestAdapterInit.js:829:11)
    at run (/Users/cmuir/P1Import-apps/P1-import-Subsystem/node_modules/jest-circus/build/jestAdapterInit.js:757:3)
    at runAndTransformResultsToJestFormat (/Users/cmuir/P1Import-apps/P1-import-Subsystem/node_modules/jest-circus/build/jestAdapterInit.js:1920:21)
    at jestAdapter (/Users/cmuir/P1Import-apps/P1-import-Subsystem/node_modules/jest-circus/build/runner.js:101:19)
    at runTestInternal (/Users/cmuir/P1Import-apps/P1-import-Subsystem/node_modules/jest-runner/build/testWorker.js:275:16)
    at runTest (/Users/cmuir/P1Import-apps/P1-import-Subsystem/node_modules/jest-runner/build/testWorker.js:343:7)
    at Object.worker (/Users/cmuir/P1Import-apps/P1-import-Subsystem/node_modules/jest-runner/build/testWorker.js:497:12)</failure>
    </testcase>
  </testsuite>
  <testsuite name="test/api-client/api-endpoints.test.js" errors="0" failures="3" skipped="0" timestamp="2025-08-20T11:47:24" time="0.171" tests="3">
    <testcase classname="API Endpoints (client perspective)" name="should return health status" time="0.021">
      <failure>AxiosError: Network Error
    at XMLHttpRequest.handleError (/Users/cmuir/P1Import-apps/P1-import-Subsystem/node_modules/axios/lib/adapters/xhr.js:110:14)
    at XMLHttpRequest.invokeTheCallbackFunction (/Users/cmuir/P1Import-apps/P1-import-Subsystem/node_modules/jsdom/lib/jsdom/living/generated/EventHandlerNonNull.js:14:28)
    at XMLHttpRequest.&lt;anonymous&gt; (/Users/cmuir/P1Import-apps/P1-import-Subsystem/node_modules/jsdom/lib/jsdom/living/helpers/create-event-accessor.js:35:32)
    at innerInvokeEventListeners (/Users/cmuir/P1Import-apps/P1-import-Subsystem/node_modules/jsdom/lib/jsdom/living/events/EventTarget-impl.js:350:25)
    at invokeEventListeners (/Users/cmuir/P1Import-apps/P1-import-Subsystem/node_modules/jsdom/lib/jsdom/living/events/EventTarget-impl.js:286:3)
    at XMLHttpRequestImpl._dispatch (/Users/cmuir/P1Import-apps/P1-import-Subsystem/node_modules/jsdom/lib/jsdom/living/events/EventTarget-impl.js:233:9)
    at fireAnEvent (/Users/cmuir/P1Import-apps/P1-import-Subsystem/node_modules/jsdom/lib/jsdom/living/helpers/events.js:18:36)
    at requestErrorSteps (/Users/cmuir/P1Import-apps/P1-import-Subsystem/node_modules/jsdom/lib/jsdom/living/xhr/xhr-utils.js:130:3)
    at dispatchError (/Users/cmuir/P1Import-apps/P1-import-Subsystem/node_modules/jsdom/lib/jsdom/living/xhr/xhr-utils.js:59:3)
    at Object.validCORSHeaders (/Users/cmuir/P1Import-apps/P1-import-Subsystem/node_modules/jsdom/lib/jsdom/living/xhr/xhr-utils.js:74:5)
    at receiveResponse (/Users/cmuir/P1Import-apps/P1-import-Subsystem/node_modules/jsdom/lib/jsdom/living/xhr/XMLHttpRequest-impl.js:794:19)
    at Request.&lt;anonymous&gt; (/Users/cmuir/P1Import-apps/P1-import-Subsystem/node_modules/jsdom/lib/jsdom/living/xhr/XMLHttpRequest-impl.js:658:43)
    at Request.emit (node:events:518:28)
    at Request._processResponse (/Users/cmuir/P1Import-apps/P1-import-Subsystem/node_modules/jsdom/lib/jsdom/living/helpers/http-request.js:240:12)
    at ClientRequest.&lt;anonymous&gt; (/Users/cmuir/P1Import-apps/P1-import-Subsystem/node_modules/jsdom/lib/jsdom/living/helpers/http-request.js:107:12)
    at Object.onceWrapper (node:events:633:26)
    at ClientRequest.emit (node:events:518:28)
    at HTTPParser.parserOnIncomingClient (node:_http_client:716:27)
    at HTTPParser.parserOnHeadersComplete (node:_http_common:117:17)
    at Socket.socketOnData (node:_http_client:558:22)
    at Socket.emit (node:events:518:28)
    at addChunk (node:internal/streams/readable:561:12)
    at readableAddChunkPushByteMode (node:internal/streams/readable:512:3)
    at Socket.Readable.push (node:internal/streams/readable:392:5)
    at TCP.onStreamRead (node:internal/stream_base_commons:189:23)
    at Axios.request (/Users/cmuir/P1Import-apps/P1-import-Subsystem/node_modules/axios/lib/core/Axios.js:45:41)
    at processTicksAndRejections (node:internal/process/task_queues:105:5)
    at Object.&lt;anonymous&gt; (/Users/cmuir/P1Import-apps/P1-import-Subsystem/test/api-client/api-endpoints.test.js:7:17)</failure>
    </testcase>
    <testcase classname="API Endpoints (client perspective)" name="should return system status" time="0.006">
      <failure>AxiosError: Network Error
    at XMLHttpRequest.handleError (/Users/cmuir/P1Import-apps/P1-import-Subsystem/node_modules/axios/lib/adapters/xhr.js:110:14)
    at XMLHttpRequest.invokeTheCallbackFunction (/Users/cmuir/P1Import-apps/P1-import-Subsystem/node_modules/jsdom/lib/jsdom/living/generated/EventHandlerNonNull.js:14:28)
    at XMLHttpRequest.&lt;anonymous&gt; (/Users/cmuir/P1Import-apps/P1-import-Subsystem/node_modules/jsdom/lib/jsdom/living/helpers/create-event-accessor.js:35:32)
    at innerInvokeEventListeners (/Users/cmuir/P1Import-apps/P1-import-Subsystem/node_modules/jsdom/lib/jsdom/living/events/EventTarget-impl.js:350:25)
    at invokeEventListeners (/Users/cmuir/P1Import-apps/P1-import-Subsystem/node_modules/jsdom/lib/jsdom/living/events/EventTarget-impl.js:286:3)
    at XMLHttpRequestImpl._dispatch (/Users/cmuir/P1Import-apps/P1-import-Subsystem/node_modules/jsdom/lib/jsdom/living/events/EventTarget-impl.js:233:9)
    at fireAnEvent (/Users/cmuir/P1Import-apps/P1-import-Subsystem/node_modules/jsdom/lib/jsdom/living/helpers/events.js:18:36)
    at requestErrorSteps (/Users/cmuir/P1Import-apps/P1-import-Subsystem/node_modules/jsdom/lib/jsdom/living/xhr/xhr-utils.js:130:3)
    at dispatchError (/Users/cmuir/P1Import-apps/P1-import-Subsystem/node_modules/jsdom/lib/jsdom/living/xhr/xhr-utils.js:59:3)
    at Object.validCORSHeaders (/Users/cmuir/P1Import-apps/P1-import-Subsystem/node_modules/jsdom/lib/jsdom/living/xhr/xhr-utils.js:74:5)
    at receiveResponse (/Users/cmuir/P1Import-apps/P1-import-Subsystem/node_modules/jsdom/lib/jsdom/living/xhr/XMLHttpRequest-impl.js:794:19)
    at Request.&lt;anonymous&gt; (/Users/cmuir/P1Import-apps/P1-import-Subsystem/node_modules/jsdom/lib/jsdom/living/xhr/XMLHttpRequest-impl.js:658:43)
    at Request.emit (node:events:518:28)
    at Request._processResponse (/Users/cmuir/P1Import-apps/P1-import-Subsystem/node_modules/jsdom/lib/jsdom/living/helpers/http-request.js:240:12)
    at ClientRequest.&lt;anonymous&gt; (/Users/cmuir/P1Import-apps/P1-import-Subsystem/node_modules/jsdom/lib/jsdom/living/helpers/http-request.js:107:12)
    at Object.onceWrapper (node:events:633:26)
    at ClientRequest.emit (node:events:518:28)
    at HTTPParser.parserOnIncomingClient (node:_http_client:716:27)
    at HTTPParser.parserOnHeadersComplete (node:_http_common:117:17)
    at Socket.socketOnData (node:_http_client:558:22)
    at Socket.emit (node:events:518:28)
    at addChunk (node:internal/streams/readable:561:12)
    at readableAddChunkPushByteMode (node:internal/streams/readable:512:3)
    at Socket.Readable.push (node:internal/streams/readable:392:5)
    at TCP.onStreamRead (node:internal/stream_base_commons:189:23)
    at Axios.request (/Users/cmuir/P1Import-apps/P1-import-Subsystem/node_modules/axios/lib/core/Axios.js:45:41)
    at processTicksAndRejections (node:internal/process/task_queues:105:5)
    at Object.&lt;anonymous&gt; (/Users/cmuir/P1Import-apps/P1-import-Subsystem/test/api-client/api-endpoints.test.js:14:17)</failure>
    </testcase>
    <testcase classname="API Endpoints (client perspective)" name="should return version info" time="0.016">
      <failure>AxiosError: Network Error
    at XMLHttpRequest.handleError (/Users/cmuir/P1Import-apps/P1-import-Subsystem/node_modules/axios/lib/adapters/xhr.js:110:14)
    at XMLHttpRequest.invokeTheCallbackFunction (/Users/cmuir/P1Import-apps/P1-import-Subsystem/node_modules/jsdom/lib/jsdom/living/generated/EventHandlerNonNull.js:14:28)
    at XMLHttpRequest.&lt;anonymous&gt; (/Users/cmuir/P1Import-apps/P1-import-Subsystem/node_modules/jsdom/lib/jsdom/living/helpers/create-event-accessor.js:35:32)
    at innerInvokeEventListeners (/Users/cmuir/P1Import-apps/P1-import-Subsystem/node_modules/jsdom/lib/jsdom/living/events/EventTarget-impl.js:350:25)
    at invokeEventListeners (/Users/cmuir/P1Import-apps/P1-import-Subsystem/node_modules/jsdom/lib/jsdom/living/events/EventTarget-impl.js:286:3)
    at XMLHttpRequestImpl._dispatch (/Users/cmuir/P1Import-apps/P1-import-Subsystem/node_modules/jsdom/lib/jsdom/living/events/EventTarget-impl.js:233:9)
    at fireAnEvent (/Users/cmuir/P1Import-apps/P1-import-Subsystem/node_modules/jsdom/lib/jsdom/living/helpers/events.js:18:36)
    at requestErrorSteps (/Users/cmuir/P1Import-apps/P1-import-Subsystem/node_modules/jsdom/lib/jsdom/living/xhr/xhr-utils.js:130:3)
    at dispatchError (/Users/cmuir/P1Import-apps/P1-import-Subsystem/node_modules/jsdom/lib/jsdom/living/xhr/xhr-utils.js:59:3)
    at Object.validCORSHeaders (/Users/cmuir/P1Import-apps/P1-import-Subsystem/node_modules/jsdom/lib/jsdom/living/xhr/xhr-utils.js:74:5)
    at receiveResponse (/Users/cmuir/P1Import-apps/P1-import-Subsystem/node_modules/jsdom/lib/jsdom/living/xhr/XMLHttpRequest-impl.js:794:19)
    at Request.&lt;anonymous&gt; (/Users/cmuir/P1Import-apps/P1-import-Subsystem/node_modules/jsdom/lib/jsdom/living/xhr/XMLHttpRequest-impl.js:658:43)
    at Request.emit (node:events:518:28)
    at Request._processResponse (/Users/cmuir/P1Import-apps/P1-import-Subsystem/node_modules/jsdom/lib/jsdom/living/helpers/http-request.js:240:12)
    at ClientRequest.&lt;anonymous&gt; (/Users/cmuir/P1Import-apps/P1-import-Subsystem/node_modules/jsdom/lib/jsdom/living/helpers/http-request.js:107:12)
    at Object.onceWrapper (node:events:633:26)
    at ClientRequest.emit (node:events:518:28)
    at HTTPParser.parserOnIncomingClient (node:_http_client:716:27)
    at HTTPParser.parserOnHeadersComplete (node:_http_common:117:17)
    at Socket.socketOnData (node:_http_client:558:22)
    at Socket.emit (node:events:518:28)
    at addChunk (node:internal/streams/readable:561:12)
    at readableAddChunkPushByteMode (node:internal/streams/readable:512:3)
    at Socket.Readable.push (node:internal/streams/readable:392:5)
    at TCP.onStreamRead (node:internal/stream_base_commons:189:23)
    at Axios.request (/Users/cmuir/P1Import-apps/P1-import-Subsystem/node_modules/axios/lib/core/Axios.js:45:41)
    at processTicksAndRejections (node:internal/process/task_queues:105:5)
    at Object.&lt;anonymous&gt; (/Users/cmuir/P1Import-apps/P1-import-Subsystem/test/api-client/api-endpoints.test.js:22:17)</failure>
    </testcase>
  </testsuite>
  <testsuite name="test/ui/settings-page.test.mjs" errors="0" failures="3" skipped="0" timestamp="2025-08-20T11:47:24" time="0.136" tests="4">
    <testcase classname="Settings Page UI Tests › Settings Page Accessibility" name="should serve settings page at /test-settings.html" time="0.012">
      <failure>Error: expect(received).toContain(expected) // indexOf

Expected substring: &quot;PingOne Settings Tester&quot;
Received string:    &quot;&lt;!DOCTYPE html&gt;
&lt;html lang=\&quot;en\&quot;&gt;
&lt;head&gt;
    &lt;meta charset=\&quot;UTF-8\&quot;&gt;
    &lt;meta name=\&quot;viewport\&quot; content=\&quot;width=device-width, initial-scale=1.0\&quot;&gt;
    &lt;title&gt;PingOne User Management&lt;/title&gt;·····
    &lt;!-- Favicon --&gt;
    &lt;link rel=\&quot;icon\&quot; type=\&quot;image/x-icon\&quot; href=\&quot;/favicon.ico\&quot;&gt;·····
    &lt;!-- Ping Identity Official CSS --&gt;
    &lt;link rel=\&quot;stylesheet\&quot; href=\&quot;https://assets.pingone.com/ux/end-user-nano/0.1.0-alpha.9/end-user-nano.css?v=1755690095520\&quot;&gt;
    &lt;link rel=\&quot;stylesheet\&quot; href=\&quot;https://assets.pingone.com/ux/astro-nano/0.1.0-alpha.11/icons.css?v=1755690095520\&quot;&gt;·····
    &lt;!-- Material Design Icons Fallback --&gt;
    &lt;link rel=\&quot;stylesheet\&quot; href=\&quot;https://cdn.jsdelivr.net/npm/@mdi/font@7.4.47/css/materialdesignicons.min.css?v=1755690095520\&quot;&gt;·····
          &lt;!-- Custom PingOne UI CSS --&gt;
      &lt;link rel=\&quot;stylesheet\&quot; href=\&quot;/css/pingone-ui-custom.css?v=1755690095520\&quot;&gt;·······
      &lt;!-- Main CSS with cache busting --&gt;
      &lt;link rel=\&quot;stylesheet\&quot; href=\&quot;/css/main.css?v=1755690095520\&quot;&gt;·····
    &lt;!-- Import Maps Configuration --&gt;
    &lt;script type=\&quot;importmap\&quot;&gt;
    {
        \&quot;imports\&quot;: {
            \&quot;@/\&quot;: \&quot;/?v=v1755690095520\&quot;,
            \&quot;@/js/\&quot;: \&quot;/js/?v=v1755690095520\&quot;,
            \&quot;@/components/\&quot;: \&quot;/js/components/?v=v1755690095520\&quot;,
            \&quot;@/modules/\&quot;: \&quot;/js/modules/?v=v1755690095520\&quot;,
            \&quot;@/utils/\&quot;: \&quot;/js/utils/?v=v1755690095520\&quot;,
            \&quot;@/state/\&quot;: \&quot;/js/state/?v=v1755690095520\&quot;,
            \&quot;app\&quot;: \&quot;/js/app.js?v=v1755690095520\&quot;,
            \&quot;ui-manager\&quot;: \&quot;/js/modules/ui-manager.js?v=v1755690095520\&quot;,
            \&quot;api-client\&quot;: \&quot;/js/modules/api-client.js?v=v1755690095520\&quot;,
            \&quot;settings-manager\&quot;: \&quot;/js/modules/settings-manager.js?v=v1755690095520\&quot;,
            \&quot;home-page\&quot;: \&quot;./js/pages/home-page.js?v=v1755690095520\&quot;,
            \&quot;settings-page\&quot;: \&quot;./js/pages/settings-page.js?v=v1755690095520\&quot;,
            \&quot;import-page\&quot;: \&quot;./js/pages/import-page.js?v=v1755690095520\&quot;,
            \&quot;export-page\&quot;: \&quot;./js/pages/export-page.js?v=v1755690095520\&quot;,
            \&quot;csrf-utils\&quot;: \&quot;./js/utils/csrf-utils.js?v=v1755690095520\&quot;
        }
    }
    &lt;/script&gt;
&lt;script&gt;
            // Injected settings from server
            window.settingsJson = {\&quot;pingone_environment_id\&quot;:\&quot;b9817c16-9910-4415-b67e-4ac687da74d9\&quot;,\&quot;pingone_client_id\&quot;:\&quot;26e7f07c-11a4-402a-b064-07b55aee189e\&quot;,\&quot;pingone_client_secret\&quot;:\&quot;***REMOVED-PINGONE-API-SECRET***\&quot;,\&quot;pingone_population_id\&quot;:\&quot;\&quot;,\&quot;lastUpdated\&quot;:\&quot;2025-08-20T11:45:10.373Z\&quot;,\&quot;populationCache\&quot;:{\&quot;populations\&quot;:[{\&quot;id\&quot;:\&quot;3840c98d-202d-4f6a-8871-f3bc66cb3fa8\&quot;,\&quot;name\&quot;:\&quot;Sample Users\&quot;,\&quot;description\&quot;:\&quot;This is a sample user population created when the organization was provisioned.\&quot;,\&quot;userCount\&quot;:367},{\&quot;id\&quot;:\&quot;6fe3f6ea-39c5-4ad7-990b-53802bbcda49\&quot;,\&quot;name\&quot;:\&quot;More Sample Users\&quot;,\&quot;description\&quot;:\&quot;This is a sample user population created when the organization was provisioned.\&quot;,\&quot;userCount\&quot;:2},{\&quot;id\&quot;:\&quot;48af9c64-24fd-4eea-a8eb-16b7e4744fc8\&quot;,\&quot;name\&quot;:\&quot;TEST\&quot;,\&quot;description\&quot;:\&quot;\&quot;,\&quot;userCount\&quot;:5302},{\&quot;id\&quot;:\&quot;a83ccc54-6a98-4754-a15e-dcb5b8b027ed\&quot;,\&quot;name\&quot;:\&quot;NewPopulation\&quot;,\&quot;description\&quot;:\&quot;\&quot;,\&quot;userCount\&quot;:452},{\&quot;id\&quot;:\&quot;af772f0d-9b92-4fda-a8c4-b18199ac5f07\&quot;,\&quot;name\&quot;:\&quot;NewUsers\&quot;,\&quot;description\&quot;:\&quot;\&quot;,\&quot;userCount\&quot;:20},{\&quot;id\&quot;:\&quot;4b2f1908-0755-4e31-9e42-f39d9cfc992b\&quot;,\&quot;name\&quot;:\&quot;emptyPop\&quot;,\&quot;description\&quot;:\&quot;This is the Description for the group EmptyPop\&quot;,\&quot;userCount\&quot;:7061},{\&quot;id\&quot;:\&quot;28059928-b602-4c7c-8014-20fd00a0e950\&quot;,\&quot;name\&quot;:\&quot;first\&quot;,\&quot;description\&quot;:\&quot;\&quot;,\&quot;userCount\&quot;:21},{\&quot;id\&quot;:\&quot;19f5fa27-a5cf-4a89-bfa5-086dc3529d7b\&quot;,\&quot;name\&quot;:\&quot;New refresh\&quot;,\&quot;description\&quot;:\&quot;\&quot;,\&quot;userCount\&quot;:101},{\&quot;id\&quot;:\&quot;059ed373-17d9-417f-9ce9-f86a181d56b2\&quot;,\&quot;name\&quot;:\&quot;2 New\&quot;,\&quot;description\&quot;:\&quot;\&quot;,\&quot;userCount\&quot;:2695},{\&quot;id\&quot;:\&quot;440cd7b3-e373-4174-9013-3a1002cec260\&quot;,\&quot;name\&quot;:\&quot;Tina\&quot;,\&quot;description\&quot;:\&quot;\&quot;,\&quot;userCount\&quot;:0}],\&quot;cachedAt\&quot;:\&quot;2025-08-20T11:45:10.373Z\&quot;,\&quot;expiresAt\&quot;:\&quot;2025-08-20T11:50:10.373Z\&quot;,\&quot;count\&quot;:10},\&quot;populations\&quot;:[{\&quot;id\&quot;:\&quot;3840c98d-202d-4f6a-8871-f3bc66cb3fa8\&quot;,\&quot;name\&quot;:\&quot;Sample Users\&quot;,\&quot;description\&quot;:\&quot;This is a sample user population created when the organization was provisioned.\&quot;,\&quot;userCount\&quot;:367},{\&quot;id\&quot;:\&quot;6fe3f6ea-39c5-4ad7-990b-53802bbcda49\&quot;,\&quot;name\&quot;:\&quot;More Sample Users\&quot;,\&quot;description\&quot;:\&quot;This is a sample user population created when the organization was provisioned.\&quot;,\&quot;userCount\&quot;:2},{\&quot;id\&quot;:\&quot;48af9c64-24fd-4eea-a8eb-16b7e4744fc8\&quot;,\&quot;name\&quot;:\&quot;TEST\&quot;,\&quot;description\&quot;:\&quot;\&quot;,\&quot;userCount\&quot;:5302},{\&quot;id\&quot;:\&quot;a83ccc54-6a98-4754-a15e-dcb5b8b027ed\&quot;,\&quot;name\&quot;:\&quot;NewPopulation\&quot;,\&quot;description\&quot;:\&quot;\&quot;,\&quot;userCount\&quot;:452},{\&quot;id\&quot;:\&quot;af772f0d-9b92-4fda-a8c4-b18199ac5f07\&quot;,\&quot;name\&quot;:\&quot;NewUsers\&quot;,\&quot;description\&quot;:\&quot;\&quot;,\&quot;userCount\&quot;:20},{\&quot;id\&quot;:\&quot;4b2f1908-0755-4e31-9e42-f39d9cfc992b\&quot;,\&quot;name\&quot;:\&quot;emptyPop\&quot;,\&quot;description\&quot;:\&quot;This is the Description for the group EmptyPop\&quot;,\&quot;userCount\&quot;:7061},{\&quot;id\&quot;:\&quot;28059928-b602-4c7c-8014-20fd00a0e950\&quot;,\&quot;name\&quot;:\&quot;first\&quot;,\&quot;description\&quot;:\&quot;\&quot;,\&quot;userCount\&quot;:21},{\&quot;id\&quot;:\&quot;19f5fa27-a5cf-4a89-bfa5-086dc3529d7b\&quot;,\&quot;name\&quot;:\&quot;New refresh\&quot;,\&quot;description\&quot;:\&quot;\&quot;,\&quot;userCount\&quot;:101},{\&quot;id\&quot;:\&quot;059ed373-17d9-417f-9ce9-f86a181d56b2\&quot;,\&quot;name\&quot;:\&quot;2 New\&quot;,\&quot;description\&quot;:\&quot;\&quot;,\&quot;userCount\&quot;:2695},{\&quot;id\&quot;:\&quot;440cd7b3-e373-4174-9013-3a1002cec260\&quot;,\&quot;name\&quot;:\&quot;Tina\&quot;,\&quot;description\&quot;:\&quot;\&quot;,\&quot;userCount\&quot;:0}],\&quot;apiClientId\&quot;:\&quot;test-client-id\&quot;,\&quot;apiSecret\&quot;:\&quot;enc:96529bb26635089ed94b14e1d1c25e03:WRGsGWBx2cNKogf+Lh3tA3wHaJCk+3qPAwIOo7i8euA=\&quot;,\&quot;environmentId\&quot;:\&quot;test-environment-id\&quot;,\&quot;region\&quot;:\&quot;NorthAmerica\&quot;};
            console.log(&apos;🔧 Settings loaded from server:&apos;, window.settingsJson);
        &lt;/script&gt;
&lt;/head&gt;
&lt;body&gt;
    &lt;!-- Browser frame removed --&gt;·
    &lt;!-- Status Message Area --&gt;
    &lt;div class=\&quot;status-message-bar\&quot; id=\&quot;status-message-bar\&quot;&gt;
        &lt;div class=\&quot;status-message-content\&quot;&gt;
            &lt;div class=\&quot;status-message\&quot; id=\&quot;status-message\&quot;&gt;
                &lt;i class=\&quot;icon-check-circle\&quot; id=\&quot;status-icon\&quot;&gt;&lt;/i&gt;
                &lt;span id=\&quot;status-text\&quot;&gt;Server started at: --/--/---- --:--:--&lt;/span&gt;
            &lt;/div&gt;
        &lt;/div&gt;
    &lt;/div&gt;·
    &lt;!-- Top Header Bar --&gt;
    &lt;div class=\&quot;top-status-bar\&quot; id=\&quot;top-status-bar\&quot;&gt;
        &lt;div class=\&quot;status-content\&quot;&gt;
            &lt;div class=\&quot;status-left\&quot;&gt;
                &lt;span class=\&quot;token-info\&quot; id=\&quot;token-info\&quot;&gt;
                    &lt;span class=\&quot;token-indicator\&quot; id=\&quot;token-indicator\&quot;&gt;&lt;/span&gt;
                    &lt;span class=\&quot;token-text\&quot; id=\&quot;token-text\&quot;&gt;Token: Checking...&lt;/span&gt;
                    &lt;span class=\&quot;token-time\&quot; id=\&quot;token-time\&quot;&gt;&lt;/span&gt;
                &lt;/span&gt;
                &lt;button id=\&quot;header-token-refresh-btn\&quot; class=\&quot;status-action-btn\&quot; title=\&quot;Refresh token\&quot; aria-label=\&quot;Refresh token\&quot;&gt;
                    &lt;i class=\&quot;icon-sync\&quot; id=\&quot;header-token-refresh-icon\&quot;&gt;&lt;/i&gt;
                    &lt;span class=\&quot;btn-text\&quot;&gt;Refresh token&lt;/span&gt;
                &lt;/button&gt;
            &lt;/div&gt;
            &lt;div class=\&quot;status-center\&quot;&gt;
                &lt;div class=\&quot;header-content\&quot;&gt;
                    &lt;h1 class=\&quot;header-title\&quot;&gt;PingOne User Management&lt;/h1&gt;
                    &lt;span class=\&quot;version-info\&quot; id=\&quot;version-info\&quot;&gt;v...&lt;/span&gt;
                &lt;/div&gt;
            &lt;/div&gt;
            &lt;div class=\&quot;status-right\&quot;&gt;
            &lt;/div&gt;
        &lt;/div&gt;
    &lt;/div&gt;·
    &lt;!-- Main Application Layout --&gt;
    &lt;div class=\&quot;app-container\&quot;&gt;
        &lt;!-- Left Navigation --&gt;
        &lt;nav class=\&quot;left-nav\&quot; id=\&quot;left-nav\&quot;&gt;
            &lt;div class=\&quot;nav-header\&quot;&gt;
                &lt;img src=\&quot;/ping-identity-logo.svg\&quot; alt=\&quot;Ping Identity\&quot; class=\&quot;nav-logo\&quot;&gt;
                &lt;h3 class=\&quot;nav-title\&quot;&gt;Ping Identity&lt;br/&gt;User Management&lt;/h3&gt;
                &lt;button class=\&quot;nav-toggle\&quot; id=\&quot;nav-toggle\&quot; aria-label=\&quot;Toggle navigation\&quot;&gt;
                    &lt;i class=\&quot;icon-menu\&quot;&gt;&lt;/i&gt;
                &lt;/button&gt;
            &lt;/div&gt;·············
            &lt;ul class=\&quot;nav-menu\&quot;&gt;
                &lt;li class=\&quot;nav-item\&quot;&gt;
                    &lt;a href=\&quot;#home\&quot; class=\&quot;nav-link active\&quot; data-page=\&quot;home\&quot;&gt;
                        &lt;i class=\&quot;icon-home\&quot;&gt;&lt;/i&gt;
                        &lt;span class=\&quot;nav-text\&quot;&gt;Home&lt;/span&gt;
                    &lt;/a&gt;
                &lt;/li&gt;
                &lt;li class=\&quot;nav-item\&quot;&gt;
                    &lt;a href=\&quot;#settings\&quot; class=\&quot;nav-link\&quot; data-page=\&quot;settings\&quot;&gt;
                        &lt;i class=\&quot;icon-settings\&quot;&gt;&lt;/i&gt;
                        &lt;span class=\&quot;nav-text\&quot;&gt;Settings&lt;/span&gt;
                    &lt;/a&gt;
                &lt;/li&gt;
                &lt;li class=\&quot;nav-divider\&quot;&gt;&lt;/li&gt;
                &lt;li class=\&quot;nav-item\&quot;&gt;
                    &lt;a href=\&quot;#export\&quot; class=\&quot;nav-link\&quot; data-page=\&quot;export\&quot;&gt;
                        &lt;i class=\&quot;icon-download\&quot;&gt;&lt;/i&gt;
                        &lt;span class=\&quot;nav-text\&quot;&gt;Export Users&lt;/span&gt;
                    &lt;/a&gt;
                &lt;/li&gt;
                &lt;li class=\&quot;nav-item\&quot;&gt;
                    &lt;a href=\&quot;#import\&quot; class=\&quot;nav-link\&quot; data-page=\&quot;import\&quot;&gt;
                        &lt;i class=\&quot;icon-upload\&quot;&gt;&lt;/i&gt;
                        &lt;span class=\&quot;nav-text\&quot;&gt;Import Users&lt;/span&gt;
                    &lt;/a&gt;
                &lt;/li&gt;
                &lt;li class=\&quot;nav-item\&quot;&gt;
                    &lt;a href=\&quot;#delete\&quot; class=\&quot;nav-link\&quot; data-page=\&quot;delete\&quot;&gt;
                        &lt;i class=\&quot;icon-trash\&quot;&gt;&lt;/i&gt;
                        &lt;span class=\&quot;nav-text\&quot;&gt;Delete Users&lt;/span&gt;
                    &lt;/a&gt;
                &lt;/li&gt;
                &lt;li class=\&quot;nav-item\&quot;&gt;
                    &lt;a href=\&quot;#modify\&quot; class=\&quot;nav-link\&quot; data-page=\&quot;modify\&quot;&gt;
                        &lt;i class=\&quot;icon-edit\&quot;&gt;&lt;/i&gt;
                        &lt;span class=\&quot;nav-text\&quot;&gt;Modify Users&lt;/span&gt;
                    &lt;/a&gt;
                &lt;/li&gt;
                &lt;li class=\&quot;nav-divider\&quot;&gt;&lt;/li&gt;
                &lt;li class=\&quot;nav-item\&quot;&gt;
                    &lt;a href=\&quot;#logs\&quot; class=\&quot;nav-link\&quot; data-page=\&quot;logs\&quot;&gt;
                        &lt;i class=\&quot;icon-file-text\&quot;&gt;&lt;/i&gt;
                        &lt;span class=\&quot;nav-text\&quot;&gt;Logs&lt;/span&gt;
                    &lt;/a&gt;
                &lt;/li&gt;
                &lt;li class=\&quot;nav-item\&quot;&gt;
                    &lt;a href=\&quot;#token-management\&quot; class=\&quot;nav-link\&quot; data-page=\&quot;token-management\&quot;&gt;
                        &lt;i class=\&quot;icon-key\&quot;&gt;&lt;/i&gt;
                        &lt;span class=\&quot;nav-text\&quot;&gt;Token Management&lt;/span&gt;
                    &lt;/a&gt;
                &lt;/li&gt;
                &lt;li class=\&quot;nav-item\&quot;&gt;
                    &lt;a href=\&quot;#history\&quot; class=\&quot;nav-link\&quot; data-page=\&quot;history\&quot;&gt;
                        &lt;i class=\&quot;icon-clock\&quot;&gt;&lt;/i&gt;
                        &lt;span class=\&quot;nav-text\&quot;&gt;History&lt;/span&gt;
                    &lt;/a&gt;
                &lt;/li&gt;
                &lt;li class=\&quot;nav-item\&quot; id=\&quot;swagger-nav\&quot; style=\&quot;display: none;\&quot;&gt;
                    &lt;a href=\&quot;#swagger\&quot; class=\&quot;nav-link\&quot; data-page=\&quot;swagger\&quot;&gt;
                        &lt;i class=\&quot;icon-code\&quot;&gt;&lt;/i&gt;
                        &lt;span class=\&quot;nav-text\&quot;&gt;Swagger&lt;/span&gt;
                    &lt;/a&gt;
                &lt;/li&gt;
                &lt;li class=\&quot;nav-divider\&quot;&gt;&lt;/li&gt;
            &lt;/ul&gt;
        &lt;/nav&gt;·
        &lt;!-- Main Content Area --&gt;
        &lt;main class=\&quot;main-content\&quot; id=\&quot;main-content\&quot;&gt;
            &lt;!-- Home Page --&gt;
            &lt;div class=\&quot;page\&quot; id=\&quot;home-page\&quot; data-page=\&quot;home\&quot;&gt;
                &lt;div class=\&quot;page-header\&quot;&gt;
                    &lt;p class=\&quot;page-subtitle\&quot;&gt;Manage users across your PingOne environment&lt;/p&gt;
                &lt;/div&gt;·················
                &lt;div class=\&quot;home-grid\&quot;&gt;
                    &lt;div class=\&quot;home-section\&quot;&gt;
                        &lt;div class=\&quot;section-header\&quot;&gt;
                            &lt;h2&gt;Settings&lt;/h2&gt;
                        &lt;/div&gt;
                        &lt;div class=\&quot;action-card\&quot; data-action=\&quot;settings\&quot;&gt;
                            &lt;div class=\&quot;card-icon\&quot;&gt;
                                &lt;i class=\&quot;icon-settings\&quot;&gt;&lt;/i&gt;
                            &lt;/div&gt;
                            &lt;div class=\&quot;card-content\&quot;&gt;
                                &lt;h3&gt;Settings&lt;/h3&gt;
                                &lt;p&gt;Configure PingOne credentials and preferences&lt;/p&gt;
                                &lt;div class=\&quot;card-status\&quot; id=\&quot;settings-status\&quot;&gt;Ready&lt;/div&gt;
                            &lt;/div&gt;
                        &lt;/div&gt;
                    &lt;/div&gt;·····················
                    &lt;div class=\&quot;home-divider\&quot;&gt;&lt;/div&gt;·····················
                    &lt;div class=\&quot;home-section\&quot;&gt;
                        &lt;div class=\&quot;section-header\&quot;&gt;
                            &lt;h2&gt;User Operations&lt;/h2&gt;
                        &lt;/div&gt;
                        &lt;div class=\&quot;action-cards\&quot;&gt;
                            &lt;div class=\&quot;action-card\&quot; data-action=\&quot;export\&quot;&gt;
                                &lt;div class=\&quot;card-icon\&quot;&gt;
                                    &lt;i class=\&quot;icon-download\&quot;&gt;&lt;/i&gt;
                                &lt;/div&gt;
                                &lt;div class=\&quot;card-content\&quot;&gt;
                                    &lt;h3&gt;Export Users&lt;/h3&gt;
                                    &lt;p&gt;Export users to CSV file&lt;/p&gt;
                                    &lt;div class=\&quot;card-status\&quot; id=\&quot;export-status\&quot;&gt;Ready&lt;/div&gt;
                                &lt;/div&gt;
                            &lt;/div&gt;·····························
                            &lt;div class=\&quot;action-card\&quot; data-action=\&quot;import\&quot;&gt;
                                &lt;div class=\&quot;card-icon\&quot;&gt;
                                    &lt;i class=\&quot;icon-upload\&quot;&gt;&lt;/i&gt;
                                &lt;/div&gt;
                                &lt;div class=\&quot;card-content\&quot;&gt;
                                    &lt;h3&gt;Import Users&lt;/h3&gt;
                                    &lt;p&gt;Import users from CSV file&lt;/p&gt;
                                    &lt;div class=\&quot;card-status\&quot; id=\&quot;import-status\&quot;&gt;Ready&lt;/div&gt;
                                &lt;/div&gt;
                            &lt;/div&gt;·····························
                            &lt;div class=\&quot;action-card\&quot; data-action=\&quot;delete\&quot;&gt;
                                &lt;div class=\&quot;card-icon\&quot;&gt;
                                    &lt;i class=\&quot;icon-trash\&quot;&gt;&lt;/i&gt;
                                &lt;/div&gt;
                                &lt;div class=\&quot;card-content\&quot;&gt;
                                    &lt;h3&gt;Delete Users&lt;/h3&gt;
                                    &lt;p&gt;Delete users from CSV file&lt;/p&gt;
                                    &lt;div class=\&quot;card-status\&quot; id=\&quot;delete-status\&quot;&gt;Ready&lt;/div&gt;
                                &lt;/div&gt;
                            &lt;/div&gt;·····························
                            &lt;div class=\&quot;action-card\&quot; data-action=\&quot;modify\&quot;&gt;
                                &lt;div class=\&quot;card-icon\&quot;&gt;
                                    &lt;i class=\&quot;icon-edit\&quot;&gt;&lt;/i&gt;
                                &lt;/div&gt;
                                &lt;div class=\&quot;card-content\&quot;&gt;
                                    &lt;h3&gt;Modify Users&lt;/h3&gt;
                                    &lt;p&gt;Update user attributes from CSV&lt;/p&gt;
                                    &lt;div class=\&quot;card-status\&quot; id=\&quot;modify-status\&quot;&gt;Ready&lt;/div&gt;
                                &lt;/div&gt;
                            &lt;/div&gt;
                        &lt;/div&gt;
                    &lt;/div&gt;·····················
                    &lt;div class=\&quot;home-divider\&quot;&gt;&lt;/div&gt;·····················
                    &lt;div class=\&quot;home-section\&quot;&gt;
                        &lt;div class=\&quot;section-header\&quot;&gt;
                            &lt;h2&gt;Management&lt;/h2&gt;
                        &lt;/div&gt;
                        &lt;div class=\&quot;action-cards\&quot;&gt;
                            &lt;div class=\&quot;action-card\&quot; data-action=\&quot;logs\&quot;&gt;
                                &lt;div class=\&quot;card-icon\&quot;&gt;
                                    &lt;i class=\&quot;icon-file-text\&quot;&gt;&lt;/i&gt;
                                &lt;/div&gt;
                                &lt;div class=\&quot;card-content\&quot;&gt;
                                    &lt;h3&gt;Logs&lt;/h3&gt;
                                    &lt;p&gt;View application logs and errors&lt;/p&gt;
                                    &lt;div class=\&quot;card-status\&quot; id=\&quot;logs-status\&quot;&gt;Ready&lt;/div&gt;
                                &lt;/div&gt;
                            &lt;/div&gt;·····························
                            &lt;div class=\&quot;action-card\&quot; data-action=\&quot;token-management\&quot;&gt;
                                &lt;div class=\&quot;card-icon\&quot;&gt;
                                    &lt;i class=\&quot;icon-key\&quot;&gt;&lt;/i&gt;
                                &lt;/div&gt;
                                &lt;div class=\&quot;card-content\&quot;&gt;
                                    &lt;h3&gt;Token Management&lt;/h3&gt;
                                    &lt;p&gt;Manage API tokens and authentication&lt;/p&gt;
                                    &lt;div class=\&quot;card-status\&quot; id=\&quot;token-management-status\&quot;&gt;Ready&lt;/div&gt;
                                &lt;/div&gt;
                            &lt;/div&gt;·····························
                            &lt;div class=\&quot;action-card\&quot; data-action=\&quot;history\&quot;&gt;
                                &lt;div class=\&quot;card-icon\&quot;&gt;
                                    &lt;i class=\&quot;icon-clock\&quot;&gt;&lt;/i&gt;
                                &lt;/div&gt;
                                &lt;div class=\&quot;card-content\&quot;&gt;
                                    &lt;h3&gt;History&lt;/h3&gt;
                                    &lt;p&gt;View past operations and activities&lt;/p&gt;
                                    &lt;div class=\&quot;card-status\&quot; id=\&quot;history-status\&quot;&gt;Ready&lt;/div&gt;
                                &lt;/div&gt;
                            &lt;/div&gt;·····························
                            &lt;div class=\&quot;action-card\&quot; id=\&quot;swagger-card\&quot; data-action=\&quot;swagger\&quot; style=\&quot;display: none;\&quot;&gt;
                                &lt;div class=\&quot;card-icon\&quot;&gt;
                                    &lt;i class=\&quot;icon-code\&quot;&gt;&lt;/i&gt;
                                &lt;/div&gt;
                                &lt;div class=\&quot;card-content\&quot;&gt;
                                    &lt;h3&gt;Swagger&lt;/h3&gt;
                                    &lt;p&gt;API documentation and testing&lt;/p&gt;
                                    &lt;div class=\&quot;card-status\&quot; id=\&quot;swagger-status\&quot;&gt;Ready&lt;/div&gt;
                                &lt;/div&gt;
                            &lt;/div&gt;
                        &lt;/div&gt;
                    &lt;/div&gt;
                &lt;/div&gt;
            &lt;/div&gt;·
            &lt;!-- Other pages will be loaded dynamically --&gt;
            &lt;div class=\&quot;page\&quot; id=\&quot;settings-page\&quot; data-page=\&quot;settings\&quot; style=\&quot;display: none;\&quot;&gt;&lt;/div&gt;
            &lt;div class=\&quot;page\&quot; id=\&quot;export-page\&quot; data-page=\&quot;export\&quot; style=\&quot;display: none;\&quot;&gt;&lt;/div&gt;
            &lt;div class=\&quot;page\&quot; id=\&quot;import-page\&quot; data-page=\&quot;import\&quot; style=\&quot;display: none;\&quot;&gt;&lt;/div&gt;
            &lt;div class=\&quot;page\&quot; id=\&quot;delete-page\&quot; data-page=\&quot;delete\&quot; style=\&quot;display: none;\&quot;&gt;&lt;/div&gt;
            &lt;div class=\&quot;page\&quot; id=\&quot;modify-page\&quot; data-page=\&quot;modify\&quot; style=\&quot;display: none;\&quot;&gt;&lt;/div&gt;
            &lt;div class=\&quot;page\&quot; id=\&quot;logs-page\&quot; data-page=\&quot;logs\&quot; style=\&quot;display: none;\&quot;&gt;&lt;/div&gt;
            &lt;div class=\&quot;page\&quot; id=\&quot;token-management-page\&quot; data-page=\&quot;token-management\&quot; style=\&quot;display: none;\&quot;&gt;&lt;/div&gt;
            &lt;div class=\&quot;page\&quot; id=\&quot;history-page\&quot; data-page=\&quot;history\&quot; style=\&quot;display: none;\&quot;&gt;&lt;/div&gt;
            &lt;div class=\&quot;page\&quot; id=\&quot;swagger-page\&quot; data-page=\&quot;swagger\&quot; style=\&quot;display: none;\&quot;&gt;&lt;/div&gt;
        &lt;/main&gt;
    &lt;/div&gt;·
    &lt;!-- Footer --&gt;
    &lt;footer class=\&quot;app-footer\&quot; id=\&quot;app-footer\&quot;&gt;
        &lt;div class=\&quot;footer-content\&quot;&gt;
            &lt;div class=\&quot;footer-left\&quot;&gt;
                &lt;span class=\&quot;copyright\&quot;&gt;© PingIdentity 2025&lt;/span&gt;
                &lt;span class=\&quot;server-status\&quot; id=\&quot;footer-server-status\&quot;&gt;
                    &lt;span class=\&quot;status-indicator\&quot; id=\&quot;footer-server-indicator\&quot;&gt;&lt;/span&gt;
                    &lt;span class=\&quot;status-text\&quot; id=\&quot;footer-server-text\&quot;&gt;Starting...&lt;/span&gt;
                &lt;/span&gt;
            &lt;/div&gt;
            &lt;div class=\&quot;footer-center\&quot;&gt;
                &lt;span class=\&quot;token-status-footer\&quot; id=\&quot;footer-token-status\&quot;&gt;
                    &lt;span class=\&quot;status-indicator\&quot; id=\&quot;footer-token-indicator\&quot;&gt;&lt;/span&gt;
                    &lt;span class=\&quot;status-text\&quot; id=\&quot;footer-token-text\&quot;&gt;Token: Checking...&lt;/span&gt;
                    &lt;span class=\&quot;token-time\&quot; id=\&quot;footer-token-time\&quot;&gt;&lt;/span&gt;
                &lt;/span&gt;
            &lt;/div&gt;
            &lt;div class=\&quot;footer-right\&quot;&gt;
                &lt;span class=\&quot;version-info\&quot; id=\&quot;footer-version\&quot;&gt;v...&lt;/span&gt;
            &lt;/div&gt;
        &lt;/div&gt;
    &lt;/footer&gt;·
    &lt;!-- Modals --&gt;
    &lt;!-- Disclaimer Modal (formal style) --&gt;
    &lt;div class=\&quot;modal-overlay\&quot; id=\&quot;disclaimer-modal\&quot; style=\&quot;display: none;\&quot;&gt;
        &lt;div class=\&quot;modal disclaimer-modal\&quot; style=\&quot;box-shadow: 0 8px 24px rgba(0,0,0,0.08); border: 1px solid rgba(0,0,0,0.08);\&quot;&gt;
            &lt;div class=\&quot;modal-header\&quot;&gt;
                &lt;h2&gt;&lt;i class=\&quot;icon-alert-circle\&quot; aria-hidden=\&quot;true\&quot;&gt;&lt;/i&gt; Important Disclaimer&lt;/h2&gt;
                &lt;p class=\&quot;subtitle\&quot;&gt;Please review and acknowledge before continuing&lt;/p&gt;
            &lt;/div&gt;
            &lt;div class=\&quot;modal-body\&quot;&gt;
                &lt;section class=\&quot;tos-panel\&quot; style=\&quot;background:#f7f9fc; border:1px solid rgba(0,0,0,0.06); padding:16px; border-radius:8px;\&quot;&gt;
                    &lt;h3&gt;Ping Library Terms of Service&lt;/h3&gt;
                    &lt;p class=\&quot;muted\&quot;&gt;The code provided hereunder shall be deemed \&quot;Sample Code.\&quot; This Sample Code is to be used exclusively in connection with Ping Identity&apos;s software or services.&lt;/p&gt;
                    &lt;p class=\&quot;muted\&quot;&gt;
                        THE CODE HEREUNDER IS PROVIDED “AS IS” AND WITHOUT WARRANTY OF ANY KIND. SUCH CODE IS EXPRESSLY EXCLUDED FROM PING IDENTITY&apos;S INDEMNITY OR SUPPORT OBLIGATIONS, IF ANY, PURSUANT TO THE RELEVANT GOVERNING AGREEMENT. PING IDENTITY AND ITS LICENSORS EXPRESSLY DISCLAIM ALL WARRANTIES, WHETHER EXPRESS, IMPLIED OR STATUTORY, INCLUDING, WITHOUT LIMITATION, THE IMPLIED WARRANTIES OF MERCHANTABILITY, FITNESS FOR A PARTICULAR PURPOSE, AND ANY WARRANTY OF NON-INFRINGEMENT. PING IDENTITY SHALL NOT HAVE ANY LIABILITY ARISING OUT OF OR RELATING TO ANY USE, IMPLEMENTATION OR CONFIGURATION OF THE SAMPLE CODE.
                    &lt;/p&gt;
                &lt;/section&gt;
                &lt;div class=\&quot;ack-row\&quot; style=\&quot;margin-top:12px; display:flex; align-items:center; gap:8px;\&quot;&gt;
                    &lt;input type=\&quot;checkbox\&quot; id=\&quot;disclaimer-agree\&quot; required&gt;
                    &lt;label for=\&quot;disclaimer-agree\&quot;&gt;&lt;strong&gt;Terms of Service (Required)&lt;/strong&gt;&lt;/label&gt;
                &lt;/div&gt;
            &lt;/div&gt;
            &lt;div class=\&quot;modal-footer\&quot;&gt;
                &lt;button class=\&quot;btn btn-secondary\&quot; id=\&quot;disclaimer-quit\&quot;&gt;Quit&lt;/button&gt;
                &lt;button class=\&quot;btn btn-primary\&quot; id=\&quot;disclaimer-accept\&quot; disabled&gt;Accept&lt;/button&gt;
            &lt;/div&gt;
        &lt;/div&gt;
    &lt;/div&gt;·
    &lt;!-- Credentials Modal --&gt;
    &lt;div class=\&quot;modal-overlay\&quot; id=\&quot;credentials-modal\&quot; style=\&quot;display: none;\&quot;&gt;
        &lt;div class=\&quot;modal credentials-modal\&quot; style=\&quot;max-width: 820px; width: 90%; max-height: 85vh; overflow: auto;\&quot;&gt;
            &lt;div class=\&quot;modal-header\&quot;&gt;
                &lt;h2&gt;PingOne Credentials&lt;/h2&gt;
                &lt;p&gt;Configure your PingOne API credentials to get started&lt;/p&gt;
            &lt;/div&gt;
            &lt;div class=\&quot;modal-body\&quot;&gt;
                &lt;form id=\&quot;credentials-form\&quot; novalidate&gt;
                    &lt;div class=\&quot;form-group field-control-wrapper\&quot;&gt;
                        &lt;label for=\&quot;cred-environment-id\&quot;&gt;PingOne Environment ID&lt;/label&gt;
                        &lt;input type=\&quot;text\&quot; id=\&quot;cred-environment-id\&quot; name=\&quot;environmentId\&quot;
                               class=\&quot;field-control-input is-default\&quot;
                               maxlength=\&quot;256\&quot; data-pendo-id=\&quot;Input\&quot;
                               autocomplete=\&quot;off\&quot;
                               aria-label=\&quot;PingOne Environment ID\&quot;
                               spellcheck=\&quot;false\&quot;
                               required&gt;
                    &lt;/div&gt;
                    &lt;div class=\&quot;form-group field-control-wrapper\&quot;&gt;
                        &lt;label for=\&quot;cred-client-id\&quot;&gt;PingOne Client ID&lt;/label&gt;
                        &lt;input type=\&quot;text\&quot; id=\&quot;cred-client-id\&quot; name=\&quot;clientId\&quot;
                               class=\&quot;field-control-input is-default\&quot;
                               maxlength=\&quot;256\&quot; data-pendo-id=\&quot;Input\&quot;
                               autocomplete=\&quot;username\&quot;
                               aria-label=\&quot;PingOne Client ID\&quot;
                               spellcheck=\&quot;false\&quot;
                               required&gt;
                    &lt;/div&gt;
                    &lt;div class=\&quot;form-group field-control-wrapper\&quot;&gt;
                        &lt;label for=\&quot;cred-client-secret\&quot;&gt;PingOne Client Secret&lt;/label&gt;
                        &lt;div class=\&quot;input-group\&quot;&gt;
                            &lt;input type=\&quot;password\&quot; id=\&quot;cred-client-secret\&quot; name=\&quot;clientSecret\&quot;
                                   class=\&quot;field-control-input is-default\&quot;
                                   maxlength=\&quot;256\&quot; data-pendo-id=\&quot;Input\&quot;
                                   autocomplete=\&quot;current-password\&quot;
                                   aria-label=\&quot;PingOne Client Secret\&quot;
                                   spellcheck=\&quot;false\&quot;
                                   title=\&quot;Show/hide client secret\&quot;
                                   aria-describedby=\&quot;toggle-secret\&quot;
                                   required&gt;
                            &lt;button type=\&quot;button\&quot; class=\&quot;btn btn-icon\&quot; id=\&quot;toggle-secret\&quot;
                                    title=\&quot;Toggle secret visibility\&quot;
                                    aria-label=\&quot;Show client secret\&quot;&gt;
                                &lt;i class=\&quot;icon-eye\&quot; aria-hidden=\&quot;true\&quot;&gt;&lt;/i&gt;
                            &lt;/button&gt;
                        &lt;/div&gt;
                    &lt;/div&gt;
                    &lt;div class=\&quot;form-group field-control-wrapper\&quot;&gt;
                        &lt;label for=\&quot;cred-region\&quot;&gt;PingOne Region&lt;/label&gt;
                        &lt;select id=\&quot;cred-region\&quot; name=\&quot;region\&quot; autocomplete=\&quot;country\&quot;&gt;
                            &lt;option value=\&quot;NorthAmerica\&quot;&gt;North America&lt;/option&gt;
                            &lt;option value=\&quot;Europe\&quot;&gt;Europe&lt;/option&gt;
                            &lt;option value=\&quot;Asia\&quot;&gt;Asia Pacific&lt;/option&gt;
                            &lt;option value=\&quot;Canada\&quot;&gt;Canada&lt;/option&gt;
                        &lt;/select&gt;
                    &lt;/div&gt;
                    &lt;div class=\&quot;form-group field-control-wrapper\&quot;&gt;
                        &lt;label for=\&quot;cred-population\&quot;&gt;PingOne Default Population (Optional)&lt;/label&gt;
                        &lt;select id=\&quot;cred-population\&quot; name=\&quot;populationId\&quot;&gt;
                            &lt;option value=\&quot;\&quot;&gt;Select a population...&lt;/option&gt;
                        &lt;/select&gt;
                    &lt;/div&gt;
                &lt;/form&gt;
            &lt;/div&gt;
            &lt;div class=\&quot;modal-footer\&quot; style=\&quot;display:flex; justify-content:center; gap:16px;\&quot;&gt;
                &lt;button class=\&quot;btn btn-primary\&quot; id=\&quot;credentials-save\&quot;&gt;Save &amp; Get Token&lt;/button&gt;
                &lt;button class=\&quot;btn btn-secondary\&quot; id=\&quot;credentials-settings\&quot; style=\&quot;background:#f3f4f6; border-color:#e5e7eb; color:#111827;\&quot;&gt;Go to Settings&lt;/button&gt;
                &lt;button class=\&quot;btn btn-secondary\&quot; id=\&quot;credentials-skip\&quot; style=\&quot;background:#f3f4f6; border-color:#e5e7eb; color:#111827;\&quot;&gt;Continue to Home&lt;/button&gt;
            &lt;/div&gt;
        &lt;/div&gt;
    &lt;/div&gt;·
    &lt;!-- Loading Overlay --&gt;
    &lt;div class=\&quot;loading-overlay\&quot; id=\&quot;loading-overlay\&quot; style=\&quot;display: none;\&quot;&gt;
        &lt;div class=\&quot;loading-content\&quot;&gt;
            &lt;div class=\&quot;loading-spinner\&quot;&gt;&lt;/div&gt;
            &lt;div class=\&quot;loading-text\&quot; id=\&quot;loading-text\&quot;&gt;Loading...&lt;/div&gt;
        &lt;/div&gt;
    &lt;/div&gt;·
    &lt;!-- Main Application Script --&gt;
    &lt;script src=\&quot;/socket.io/socket.io.js?v=1755690095520\&quot;&gt;&lt;/script&gt;
    &lt;script type=\&quot;module\&quot; src=\&quot;/js/app.js?v=1755690095520\&quot;&gt;&lt;/script&gt;·····
    &lt;!-- Error Handling --&gt;
    &lt;script&gt;
        window.addEventListener(&apos;error&apos;, function(e) {
            console.error(&apos;Global error:&apos;, e.error);
        });·········
        window.addEventListener(&apos;unhandledrejection&apos;, function(e) {
            console.error(&apos;Unhandled promise rejection:&apos;, e.reason);
        });
    &lt;/script&gt;
&lt;/body&gt;
&lt;/html&gt;&quot;
    at Object.&lt;anonymous&gt; (/Users/cmuir/P1Import-apps/P1-import-Subsystem/test/ui/settings-page.test.mjs:83:33)
    at processTicksAndRejections (node:internal/process/task_queues:105:5)</failure>
    </testcase>
    <testcase classname="Settings Page UI Tests › Settings API Integration" name="should handle settings GET requests" time="0.011">
    </testcase>
    <testcase classname="Settings Page UI Tests › Settings API Integration" name="should handle settings POST requests" time="0.008">
      <failure>Error: expect(received).toContain(expected) // indexOf

Expected value: 403
Received array: [200, 400, 500]
    at Object.&lt;anonymous&gt; (/Users/cmuir/P1Import-apps/P1-import-Subsystem/test/ui/settings-page.test.mjs:181:41)
    at processTicksAndRejections (node:internal/process/task_queues:105:5)</failure>
    </testcase>
    <testcase classname="Settings Page UI Tests › UI Components" name="should include all required form elements" time="0.005">
      <failure>Error: expect(received).toContain(expected) // indexOf

Expected substring: &quot;id=\&quot;apiClientId\&quot;&quot;
Received string:    &quot;&lt;!DOCTYPE html&gt;
&lt;html lang=\&quot;en\&quot;&gt;
&lt;head&gt;
&lt;meta charset=\&quot;utf-8\&quot;&gt;
&lt;title&gt;Error&lt;/title&gt;
&lt;/head&gt;
&lt;body&gt;
&lt;pre&gt;Internal Server Error&lt;/pre&gt;
&lt;/body&gt;
&lt;/html&gt;
&quot;
    at Object.&lt;anonymous&gt; (/Users/cmuir/P1Import-apps/P1-import-Subsystem/test/ui/settings-page.test.mjs:218:33)
    at processTicksAndRejections (node:internal/process/task_queues:105:5)</failure>
    </testcase>
  </testsuite>
  <testsuite name="test/production/startup-optimizer.test.js" errors="0" failures="15" skipped="0" timestamp="2025-08-20T11:47:24" time="0.176" tests="17">
    <testcase classname="StartupOptimizer › initialization" name="should initialize successfully with valid settings" time="0.001">
      <failure>TypeError: fetch.mockClear is not a function
    at Object.&lt;anonymous&gt; (/Users/cmuir/P1Import-apps/P1-import-Subsystem/test/production/startup-optimizer.test.js:34:15)
    at Promise.finally.completed (/Users/cmuir/P1Import-apps/P1-import-Subsystem/node_modules/jest-circus/build/jestAdapterInit.js:1559:28)
    at new Promise (&lt;anonymous&gt;)
    at callAsyncCircusFn (/Users/cmuir/P1Import-apps/P1-import-Subsystem/node_modules/jest-circus/build/jestAdapterInit.js:1499:10)
    at _callCircusHook (/Users/cmuir/P1Import-apps/P1-import-Subsystem/node_modules/jest-circus/build/jestAdapterInit.js:978:40)
    at processTicksAndRejections (node:internal/process/task_queues:105:5)
    at _runTest (/Users/cmuir/P1Import-apps/P1-import-Subsystem/node_modules/jest-circus/build/jestAdapterInit.js:943:5)
    at _runTestsForDescribeBlock (/Users/cmuir/P1Import-apps/P1-import-Subsystem/node_modules/jest-circus/build/jestAdapterInit.js:839:13)
    at _runTestsForDescribeBlock (/Users/cmuir/P1Import-apps/P1-import-Subsystem/node_modules/jest-circus/build/jestAdapterInit.js:829:11)
    at _runTestsForDescribeBlock (/Users/cmuir/P1Import-apps/P1-import-Subsystem/node_modules/jest-circus/build/jestAdapterInit.js:829:11)
    at run (/Users/cmuir/P1Import-apps/P1-import-Subsystem/node_modules/jest-circus/build/jestAdapterInit.js:757:3)
    at runAndTransformResultsToJestFormat (/Users/cmuir/P1Import-apps/P1-import-Subsystem/node_modules/jest-circus/build/jestAdapterInit.js:1920:21)
    at jestAdapter (/Users/cmuir/P1Import-apps/P1-import-Subsystem/node_modules/jest-circus/build/runner.js:101:19)
    at runTestInternal (/Users/cmuir/P1Import-apps/P1-import-Subsystem/node_modules/jest-runner/build/testWorker.js:275:16)
    at runTest (/Users/cmuir/P1Import-apps/P1-import-Subsystem/node_modules/jest-runner/build/testWorker.js:343:7)
    at Object.worker (/Users/cmuir/P1Import-apps/P1-import-Subsystem/node_modules/jest-runner/build/testWorker.js:497:12)</failure>
    </testcase>
    <testcase classname="StartupOptimizer › initialization" name="should handle missing settings gracefully" time="0">
      <failure>TypeError: fetch.mockClear is not a function
    at Object.&lt;anonymous&gt; (/Users/cmuir/P1Import-apps/P1-import-Subsystem/test/production/startup-optimizer.test.js:34:15)
    at Promise.finally.completed (/Users/cmuir/P1Import-apps/P1-import-Subsystem/node_modules/jest-circus/build/jestAdapterInit.js:1559:28)
    at new Promise (&lt;anonymous&gt;)
    at callAsyncCircusFn (/Users/cmuir/P1Import-apps/P1-import-Subsystem/node_modules/jest-circus/build/jestAdapterInit.js:1499:10)
    at _callCircusHook (/Users/cmuir/P1Import-apps/P1-import-Subsystem/node_modules/jest-circus/build/jestAdapterInit.js:978:40)
    at processTicksAndRejections (node:internal/process/task_queues:105:5)
    at _runTest (/Users/cmuir/P1Import-apps/P1-import-Subsystem/node_modules/jest-circus/build/jestAdapterInit.js:943:5)
    at _runTestsForDescribeBlock (/Users/cmuir/P1Import-apps/P1-import-Subsystem/node_modules/jest-circus/build/jestAdapterInit.js:839:13)
    at _runTestsForDescribeBlock (/Users/cmuir/P1Import-apps/P1-import-Subsystem/node_modules/jest-circus/build/jestAdapterInit.js:829:11)
    at _runTestsForDescribeBlock (/Users/cmuir/P1Import-apps/P1-import-Subsystem/node_modules/jest-circus/build/jestAdapterInit.js:829:11)
    at run (/Users/cmuir/P1Import-apps/P1-import-Subsystem/node_modules/jest-circus/build/jestAdapterInit.js:757:3)
    at runAndTransformResultsToJestFormat (/Users/cmuir/P1Import-apps/P1-import-Subsystem/node_modules/jest-circus/build/jestAdapterInit.js:1920:21)
    at jestAdapter (/Users/cmuir/P1Import-apps/P1-import-Subsystem/node_modules/jest-circus/build/runner.js:101:19)
    at runTestInternal (/Users/cmuir/P1Import-apps/P1-import-Subsystem/node_modules/jest-runner/build/testWorker.js:275:16)
    at runTest (/Users/cmuir/P1Import-apps/P1-import-Subsystem/node_modules/jest-runner/build/testWorker.js:343:7)
    at Object.worker (/Users/cmuir/P1Import-apps/P1-import-Subsystem/node_modules/jest-runner/build/testWorker.js:497:12)</failure>
    </testcase>
    <testcase classname="StartupOptimizer › initialization" name="should handle token request failure gracefully" time="0.001">
      <failure>TypeError: fetch.mockClear is not a function
    at Object.&lt;anonymous&gt; (/Users/cmuir/P1Import-apps/P1-import-Subsystem/test/production/startup-optimizer.test.js:34:15)
    at Promise.finally.completed (/Users/cmuir/P1Import-apps/P1-import-Subsystem/node_modules/jest-circus/build/jestAdapterInit.js:1559:28)
    at new Promise (&lt;anonymous&gt;)
    at callAsyncCircusFn (/Users/cmuir/P1Import-apps/P1-import-Subsystem/node_modules/jest-circus/build/jestAdapterInit.js:1499:10)
    at _callCircusHook (/Users/cmuir/P1Import-apps/P1-import-Subsystem/node_modules/jest-circus/build/jestAdapterInit.js:978:40)
    at processTicksAndRejections (node:internal/process/task_queues:105:5)
    at _runTest (/Users/cmuir/P1Import-apps/P1-import-Subsystem/node_modules/jest-circus/build/jestAdapterInit.js:943:5)
    at _runTestsForDescribeBlock (/Users/cmuir/P1Import-apps/P1-import-Subsystem/node_modules/jest-circus/build/jestAdapterInit.js:839:13)
    at _runTestsForDescribeBlock (/Users/cmuir/P1Import-apps/P1-import-Subsystem/node_modules/jest-circus/build/jestAdapterInit.js:829:11)
    at _runTestsForDescribeBlock (/Users/cmuir/P1Import-apps/P1-import-Subsystem/node_modules/jest-circus/build/jestAdapterInit.js:829:11)
    at run (/Users/cmuir/P1Import-apps/P1-import-Subsystem/node_modules/jest-circus/build/jestAdapterInit.js:757:3)
    at runAndTransformResultsToJestFormat (/Users/cmuir/P1Import-apps/P1-import-Subsystem/node_modules/jest-circus/build/jestAdapterInit.js:1920:21)
    at jestAdapter (/Users/cmuir/P1Import-apps/P1-import-Subsystem/node_modules/jest-circus/build/runner.js:101:19)
    at runTestInternal (/Users/cmuir/P1Import-apps/P1-import-Subsystem/node_modules/jest-runner/build/testWorker.js:275:16)
    at runTest (/Users/cmuir/P1Import-apps/P1-import-Subsystem/node_modules/jest-runner/build/testWorker.js:343:7)
    at Object.worker (/Users/cmuir/P1Import-apps/P1-import-Subsystem/node_modules/jest-runner/build/testWorker.js:497:12)</failure>
    </testcase>
    <testcase classname="StartupOptimizer › token management" name="should cache token with proper expiry" time="0">
      <failure>TypeError: fetch.mockClear is not a function
    at Object.&lt;anonymous&gt; (/Users/cmuir/P1Import-apps/P1-import-Subsystem/test/production/startup-optimizer.test.js:34:15)
    at Promise.finally.completed (/Users/cmuir/P1Import-apps/P1-import-Subsystem/node_modules/jest-circus/build/jestAdapterInit.js:1559:28)
    at new Promise (&lt;anonymous&gt;)
    at callAsyncCircusFn (/Users/cmuir/P1Import-apps/P1-import-Subsystem/node_modules/jest-circus/build/jestAdapterInit.js:1499:10)
    at _callCircusHook (/Users/cmuir/P1Import-apps/P1-import-Subsystem/node_modules/jest-circus/build/jestAdapterInit.js:978:40)
    at processTicksAndRejections (node:internal/process/task_queues:105:5)
    at _runTest (/Users/cmuir/P1Import-apps/P1-import-Subsystem/node_modules/jest-circus/build/jestAdapterInit.js:943:5)
    at _runTestsForDescribeBlock (/Users/cmuir/P1Import-apps/P1-import-Subsystem/node_modules/jest-circus/build/jestAdapterInit.js:839:13)
    at _runTestsForDescribeBlock (/Users/cmuir/P1Import-apps/P1-import-Subsystem/node_modules/jest-circus/build/jestAdapterInit.js:829:11)
    at _runTestsForDescribeBlock (/Users/cmuir/P1Import-apps/P1-import-Subsystem/node_modules/jest-circus/build/jestAdapterInit.js:829:11)
    at run (/Users/cmuir/P1Import-apps/P1-import-Subsystem/node_modules/jest-circus/build/jestAdapterInit.js:757:3)
    at runAndTransformResultsToJestFormat (/Users/cmuir/P1Import-apps/P1-import-Subsystem/node_modules/jest-circus/build/jestAdapterInit.js:1920:21)
    at jestAdapter (/Users/cmuir/P1Import-apps/P1-import-Subsystem/node_modules/jest-circus/build/runner.js:101:19)
    at runTestInternal (/Users/cmuir/P1Import-apps/P1-import-Subsystem/node_modules/jest-runner/build/testWorker.js:275:16)
    at runTest (/Users/cmuir/P1Import-apps/P1-import-Subsystem/node_modules/jest-runner/build/testWorker.js:343:7)
    at Object.worker (/Users/cmuir/P1Import-apps/P1-import-Subsystem/node_modules/jest-runner/build/testWorker.js:497:12)</failure>
    </testcase>
    <testcase classname="StartupOptimizer › token management" name="should detect expired tokens" time="0">
      <failure>TypeError: fetch.mockClear is not a function
    at Object.&lt;anonymous&gt; (/Users/cmuir/P1Import-apps/P1-import-Subsystem/test/production/startup-optimizer.test.js:34:15)
    at Promise.finally.completed (/Users/cmuir/P1Import-apps/P1-import-Subsystem/node_modules/jest-circus/build/jestAdapterInit.js:1559:28)
    at new Promise (&lt;anonymous&gt;)
    at callAsyncCircusFn (/Users/cmuir/P1Import-apps/P1-import-Subsystem/node_modules/jest-circus/build/jestAdapterInit.js:1499:10)
    at _callCircusHook (/Users/cmuir/P1Import-apps/P1-import-Subsystem/node_modules/jest-circus/build/jestAdapterInit.js:978:40)
    at processTicksAndRejections (node:internal/process/task_queues:105:5)
    at _runTest (/Users/cmuir/P1Import-apps/P1-import-Subsystem/node_modules/jest-circus/build/jestAdapterInit.js:943:5)
    at _runTestsForDescribeBlock (/Users/cmuir/P1Import-apps/P1-import-Subsystem/node_modules/jest-circus/build/jestAdapterInit.js:839:13)
    at _runTestsForDescribeBlock (/Users/cmuir/P1Import-apps/P1-import-Subsystem/node_modules/jest-circus/build/jestAdapterInit.js:829:11)
    at _runTestsForDescribeBlock (/Users/cmuir/P1Import-apps/P1-import-Subsystem/node_modules/jest-circus/build/jestAdapterInit.js:829:11)
    at run (/Users/cmuir/P1Import-apps/P1-import-Subsystem/node_modules/jest-circus/build/jestAdapterInit.js:757:3)
    at runAndTransformResultsToJestFormat (/Users/cmuir/P1Import-apps/P1-import-Subsystem/node_modules/jest-circus/build/jestAdapterInit.js:1920:21)
    at jestAdapter (/Users/cmuir/P1Import-apps/P1-import-Subsystem/node_modules/jest-circus/build/runner.js:101:19)
    at runTestInternal (/Users/cmuir/P1Import-apps/P1-import-Subsystem/node_modules/jest-runner/build/testWorker.js:275:16)
    at runTest (/Users/cmuir/P1Import-apps/P1-import-Subsystem/node_modules/jest-runner/build/testWorker.js:343:7)
    at Object.worker (/Users/cmuir/P1Import-apps/P1-import-Subsystem/node_modules/jest-runner/build/testWorker.js:497:12)</failure>
    </testcase>
    <testcase classname="StartupOptimizer › token management" name="should return cached token when valid" time="0.001">
      <failure>TypeError: fetch.mockClear is not a function
    at Object.&lt;anonymous&gt; (/Users/cmuir/P1Import-apps/P1-import-Subsystem/test/production/startup-optimizer.test.js:34:15)
    at Promise.finally.completed (/Users/cmuir/P1Import-apps/P1-import-Subsystem/node_modules/jest-circus/build/jestAdapterInit.js:1559:28)
    at new Promise (&lt;anonymous&gt;)
    at callAsyncCircusFn (/Users/cmuir/P1Import-apps/P1-import-Subsystem/node_modules/jest-circus/build/jestAdapterInit.js:1499:10)
    at _callCircusHook (/Users/cmuir/P1Import-apps/P1-import-Subsystem/node_modules/jest-circus/build/jestAdapterInit.js:978:40)
    at processTicksAndRejections (node:internal/process/task_queues:105:5)
    at _runTest (/Users/cmuir/P1Import-apps/P1-import-Subsystem/node_modules/jest-circus/build/jestAdapterInit.js:943:5)
    at _runTestsForDescribeBlock (/Users/cmuir/P1Import-apps/P1-import-Subsystem/node_modules/jest-circus/build/jestAdapterInit.js:839:13)
    at _runTestsForDescribeBlock (/Users/cmuir/P1Import-apps/P1-import-Subsystem/node_modules/jest-circus/build/jestAdapterInit.js:829:11)
    at _runTestsForDescribeBlock (/Users/cmuir/P1Import-apps/P1-import-Subsystem/node_modules/jest-circus/build/jestAdapterInit.js:829:11)
    at run (/Users/cmuir/P1Import-apps/P1-import-Subsystem/node_modules/jest-circus/build/jestAdapterInit.js:757:3)
    at runAndTransformResultsToJestFormat (/Users/cmuir/P1Import-apps/P1-import-Subsystem/node_modules/jest-circus/build/jestAdapterInit.js:1920:21)
    at jestAdapter (/Users/cmuir/P1Import-apps/P1-import-Subsystem/node_modules/jest-circus/build/runner.js:101:19)
    at runTestInternal (/Users/cmuir/P1Import-apps/P1-import-Subsystem/node_modules/jest-runner/build/testWorker.js:275:16)
    at runTest (/Users/cmuir/P1Import-apps/P1-import-Subsystem/node_modules/jest-runner/build/testWorker.js:343:7)
    at Object.worker (/Users/cmuir/P1Import-apps/P1-import-Subsystem/node_modules/jest-runner/build/testWorker.js:497:12)</failure>
    </testcase>
    <testcase classname="StartupOptimizer › token management" name="should return null for expired token" time="0">
      <failure>TypeError: fetch.mockClear is not a function
    at Object.&lt;anonymous&gt; (/Users/cmuir/P1Import-apps/P1-import-Subsystem/test/production/startup-optimizer.test.js:34:15)
    at Promise.finally.completed (/Users/cmuir/P1Import-apps/P1-import-Subsystem/node_modules/jest-circus/build/jestAdapterInit.js:1559:28)
    at new Promise (&lt;anonymous&gt;)
    at callAsyncCircusFn (/Users/cmuir/P1Import-apps/P1-import-Subsystem/node_modules/jest-circus/build/jestAdapterInit.js:1499:10)
    at _callCircusHook (/Users/cmuir/P1Import-apps/P1-import-Subsystem/node_modules/jest-circus/build/jestAdapterInit.js:978:40)
    at processTicksAndRejections (node:internal/process/task_queues:105:5)
    at _runTest (/Users/cmuir/P1Import-apps/P1-import-Subsystem/node_modules/jest-circus/build/jestAdapterInit.js:943:5)
    at _runTestsForDescribeBlock (/Users/cmuir/P1Import-apps/P1-import-Subsystem/node_modules/jest-circus/build/jestAdapterInit.js:839:13)
    at _runTestsForDescribeBlock (/Users/cmuir/P1Import-apps/P1-import-Subsystem/node_modules/jest-circus/build/jestAdapterInit.js:829:11)
    at _runTestsForDescribeBlock (/Users/cmuir/P1Import-apps/P1-import-Subsystem/node_modules/jest-circus/build/jestAdapterInit.js:829:11)
    at run (/Users/cmuir/P1Import-apps/P1-import-Subsystem/node_modules/jest-circus/build/jestAdapterInit.js:757:3)
    at runAndTransformResultsToJestFormat (/Users/cmuir/P1Import-apps/P1-import-Subsystem/node_modules/jest-circus/build/jestAdapterInit.js:1920:21)
    at jestAdapter (/Users/cmuir/P1Import-apps/P1-import-Subsystem/node_modules/jest-circus/build/runner.js:101:19)
    at runTestInternal (/Users/cmuir/P1Import-apps/P1-import-Subsystem/node_modules/jest-runner/build/testWorker.js:275:16)
    at runTest (/Users/cmuir/P1Import-apps/P1-import-Subsystem/node_modules/jest-runner/build/testWorker.js:343:7)
    at Object.worker (/Users/cmuir/P1Import-apps/P1-import-Subsystem/node_modules/jest-runner/build/testWorker.js:497:12)</failure>
    </testcase>
    <testcase classname="StartupOptimizer › population caching" name="should cache populations successfully" time="0">
      <failure>TypeError: fetch.mockClear is not a function
    at Object.&lt;anonymous&gt; (/Users/cmuir/P1Import-apps/P1-import-Subsystem/test/production/startup-optimizer.test.js:34:15)
    at Promise.finally.completed (/Users/cmuir/P1Import-apps/P1-import-Subsystem/node_modules/jest-circus/build/jestAdapterInit.js:1559:28)
    at new Promise (&lt;anonymous&gt;)
    at callAsyncCircusFn (/Users/cmuir/P1Import-apps/P1-import-Subsystem/node_modules/jest-circus/build/jestAdapterInit.js:1499:10)
    at _callCircusHook (/Users/cmuir/P1Import-apps/P1-import-Subsystem/node_modules/jest-circus/build/jestAdapterInit.js:978:40)
    at processTicksAndRejections (node:internal/process/task_queues:105:5)
    at _runTest (/Users/cmuir/P1Import-apps/P1-import-Subsystem/node_modules/jest-circus/build/jestAdapterInit.js:943:5)
    at _runTestsForDescribeBlock (/Users/cmuir/P1Import-apps/P1-import-Subsystem/node_modules/jest-circus/build/jestAdapterInit.js:839:13)
    at _runTestsForDescribeBlock (/Users/cmuir/P1Import-apps/P1-import-Subsystem/node_modules/jest-circus/build/jestAdapterInit.js:829:11)
    at _runTestsForDescribeBlock (/Users/cmuir/P1Import-apps/P1-import-Subsystem/node_modules/jest-circus/build/jestAdapterInit.js:829:11)
    at run (/Users/cmuir/P1Import-apps/P1-import-Subsystem/node_modules/jest-circus/build/jestAdapterInit.js:757:3)
    at runAndTransformResultsToJestFormat (/Users/cmuir/P1Import-apps/P1-import-Subsystem/node_modules/jest-circus/build/jestAdapterInit.js:1920:21)
    at jestAdapter (/Users/cmuir/P1Import-apps/P1-import-Subsystem/node_modules/jest-circus/build/runner.js:101:19)
    at runTestInternal (/Users/cmuir/P1Import-apps/P1-import-Subsystem/node_modules/jest-runner/build/testWorker.js:275:16)
    at runTest (/Users/cmuir/P1Import-apps/P1-import-Subsystem/node_modules/jest-runner/build/testWorker.js:343:7)
    at Object.worker (/Users/cmuir/P1Import-apps/P1-import-Subsystem/node_modules/jest-runner/build/testWorker.js:497:12)</failure>
    </testcase>
    <testcase classname="StartupOptimizer › population caching" name="should skip population caching without token" time="0">
      <failure>TypeError: fetch.mockClear is not a function
    at Object.&lt;anonymous&gt; (/Users/cmuir/P1Import-apps/P1-import-Subsystem/test/production/startup-optimizer.test.js:34:15)
    at Promise.finally.completed (/Users/cmuir/P1Import-apps/P1-import-Subsystem/node_modules/jest-circus/build/jestAdapterInit.js:1559:28)
    at new Promise (&lt;anonymous&gt;)
    at callAsyncCircusFn (/Users/cmuir/P1Import-apps/P1-import-Subsystem/node_modules/jest-circus/build/jestAdapterInit.js:1499:10)
    at _callCircusHook (/Users/cmuir/P1Import-apps/P1-import-Subsystem/node_modules/jest-circus/build/jestAdapterInit.js:978:40)
    at processTicksAndRejections (node:internal/process/task_queues:105:5)
    at _runTest (/Users/cmuir/P1Import-apps/P1-import-Subsystem/node_modules/jest-circus/build/jestAdapterInit.js:943:5)
    at _runTestsForDescribeBlock (/Users/cmuir/P1Import-apps/P1-import-Subsystem/node_modules/jest-circus/build/jestAdapterInit.js:839:13)
    at _runTestsForDescribeBlock (/Users/cmuir/P1Import-apps/P1-import-Subsystem/node_modules/jest-circus/build/jestAdapterInit.js:829:11)
    at _runTestsForDescribeBlock (/Users/cmuir/P1Import-apps/P1-import-Subsystem/node_modules/jest-circus/build/jestAdapterInit.js:829:11)
    at run (/Users/cmuir/P1Import-apps/P1-import-Subsystem/node_modules/jest-circus/build/jestAdapterInit.js:757:3)
    at runAndTransformResultsToJestFormat (/Users/cmuir/P1Import-apps/P1-import-Subsystem/node_modules/jest-circus/build/jestAdapterInit.js:1920:21)
    at jestAdapter (/Users/cmuir/P1Import-apps/P1-import-Subsystem/node_modules/jest-circus/build/runner.js:101:19)
    at runTestInternal (/Users/cmuir/P1Import-apps/P1-import-Subsystem/node_modules/jest-runner/build/testWorker.js:275:16)
    at runTest (/Users/cmuir/P1Import-apps/P1-import-Subsystem/node_modules/jest-runner/build/testWorker.js:343:7)
    at Object.worker (/Users/cmuir/P1Import-apps/P1-import-Subsystem/node_modules/jest-runner/build/testWorker.js:497:12)</failure>
    </testcase>
    <testcase classname="StartupOptimizer › population caching" name="should return cached populations when valid" time="0">
      <failure>TypeError: fetch.mockClear is not a function
    at Object.&lt;anonymous&gt; (/Users/cmuir/P1Import-apps/P1-import-Subsystem/test/production/startup-optimizer.test.js:34:15)
    at Promise.finally.completed (/Users/cmuir/P1Import-apps/P1-import-Subsystem/node_modules/jest-circus/build/jestAdapterInit.js:1559:28)
    at new Promise (&lt;anonymous&gt;)
    at callAsyncCircusFn (/Users/cmuir/P1Import-apps/P1-import-Subsystem/node_modules/jest-circus/build/jestAdapterInit.js:1499:10)
    at _callCircusHook (/Users/cmuir/P1Import-apps/P1-import-Subsystem/node_modules/jest-circus/build/jestAdapterInit.js:978:40)
    at processTicksAndRejections (node:internal/process/task_queues:105:5)
    at _runTest (/Users/cmuir/P1Import-apps/P1-import-Subsystem/node_modules/jest-circus/build/jestAdapterInit.js:943:5)
    at _runTestsForDescribeBlock (/Users/cmuir/P1Import-apps/P1-import-Subsystem/node_modules/jest-circus/build/jestAdapterInit.js:839:13)
    at _runTestsForDescribeBlock (/Users/cmuir/P1Import-apps/P1-import-Subsystem/node_modules/jest-circus/build/jestAdapterInit.js:829:11)
    at _runTestsForDescribeBlock (/Users/cmuir/P1Import-apps/P1-import-Subsystem/node_modules/jest-circus/build/jestAdapterInit.js:829:11)
    at run (/Users/cmuir/P1Import-apps/P1-import-Subsystem/node_modules/jest-circus/build/jestAdapterInit.js:757:3)
    at runAndTransformResultsToJestFormat (/Users/cmuir/P1Import-apps/P1-import-Subsystem/node_modules/jest-circus/build/jestAdapterInit.js:1920:21)
    at jestAdapter (/Users/cmuir/P1Import-apps/P1-import-Subsystem/node_modules/jest-circus/build/runner.js:101:19)
    at runTestInternal (/Users/cmuir/P1Import-apps/P1-import-Subsystem/node_modules/jest-runner/build/testWorker.js:275:16)
    at runTest (/Users/cmuir/P1Import-apps/P1-import-Subsystem/node_modules/jest-runner/build/testWorker.js:343:7)
    at Object.worker (/Users/cmuir/P1Import-apps/P1-import-Subsystem/node_modules/jest-runner/build/testWorker.js:497:12)</failure>
    </testcase>
    <testcase classname="StartupOptimizer › population caching" name="should return null for stale populations" time="0">
      <failure>TypeError: fetch.mockClear is not a function
    at Object.&lt;anonymous&gt; (/Users/cmuir/P1Import-apps/P1-import-Subsystem/test/production/startup-optimizer.test.js:34:15)
    at Promise.finally.completed (/Users/cmuir/P1Import-apps/P1-import-Subsystem/node_modules/jest-circus/build/jestAdapterInit.js:1559:28)
    at new Promise (&lt;anonymous&gt;)
    at callAsyncCircusFn (/Users/cmuir/P1Import-apps/P1-import-Subsystem/node_modules/jest-circus/build/jestAdapterInit.js:1499:10)
    at _callCircusHook (/Users/cmuir/P1Import-apps/P1-import-Subsystem/node_modules/jest-circus/build/jestAdapterInit.js:978:40)
    at processTicksAndRejections (node:internal/process/task_queues:105:5)
    at _runTest (/Users/cmuir/P1Import-apps/P1-import-Subsystem/node_modules/jest-circus/build/jestAdapterInit.js:943:5)
    at _runTestsForDescribeBlock (/Users/cmuir/P1Import-apps/P1-import-Subsystem/node_modules/jest-circus/build/jestAdapterInit.js:839:13)
    at _runTestsForDescribeBlock (/Users/cmuir/P1Import-apps/P1-import-Subsystem/node_modules/jest-circus/build/jestAdapterInit.js:829:11)
    at _runTestsForDescribeBlock (/Users/cmuir/P1Import-apps/P1-import-Subsystem/node_modules/jest-circus/build/jestAdapterInit.js:829:11)
    at run (/Users/cmuir/P1Import-apps/P1-import-Subsystem/node_modules/jest-circus/build/jestAdapterInit.js:757:3)
    at runAndTransformResultsToJestFormat (/Users/cmuir/P1Import-apps/P1-import-Subsystem/node_modules/jest-circus/build/jestAdapterInit.js:1920:21)
    at jestAdapter (/Users/cmuir/P1Import-apps/P1-import-Subsystem/node_modules/jest-circus/build/runner.js:101:19)
    at runTestInternal (/Users/cmuir/P1Import-apps/P1-import-Subsystem/node_modules/jest-runner/build/testWorker.js:275:16)
    at runTest (/Users/cmuir/P1Import-apps/P1-import-Subsystem/node_modules/jest-runner/build/testWorker.js:343:7)
    at Object.worker (/Users/cmuir/P1Import-apps/P1-import-Subsystem/node_modules/jest-runner/build/testWorker.js:497:12)</failure>
    </testcase>
    <testcase classname="StartupOptimizer › health monitoring" name="should return health status" time="0">
      <failure>TypeError: fetch.mockClear is not a function
    at Object.&lt;anonymous&gt; (/Users/cmuir/P1Import-apps/P1-import-Subsystem/test/production/startup-optimizer.test.js:34:15)
    at Promise.finally.completed (/Users/cmuir/P1Import-apps/P1-import-Subsystem/node_modules/jest-circus/build/jestAdapterInit.js:1559:28)
    at new Promise (&lt;anonymous&gt;)
    at callAsyncCircusFn (/Users/cmuir/P1Import-apps/P1-import-Subsystem/node_modules/jest-circus/build/jestAdapterInit.js:1499:10)
    at _callCircusHook (/Users/cmuir/P1Import-apps/P1-import-Subsystem/node_modules/jest-circus/build/jestAdapterInit.js:978:40)
    at processTicksAndRejections (node:internal/process/task_queues:105:5)
    at _runTest (/Users/cmuir/P1Import-apps/P1-import-Subsystem/node_modules/jest-circus/build/jestAdapterInit.js:943:5)
    at _runTestsForDescribeBlock (/Users/cmuir/P1Import-apps/P1-import-Subsystem/node_modules/jest-circus/build/jestAdapterInit.js:839:13)
    at _runTestsForDescribeBlock (/Users/cmuir/P1Import-apps/P1-import-Subsystem/node_modules/jest-circus/build/jestAdapterInit.js:829:11)
    at _runTestsForDescribeBlock (/Users/cmuir/P1Import-apps/P1-import-Subsystem/node_modules/jest-circus/build/jestAdapterInit.js:829:11)
    at run (/Users/cmuir/P1Import-apps/P1-import-Subsystem/node_modules/jest-circus/build/jestAdapterInit.js:757:3)
    at runAndTransformResultsToJestFormat (/Users/cmuir/P1Import-apps/P1-import-Subsystem/node_modules/jest-circus/build/jestAdapterInit.js:1920:21)
    at jestAdapter (/Users/cmuir/P1Import-apps/P1-import-Subsystem/node_modules/jest-circus/build/runner.js:101:19)
    at runTestInternal (/Users/cmuir/P1Import-apps/P1-import-Subsystem/node_modules/jest-runner/build/testWorker.js:275:16)
    at runTest (/Users/cmuir/P1Import-apps/P1-import-Subsystem/node_modules/jest-runner/build/testWorker.js:343:7)
    at Object.worker (/Users/cmuir/P1Import-apps/P1-import-Subsystem/node_modules/jest-runner/build/testWorker.js:497:12)</failure>
    </testcase>
    <testcase classname="StartupOptimizer › health monitoring" name="should perform health check" time="0">
      <failure>TypeError: fetch.mockClear is not a function
    at Object.&lt;anonymous&gt; (/Users/cmuir/P1Import-apps/P1-import-Subsystem/test/production/startup-optimizer.test.js:34:15)
    at Promise.finally.completed (/Users/cmuir/P1Import-apps/P1-import-Subsystem/node_modules/jest-circus/build/jestAdapterInit.js:1559:28)
    at new Promise (&lt;anonymous&gt;)
    at callAsyncCircusFn (/Users/cmuir/P1Import-apps/P1-import-Subsystem/node_modules/jest-circus/build/jestAdapterInit.js:1499:10)
    at _callCircusHook (/Users/cmuir/P1Import-apps/P1-import-Subsystem/node_modules/jest-circus/build/jestAdapterInit.js:978:40)
    at processTicksAndRejections (node:internal/process/task_queues:105:5)
    at _runTest (/Users/cmuir/P1Import-apps/P1-import-Subsystem/node_modules/jest-circus/build/jestAdapterInit.js:943:5)
    at _runTestsForDescribeBlock (/Users/cmuir/P1Import-apps/P1-import-Subsystem/node_modules/jest-circus/build/jestAdapterInit.js:839:13)
    at _runTestsForDescribeBlock (/Users/cmuir/P1Import-apps/P1-import-Subsystem/node_modules/jest-circus/build/jestAdapterInit.js:829:11)
    at _runTestsForDescribeBlock (/Users/cmuir/P1Import-apps/P1-import-Subsystem/node_modules/jest-circus/build/jestAdapterInit.js:829:11)
    at run (/Users/cmuir/P1Import-apps/P1-import-Subsystem/node_modules/jest-circus/build/jestAdapterInit.js:757:3)
    at runAndTransformResultsToJestFormat (/Users/cmuir/P1Import-apps/P1-import-Subsystem/node_modules/jest-circus/build/jestAdapterInit.js:1920:21)
    at jestAdapter (/Users/cmuir/P1Import-apps/P1-import-Subsystem/node_modules/jest-circus/build/runner.js:101:19)
    at runTestInternal (/Users/cmuir/P1Import-apps/P1-import-Subsystem/node_modules/jest-runner/build/testWorker.js:275:16)
    at runTest (/Users/cmuir/P1Import-apps/P1-import-Subsystem/node_modules/jest-runner/build/testWorker.js:343:7)
    at Object.worker (/Users/cmuir/P1Import-apps/P1-import-Subsystem/node_modules/jest-runner/build/testWorker.js:497:12)</failure>
    </testcase>
    <testcase classname="StartupOptimizer › cache refresh" name="should refresh cache successfully" time="0">
      <failure>TypeError: fetch.mockClear is not a function
    at Object.&lt;anonymous&gt; (/Users/cmuir/P1Import-apps/P1-import-Subsystem/test/production/startup-optimizer.test.js:34:15)
    at Promise.finally.completed (/Users/cmuir/P1Import-apps/P1-import-Subsystem/node_modules/jest-circus/build/jestAdapterInit.js:1559:28)
    at new Promise (&lt;anonymous&gt;)
    at callAsyncCircusFn (/Users/cmuir/P1Import-apps/P1-import-Subsystem/node_modules/jest-circus/build/jestAdapterInit.js:1499:10)
    at _callCircusHook (/Users/cmuir/P1Import-apps/P1-import-Subsystem/node_modules/jest-circus/build/jestAdapterInit.js:978:40)
    at processTicksAndRejections (node:internal/process/task_queues:105:5)
    at _runTest (/Users/cmuir/P1Import-apps/P1-import-Subsystem/node_modules/jest-circus/build/jestAdapterInit.js:943:5)
    at _runTestsForDescribeBlock (/Users/cmuir/P1Import-apps/P1-import-Subsystem/node_modules/jest-circus/build/jestAdapterInit.js:839:13)
    at _runTestsForDescribeBlock (/Users/cmuir/P1Import-apps/P1-import-Subsystem/node_modules/jest-circus/build/jestAdapterInit.js:829:11)
    at _runTestsForDescribeBlock (/Users/cmuir/P1Import-apps/P1-import-Subsystem/node_modules/jest-circus/build/jestAdapterInit.js:829:11)
    at run (/Users/cmuir/P1Import-apps/P1-import-Subsystem/node_modules/jest-circus/build/jestAdapterInit.js:757:3)
    at runAndTransformResultsToJestFormat (/Users/cmuir/P1Import-apps/P1-import-Subsystem/node_modules/jest-circus/build/jestAdapterInit.js:1920:21)
    at jestAdapter (/Users/cmuir/P1Import-apps/P1-import-Subsystem/node_modules/jest-circus/build/runner.js:101:19)
    at runTestInternal (/Users/cmuir/P1Import-apps/P1-import-Subsystem/node_modules/jest-runner/build/testWorker.js:275:16)
    at runTest (/Users/cmuir/P1Import-apps/P1-import-Subsystem/node_modules/jest-runner/build/testWorker.js:343:7)
    at Object.worker (/Users/cmuir/P1Import-apps/P1-import-Subsystem/node_modules/jest-runner/build/testWorker.js:497:12)</failure>
    </testcase>
    <testcase classname="StartupOptimizer › cache refresh" name="should handle refresh failure" time="0">
      <failure>TypeError: fetch.mockClear is not a function
    at Object.&lt;anonymous&gt; (/Users/cmuir/P1Import-apps/P1-import-Subsystem/test/production/startup-optimizer.test.js:34:15)
    at Promise.finally.completed (/Users/cmuir/P1Import-apps/P1-import-Subsystem/node_modules/jest-circus/build/jestAdapterInit.js:1559:28)
    at new Promise (&lt;anonymous&gt;)
    at callAsyncCircusFn (/Users/cmuir/P1Import-apps/P1-import-Subsystem/node_modules/jest-circus/build/jestAdapterInit.js:1499:10)
    at _callCircusHook (/Users/cmuir/P1Import-apps/P1-import-Subsystem/node_modules/jest-circus/build/jestAdapterInit.js:978:40)
    at processTicksAndRejections (node:internal/process/task_queues:105:5)
    at _runTest (/Users/cmuir/P1Import-apps/P1-import-Subsystem/node_modules/jest-circus/build/jestAdapterInit.js:943:5)
    at _runTestsForDescribeBlock (/Users/cmuir/P1Import-apps/P1-import-Subsystem/node_modules/jest-circus/build/jestAdapterInit.js:839:13)
    at _runTestsForDescribeBlock (/Users/cmuir/P1Import-apps/P1-import-Subsystem/node_modules/jest-circus/build/jestAdapterInit.js:829:11)
    at _runTestsForDescribeBlock (/Users/cmuir/P1Import-apps/P1-import-Subsystem/node_modules/jest-circus/build/jestAdapterInit.js:829:11)
    at run (/Users/cmuir/P1Import-apps/P1-import-Subsystem/node_modules/jest-circus/build/jestAdapterInit.js:757:3)
    at runAndTransformResultsToJestFormat (/Users/cmuir/P1Import-apps/P1-import-Subsystem/node_modules/jest-circus/build/jestAdapterInit.js:1920:21)
    at jestAdapter (/Users/cmuir/P1Import-apps/P1-import-Subsystem/node_modules/jest-circus/build/runner.js:101:19)
    at runTestInternal (/Users/cmuir/P1Import-apps/P1-import-Subsystem/node_modules/jest-runner/build/testWorker.js:275:16)
    at runTest (/Users/cmuir/P1Import-apps/P1-import-Subsystem/node_modules/jest-runner/build/testWorker.js:343:7)
    at Object.worker (/Users/cmuir/P1Import-apps/P1-import-Subsystem/node_modules/jest-runner/build/testWorker.js:497:12)</failure>
    </testcase>
    <testcase classname="Singleton instance" name="should export singleton instance" time="0.001">
    </testcase>
    <testcase classname="Singleton instance" name="should maintain state across imports" time="0">
    </testcase>
  </testsuite>
  <testsuite name="test/subsystem-integration.test.js" errors="0" failures="26" skipped="0" timestamp="2025-08-20T11:47:24" time="0.168" tests="26">
    <testcase classname="Subsystem Architecture Integration Tests › LoggingSubsystem" name="should initialize successfully" time="0">
      <failure>Error: Cannot find module &apos;../public/js/modules/winston-logger.js&apos; from &apos;test/subsystem-integration.test.js&apos;
    at Resolver._throwModNotFoundError (/Users/cmuir/P1Import-apps/P1-import-Subsystem/node_modules/jest-resolve/build/index.js:863:11)
    at Resolver.resolveModule (/Users/cmuir/P1Import-apps/P1-import-Subsystem/node_modules/jest-resolve/build/index.js:810:10)
    at Resolver._getVirtualMockPath (/Users/cmuir/P1Import-apps/P1-import-Subsystem/node_modules/jest-resolve/build/index.js:1004:84)
    at Resolver._getAbsolutePath (/Users/cmuir/P1Import-apps/P1-import-Subsystem/node_modules/jest-resolve/build/index.js:984:98)
    at Resolver.getModuleID (/Users/cmuir/P1Import-apps/P1-import-Subsystem/node_modules/jest-resolve/build/index.js:949:31)
    at Runtime.setMock (/Users/cmuir/P1Import-apps/P1-import-Subsystem/node_modules/jest-runtime/build/index.js:1081:37)
    at setMockFactory (/Users/cmuir/P1Import-apps/P1-import-Subsystem/node_modules/jest-runtime/build/index.js:1648:12)
    at Object.mock (/Users/cmuir/P1Import-apps/P1-import-Subsystem/node_modules/jest-runtime/build/index.js:1635:16)
    at Object.&lt;anonymous&gt; (/Users/cmuir/P1Import-apps/P1-import-Subsystem/test/subsystem-integration.test.js:56:12)
    at Promise.finally.completed (/Users/cmuir/P1Import-apps/P1-import-Subsystem/node_modules/jest-circus/build/jestAdapterInit.js:1559:28)
    at new Promise (&lt;anonymous&gt;)
    at callAsyncCircusFn (/Users/cmuir/P1Import-apps/P1-import-Subsystem/node_modules/jest-circus/build/jestAdapterInit.js:1499:10)
    at _callCircusHook (/Users/cmuir/P1Import-apps/P1-import-Subsystem/node_modules/jest-circus/build/jestAdapterInit.js:978:40)
    at processTicksAndRejections (node:internal/process/task_queues:105:5)
    at _runTestsForDescribeBlock (/Users/cmuir/P1Import-apps/P1-import-Subsystem/node_modules/jest-circus/build/jestAdapterInit.js:775:7)
    at _runTestsForDescribeBlock (/Users/cmuir/P1Import-apps/P1-import-Subsystem/node_modules/jest-circus/build/jestAdapterInit.js:829:11)
    at _runTestsForDescribeBlock (/Users/cmuir/P1Import-apps/P1-import-Subsystem/node_modules/jest-circus/build/jestAdapterInit.js:829:11)
    at run (/Users/cmuir/P1Import-apps/P1-import-Subsystem/node_modules/jest-circus/build/jestAdapterInit.js:757:3)
    at runAndTransformResultsToJestFormat (/Users/cmuir/P1Import-apps/P1-import-Subsystem/node_modules/jest-circus/build/jestAdapterInit.js:1920:21)
    at jestAdapter (/Users/cmuir/P1Import-apps/P1-import-Subsystem/node_modules/jest-circus/build/runner.js:101:19)
    at runTestInternal (/Users/cmuir/P1Import-apps/P1-import-Subsystem/node_modules/jest-runner/build/testWorker.js:275:16)
    at runTest (/Users/cmuir/P1Import-apps/P1-import-Subsystem/node_modules/jest-runner/build/testWorker.js:343:7)
    at Object.worker (/Users/cmuir/P1Import-apps/P1-import-Subsystem/node_modules/jest-runner/build/testWorker.js:497:12)</failure>
    </testcase>
    <testcase classname="Subsystem Architecture Integration Tests › LoggingSubsystem" name="should log messages with different levels" time="0">
      <failure>Error: Cannot find module &apos;../public/js/modules/winston-logger.js&apos; from &apos;test/subsystem-integration.test.js&apos;
    at Resolver._throwModNotFoundError (/Users/cmuir/P1Import-apps/P1-import-Subsystem/node_modules/jest-resolve/build/index.js:863:11)
    at Resolver.resolveModule (/Users/cmuir/P1Import-apps/P1-import-Subsystem/node_modules/jest-resolve/build/index.js:810:10)
    at Resolver._getVirtualMockPath (/Users/cmuir/P1Import-apps/P1-import-Subsystem/node_modules/jest-resolve/build/index.js:1004:84)
    at Resolver._getAbsolutePath (/Users/cmuir/P1Import-apps/P1-import-Subsystem/node_modules/jest-resolve/build/index.js:984:98)
    at Resolver.getModuleID (/Users/cmuir/P1Import-apps/P1-import-Subsystem/node_modules/jest-resolve/build/index.js:949:31)
    at Runtime.setMock (/Users/cmuir/P1Import-apps/P1-import-Subsystem/node_modules/jest-runtime/build/index.js:1081:37)
    at setMockFactory (/Users/cmuir/P1Import-apps/P1-import-Subsystem/node_modules/jest-runtime/build/index.js:1648:12)
    at Object.mock (/Users/cmuir/P1Import-apps/P1-import-Subsystem/node_modules/jest-runtime/build/index.js:1635:16)
    at Object.&lt;anonymous&gt; (/Users/cmuir/P1Import-apps/P1-import-Subsystem/test/subsystem-integration.test.js:56:12)
    at Promise.finally.completed (/Users/cmuir/P1Import-apps/P1-import-Subsystem/node_modules/jest-circus/build/jestAdapterInit.js:1559:28)
    at new Promise (&lt;anonymous&gt;)
    at callAsyncCircusFn (/Users/cmuir/P1Import-apps/P1-import-Subsystem/node_modules/jest-circus/build/jestAdapterInit.js:1499:10)
    at _callCircusHook (/Users/cmuir/P1Import-apps/P1-import-Subsystem/node_modules/jest-circus/build/jestAdapterInit.js:978:40)
    at processTicksAndRejections (node:internal/process/task_queues:105:5)
    at _runTestsForDescribeBlock (/Users/cmuir/P1Import-apps/P1-import-Subsystem/node_modules/jest-circus/build/jestAdapterInit.js:775:7)
    at _runTestsForDescribeBlock (/Users/cmuir/P1Import-apps/P1-import-Subsystem/node_modules/jest-circus/build/jestAdapterInit.js:829:11)
    at _runTestsForDescribeBlock (/Users/cmuir/P1Import-apps/P1-import-Subsystem/node_modules/jest-circus/build/jestAdapterInit.js:829:11)
    at run (/Users/cmuir/P1Import-apps/P1-import-Subsystem/node_modules/jest-circus/build/jestAdapterInit.js:757:3)
    at runAndTransformResultsToJestFormat (/Users/cmuir/P1Import-apps/P1-import-Subsystem/node_modules/jest-circus/build/jestAdapterInit.js:1920:21)
    at jestAdapter (/Users/cmuir/P1Import-apps/P1-import-Subsystem/node_modules/jest-circus/build/runner.js:101:19)
    at runTestInternal (/Users/cmuir/P1Import-apps/P1-import-Subsystem/node_modules/jest-runner/build/testWorker.js:275:16)
    at runTest (/Users/cmuir/P1Import-apps/P1-import-Subsystem/node_modules/jest-runner/build/testWorker.js:343:7)
    at Object.worker (/Users/cmuir/P1Import-apps/P1-import-Subsystem/node_modules/jest-runner/build/testWorker.js:497:12)</failure>
    </testcase>
    <testcase classname="Subsystem Architecture Integration Tests › LoggingSubsystem" name="should emit events for log entries" time="0.001">
      <failure>Error: Cannot find module &apos;../public/js/modules/winston-logger.js&apos; from &apos;test/subsystem-integration.test.js&apos;
    at Resolver._throwModNotFoundError (/Users/cmuir/P1Import-apps/P1-import-Subsystem/node_modules/jest-resolve/build/index.js:863:11)
    at Resolver.resolveModule (/Users/cmuir/P1Import-apps/P1-import-Subsystem/node_modules/jest-resolve/build/index.js:810:10)
    at Resolver._getVirtualMockPath (/Users/cmuir/P1Import-apps/P1-import-Subsystem/node_modules/jest-resolve/build/index.js:1004:84)
    at Resolver._getAbsolutePath (/Users/cmuir/P1Import-apps/P1-import-Subsystem/node_modules/jest-resolve/build/index.js:984:98)
    at Resolver.getModuleID (/Users/cmuir/P1Import-apps/P1-import-Subsystem/node_modules/jest-resolve/build/index.js:949:31)
    at Runtime.setMock (/Users/cmuir/P1Import-apps/P1-import-Subsystem/node_modules/jest-runtime/build/index.js:1081:37)
    at setMockFactory (/Users/cmuir/P1Import-apps/P1-import-Subsystem/node_modules/jest-runtime/build/index.js:1648:12)
    at Object.mock (/Users/cmuir/P1Import-apps/P1-import-Subsystem/node_modules/jest-runtime/build/index.js:1635:16)
    at Object.&lt;anonymous&gt; (/Users/cmuir/P1Import-apps/P1-import-Subsystem/test/subsystem-integration.test.js:56:12)
    at Promise.finally.completed (/Users/cmuir/P1Import-apps/P1-import-Subsystem/node_modules/jest-circus/build/jestAdapterInit.js:1559:28)
    at new Promise (&lt;anonymous&gt;)
    at callAsyncCircusFn (/Users/cmuir/P1Import-apps/P1-import-Subsystem/node_modules/jest-circus/build/jestAdapterInit.js:1499:10)
    at _callCircusHook (/Users/cmuir/P1Import-apps/P1-import-Subsystem/node_modules/jest-circus/build/jestAdapterInit.js:978:40)
    at processTicksAndRejections (node:internal/process/task_queues:105:5)
    at _runTestsForDescribeBlock (/Users/cmuir/P1Import-apps/P1-import-Subsystem/node_modules/jest-circus/build/jestAdapterInit.js:775:7)
    at _runTestsForDescribeBlock (/Users/cmuir/P1Import-apps/P1-import-Subsystem/node_modules/jest-circus/build/jestAdapterInit.js:829:11)
    at _runTestsForDescribeBlock (/Users/cmuir/P1Import-apps/P1-import-Subsystem/node_modules/jest-circus/build/jestAdapterInit.js:829:11)
    at run (/Users/cmuir/P1Import-apps/P1-import-Subsystem/node_modules/jest-circus/build/jestAdapterInit.js:757:3)
    at runAndTransformResultsToJestFormat (/Users/cmuir/P1Import-apps/P1-import-Subsystem/node_modules/jest-circus/build/jestAdapterInit.js:1920:21)
    at jestAdapter (/Users/cmuir/P1Import-apps/P1-import-Subsystem/node_modules/jest-circus/build/runner.js:101:19)
    at runTestInternal (/Users/cmuir/P1Import-apps/P1-import-Subsystem/node_modules/jest-runner/build/testWorker.js:275:16)
    at runTest (/Users/cmuir/P1Import-apps/P1-import-Subsystem/node_modules/jest-runner/build/testWorker.js:343:7)
    at Object.worker (/Users/cmuir/P1Import-apps/P1-import-Subsystem/node_modules/jest-runner/build/testWorker.js:497:12)</failure>
    </testcase>
    <testcase classname="Subsystem Architecture Integration Tests › LoggingSubsystem" name="should load logs with filtering" time="0">
      <failure>Error: Cannot find module &apos;../public/js/modules/winston-logger.js&apos; from &apos;test/subsystem-integration.test.js&apos;
    at Resolver._throwModNotFoundError (/Users/cmuir/P1Import-apps/P1-import-Subsystem/node_modules/jest-resolve/build/index.js:863:11)
    at Resolver.resolveModule (/Users/cmuir/P1Import-apps/P1-import-Subsystem/node_modules/jest-resolve/build/index.js:810:10)
    at Resolver._getVirtualMockPath (/Users/cmuir/P1Import-apps/P1-import-Subsystem/node_modules/jest-resolve/build/index.js:1004:84)
    at Resolver._getAbsolutePath (/Users/cmuir/P1Import-apps/P1-import-Subsystem/node_modules/jest-resolve/build/index.js:984:98)
    at Resolver.getModuleID (/Users/cmuir/P1Import-apps/P1-import-Subsystem/node_modules/jest-resolve/build/index.js:949:31)
    at Runtime.setMock (/Users/cmuir/P1Import-apps/P1-import-Subsystem/node_modules/jest-runtime/build/index.js:1081:37)
    at setMockFactory (/Users/cmuir/P1Import-apps/P1-import-Subsystem/node_modules/jest-runtime/build/index.js:1648:12)
    at Object.mock (/Users/cmuir/P1Import-apps/P1-import-Subsystem/node_modules/jest-runtime/build/index.js:1635:16)
    at Object.&lt;anonymous&gt; (/Users/cmuir/P1Import-apps/P1-import-Subsystem/test/subsystem-integration.test.js:56:12)
    at Promise.finally.completed (/Users/cmuir/P1Import-apps/P1-import-Subsystem/node_modules/jest-circus/build/jestAdapterInit.js:1559:28)
    at new Promise (&lt;anonymous&gt;)
    at callAsyncCircusFn (/Users/cmuir/P1Import-apps/P1-import-Subsystem/node_modules/jest-circus/build/jestAdapterInit.js:1499:10)
    at _callCircusHook (/Users/cmuir/P1Import-apps/P1-import-Subsystem/node_modules/jest-circus/build/jestAdapterInit.js:978:40)
    at processTicksAndRejections (node:internal/process/task_queues:105:5)
    at _runTestsForDescribeBlock (/Users/cmuir/P1Import-apps/P1-import-Subsystem/node_modules/jest-circus/build/jestAdapterInit.js:775:7)
    at _runTestsForDescribeBlock (/Users/cmuir/P1Import-apps/P1-import-Subsystem/node_modules/jest-circus/build/jestAdapterInit.js:829:11)
    at _runTestsForDescribeBlock (/Users/cmuir/P1Import-apps/P1-import-Subsystem/node_modules/jest-circus/build/jestAdapterInit.js:829:11)
    at run (/Users/cmuir/P1Import-apps/P1-import-Subsystem/node_modules/jest-circus/build/jestAdapterInit.js:757:3)
    at runAndTransformResultsToJestFormat (/Users/cmuir/P1Import-apps/P1-import-Subsystem/node_modules/jest-circus/build/jestAdapterInit.js:1920:21)
    at jestAdapter (/Users/cmuir/P1Import-apps/P1-import-Subsystem/node_modules/jest-circus/build/runner.js:101:19)
    at runTestInternal (/Users/cmuir/P1Import-apps/P1-import-Subsystem/node_modules/jest-runner/build/testWorker.js:275:16)
    at runTest (/Users/cmuir/P1Import-apps/P1-import-Subsystem/node_modules/jest-runner/build/testWorker.js:343:7)
    at Object.worker (/Users/cmuir/P1Import-apps/P1-import-Subsystem/node_modules/jest-runner/build/testWorker.js:497:12)</failure>
    </testcase>
    <testcase classname="Subsystem Architecture Integration Tests › LoggingSubsystem" name="should clear logs" time="0">
      <failure>Error: Cannot find module &apos;../public/js/modules/winston-logger.js&apos; from &apos;test/subsystem-integration.test.js&apos;
    at Resolver._throwModNotFoundError (/Users/cmuir/P1Import-apps/P1-import-Subsystem/node_modules/jest-resolve/build/index.js:863:11)
    at Resolver.resolveModule (/Users/cmuir/P1Import-apps/P1-import-Subsystem/node_modules/jest-resolve/build/index.js:810:10)
    at Resolver._getVirtualMockPath (/Users/cmuir/P1Import-apps/P1-import-Subsystem/node_modules/jest-resolve/build/index.js:1004:84)
    at Resolver._getAbsolutePath (/Users/cmuir/P1Import-apps/P1-import-Subsystem/node_modules/jest-resolve/build/index.js:984:98)
    at Resolver.getModuleID (/Users/cmuir/P1Import-apps/P1-import-Subsystem/node_modules/jest-resolve/build/index.js:949:31)
    at Runtime.setMock (/Users/cmuir/P1Import-apps/P1-import-Subsystem/node_modules/jest-runtime/build/index.js:1081:37)
    at setMockFactory (/Users/cmuir/P1Import-apps/P1-import-Subsystem/node_modules/jest-runtime/build/index.js:1648:12)
    at Object.mock (/Users/cmuir/P1Import-apps/P1-import-Subsystem/node_modules/jest-runtime/build/index.js:1635:16)
    at Object.&lt;anonymous&gt; (/Users/cmuir/P1Import-apps/P1-import-Subsystem/test/subsystem-integration.test.js:56:12)
    at Promise.finally.completed (/Users/cmuir/P1Import-apps/P1-import-Subsystem/node_modules/jest-circus/build/jestAdapterInit.js:1559:28)
    at new Promise (&lt;anonymous&gt;)
    at callAsyncCircusFn (/Users/cmuir/P1Import-apps/P1-import-Subsystem/node_modules/jest-circus/build/jestAdapterInit.js:1499:10)
    at _callCircusHook (/Users/cmuir/P1Import-apps/P1-import-Subsystem/node_modules/jest-circus/build/jestAdapterInit.js:978:40)
    at processTicksAndRejections (node:internal/process/task_queues:105:5)
    at _runTestsForDescribeBlock (/Users/cmuir/P1Import-apps/P1-import-Subsystem/node_modules/jest-circus/build/jestAdapterInit.js:775:7)
    at _runTestsForDescribeBlock (/Users/cmuir/P1Import-apps/P1-import-Subsystem/node_modules/jest-circus/build/jestAdapterInit.js:829:11)
    at _runTestsForDescribeBlock (/Users/cmuir/P1Import-apps/P1-import-Subsystem/node_modules/jest-circus/build/jestAdapterInit.js:829:11)
    at run (/Users/cmuir/P1Import-apps/P1-import-Subsystem/node_modules/jest-circus/build/jestAdapterInit.js:757:3)
    at runAndTransformResultsToJestFormat (/Users/cmuir/P1Import-apps/P1-import-Subsystem/node_modules/jest-circus/build/jestAdapterInit.js:1920:21)
    at jestAdapter (/Users/cmuir/P1Import-apps/P1-import-Subsystem/node_modules/jest-circus/build/runner.js:101:19)
    at runTestInternal (/Users/cmuir/P1Import-apps/P1-import-Subsystem/node_modules/jest-runner/build/testWorker.js:275:16)
    at runTest (/Users/cmuir/P1Import-apps/P1-import-Subsystem/node_modules/jest-runner/build/testWorker.js:343:7)
    at Object.worker (/Users/cmuir/P1Import-apps/P1-import-Subsystem/node_modules/jest-runner/build/testWorker.js:497:12)</failure>
    </testcase>
    <testcase classname="Subsystem Architecture Integration Tests › LoggingSubsystem" name="should sanitize sensitive data" time="0">
      <failure>Error: Cannot find module &apos;../public/js/modules/winston-logger.js&apos; from &apos;test/subsystem-integration.test.js&apos;
    at Resolver._throwModNotFoundError (/Users/cmuir/P1Import-apps/P1-import-Subsystem/node_modules/jest-resolve/build/index.js:863:11)
    at Resolver.resolveModule (/Users/cmuir/P1Import-apps/P1-import-Subsystem/node_modules/jest-resolve/build/index.js:810:10)
    at Resolver._getVirtualMockPath (/Users/cmuir/P1Import-apps/P1-import-Subsystem/node_modules/jest-resolve/build/index.js:1004:84)
    at Resolver._getAbsolutePath (/Users/cmuir/P1Import-apps/P1-import-Subsystem/node_modules/jest-resolve/build/index.js:984:98)
    at Resolver.getModuleID (/Users/cmuir/P1Import-apps/P1-import-Subsystem/node_modules/jest-resolve/build/index.js:949:31)
    at Runtime.setMock (/Users/cmuir/P1Import-apps/P1-import-Subsystem/node_modules/jest-runtime/build/index.js:1081:37)
    at setMockFactory (/Users/cmuir/P1Import-apps/P1-import-Subsystem/node_modules/jest-runtime/build/index.js:1648:12)
    at Object.mock (/Users/cmuir/P1Import-apps/P1-import-Subsystem/node_modules/jest-runtime/build/index.js:1635:16)
    at Object.&lt;anonymous&gt; (/Users/cmuir/P1Import-apps/P1-import-Subsystem/test/subsystem-integration.test.js:56:12)
    at Promise.finally.completed (/Users/cmuir/P1Import-apps/P1-import-Subsystem/node_modules/jest-circus/build/jestAdapterInit.js:1559:28)
    at new Promise (&lt;anonymous&gt;)
    at callAsyncCircusFn (/Users/cmuir/P1Import-apps/P1-import-Subsystem/node_modules/jest-circus/build/jestAdapterInit.js:1499:10)
    at _callCircusHook (/Users/cmuir/P1Import-apps/P1-import-Subsystem/node_modules/jest-circus/build/jestAdapterInit.js:978:40)
    at processTicksAndRejections (node:internal/process/task_queues:105:5)
    at _runTestsForDescribeBlock (/Users/cmuir/P1Import-apps/P1-import-Subsystem/node_modules/jest-circus/build/jestAdapterInit.js:775:7)
    at _runTestsForDescribeBlock (/Users/cmuir/P1Import-apps/P1-import-Subsystem/node_modules/jest-circus/build/jestAdapterInit.js:829:11)
    at _runTestsForDescribeBlock (/Users/cmuir/P1Import-apps/P1-import-Subsystem/node_modules/jest-circus/build/jestAdapterInit.js:829:11)
    at run (/Users/cmuir/P1Import-apps/P1-import-Subsystem/node_modules/jest-circus/build/jestAdapterInit.js:757:3)
    at runAndTransformResultsToJestFormat (/Users/cmuir/P1Import-apps/P1-import-Subsystem/node_modules/jest-circus/build/jestAdapterInit.js:1920:21)
    at jestAdapter (/Users/cmuir/P1Import-apps/P1-import-Subsystem/node_modules/jest-circus/build/runner.js:101:19)
    at runTestInternal (/Users/cmuir/P1Import-apps/P1-import-Subsystem/node_modules/jest-runner/build/testWorker.js:275:16)
    at runTest (/Users/cmuir/P1Import-apps/P1-import-Subsystem/node_modules/jest-runner/build/testWorker.js:343:7)
    at Object.worker (/Users/cmuir/P1Import-apps/P1-import-Subsystem/node_modules/jest-runner/build/testWorker.js:497:12)</failure>
    </testcase>
    <testcase classname="Subsystem Architecture Integration Tests › HistorySubsystem" name="should initialize successfully" time="0">
      <failure>Error: Cannot find module &apos;../public/js/modules/history-subsystem.js&apos; from &apos;test/subsystem-integration.test.js&apos;
    at Resolver._throwModNotFoundError (/Users/cmuir/P1Import-apps/P1-import-Subsystem/node_modules/jest-resolve/build/index.js:863:11)
    at Resolver.resolveModuleAsync (/Users/cmuir/P1Import-apps/P1-import-Subsystem/node_modules/jest-resolve/build/index.js:820:10)
    at processTicksAndRejections (node:internal/process/task_queues:105:5)
    at Resolver.getModuleIDAsync (/Users/cmuir/P1Import-apps/P1-import-Subsystem/node_modules/jest-resolve/build/index.js:967:26)
    at Runtime._shouldMockModule (/Users/cmuir/P1Import-apps/P1-import-Subsystem/node_modules/jest-runtime/build/index.js:1527:22)
    at Runtime.resolveModule (/Users/cmuir/P1Import-apps/P1-import-Subsystem/node_modules/jest-runtime/build/index.js:657:9)
    at importModuleDynamically (/Users/cmuir/P1Import-apps/P1-import-Subsystem/node_modules/jest-runtime/build/index.js:526:30)
    at importModuleDynamicallyWrapper (node:internal/vm/module:436:15)
    at Object.&lt;anonymous&gt; (/Users/cmuir/P1Import-apps/P1-import-Subsystem/test/subsystem-integration.test.js:142:22)</failure>
    </testcase>
    <testcase classname="Subsystem Architecture Integration Tests › HistorySubsystem" name="should add history entries" time="0">
      <failure>Error: Cannot find module &apos;../public/js/modules/history-subsystem.js&apos; from &apos;test/subsystem-integration.test.js&apos;
    at Resolver._throwModNotFoundError (/Users/cmuir/P1Import-apps/P1-import-Subsystem/node_modules/jest-resolve/build/index.js:863:11)
    at Resolver.resolveModuleAsync (/Users/cmuir/P1Import-apps/P1-import-Subsystem/node_modules/jest-resolve/build/index.js:820:10)
    at processTicksAndRejections (node:internal/process/task_queues:105:5)
    at Resolver.getModuleIDAsync (/Users/cmuir/P1Import-apps/P1-import-Subsystem/node_modules/jest-resolve/build/index.js:967:26)
    at Runtime._shouldMockModule (/Users/cmuir/P1Import-apps/P1-import-Subsystem/node_modules/jest-runtime/build/index.js:1527:22)
    at Runtime.resolveModule (/Users/cmuir/P1Import-apps/P1-import-Subsystem/node_modules/jest-runtime/build/index.js:657:9)
    at importModuleDynamically (/Users/cmuir/P1Import-apps/P1-import-Subsystem/node_modules/jest-runtime/build/index.js:526:30)
    at importModuleDynamicallyWrapper (node:internal/vm/module:436:15)
    at Object.&lt;anonymous&gt; (/Users/cmuir/P1Import-apps/P1-import-Subsystem/test/subsystem-integration.test.js:142:22)</failure>
    </testcase>
    <testcase classname="Subsystem Architecture Integration Tests › HistorySubsystem" name="should update history entries" time="0">
      <failure>Error: Cannot find module &apos;../public/js/modules/history-subsystem.js&apos; from &apos;test/subsystem-integration.test.js&apos;
    at Resolver._throwModNotFoundError (/Users/cmuir/P1Import-apps/P1-import-Subsystem/node_modules/jest-resolve/build/index.js:863:11)
    at Resolver.resolveModuleAsync (/Users/cmuir/P1Import-apps/P1-import-Subsystem/node_modules/jest-resolve/build/index.js:820:10)
    at processTicksAndRejections (node:internal/process/task_queues:105:5)
    at Resolver.getModuleIDAsync (/Users/cmuir/P1Import-apps/P1-import-Subsystem/node_modules/jest-resolve/build/index.js:967:26)
    at Runtime._shouldMockModule (/Users/cmuir/P1Import-apps/P1-import-Subsystem/node_modules/jest-runtime/build/index.js:1527:22)
    at Runtime.resolveModule (/Users/cmuir/P1Import-apps/P1-import-Subsystem/node_modules/jest-runtime/build/index.js:657:9)
    at importModuleDynamically (/Users/cmuir/P1Import-apps/P1-import-Subsystem/node_modules/jest-runtime/build/index.js:526:30)
    at importModuleDynamicallyWrapper (node:internal/vm/module:436:15)
    at Object.&lt;anonymous&gt; (/Users/cmuir/P1Import-apps/P1-import-Subsystem/test/subsystem-integration.test.js:142:22)</failure>
    </testcase>
    <testcase classname="Subsystem Architecture Integration Tests › HistorySubsystem" name="should filter history entries" time="0.001">
      <failure>Error: Cannot find module &apos;../public/js/modules/history-subsystem.js&apos; from &apos;test/subsystem-integration.test.js&apos;
    at Resolver._throwModNotFoundError (/Users/cmuir/P1Import-apps/P1-import-Subsystem/node_modules/jest-resolve/build/index.js:863:11)
    at Resolver.resolveModuleAsync (/Users/cmuir/P1Import-apps/P1-import-Subsystem/node_modules/jest-resolve/build/index.js:820:10)
    at processTicksAndRejections (node:internal/process/task_queues:105:5)
    at Resolver.getModuleIDAsync (/Users/cmuir/P1Import-apps/P1-import-Subsystem/node_modules/jest-resolve/build/index.js:967:26)
    at Runtime._shouldMockModule (/Users/cmuir/P1Import-apps/P1-import-Subsystem/node_modules/jest-runtime/build/index.js:1527:22)
    at Runtime.resolveModule (/Users/cmuir/P1Import-apps/P1-import-Subsystem/node_modules/jest-runtime/build/index.js:657:9)
    at importModuleDynamically (/Users/cmuir/P1Import-apps/P1-import-Subsystem/node_modules/jest-runtime/build/index.js:526:30)
    at importModuleDynamicallyWrapper (node:internal/vm/module:436:15)
    at Object.&lt;anonymous&gt; (/Users/cmuir/P1Import-apps/P1-import-Subsystem/test/subsystem-integration.test.js:142:22)</failure>
    </testcase>
    <testcase classname="Subsystem Architecture Integration Tests › HistorySubsystem" name="should generate history statistics" time="0">
      <failure>Error: Cannot find module &apos;../public/js/modules/history-subsystem.js&apos; from &apos;test/subsystem-integration.test.js&apos;
    at Resolver._throwModNotFoundError (/Users/cmuir/P1Import-apps/P1-import-Subsystem/node_modules/jest-resolve/build/index.js:863:11)
    at Resolver.resolveModuleAsync (/Users/cmuir/P1Import-apps/P1-import-Subsystem/node_modules/jest-resolve/build/index.js:820:10)
    at processTicksAndRejections (node:internal/process/task_queues:105:5)
    at Resolver.getModuleIDAsync (/Users/cmuir/P1Import-apps/P1-import-Subsystem/node_modules/jest-resolve/build/index.js:967:26)
    at Runtime._shouldMockModule (/Users/cmuir/P1Import-apps/P1-import-Subsystem/node_modules/jest-runtime/build/index.js:1527:22)
    at Runtime.resolveModule (/Users/cmuir/P1Import-apps/P1-import-Subsystem/node_modules/jest-runtime/build/index.js:657:9)
    at importModuleDynamically (/Users/cmuir/P1Import-apps/P1-import-Subsystem/node_modules/jest-runtime/build/index.js:526:30)
    at importModuleDynamicallyWrapper (node:internal/vm/module:436:15)
    at Object.&lt;anonymous&gt; (/Users/cmuir/P1Import-apps/P1-import-Subsystem/test/subsystem-integration.test.js:142:22)</failure>
    </testcase>
    <testcase classname="Subsystem Architecture Integration Tests › HistorySubsystem" name="should clear history" time="0">
      <failure>Error: Cannot find module &apos;../public/js/modules/history-subsystem.js&apos; from &apos;test/subsystem-integration.test.js&apos;
    at Resolver._throwModNotFoundError (/Users/cmuir/P1Import-apps/P1-import-Subsystem/node_modules/jest-resolve/build/index.js:863:11)
    at Resolver.resolveModuleAsync (/Users/cmuir/P1Import-apps/P1-import-Subsystem/node_modules/jest-resolve/build/index.js:820:10)
    at processTicksAndRejections (node:internal/process/task_queues:105:5)
    at Resolver.getModuleIDAsync (/Users/cmuir/P1Import-apps/P1-import-Subsystem/node_modules/jest-resolve/build/index.js:967:26)
    at Runtime._shouldMockModule (/Users/cmuir/P1Import-apps/P1-import-Subsystem/node_modules/jest-runtime/build/index.js:1527:22)
    at Runtime.resolveModule (/Users/cmuir/P1Import-apps/P1-import-Subsystem/node_modules/jest-runtime/build/index.js:657:9)
    at importModuleDynamically (/Users/cmuir/P1Import-apps/P1-import-Subsystem/node_modules/jest-runtime/build/index.js:526:30)
    at importModuleDynamicallyWrapper (node:internal/vm/module:436:15)
    at Object.&lt;anonymous&gt; (/Users/cmuir/P1Import-apps/P1-import-Subsystem/test/subsystem-integration.test.js:142:22)</failure>
    </testcase>
    <testcase classname="Subsystem Architecture Integration Tests › PopulationSubsystem" name="should initialize successfully" time="0">
      <failure>Error: Cannot find module &apos;../public/js/modules/population-subsystem.js&apos; from &apos;test/subsystem-integration.test.js&apos;
    at Resolver._throwModNotFoundError (/Users/cmuir/P1Import-apps/P1-import-Subsystem/node_modules/jest-resolve/build/index.js:863:11)
    at Resolver.resolveModuleAsync (/Users/cmuir/P1Import-apps/P1-import-Subsystem/node_modules/jest-resolve/build/index.js:820:10)
    at processTicksAndRejections (node:internal/process/task_queues:105:5)
    at Resolver.getModuleIDAsync (/Users/cmuir/P1Import-apps/P1-import-Subsystem/node_modules/jest-resolve/build/index.js:967:26)
    at Runtime._shouldMockModule (/Users/cmuir/P1Import-apps/P1-import-Subsystem/node_modules/jest-runtime/build/index.js:1527:22)
    at Runtime.resolveModule (/Users/cmuir/P1Import-apps/P1-import-Subsystem/node_modules/jest-runtime/build/index.js:657:9)
    at importModuleDynamically (/Users/cmuir/P1Import-apps/P1-import-Subsystem/node_modules/jest-runtime/build/index.js:526:30)
    at importModuleDynamicallyWrapper (node:internal/vm/module:436:15)
    at Object.&lt;anonymous&gt; (/Users/cmuir/P1Import-apps/P1-import-Subsystem/test/subsystem-integration.test.js:234:22)</failure>
    </testcase>
    <testcase classname="Subsystem Architecture Integration Tests › PopulationSubsystem" name="should load populations from API" time="0">
      <failure>Error: Cannot find module &apos;../public/js/modules/population-subsystem.js&apos; from &apos;test/subsystem-integration.test.js&apos;
    at Resolver._throwModNotFoundError (/Users/cmuir/P1Import-apps/P1-import-Subsystem/node_modules/jest-resolve/build/index.js:863:11)
    at Resolver.resolveModuleAsync (/Users/cmuir/P1Import-apps/P1-import-Subsystem/node_modules/jest-resolve/build/index.js:820:10)
    at processTicksAndRejections (node:internal/process/task_queues:105:5)
    at Resolver.getModuleIDAsync (/Users/cmuir/P1Import-apps/P1-import-Subsystem/node_modules/jest-resolve/build/index.js:967:26)
    at Runtime._shouldMockModule (/Users/cmuir/P1Import-apps/P1-import-Subsystem/node_modules/jest-runtime/build/index.js:1527:22)
    at Runtime.resolveModule (/Users/cmuir/P1Import-apps/P1-import-Subsystem/node_modules/jest-runtime/build/index.js:657:9)
    at importModuleDynamically (/Users/cmuir/P1Import-apps/P1-import-Subsystem/node_modules/jest-runtime/build/index.js:526:30)
    at importModuleDynamicallyWrapper (node:internal/vm/module:436:15)
    at Object.&lt;anonymous&gt; (/Users/cmuir/P1Import-apps/P1-import-Subsystem/test/subsystem-integration.test.js:234:22)</failure>
    </testcase>
    <testcase classname="Subsystem Architecture Integration Tests › PopulationSubsystem" name="should cache populations" time="0">
      <failure>Error: Cannot find module &apos;../public/js/modules/population-subsystem.js&apos; from &apos;test/subsystem-integration.test.js&apos;
    at Resolver._throwModNotFoundError (/Users/cmuir/P1Import-apps/P1-import-Subsystem/node_modules/jest-resolve/build/index.js:863:11)
    at Resolver.resolveModuleAsync (/Users/cmuir/P1Import-apps/P1-import-Subsystem/node_modules/jest-resolve/build/index.js:820:10)
    at processTicksAndRejections (node:internal/process/task_queues:105:5)
    at Resolver.getModuleIDAsync (/Users/cmuir/P1Import-apps/P1-import-Subsystem/node_modules/jest-resolve/build/index.js:967:26)
    at Runtime._shouldMockModule (/Users/cmuir/P1Import-apps/P1-import-Subsystem/node_modules/jest-runtime/build/index.js:1527:22)
    at Runtime.resolveModule (/Users/cmuir/P1Import-apps/P1-import-Subsystem/node_modules/jest-runtime/build/index.js:657:9)
    at importModuleDynamically (/Users/cmuir/P1Import-apps/P1-import-Subsystem/node_modules/jest-runtime/build/index.js:526:30)
    at importModuleDynamicallyWrapper (node:internal/vm/module:436:15)
    at Object.&lt;anonymous&gt; (/Users/cmuir/P1Import-apps/P1-import-Subsystem/test/subsystem-integration.test.js:234:22)</failure>
    </testcase>
    <testcase classname="Subsystem Architecture Integration Tests › PopulationSubsystem" name="should populate dropdown with populations" time="0">
      <failure>Error: Cannot find module &apos;../public/js/modules/population-subsystem.js&apos; from &apos;test/subsystem-integration.test.js&apos;
    at Resolver._throwModNotFoundError (/Users/cmuir/P1Import-apps/P1-import-Subsystem/node_modules/jest-resolve/build/index.js:863:11)
    at Resolver.resolveModuleAsync (/Users/cmuir/P1Import-apps/P1-import-Subsystem/node_modules/jest-resolve/build/index.js:820:10)
    at processTicksAndRejections (node:internal/process/task_queues:105:5)
    at Resolver.getModuleIDAsync (/Users/cmuir/P1Import-apps/P1-import-Subsystem/node_modules/jest-resolve/build/index.js:967:26)
    at Runtime._shouldMockModule (/Users/cmuir/P1Import-apps/P1-import-Subsystem/node_modules/jest-runtime/build/index.js:1527:22)
    at Runtime.resolveModule (/Users/cmuir/P1Import-apps/P1-import-Subsystem/node_modules/jest-runtime/build/index.js:657:9)
    at importModuleDynamically (/Users/cmuir/P1Import-apps/P1-import-Subsystem/node_modules/jest-runtime/build/index.js:526:30)
    at importModuleDynamicallyWrapper (node:internal/vm/module:436:15)
    at Object.&lt;anonymous&gt; (/Users/cmuir/P1Import-apps/P1-import-Subsystem/test/subsystem-integration.test.js:234:22)</failure>
    </testcase>
    <testcase classname="Subsystem Architecture Integration Tests › PopulationSubsystem" name="should register and manage dropdowns" time="0">
      <failure>Error: Cannot find module &apos;../public/js/modules/population-subsystem.js&apos; from &apos;test/subsystem-integration.test.js&apos;
    at Resolver._throwModNotFoundError (/Users/cmuir/P1Import-apps/P1-import-Subsystem/node_modules/jest-resolve/build/index.js:863:11)
    at Resolver.resolveModuleAsync (/Users/cmuir/P1Import-apps/P1-import-Subsystem/node_modules/jest-resolve/build/index.js:820:10)
    at processTicksAndRejections (node:internal/process/task_queues:105:5)
    at Resolver.getModuleIDAsync (/Users/cmuir/P1Import-apps/P1-import-Subsystem/node_modules/jest-resolve/build/index.js:967:26)
    at Runtime._shouldMockModule (/Users/cmuir/P1Import-apps/P1-import-Subsystem/node_modules/jest-runtime/build/index.js:1527:22)
    at Runtime.resolveModule (/Users/cmuir/P1Import-apps/P1-import-Subsystem/node_modules/jest-runtime/build/index.js:657:9)
    at importModuleDynamically (/Users/cmuir/P1Import-apps/P1-import-Subsystem/node_modules/jest-runtime/build/index.js:526:30)
    at importModuleDynamicallyWrapper (node:internal/vm/module:436:15)
    at Object.&lt;anonymous&gt; (/Users/cmuir/P1Import-apps/P1-import-Subsystem/test/subsystem-integration.test.js:234:22)</failure>
    </testcase>
    <testcase classname="Subsystem Architecture Integration Tests › PopulationSubsystem" name="should sort populations correctly" time="0">
      <failure>Error: Cannot find module &apos;../public/js/modules/population-subsystem.js&apos; from &apos;test/subsystem-integration.test.js&apos;
    at Resolver._throwModNotFoundError (/Users/cmuir/P1Import-apps/P1-import-Subsystem/node_modules/jest-resolve/build/index.js:863:11)
    at Resolver.resolveModuleAsync (/Users/cmuir/P1Import-apps/P1-import-Subsystem/node_modules/jest-resolve/build/index.js:820:10)
    at processTicksAndRejections (node:internal/process/task_queues:105:5)
    at Resolver.getModuleIDAsync (/Users/cmuir/P1Import-apps/P1-import-Subsystem/node_modules/jest-resolve/build/index.js:967:26)
    at Runtime._shouldMockModule (/Users/cmuir/P1Import-apps/P1-import-Subsystem/node_modules/jest-runtime/build/index.js:1527:22)
    at Runtime.resolveModule (/Users/cmuir/P1Import-apps/P1-import-Subsystem/node_modules/jest-runtime/build/index.js:657:9)
    at importModuleDynamically (/Users/cmuir/P1Import-apps/P1-import-Subsystem/node_modules/jest-runtime/build/index.js:526:30)
    at importModuleDynamicallyWrapper (node:internal/vm/module:436:15)
    at Object.&lt;anonymous&gt; (/Users/cmuir/P1Import-apps/P1-import-Subsystem/test/subsystem-integration.test.js:234:22)</failure>
    </testcase>
    <testcase classname="Subsystem Architecture Integration Tests › PopulationSubsystem" name="should search populations by name" time="0">
      <failure>Error: Cannot find module &apos;../public/js/modules/population-subsystem.js&apos; from &apos;test/subsystem-integration.test.js&apos;
    at Resolver._throwModNotFoundError (/Users/cmuir/P1Import-apps/P1-import-Subsystem/node_modules/jest-resolve/build/index.js:863:11)
    at Resolver.resolveModuleAsync (/Users/cmuir/P1Import-apps/P1-import-Subsystem/node_modules/jest-resolve/build/index.js:820:10)
    at processTicksAndRejections (node:internal/process/task_queues:105:5)
    at Resolver.getModuleIDAsync (/Users/cmuir/P1Import-apps/P1-import-Subsystem/node_modules/jest-resolve/build/index.js:967:26)
    at Runtime._shouldMockModule (/Users/cmuir/P1Import-apps/P1-import-Subsystem/node_modules/jest-runtime/build/index.js:1527:22)
    at Runtime.resolveModule (/Users/cmuir/P1Import-apps/P1-import-Subsystem/node_modules/jest-runtime/build/index.js:657:9)
    at importModuleDynamically (/Users/cmuir/P1Import-apps/P1-import-Subsystem/node_modules/jest-runtime/build/index.js:526:30)
    at importModuleDynamicallyWrapper (node:internal/vm/module:436:15)
    at Object.&lt;anonymous&gt; (/Users/cmuir/P1Import-apps/P1-import-Subsystem/test/subsystem-integration.test.js:234:22)</failure>
    </testcase>
    <testcase classname="Subsystem Architecture Integration Tests › PopulationSubsystem" name="should invalidate cache when needed" time="0">
      <failure>Error: Cannot find module &apos;../public/js/modules/population-subsystem.js&apos; from &apos;test/subsystem-integration.test.js&apos;
    at Resolver._throwModNotFoundError (/Users/cmuir/P1Import-apps/P1-import-Subsystem/node_modules/jest-resolve/build/index.js:863:11)
    at Resolver.resolveModuleAsync (/Users/cmuir/P1Import-apps/P1-import-Subsystem/node_modules/jest-resolve/build/index.js:820:10)
    at processTicksAndRejections (node:internal/process/task_queues:105:5)
    at Resolver.getModuleIDAsync (/Users/cmuir/P1Import-apps/P1-import-Subsystem/node_modules/jest-resolve/build/index.js:967:26)
    at Runtime._shouldMockModule (/Users/cmuir/P1Import-apps/P1-import-Subsystem/node_modules/jest-runtime/build/index.js:1527:22)
    at Runtime.resolveModule (/Users/cmuir/P1Import-apps/P1-import-Subsystem/node_modules/jest-runtime/build/index.js:657:9)
    at importModuleDynamically (/Users/cmuir/P1Import-apps/P1-import-Subsystem/node_modules/jest-runtime/build/index.js:526:30)
    at importModuleDynamicallyWrapper (node:internal/vm/module:436:15)
    at Object.&lt;anonymous&gt; (/Users/cmuir/P1Import-apps/P1-import-Subsystem/test/subsystem-integration.test.js:234:22)</failure>
    </testcase>
    <testcase classname="Subsystem Architecture Integration Tests › Cross-Subsystem Integration" name="should integrate logging and history subsystems" time="0.001">
      <failure>Error: Cannot find module &apos;../public/js/modules/winston-logger.js&apos; from &apos;test/subsystem-integration.test.js&apos;
    at Resolver._throwModNotFoundError (/Users/cmuir/P1Import-apps/P1-import-Subsystem/node_modules/jest-resolve/build/index.js:863:11)
    at Resolver.resolveModule (/Users/cmuir/P1Import-apps/P1-import-Subsystem/node_modules/jest-resolve/build/index.js:810:10)
    at Resolver._getVirtualMockPath (/Users/cmuir/P1Import-apps/P1-import-Subsystem/node_modules/jest-resolve/build/index.js:1004:84)
    at Resolver._getAbsolutePath (/Users/cmuir/P1Import-apps/P1-import-Subsystem/node_modules/jest-resolve/build/index.js:984:98)
    at Resolver.getModuleID (/Users/cmuir/P1Import-apps/P1-import-Subsystem/node_modules/jest-resolve/build/index.js:949:31)
    at Runtime.setMock (/Users/cmuir/P1Import-apps/P1-import-Subsystem/node_modules/jest-runtime/build/index.js:1081:37)
    at setMockFactory (/Users/cmuir/P1Import-apps/P1-import-Subsystem/node_modules/jest-runtime/build/index.js:1648:12)
    at Object.mock (/Users/cmuir/P1Import-apps/P1-import-Subsystem/node_modules/jest-runtime/build/index.js:1635:16)
    at Object.&lt;anonymous&gt; (/Users/cmuir/P1Import-apps/P1-import-Subsystem/test/subsystem-integration.test.js:340:12)
    at Promise.finally.completed (/Users/cmuir/P1Import-apps/P1-import-Subsystem/node_modules/jest-circus/build/jestAdapterInit.js:1559:28)
    at new Promise (&lt;anonymous&gt;)
    at callAsyncCircusFn (/Users/cmuir/P1Import-apps/P1-import-Subsystem/node_modules/jest-circus/build/jestAdapterInit.js:1499:10)
    at _callCircusHook (/Users/cmuir/P1Import-apps/P1-import-Subsystem/node_modules/jest-circus/build/jestAdapterInit.js:978:40)
    at processTicksAndRejections (node:internal/process/task_queues:105:5)
    at _runTest (/Users/cmuir/P1Import-apps/P1-import-Subsystem/node_modules/jest-circus/build/jestAdapterInit.js:943:5)
    at _runTestsForDescribeBlock (/Users/cmuir/P1Import-apps/P1-import-Subsystem/node_modules/jest-circus/build/jestAdapterInit.js:839:13)
    at _runTestsForDescribeBlock (/Users/cmuir/P1Import-apps/P1-import-Subsystem/node_modules/jest-circus/build/jestAdapterInit.js:829:11)
    at _runTestsForDescribeBlock (/Users/cmuir/P1Import-apps/P1-import-Subsystem/node_modules/jest-circus/build/jestAdapterInit.js:829:11)
    at run (/Users/cmuir/P1Import-apps/P1-import-Subsystem/node_modules/jest-circus/build/jestAdapterInit.js:757:3)
    at runAndTransformResultsToJestFormat (/Users/cmuir/P1Import-apps/P1-import-Subsystem/node_modules/jest-circus/build/jestAdapterInit.js:1920:21)
    at jestAdapter (/Users/cmuir/P1Import-apps/P1-import-Subsystem/node_modules/jest-circus/build/runner.js:101:19)
    at runTestInternal (/Users/cmuir/P1Import-apps/P1-import-Subsystem/node_modules/jest-runner/build/testWorker.js:275:16)
    at runTest (/Users/cmuir/P1Import-apps/P1-import-Subsystem/node_modules/jest-runner/build/testWorker.js:343:7)
    at Object.worker (/Users/cmuir/P1Import-apps/P1-import-Subsystem/node_modules/jest-runner/build/testWorker.js:497:12)</failure>
    </testcase>
    <testcase classname="Subsystem Architecture Integration Tests › Cross-Subsystem Integration" name="should handle event bus communication between subsystems" time="0">
      <failure>Error: Cannot find module &apos;../public/js/modules/winston-logger.js&apos; from &apos;test/subsystem-integration.test.js&apos;
    at Resolver._throwModNotFoundError (/Users/cmuir/P1Import-apps/P1-import-Subsystem/node_modules/jest-resolve/build/index.js:863:11)
    at Resolver.resolveModule (/Users/cmuir/P1Import-apps/P1-import-Subsystem/node_modules/jest-resolve/build/index.js:810:10)
    at Resolver._getVirtualMockPath (/Users/cmuir/P1Import-apps/P1-import-Subsystem/node_modules/jest-resolve/build/index.js:1004:84)
    at Resolver._getAbsolutePath (/Users/cmuir/P1Import-apps/P1-import-Subsystem/node_modules/jest-resolve/build/index.js:984:98)
    at Resolver.getModuleID (/Users/cmuir/P1Import-apps/P1-import-Subsystem/node_modules/jest-resolve/build/index.js:949:31)
    at Runtime.setMock (/Users/cmuir/P1Import-apps/P1-import-Subsystem/node_modules/jest-runtime/build/index.js:1081:37)
    at setMockFactory (/Users/cmuir/P1Import-apps/P1-import-Subsystem/node_modules/jest-runtime/build/index.js:1648:12)
    at Object.mock (/Users/cmuir/P1Import-apps/P1-import-Subsystem/node_modules/jest-runtime/build/index.js:1635:16)
    at Object.&lt;anonymous&gt; (/Users/cmuir/P1Import-apps/P1-import-Subsystem/test/subsystem-integration.test.js:340:12)
    at Promise.finally.completed (/Users/cmuir/P1Import-apps/P1-import-Subsystem/node_modules/jest-circus/build/jestAdapterInit.js:1559:28)
    at new Promise (&lt;anonymous&gt;)
    at callAsyncCircusFn (/Users/cmuir/P1Import-apps/P1-import-Subsystem/node_modules/jest-circus/build/jestAdapterInit.js:1499:10)
    at _callCircusHook (/Users/cmuir/P1Import-apps/P1-import-Subsystem/node_modules/jest-circus/build/jestAdapterInit.js:978:40)
    at processTicksAndRejections (node:internal/process/task_queues:105:5)
    at _runTest (/Users/cmuir/P1Import-apps/P1-import-Subsystem/node_modules/jest-circus/build/jestAdapterInit.js:943:5)
    at _runTestsForDescribeBlock (/Users/cmuir/P1Import-apps/P1-import-Subsystem/node_modules/jest-circus/build/jestAdapterInit.js:839:13)
    at _runTestsForDescribeBlock (/Users/cmuir/P1Import-apps/P1-import-Subsystem/node_modules/jest-circus/build/jestAdapterInit.js:829:11)
    at _runTestsForDescribeBlock (/Users/cmuir/P1Import-apps/P1-import-Subsystem/node_modules/jest-circus/build/jestAdapterInit.js:829:11)
    at run (/Users/cmuir/P1Import-apps/P1-import-Subsystem/node_modules/jest-circus/build/jestAdapterInit.js:757:3)
    at runAndTransformResultsToJestFormat (/Users/cmuir/P1Import-apps/P1-import-Subsystem/node_modules/jest-circus/build/jestAdapterInit.js:1920:21)
    at jestAdapter (/Users/cmuir/P1Import-apps/P1-import-Subsystem/node_modules/jest-circus/build/runner.js:101:19)
    at runTestInternal (/Users/cmuir/P1Import-apps/P1-import-Subsystem/node_modules/jest-runner/build/testWorker.js:275:16)
    at runTest (/Users/cmuir/P1Import-apps/P1-import-Subsystem/node_modules/jest-runner/build/testWorker.js:343:7)
    at Object.worker (/Users/cmuir/P1Import-apps/P1-import-Subsystem/node_modules/jest-runner/build/testWorker.js:497:12)</failure>
    </testcase>
    <testcase classname="Subsystem Architecture Integration Tests › Cross-Subsystem Integration" name="should maintain consistent data flow between subsystems" time="0">
      <failure>Error: Cannot find module &apos;../public/js/modules/winston-logger.js&apos; from &apos;test/subsystem-integration.test.js&apos;
    at Resolver._throwModNotFoundError (/Users/cmuir/P1Import-apps/P1-import-Subsystem/node_modules/jest-resolve/build/index.js:863:11)
    at Resolver.resolveModule (/Users/cmuir/P1Import-apps/P1-import-Subsystem/node_modules/jest-resolve/build/index.js:810:10)
    at Resolver._getVirtualMockPath (/Users/cmuir/P1Import-apps/P1-import-Subsystem/node_modules/jest-resolve/build/index.js:1004:84)
    at Resolver._getAbsolutePath (/Users/cmuir/P1Import-apps/P1-import-Subsystem/node_modules/jest-resolve/build/index.js:984:98)
    at Resolver.getModuleID (/Users/cmuir/P1Import-apps/P1-import-Subsystem/node_modules/jest-resolve/build/index.js:949:31)
    at Runtime.setMock (/Users/cmuir/P1Import-apps/P1-import-Subsystem/node_modules/jest-runtime/build/index.js:1081:37)
    at setMockFactory (/Users/cmuir/P1Import-apps/P1-import-Subsystem/node_modules/jest-runtime/build/index.js:1648:12)
    at Object.mock (/Users/cmuir/P1Import-apps/P1-import-Subsystem/node_modules/jest-runtime/build/index.js:1635:16)
    at Object.&lt;anonymous&gt; (/Users/cmuir/P1Import-apps/P1-import-Subsystem/test/subsystem-integration.test.js:340:12)
    at Promise.finally.completed (/Users/cmuir/P1Import-apps/P1-import-Subsystem/node_modules/jest-circus/build/jestAdapterInit.js:1559:28)
    at new Promise (&lt;anonymous&gt;)
    at callAsyncCircusFn (/Users/cmuir/P1Import-apps/P1-import-Subsystem/node_modules/jest-circus/build/jestAdapterInit.js:1499:10)
    at _callCircusHook (/Users/cmuir/P1Import-apps/P1-import-Subsystem/node_modules/jest-circus/build/jestAdapterInit.js:978:40)
    at processTicksAndRejections (node:internal/process/task_queues:105:5)
    at _runTest (/Users/cmuir/P1Import-apps/P1-import-Subsystem/node_modules/jest-circus/build/jestAdapterInit.js:943:5)
    at _runTestsForDescribeBlock (/Users/cmuir/P1Import-apps/P1-import-Subsystem/node_modules/jest-circus/build/jestAdapterInit.js:839:13)
    at _runTestsForDescribeBlock (/Users/cmuir/P1Import-apps/P1-import-Subsystem/node_modules/jest-circus/build/jestAdapterInit.js:829:11)
    at _runTestsForDescribeBlock (/Users/cmuir/P1Import-apps/P1-import-Subsystem/node_modules/jest-circus/build/jestAdapterInit.js:829:11)
    at run (/Users/cmuir/P1Import-apps/P1-import-Subsystem/node_modules/jest-circus/build/jestAdapterInit.js:757:3)
    at runAndTransformResultsToJestFormat (/Users/cmuir/P1Import-apps/P1-import-Subsystem/node_modules/jest-circus/build/jestAdapterInit.js:1920:21)
    at jestAdapter (/Users/cmuir/P1Import-apps/P1-import-Subsystem/node_modules/jest-circus/build/runner.js:101:19)
    at runTestInternal (/Users/cmuir/P1Import-apps/P1-import-Subsystem/node_modules/jest-runner/build/testWorker.js:275:16)
    at runTest (/Users/cmuir/P1Import-apps/P1-import-Subsystem/node_modules/jest-runner/build/testWorker.js:343:7)
    at Object.worker (/Users/cmuir/P1Import-apps/P1-import-Subsystem/node_modules/jest-runner/build/testWorker.js:497:12)</failure>
    </testcase>
    <testcase classname="Subsystem Architecture Integration Tests › Error Handling and Edge Cases" name="should handle API failures gracefully" time="0.001">
      <failure>Error: Cannot find module &apos;../public/js/modules/population-subsystem.js&apos; from &apos;test/subsystem-integration.test.js&apos;
    at Resolver._throwModNotFoundError (/Users/cmuir/P1Import-apps/P1-import-Subsystem/node_modules/jest-resolve/build/index.js:863:11)
    at Resolver.resolveModuleAsync (/Users/cmuir/P1Import-apps/P1-import-Subsystem/node_modules/jest-resolve/build/index.js:820:10)
    at processTicksAndRejections (node:internal/process/task_queues:105:5)
    at Resolver.getModuleIDAsync (/Users/cmuir/P1Import-apps/P1-import-Subsystem/node_modules/jest-resolve/build/index.js:967:26)
    at Runtime._shouldMockModule (/Users/cmuir/P1Import-apps/P1-import-Subsystem/node_modules/jest-runtime/build/index.js:1527:22)
    at Runtime.resolveModule (/Users/cmuir/P1Import-apps/P1-import-Subsystem/node_modules/jest-runtime/build/index.js:657:9)
    at importModuleDynamically (/Users/cmuir/P1Import-apps/P1-import-Subsystem/node_modules/jest-runtime/build/index.js:526:30)
    at importModuleDynamicallyWrapper (node:internal/vm/module:436:15)
    at Object.&lt;anonymous&gt; (/Users/cmuir/P1Import-apps/P1-import-Subsystem/test/subsystem-integration.test.js:395:32)</failure>
    </testcase>
    <testcase classname="Subsystem Architecture Integration Tests › Error Handling and Edge Cases" name="should handle missing DOM elements gracefully" time="0">
      <failure>Error: Cannot find module &apos;../public/js/modules/population-subsystem.js&apos; from &apos;test/subsystem-integration.test.js&apos;
    at Resolver._throwModNotFoundError (/Users/cmuir/P1Import-apps/P1-import-Subsystem/node_modules/jest-resolve/build/index.js:863:11)
    at Resolver.resolveModuleAsync (/Users/cmuir/P1Import-apps/P1-import-Subsystem/node_modules/jest-resolve/build/index.js:820:10)
    at processTicksAndRejections (node:internal/process/task_queues:105:5)
    at Resolver.getModuleIDAsync (/Users/cmuir/P1Import-apps/P1-import-Subsystem/node_modules/jest-resolve/build/index.js:967:26)
    at Runtime._shouldMockModule (/Users/cmuir/P1Import-apps/P1-import-Subsystem/node_modules/jest-runtime/build/index.js:1527:22)
    at Runtime.resolveModule (/Users/cmuir/P1Import-apps/P1-import-Subsystem/node_modules/jest-runtime/build/index.js:657:9)
    at importModuleDynamically (/Users/cmuir/P1Import-apps/P1-import-Subsystem/node_modules/jest-runtime/build/index.js:526:30)
    at importModuleDynamicallyWrapper (node:internal/vm/module:436:15)
    at Object.&lt;anonymous&gt; (/Users/cmuir/P1Import-apps/P1-import-Subsystem/test/subsystem-integration.test.js:408:32)</failure>
    </testcase>
    <testcase classname="Subsystem Architecture Integration Tests › Error Handling and Edge Cases" name="should handle localStorage errors gracefully" time="0">
      <failure>Error: Cannot find module &apos;../public/js/modules/logging-subsystem.js&apos; from &apos;test/subsystem-integration.test.js&apos;
    at Resolver._throwModNotFoundError (/Users/cmuir/P1Import-apps/P1-import-Subsystem/node_modules/jest-resolve/build/index.js:863:11)
    at Resolver.resolveModuleAsync (/Users/cmuir/P1Import-apps/P1-import-Subsystem/node_modules/jest-resolve/build/index.js:820:10)
    at processTicksAndRejections (node:internal/process/task_queues:105:5)
    at Resolver.getModuleIDAsync (/Users/cmuir/P1Import-apps/P1-import-Subsystem/node_modules/jest-resolve/build/index.js:967:26)
    at Runtime._shouldMockModule (/Users/cmuir/P1Import-apps/P1-import-Subsystem/node_modules/jest-runtime/build/index.js:1527:22)
    at Runtime.resolveModule (/Users/cmuir/P1Import-apps/P1-import-Subsystem/node_modules/jest-runtime/build/index.js:657:9)
    at importModuleDynamically (/Users/cmuir/P1Import-apps/P1-import-Subsystem/node_modules/jest-runtime/build/index.js:526:30)
    at importModuleDynamicallyWrapper (node:internal/vm/module:436:15)
    at Object.&lt;anonymous&gt; (/Users/cmuir/P1Import-apps/P1-import-Subsystem/test/subsystem-integration.test.js:427:30)</failure>
    </testcase>
  </testsuite>
  <testsuite name="test/socket-io-client.test.js" errors="0" failures="11" skipped="0" timestamp="2025-08-20T11:47:24" time="0.131" tests="19">
    <testcase classname="Client-Side Socket.IO Integration › Connection Management" name="Should establish Socket.IO connection" time="0.002">
      <failure>Error: expect(jest.fn()).toHaveBeenCalledWith(...expected)

Expected: &quot;connect&quot;, Any&lt;Function&gt;

Number of calls: 0
    at Object.&lt;anonymous&gt; (/Users/cmuir/P1Import-apps/P1-import-Subsystem/test/socket-io-client.test.js:74:37)
    at Promise.finally.completed (/Users/cmuir/P1Import-apps/P1-import-Subsystem/node_modules/jest-circus/build/jestAdapterInit.js:1559:28)
    at new Promise (&lt;anonymous&gt;)
    at callAsyncCircusFn (/Users/cmuir/P1Import-apps/P1-import-Subsystem/node_modules/jest-circus/build/jestAdapterInit.js:1499:10)
    at _callCircusTest (/Users/cmuir/P1Import-apps/P1-import-Subsystem/node_modules/jest-circus/build/jestAdapterInit.js:1009:40)
    at processTicksAndRejections (node:internal/process/task_queues:105:5)
    at _runTest (/Users/cmuir/P1Import-apps/P1-import-Subsystem/node_modules/jest-circus/build/jestAdapterInit.js:949:3)
    at _runTestsForDescribeBlock (/Users/cmuir/P1Import-apps/P1-import-Subsystem/node_modules/jest-circus/build/jestAdapterInit.js:839:13)
    at _runTestsForDescribeBlock (/Users/cmuir/P1Import-apps/P1-import-Subsystem/node_modules/jest-circus/build/jestAdapterInit.js:829:11)
    at _runTestsForDescribeBlock (/Users/cmuir/P1Import-apps/P1-import-Subsystem/node_modules/jest-circus/build/jestAdapterInit.js:829:11)
    at run (/Users/cmuir/P1Import-apps/P1-import-Subsystem/node_modules/jest-circus/build/jestAdapterInit.js:757:3)
    at runAndTransformResultsToJestFormat (/Users/cmuir/P1Import-apps/P1-import-Subsystem/node_modules/jest-circus/build/jestAdapterInit.js:1920:21)
    at jestAdapter (/Users/cmuir/P1Import-apps/P1-import-Subsystem/node_modules/jest-circus/build/runner.js:101:19)
    at runTestInternal (/Users/cmuir/P1Import-apps/P1-import-Subsystem/node_modules/jest-runner/build/testWorker.js:275:16)
    at runTest (/Users/cmuir/P1Import-apps/P1-import-Subsystem/node_modules/jest-runner/build/testWorker.js:343:7)
    at Object.worker (/Users/cmuir/P1Import-apps/P1-import-Subsystem/node_modules/jest-runner/build/testWorker.js:497:12)</failure>
    </testcase>
    <testcase classname="Client-Side Socket.IO Integration › Connection Management" name="Should handle connection errors" time="0.001">
      <failure>Error: expect(jest.fn()).toHaveBeenCalledWith(...expected)

Expected: &quot;connect_error&quot;, Any&lt;Function&gt;

Number of calls: 0
    at Object.&lt;anonymous&gt; (/Users/cmuir/P1Import-apps/P1-import-Subsystem/test/socket-io-client.test.js:85:37)
    at Promise.finally.completed (/Users/cmuir/P1Import-apps/P1-import-Subsystem/node_modules/jest-circus/build/jestAdapterInit.js:1559:28)
    at new Promise (&lt;anonymous&gt;)
    at callAsyncCircusFn (/Users/cmuir/P1Import-apps/P1-import-Subsystem/node_modules/jest-circus/build/jestAdapterInit.js:1499:10)
    at _callCircusTest (/Users/cmuir/P1Import-apps/P1-import-Subsystem/node_modules/jest-circus/build/jestAdapterInit.js:1009:40)
    at processTicksAndRejections (node:internal/process/task_queues:105:5)
    at _runTest (/Users/cmuir/P1Import-apps/P1-import-Subsystem/node_modules/jest-circus/build/jestAdapterInit.js:949:3)
    at _runTestsForDescribeBlock (/Users/cmuir/P1Import-apps/P1-import-Subsystem/node_modules/jest-circus/build/jestAdapterInit.js:839:13)
    at _runTestsForDescribeBlock (/Users/cmuir/P1Import-apps/P1-import-Subsystem/node_modules/jest-circus/build/jestAdapterInit.js:829:11)
    at _runTestsForDescribeBlock (/Users/cmuir/P1Import-apps/P1-import-Subsystem/node_modules/jest-circus/build/jestAdapterInit.js:829:11)
    at run (/Users/cmuir/P1Import-apps/P1-import-Subsystem/node_modules/jest-circus/build/jestAdapterInit.js:757:3)
    at runAndTransformResultsToJestFormat (/Users/cmuir/P1Import-apps/P1-import-Subsystem/node_modules/jest-circus/build/jestAdapterInit.js:1920:21)
    at jestAdapter (/Users/cmuir/P1Import-apps/P1-import-Subsystem/node_modules/jest-circus/build/runner.js:101:19)
    at runTestInternal (/Users/cmuir/P1Import-apps/P1-import-Subsystem/node_modules/jest-runner/build/testWorker.js:275:16)
    at runTest (/Users/cmuir/P1Import-apps/P1-import-Subsystem/node_modules/jest-runner/build/testWorker.js:343:7)
    at Object.worker (/Users/cmuir/P1Import-apps/P1-import-Subsystem/node_modules/jest-runner/build/testWorker.js:497:12)</failure>
    </testcase>
    <testcase classname="Client-Side Socket.IO Integration › Connection Management" name="Should handle disconnection" time="0">
      <failure>Error: expect(jest.fn()).toHaveBeenCalledWith(...expected)

Expected: &quot;disconnect&quot;, Any&lt;Function&gt;

Number of calls: 0
    at Object.&lt;anonymous&gt; (/Users/cmuir/P1Import-apps/P1-import-Subsystem/test/socket-io-client.test.js:95:37)
    at Promise.finally.completed (/Users/cmuir/P1Import-apps/P1-import-Subsystem/node_modules/jest-circus/build/jestAdapterInit.js:1559:28)
    at new Promise (&lt;anonymous&gt;)
    at callAsyncCircusFn (/Users/cmuir/P1Import-apps/P1-import-Subsystem/node_modules/jest-circus/build/jestAdapterInit.js:1499:10)
    at _callCircusTest (/Users/cmuir/P1Import-apps/P1-import-Subsystem/node_modules/jest-circus/build/jestAdapterInit.js:1009:40)
    at processTicksAndRejections (node:internal/process/task_queues:105:5)
    at _runTest (/Users/cmuir/P1Import-apps/P1-import-Subsystem/node_modules/jest-circus/build/jestAdapterInit.js:949:3)
    at _runTestsForDescribeBlock (/Users/cmuir/P1Import-apps/P1-import-Subsystem/node_modules/jest-circus/build/jestAdapterInit.js:839:13)
    at _runTestsForDescribeBlock (/Users/cmuir/P1Import-apps/P1-import-Subsystem/node_modules/jest-circus/build/jestAdapterInit.js:829:11)
    at _runTestsForDescribeBlock (/Users/cmuir/P1Import-apps/P1-import-Subsystem/node_modules/jest-circus/build/jestAdapterInit.js:829:11)
    at run (/Users/cmuir/P1Import-apps/P1-import-Subsystem/node_modules/jest-circus/build/jestAdapterInit.js:757:3)
    at runAndTransformResultsToJestFormat (/Users/cmuir/P1Import-apps/P1-import-Subsystem/node_modules/jest-circus/build/jestAdapterInit.js:1920:21)
    at jestAdapter (/Users/cmuir/P1Import-apps/P1-import-Subsystem/node_modules/jest-circus/build/runner.js:101:19)
    at runTestInternal (/Users/cmuir/P1Import-apps/P1-import-Subsystem/node_modules/jest-runner/build/testWorker.js:275:16)
    at runTest (/Users/cmuir/P1Import-apps/P1-import-Subsystem/node_modules/jest-runner/build/testWorker.js:343:7)
    at Object.worker (/Users/cmuir/P1Import-apps/P1-import-Subsystem/node_modules/jest-runner/build/testWorker.js:497:12)</failure>
    </testcase>
    <testcase classname="Client-Side Socket.IO Integration › Event Handling" name="Should handle progress events" time="0.001">
      <failure>Error: expect(jest.fn()).toHaveBeenCalledWith(...expected)

Expected: &quot;progress&quot;, Any&lt;Function&gt;

Number of calls: 0
    at Object.&lt;anonymous&gt; (/Users/cmuir/P1Import-apps/P1-import-Subsystem/test/socket-io-client.test.js:118:37)
    at Promise.finally.completed (/Users/cmuir/P1Import-apps/P1-import-Subsystem/node_modules/jest-circus/build/jestAdapterInit.js:1559:28)
    at new Promise (&lt;anonymous&gt;)
    at callAsyncCircusFn (/Users/cmuir/P1Import-apps/P1-import-Subsystem/node_modules/jest-circus/build/jestAdapterInit.js:1499:10)
    at _callCircusTest (/Users/cmuir/P1Import-apps/P1-import-Subsystem/node_modules/jest-circus/build/jestAdapterInit.js:1009:40)
    at processTicksAndRejections (node:internal/process/task_queues:105:5)
    at _runTest (/Users/cmuir/P1Import-apps/P1-import-Subsystem/node_modules/jest-circus/build/jestAdapterInit.js:949:3)
    at _runTestsForDescribeBlock (/Users/cmuir/P1Import-apps/P1-import-Subsystem/node_modules/jest-circus/build/jestAdapterInit.js:839:13)
    at _runTestsForDescribeBlock (/Users/cmuir/P1Import-apps/P1-import-Subsystem/node_modules/jest-circus/build/jestAdapterInit.js:829:11)
    at _runTestsForDescribeBlock (/Users/cmuir/P1Import-apps/P1-import-Subsystem/node_modules/jest-circus/build/jestAdapterInit.js:829:11)
    at run (/Users/cmuir/P1Import-apps/P1-import-Subsystem/node_modules/jest-circus/build/jestAdapterInit.js:757:3)
    at runAndTransformResultsToJestFormat (/Users/cmuir/P1Import-apps/P1-import-Subsystem/node_modules/jest-circus/build/jestAdapterInit.js:1920:21)
    at jestAdapter (/Users/cmuir/P1Import-apps/P1-import-Subsystem/node_modules/jest-circus/build/runner.js:101:19)
    at runTestInternal (/Users/cmuir/P1Import-apps/P1-import-Subsystem/node_modules/jest-runner/build/testWorker.js:275:16)
    at runTest (/Users/cmuir/P1Import-apps/P1-import-Subsystem/node_modules/jest-runner/build/testWorker.js:343:7)
    at Object.worker (/Users/cmuir/P1Import-apps/P1-import-Subsystem/node_modules/jest-runner/build/testWorker.js:497:12)</failure>
    </testcase>
    <testcase classname="Client-Side Socket.IO Integration › Event Handling" name="Should handle completion events" time="0">
      <failure>Error: expect(jest.fn()).toHaveBeenCalledWith(...expected)

Expected: &quot;completion&quot;, Any&lt;Function&gt;

Number of calls: 0
    at Object.&lt;anonymous&gt; (/Users/cmuir/P1Import-apps/P1-import-Subsystem/test/socket-io-client.test.js:136:37)
    at Promise.finally.completed (/Users/cmuir/P1Import-apps/P1-import-Subsystem/node_modules/jest-circus/build/jestAdapterInit.js:1559:28)
    at new Promise (&lt;anonymous&gt;)
    at callAsyncCircusFn (/Users/cmuir/P1Import-apps/P1-import-Subsystem/node_modules/jest-circus/build/jestAdapterInit.js:1499:10)
    at _callCircusTest (/Users/cmuir/P1Import-apps/P1-import-Subsystem/node_modules/jest-circus/build/jestAdapterInit.js:1009:40)
    at processTicksAndRejections (node:internal/process/task_queues:105:5)
    at _runTest (/Users/cmuir/P1Import-apps/P1-import-Subsystem/node_modules/jest-circus/build/jestAdapterInit.js:949:3)
    at _runTestsForDescribeBlock (/Users/cmuir/P1Import-apps/P1-import-Subsystem/node_modules/jest-circus/build/jestAdapterInit.js:839:13)
    at _runTestsForDescribeBlock (/Users/cmuir/P1Import-apps/P1-import-Subsystem/node_modules/jest-circus/build/jestAdapterInit.js:829:11)
    at _runTestsForDescribeBlock (/Users/cmuir/P1Import-apps/P1-import-Subsystem/node_modules/jest-circus/build/jestAdapterInit.js:829:11)
    at run (/Users/cmuir/P1Import-apps/P1-import-Subsystem/node_modules/jest-circus/build/jestAdapterInit.js:757:3)
    at runAndTransformResultsToJestFormat (/Users/cmuir/P1Import-apps/P1-import-Subsystem/node_modules/jest-circus/build/jestAdapterInit.js:1920:21)
    at jestAdapter (/Users/cmuir/P1Import-apps/P1-import-Subsystem/node_modules/jest-circus/build/runner.js:101:19)
    at runTestInternal (/Users/cmuir/P1Import-apps/P1-import-Subsystem/node_modules/jest-runner/build/testWorker.js:275:16)
    at runTest (/Users/cmuir/P1Import-apps/P1-import-Subsystem/node_modules/jest-runner/build/testWorker.js:343:7)
    at Object.worker (/Users/cmuir/P1Import-apps/P1-import-Subsystem/node_modules/jest-runner/build/testWorker.js:497:12)</failure>
    </testcase>
    <testcase classname="Client-Side Socket.IO Integration › Event Handling" name="Should handle error events" time="0">
      <failure>Error: expect(jest.fn()).toHaveBeenCalledWith(...expected)

Expected: &quot;error&quot;, Any&lt;Function&gt;

Number of calls: 0
    at Object.&lt;anonymous&gt; (/Users/cmuir/P1Import-apps/P1-import-Subsystem/test/socket-io-client.test.js:152:37)
    at Promise.finally.completed (/Users/cmuir/P1Import-apps/P1-import-Subsystem/node_modules/jest-circus/build/jestAdapterInit.js:1559:28)
    at new Promise (&lt;anonymous&gt;)
    at callAsyncCircusFn (/Users/cmuir/P1Import-apps/P1-import-Subsystem/node_modules/jest-circus/build/jestAdapterInit.js:1499:10)
    at _callCircusTest (/Users/cmuir/P1Import-apps/P1-import-Subsystem/node_modules/jest-circus/build/jestAdapterInit.js:1009:40)
    at processTicksAndRejections (node:internal/process/task_queues:105:5)
    at _runTest (/Users/cmuir/P1Import-apps/P1-import-Subsystem/node_modules/jest-circus/build/jestAdapterInit.js:949:3)
    at _runTestsForDescribeBlock (/Users/cmuir/P1Import-apps/P1-import-Subsystem/node_modules/jest-circus/build/jestAdapterInit.js:839:13)
    at _runTestsForDescribeBlock (/Users/cmuir/P1Import-apps/P1-import-Subsystem/node_modules/jest-circus/build/jestAdapterInit.js:829:11)
    at _runTestsForDescribeBlock (/Users/cmuir/P1Import-apps/P1-import-Subsystem/node_modules/jest-circus/build/jestAdapterInit.js:829:11)
    at run (/Users/cmuir/P1Import-apps/P1-import-Subsystem/node_modules/jest-circus/build/jestAdapterInit.js:757:3)
    at runAndTransformResultsToJestFormat (/Users/cmuir/P1Import-apps/P1-import-Subsystem/node_modules/jest-circus/build/jestAdapterInit.js:1920:21)
    at jestAdapter (/Users/cmuir/P1Import-apps/P1-import-Subsystem/node_modules/jest-circus/build/runner.js:101:19)
    at runTestInternal (/Users/cmuir/P1Import-apps/P1-import-Subsystem/node_modules/jest-runner/build/testWorker.js:275:16)
    at runTest (/Users/cmuir/P1Import-apps/P1-import-Subsystem/node_modules/jest-runner/build/testWorker.js:343:7)
    at Object.worker (/Users/cmuir/P1Import-apps/P1-import-Subsystem/node_modules/jest-runner/build/testWorker.js:497:12)</failure>
    </testcase>
    <testcase classname="Client-Side Socket.IO Integration › Session Management" name="Should join session" time="0.001">
      <failure>Error: expect(jest.fn()).toHaveBeenCalledWith(...expected)

Expected: &quot;join-session&quot;, {&quot;sessionId&quot;: &quot;test-session-1755690445069&quot;}

Number of calls: 0
    at Object.&lt;anonymous&gt; (/Users/cmuir/P1Import-apps/P1-import-Subsystem/test/socket-io-client.test.js:165:39)
    at Promise.finally.completed (/Users/cmuir/P1Import-apps/P1-import-Subsystem/node_modules/jest-circus/build/jestAdapterInit.js:1559:28)
    at new Promise (&lt;anonymous&gt;)
    at callAsyncCircusFn (/Users/cmuir/P1Import-apps/P1-import-Subsystem/node_modules/jest-circus/build/jestAdapterInit.js:1499:10)
    at _callCircusTest (/Users/cmuir/P1Import-apps/P1-import-Subsystem/node_modules/jest-circus/build/jestAdapterInit.js:1009:40)
    at processTicksAndRejections (node:internal/process/task_queues:105:5)
    at _runTest (/Users/cmuir/P1Import-apps/P1-import-Subsystem/node_modules/jest-circus/build/jestAdapterInit.js:949:3)
    at _runTestsForDescribeBlock (/Users/cmuir/P1Import-apps/P1-import-Subsystem/node_modules/jest-circus/build/jestAdapterInit.js:839:13)
    at _runTestsForDescribeBlock (/Users/cmuir/P1Import-apps/P1-import-Subsystem/node_modules/jest-circus/build/jestAdapterInit.js:829:11)
    at _runTestsForDescribeBlock (/Users/cmuir/P1Import-apps/P1-import-Subsystem/node_modules/jest-circus/build/jestAdapterInit.js:829:11)
    at run (/Users/cmuir/P1Import-apps/P1-import-Subsystem/node_modules/jest-circus/build/jestAdapterInit.js:757:3)
    at runAndTransformResultsToJestFormat (/Users/cmuir/P1Import-apps/P1-import-Subsystem/node_modules/jest-circus/build/jestAdapterInit.js:1920:21)
    at jestAdapter (/Users/cmuir/P1Import-apps/P1-import-Subsystem/node_modules/jest-circus/build/runner.js:101:19)
    at runTestInternal (/Users/cmuir/P1Import-apps/P1-import-Subsystem/node_modules/jest-runner/build/testWorker.js:275:16)
    at runTest (/Users/cmuir/P1Import-apps/P1-import-Subsystem/node_modules/jest-runner/build/testWorker.js:343:7)
    at Object.worker (/Users/cmuir/P1Import-apps/P1-import-Subsystem/node_modules/jest-runner/build/testWorker.js:497:12)</failure>
    </testcase>
    <testcase classname="Client-Side Socket.IO Integration › Session Management" name="Should handle session-specific events" time="0">
      <failure>Error: expect(jest.fn()).toHaveBeenCalledWith(...expected)

Expected: &quot;session-event&quot;, {&quot;current&quot;: 1, &quot;message&quot;: &quot;Session-specific progress&quot;, &quot;sessionId&quot;: &quot;test-session-1755690445070&quot;, &quot;total&quot;: 10}

Number of calls: 0
    at Object.&lt;anonymous&gt; (/Users/cmuir/P1Import-apps/P1-import-Subsystem/test/socket-io-client.test.js:182:39)
    at Promise.finally.completed (/Users/cmuir/P1Import-apps/P1-import-Subsystem/node_modules/jest-circus/build/jestAdapterInit.js:1559:28)
    at new Promise (&lt;anonymous&gt;)
    at callAsyncCircusFn (/Users/cmuir/P1Import-apps/P1-import-Subsystem/node_modules/jest-circus/build/jestAdapterInit.js:1499:10)
    at _callCircusTest (/Users/cmuir/P1Import-apps/P1-import-Subsystem/node_modules/jest-circus/build/jestAdapterInit.js:1009:40)
    at processTicksAndRejections (node:internal/process/task_queues:105:5)
    at _runTest (/Users/cmuir/P1Import-apps/P1-import-Subsystem/node_modules/jest-circus/build/jestAdapterInit.js:949:3)
    at _runTestsForDescribeBlock (/Users/cmuir/P1Import-apps/P1-import-Subsystem/node_modules/jest-circus/build/jestAdapterInit.js:839:13)
    at _runTestsForDescribeBlock (/Users/cmuir/P1Import-apps/P1-import-Subsystem/node_modules/jest-circus/build/jestAdapterInit.js:829:11)
    at _runTestsForDescribeBlock (/Users/cmuir/P1Import-apps/P1-import-Subsystem/node_modules/jest-circus/build/jestAdapterInit.js:829:11)
    at run (/Users/cmuir/P1Import-apps/P1-import-Subsystem/node_modules/jest-circus/build/jestAdapterInit.js:757:3)
    at runAndTransformResultsToJestFormat (/Users/cmuir/P1Import-apps/P1-import-Subsystem/node_modules/jest-circus/build/jestAdapterInit.js:1920:21)
    at jestAdapter (/Users/cmuir/P1Import-apps/P1-import-Subsystem/node_modules/jest-circus/build/runner.js:101:19)
    at runTestInternal (/Users/cmuir/P1Import-apps/P1-import-Subsystem/node_modules/jest-runner/build/testWorker.js:275:16)
    at runTest (/Users/cmuir/P1Import-apps/P1-import-Subsystem/node_modules/jest-runner/build/testWorker.js:343:7)
    at Object.worker (/Users/cmuir/P1Import-apps/P1-import-Subsystem/node_modules/jest-runner/build/testWorker.js:497:12)</failure>
    </testcase>
    <testcase classname="Client-Side Socket.IO Integration › WebSocket Fallback" name="Should attempt WebSocket connection when Socket.IO fails" time="0">
      <failure>TypeError: mockWebSocket.onopen is not a function
    at Object.&lt;anonymous&gt; (/Users/cmuir/P1Import-apps/P1-import-Subsystem/test/socket-io-client.test.js:198:27)
    at Promise.finally.completed (/Users/cmuir/P1Import-apps/P1-import-Subsystem/node_modules/jest-circus/build/jestAdapterInit.js:1559:28)
    at new Promise (&lt;anonymous&gt;)
    at callAsyncCircusFn (/Users/cmuir/P1Import-apps/P1-import-Subsystem/node_modules/jest-circus/build/jestAdapterInit.js:1499:10)
    at _callCircusTest (/Users/cmuir/P1Import-apps/P1-import-Subsystem/node_modules/jest-circus/build/jestAdapterInit.js:1009:40)
    at processTicksAndRejections (node:internal/process/task_queues:105:5)
    at _runTest (/Users/cmuir/P1Import-apps/P1-import-Subsystem/node_modules/jest-circus/build/jestAdapterInit.js:949:3)
    at _runTestsForDescribeBlock (/Users/cmuir/P1Import-apps/P1-import-Subsystem/node_modules/jest-circus/build/jestAdapterInit.js:839:13)
    at _runTestsForDescribeBlock (/Users/cmuir/P1Import-apps/P1-import-Subsystem/node_modules/jest-circus/build/jestAdapterInit.js:829:11)
    at _runTestsForDescribeBlock (/Users/cmuir/P1Import-apps/P1-import-Subsystem/node_modules/jest-circus/build/jestAdapterInit.js:829:11)
    at run (/Users/cmuir/P1Import-apps/P1-import-Subsystem/node_modules/jest-circus/build/jestAdapterInit.js:757:3)
    at runAndTransformResultsToJestFormat (/Users/cmuir/P1Import-apps/P1-import-Subsystem/node_modules/jest-circus/build/jestAdapterInit.js:1920:21)
    at jestAdapter (/Users/cmuir/P1Import-apps/P1-import-Subsystem/node_modules/jest-circus/build/runner.js:101:19)
    at runTestInternal (/Users/cmuir/P1Import-apps/P1-import-Subsystem/node_modules/jest-runner/build/testWorker.js:275:16)
    at runTest (/Users/cmuir/P1Import-apps/P1-import-Subsystem/node_modules/jest-runner/build/testWorker.js:343:7)
    at Object.worker (/Users/cmuir/P1Import-apps/P1-import-Subsystem/node_modules/jest-runner/build/testWorker.js:497:12)</failure>
    </testcase>
    <testcase classname="Client-Side Socket.IO Integration › WebSocket Fallback" name="Should send WebSocket messages" time="0.001">
    </testcase>
    <testcase classname="Client-Side Socket.IO Integration › WebSocket Fallback" name="Should handle WebSocket errors" time="0">
      <failure>TypeError: mockWebSocket.onerror is not a function
    at Object.&lt;anonymous&gt; (/Users/cmuir/P1Import-apps/P1-import-Subsystem/test/socket-io-client.test.js:222:27)
    at Promise.finally.completed (/Users/cmuir/P1Import-apps/P1-import-Subsystem/node_modules/jest-circus/build/jestAdapterInit.js:1559:28)
    at new Promise (&lt;anonymous&gt;)
    at callAsyncCircusFn (/Users/cmuir/P1Import-apps/P1-import-Subsystem/node_modules/jest-circus/build/jestAdapterInit.js:1499:10)
    at _callCircusTest (/Users/cmuir/P1Import-apps/P1-import-Subsystem/node_modules/jest-circus/build/jestAdapterInit.js:1009:40)
    at processTicksAndRejections (node:internal/process/task_queues:105:5)
    at _runTest (/Users/cmuir/P1Import-apps/P1-import-Subsystem/node_modules/jest-circus/build/jestAdapterInit.js:949:3)
    at _runTestsForDescribeBlock (/Users/cmuir/P1Import-apps/P1-import-Subsystem/node_modules/jest-circus/build/jestAdapterInit.js:839:13)
    at _runTestsForDescribeBlock (/Users/cmuir/P1Import-apps/P1-import-Subsystem/node_modules/jest-circus/build/jestAdapterInit.js:829:11)
    at _runTestsForDescribeBlock (/Users/cmuir/P1Import-apps/P1-import-Subsystem/node_modules/jest-circus/build/jestAdapterInit.js:829:11)
    at run (/Users/cmuir/P1Import-apps/P1-import-Subsystem/node_modules/jest-circus/build/jestAdapterInit.js:757:3)
    at runAndTransformResultsToJestFormat (/Users/cmuir/P1Import-apps/P1-import-Subsystem/node_modules/jest-circus/build/jestAdapterInit.js:1920:21)
    at jestAdapter (/Users/cmuir/P1Import-apps/P1-import-Subsystem/node_modules/jest-circus/build/runner.js:101:19)
    at runTestInternal (/Users/cmuir/P1Import-apps/P1-import-Subsystem/node_modules/jest-runner/build/testWorker.js:275:16)
    at runTest (/Users/cmuir/P1Import-apps/P1-import-Subsystem/node_modules/jest-runner/build/testWorker.js:343:7)
    at Object.worker (/Users/cmuir/P1Import-apps/P1-import-Subsystem/node_modules/jest-runner/build/testWorker.js:497:12)</failure>
    </testcase>
    <testcase classname="Client-Side Socket.IO Integration › Progress UI Updates" name="Should update progress bar" time="0">
    </testcase>
    <testcase classname="Client-Side Socket.IO Integration › Progress UI Updates" name="Should update status messages" time="0">
    </testcase>
    <testcase classname="Client-Side Socket.IO Integration › Progress UI Updates" name="Should update counts display" time="0.001">
    </testcase>
    <testcase classname="Client-Side Socket.IO Integration › Error Handling" name="Should display error messages" time="0">
    </testcase>
    <testcase classname="Client-Side Socket.IO Integration › Error Handling" name="Should handle connection timeouts" time="0">
      <failure>Error: expect(jest.fn()).toHaveBeenCalledWith(...expected)

Expected: &quot;connect_error&quot;, Any&lt;Function&gt;

Number of calls: 0
    at Object.&lt;anonymous&gt; (/Users/cmuir/P1Import-apps/P1-import-Subsystem/test/socket-io-client.test.js:318:37)
    at Promise.finally.completed (/Users/cmuir/P1Import-apps/P1-import-Subsystem/node_modules/jest-circus/build/jestAdapterInit.js:1559:28)
    at new Promise (&lt;anonymous&gt;)
    at callAsyncCircusFn (/Users/cmuir/P1Import-apps/P1-import-Subsystem/node_modules/jest-circus/build/jestAdapterInit.js:1499:10)
    at _callCircusTest (/Users/cmuir/P1Import-apps/P1-import-Subsystem/node_modules/jest-circus/build/jestAdapterInit.js:1009:40)
    at processTicksAndRejections (node:internal/process/task_queues:105:5)
    at _runTest (/Users/cmuir/P1Import-apps/P1-import-Subsystem/node_modules/jest-circus/build/jestAdapterInit.js:949:3)
    at _runTestsForDescribeBlock (/Users/cmuir/P1Import-apps/P1-import-Subsystem/node_modules/jest-circus/build/jestAdapterInit.js:839:13)
    at _runTestsForDescribeBlock (/Users/cmuir/P1Import-apps/P1-import-Subsystem/node_modules/jest-circus/build/jestAdapterInit.js:829:11)
    at _runTestsForDescribeBlock (/Users/cmuir/P1Import-apps/P1-import-Subsystem/node_modules/jest-circus/build/jestAdapterInit.js:829:11)
    at run (/Users/cmuir/P1Import-apps/P1-import-Subsystem/node_modules/jest-circus/build/jestAdapterInit.js:757:3)
    at runAndTransformResultsToJestFormat (/Users/cmuir/P1Import-apps/P1-import-Subsystem/node_modules/jest-circus/build/jestAdapterInit.js:1920:21)
    at jestAdapter (/Users/cmuir/P1Import-apps/P1-import-Subsystem/node_modules/jest-circus/build/runner.js:101:19)
    at runTestInternal (/Users/cmuir/P1Import-apps/P1-import-Subsystem/node_modules/jest-runner/build/testWorker.js:275:16)
    at runTest (/Users/cmuir/P1Import-apps/P1-import-Subsystem/node_modules/jest-runner/build/testWorker.js:343:7)
    at Object.worker (/Users/cmuir/P1Import-apps/P1-import-Subsystem/node_modules/jest-runner/build/testWorker.js:497:12)</failure>
    </testcase>
    <testcase classname="Client-Side Socket.IO Integration › Error Handling" name="Should handle reconnection attempts" time="0">
    </testcase>
    <testcase classname="Client-Side Socket.IO Integration › Performance Tests" name="Should handle rapid progress updates" time="0.001">
    </testcase>
    <testcase classname="Client-Side Socket.IO Integration › Performance Tests" name="Should handle large data payloads" time="0">
    </testcase>
  </testsuite>
  <testsuite name="test/api/history-endpoint.test.js" errors="0" failures="4" skipped="0" timestamp="2025-08-20T11:47:24" time="0.129" tests="6">
    <testcase classname="History Endpoint Tests" name="GET /api/history should return success response" time="0.007">
      <failure>Error: expect(received).toBe(expected) // Object.is equality

Expected: true
Received: false
    at Object.&lt;anonymous&gt; (/Users/cmuir/P1Import-apps/P1-import-Subsystem/test/api/history-endpoint.test.js:17:45)
    at processTicksAndRejections (node:internal/process/task_queues:105:5)</failure>
    </testcase>
    <testcase classname="History Endpoint Tests" name="GET /api/history with limit parameter" time="0.004">
      <failure>Error: expect(received).toBe(expected) // Object.is equality

Expected: 50
Received: undefined
    at Object.&lt;anonymous&gt; (/Users/cmuir/P1Import-apps/P1-import-Subsystem/test/api/history-endpoint.test.js:27:28)
    at processTicksAndRejections (node:internal/process/task_queues:105:5)</failure>
    </testcase>
    <testcase classname="History Endpoint Tests" name="GET /api/history with offset parameter" time="0.004">
      <failure>Error: expect(received).toBe(expected) // Object.is equality

Expected: 10
Received: undefined
    at Object.&lt;anonymous&gt; (/Users/cmuir/P1Import-apps/P1-import-Subsystem/test/api/history-endpoint.test.js:36:29)
    at processTicksAndRejections (node:internal/process/task_queues:105:5)</failure>
    </testcase>
    <testcase classname="History Endpoint Tests" name="GET /api/history with filter parameter" time="0.002">
    </testcase>
    <testcase classname="History Endpoint Tests" name="GET /api/history with search parameter" time="0.004">
    </testcase>
    <testcase classname="History Endpoint Tests" name="GET /api/history should handle invalid parameters gracefully" time="0.006">
      <failure>Error: expect(received).toBe(expected) // Object.is equality

Expected: 100
Received: undefined
    at Object.&lt;anonymous&gt; (/Users/cmuir/P1Import-apps/P1-import-Subsystem/test/api/history-endpoint.test.js:62:28)
    at processTicksAndRejections (node:internal/process/task_queues:105:5)</failure>
    </testcase>
  </testsuite>
  <testsuite name="test/integration/settings-page-functionality.test.mjs" errors="0" failures="4" skipped="0" timestamp="2025-08-20T11:47:24" time="0.174" tests="6">
    <testcase classname="⚙️ Settings Page Functionality Tests" name="should serve settings page at /test-settings.html" time="0.009">
      <failure>Error: expect(received).toContain(expected) // indexOf

Expected substring: &quot;PingOne Settings Tester&quot;
Received string:    &quot;&lt;!DOCTYPE html&gt;
&lt;html lang=\&quot;en\&quot;&gt;
&lt;head&gt;
    &lt;meta charset=\&quot;UTF-8\&quot;&gt;
    &lt;meta name=\&quot;viewport\&quot; content=\&quot;width=device-width, initial-scale=1.0\&quot;&gt;
    &lt;title&gt;PingOne User Management&lt;/title&gt;·····
    &lt;!-- Favicon --&gt;
    &lt;link rel=\&quot;icon\&quot; type=\&quot;image/x-icon\&quot; href=\&quot;/favicon.ico\&quot;&gt;·····
    &lt;!-- Ping Identity Official CSS --&gt;
    &lt;link rel=\&quot;stylesheet\&quot; href=\&quot;https://assets.pingone.com/ux/end-user-nano/0.1.0-alpha.9/end-user-nano.css?v=1755690095520\&quot;&gt;
    &lt;link rel=\&quot;stylesheet\&quot; href=\&quot;https://assets.pingone.com/ux/astro-nano/0.1.0-alpha.11/icons.css?v=1755690095520\&quot;&gt;·····
    &lt;!-- Material Design Icons Fallback --&gt;
    &lt;link rel=\&quot;stylesheet\&quot; href=\&quot;https://cdn.jsdelivr.net/npm/@mdi/font@7.4.47/css/materialdesignicons.min.css?v=1755690095520\&quot;&gt;·····
          &lt;!-- Custom PingOne UI CSS --&gt;
      &lt;link rel=\&quot;stylesheet\&quot; href=\&quot;/css/pingone-ui-custom.css?v=1755690095520\&quot;&gt;·······
      &lt;!-- Main CSS with cache busting --&gt;
      &lt;link rel=\&quot;stylesheet\&quot; href=\&quot;/css/main.css?v=1755690095520\&quot;&gt;·····
    &lt;!-- Import Maps Configuration --&gt;
    &lt;script type=\&quot;importmap\&quot;&gt;
    {
        \&quot;imports\&quot;: {
            \&quot;@/\&quot;: \&quot;/?v=v1755690095520\&quot;,
            \&quot;@/js/\&quot;: \&quot;/js/?v=v1755690095520\&quot;,
            \&quot;@/components/\&quot;: \&quot;/js/components/?v=v1755690095520\&quot;,
            \&quot;@/modules/\&quot;: \&quot;/js/modules/?v=v1755690095520\&quot;,
            \&quot;@/utils/\&quot;: \&quot;/js/utils/?v=v1755690095520\&quot;,
            \&quot;@/state/\&quot;: \&quot;/js/state/?v=v1755690095520\&quot;,
            \&quot;app\&quot;: \&quot;/js/app.js?v=v1755690095520\&quot;,
            \&quot;ui-manager\&quot;: \&quot;/js/modules/ui-manager.js?v=v1755690095520\&quot;,
            \&quot;api-client\&quot;: \&quot;/js/modules/api-client.js?v=v1755690095520\&quot;,
            \&quot;settings-manager\&quot;: \&quot;/js/modules/settings-manager.js?v=v1755690095520\&quot;,
            \&quot;home-page\&quot;: \&quot;./js/pages/home-page.js?v=v1755690095520\&quot;,
            \&quot;settings-page\&quot;: \&quot;./js/pages/settings-page.js?v=v1755690095520\&quot;,
            \&quot;import-page\&quot;: \&quot;./js/pages/import-page.js?v=v1755690095520\&quot;,
            \&quot;export-page\&quot;: \&quot;./js/pages/export-page.js?v=v1755690095520\&quot;,
            \&quot;csrf-utils\&quot;: \&quot;./js/utils/csrf-utils.js?v=v1755690095520\&quot;
        }
    }
    &lt;/script&gt;
&lt;script&gt;
            // Injected settings from server
            window.settingsJson = {\&quot;pingone_environment_id\&quot;:\&quot;b9817c16-9910-4415-b67e-4ac687da74d9\&quot;,\&quot;pingone_client_id\&quot;:\&quot;26e7f07c-11a4-402a-b064-07b55aee189e\&quot;,\&quot;pingone_client_secret\&quot;:\&quot;***REMOVED-PINGONE-API-SECRET***\&quot;,\&quot;pingone_population_id\&quot;:\&quot;\&quot;,\&quot;lastUpdated\&quot;:\&quot;2025-08-20T11:45:10.373Z\&quot;,\&quot;populationCache\&quot;:{\&quot;populations\&quot;:[{\&quot;id\&quot;:\&quot;3840c98d-202d-4f6a-8871-f3bc66cb3fa8\&quot;,\&quot;name\&quot;:\&quot;Sample Users\&quot;,\&quot;description\&quot;:\&quot;This is a sample user population created when the organization was provisioned.\&quot;,\&quot;userCount\&quot;:367},{\&quot;id\&quot;:\&quot;6fe3f6ea-39c5-4ad7-990b-53802bbcda49\&quot;,\&quot;name\&quot;:\&quot;More Sample Users\&quot;,\&quot;description\&quot;:\&quot;This is a sample user population created when the organization was provisioned.\&quot;,\&quot;userCount\&quot;:2},{\&quot;id\&quot;:\&quot;48af9c64-24fd-4eea-a8eb-16b7e4744fc8\&quot;,\&quot;name\&quot;:\&quot;TEST\&quot;,\&quot;description\&quot;:\&quot;\&quot;,\&quot;userCount\&quot;:5302},{\&quot;id\&quot;:\&quot;a83ccc54-6a98-4754-a15e-dcb5b8b027ed\&quot;,\&quot;name\&quot;:\&quot;NewPopulation\&quot;,\&quot;description\&quot;:\&quot;\&quot;,\&quot;userCount\&quot;:452},{\&quot;id\&quot;:\&quot;af772f0d-9b92-4fda-a8c4-b18199ac5f07\&quot;,\&quot;name\&quot;:\&quot;NewUsers\&quot;,\&quot;description\&quot;:\&quot;\&quot;,\&quot;userCount\&quot;:20},{\&quot;id\&quot;:\&quot;4b2f1908-0755-4e31-9e42-f39d9cfc992b\&quot;,\&quot;name\&quot;:\&quot;emptyPop\&quot;,\&quot;description\&quot;:\&quot;This is the Description for the group EmptyPop\&quot;,\&quot;userCount\&quot;:7061},{\&quot;id\&quot;:\&quot;28059928-b602-4c7c-8014-20fd00a0e950\&quot;,\&quot;name\&quot;:\&quot;first\&quot;,\&quot;description\&quot;:\&quot;\&quot;,\&quot;userCount\&quot;:21},{\&quot;id\&quot;:\&quot;19f5fa27-a5cf-4a89-bfa5-086dc3529d7b\&quot;,\&quot;name\&quot;:\&quot;New refresh\&quot;,\&quot;description\&quot;:\&quot;\&quot;,\&quot;userCount\&quot;:101},{\&quot;id\&quot;:\&quot;059ed373-17d9-417f-9ce9-f86a181d56b2\&quot;,\&quot;name\&quot;:\&quot;2 New\&quot;,\&quot;description\&quot;:\&quot;\&quot;,\&quot;userCount\&quot;:2695},{\&quot;id\&quot;:\&quot;440cd7b3-e373-4174-9013-3a1002cec260\&quot;,\&quot;name\&quot;:\&quot;Tina\&quot;,\&quot;description\&quot;:\&quot;\&quot;,\&quot;userCount\&quot;:0}],\&quot;cachedAt\&quot;:\&quot;2025-08-20T11:45:10.373Z\&quot;,\&quot;expiresAt\&quot;:\&quot;2025-08-20T11:50:10.373Z\&quot;,\&quot;count\&quot;:10},\&quot;populations\&quot;:[{\&quot;id\&quot;:\&quot;3840c98d-202d-4f6a-8871-f3bc66cb3fa8\&quot;,\&quot;name\&quot;:\&quot;Sample Users\&quot;,\&quot;description\&quot;:\&quot;This is a sample user population created when the organization was provisioned.\&quot;,\&quot;userCount\&quot;:367},{\&quot;id\&quot;:\&quot;6fe3f6ea-39c5-4ad7-990b-53802bbcda49\&quot;,\&quot;name\&quot;:\&quot;More Sample Users\&quot;,\&quot;description\&quot;:\&quot;This is a sample user population created when the organization was provisioned.\&quot;,\&quot;userCount\&quot;:2},{\&quot;id\&quot;:\&quot;48af9c64-24fd-4eea-a8eb-16b7e4744fc8\&quot;,\&quot;name\&quot;:\&quot;TEST\&quot;,\&quot;description\&quot;:\&quot;\&quot;,\&quot;userCount\&quot;:5302},{\&quot;id\&quot;:\&quot;a83ccc54-6a98-4754-a15e-dcb5b8b027ed\&quot;,\&quot;name\&quot;:\&quot;NewPopulation\&quot;,\&quot;description\&quot;:\&quot;\&quot;,\&quot;userCount\&quot;:452},{\&quot;id\&quot;:\&quot;af772f0d-9b92-4fda-a8c4-b18199ac5f07\&quot;,\&quot;name\&quot;:\&quot;NewUsers\&quot;,\&quot;description\&quot;:\&quot;\&quot;,\&quot;userCount\&quot;:20},{\&quot;id\&quot;:\&quot;4b2f1908-0755-4e31-9e42-f39d9cfc992b\&quot;,\&quot;name\&quot;:\&quot;emptyPop\&quot;,\&quot;description\&quot;:\&quot;This is the Description for the group EmptyPop\&quot;,\&quot;userCount\&quot;:7061},{\&quot;id\&quot;:\&quot;28059928-b602-4c7c-8014-20fd00a0e950\&quot;,\&quot;name\&quot;:\&quot;first\&quot;,\&quot;description\&quot;:\&quot;\&quot;,\&quot;userCount\&quot;:21},{\&quot;id\&quot;:\&quot;19f5fa27-a5cf-4a89-bfa5-086dc3529d7b\&quot;,\&quot;name\&quot;:\&quot;New refresh\&quot;,\&quot;description\&quot;:\&quot;\&quot;,\&quot;userCount\&quot;:101},{\&quot;id\&quot;:\&quot;059ed373-17d9-417f-9ce9-f86a181d56b2\&quot;,\&quot;name\&quot;:\&quot;2 New\&quot;,\&quot;description\&quot;:\&quot;\&quot;,\&quot;userCount\&quot;:2695},{\&quot;id\&quot;:\&quot;440cd7b3-e373-4174-9013-3a1002cec260\&quot;,\&quot;name\&quot;:\&quot;Tina\&quot;,\&quot;description\&quot;:\&quot;\&quot;,\&quot;userCount\&quot;:0}],\&quot;apiClientId\&quot;:\&quot;test-client-id\&quot;,\&quot;apiSecret\&quot;:\&quot;enc:96529bb26635089ed94b14e1d1c25e03:WRGsGWBx2cNKogf+Lh3tA3wHaJCk+3qPAwIOo7i8euA=\&quot;,\&quot;environmentId\&quot;:\&quot;test-environment-id\&quot;,\&quot;region\&quot;:\&quot;NorthAmerica\&quot;};
            console.log(&apos;🔧 Settings loaded from server:&apos;, window.settingsJson);
        &lt;/script&gt;
&lt;/head&gt;
&lt;body&gt;
    &lt;!-- Browser frame removed --&gt;·
    &lt;!-- Status Message Area --&gt;
    &lt;div class=\&quot;status-message-bar\&quot; id=\&quot;status-message-bar\&quot;&gt;
        &lt;div class=\&quot;status-message-content\&quot;&gt;
            &lt;div class=\&quot;status-message\&quot; id=\&quot;status-message\&quot;&gt;
                &lt;i class=\&quot;icon-check-circle\&quot; id=\&quot;status-icon\&quot;&gt;&lt;/i&gt;
                &lt;span id=\&quot;status-text\&quot;&gt;Server started at: --/--/---- --:--:--&lt;/span&gt;
            &lt;/div&gt;
        &lt;/div&gt;
    &lt;/div&gt;·
    &lt;!-- Top Header Bar --&gt;
    &lt;div class=\&quot;top-status-bar\&quot; id=\&quot;top-status-bar\&quot;&gt;
        &lt;div class=\&quot;status-content\&quot;&gt;
            &lt;div class=\&quot;status-left\&quot;&gt;
                &lt;span class=\&quot;token-info\&quot; id=\&quot;token-info\&quot;&gt;
                    &lt;span class=\&quot;token-indicator\&quot; id=\&quot;token-indicator\&quot;&gt;&lt;/span&gt;
                    &lt;span class=\&quot;token-text\&quot; id=\&quot;token-text\&quot;&gt;Token: Checking...&lt;/span&gt;
                    &lt;span class=\&quot;token-time\&quot; id=\&quot;token-time\&quot;&gt;&lt;/span&gt;
                &lt;/span&gt;
                &lt;button id=\&quot;header-token-refresh-btn\&quot; class=\&quot;status-action-btn\&quot; title=\&quot;Refresh token\&quot; aria-label=\&quot;Refresh token\&quot;&gt;
                    &lt;i class=\&quot;icon-sync\&quot; id=\&quot;header-token-refresh-icon\&quot;&gt;&lt;/i&gt;
                    &lt;span class=\&quot;btn-text\&quot;&gt;Refresh token&lt;/span&gt;
                &lt;/button&gt;
            &lt;/div&gt;
            &lt;div class=\&quot;status-center\&quot;&gt;
                &lt;div class=\&quot;header-content\&quot;&gt;
                    &lt;h1 class=\&quot;header-title\&quot;&gt;PingOne User Management&lt;/h1&gt;
                    &lt;span class=\&quot;version-info\&quot; id=\&quot;version-info\&quot;&gt;v...&lt;/span&gt;
                &lt;/div&gt;
            &lt;/div&gt;
            &lt;div class=\&quot;status-right\&quot;&gt;
            &lt;/div&gt;
        &lt;/div&gt;
    &lt;/div&gt;·
    &lt;!-- Main Application Layout --&gt;
    &lt;div class=\&quot;app-container\&quot;&gt;
        &lt;!-- Left Navigation --&gt;
        &lt;nav class=\&quot;left-nav\&quot; id=\&quot;left-nav\&quot;&gt;
            &lt;div class=\&quot;nav-header\&quot;&gt;
                &lt;img src=\&quot;/ping-identity-logo.svg\&quot; alt=\&quot;Ping Identity\&quot; class=\&quot;nav-logo\&quot;&gt;
                &lt;h3 class=\&quot;nav-title\&quot;&gt;Ping Identity&lt;br/&gt;User Management&lt;/h3&gt;
                &lt;button class=\&quot;nav-toggle\&quot; id=\&quot;nav-toggle\&quot; aria-label=\&quot;Toggle navigation\&quot;&gt;
                    &lt;i class=\&quot;icon-menu\&quot;&gt;&lt;/i&gt;
                &lt;/button&gt;
            &lt;/div&gt;·············
            &lt;ul class=\&quot;nav-menu\&quot;&gt;
                &lt;li class=\&quot;nav-item\&quot;&gt;
                    &lt;a href=\&quot;#home\&quot; class=\&quot;nav-link active\&quot; data-page=\&quot;home\&quot;&gt;
                        &lt;i class=\&quot;icon-home\&quot;&gt;&lt;/i&gt;
                        &lt;span class=\&quot;nav-text\&quot;&gt;Home&lt;/span&gt;
                    &lt;/a&gt;
                &lt;/li&gt;
                &lt;li class=\&quot;nav-item\&quot;&gt;
                    &lt;a href=\&quot;#settings\&quot; class=\&quot;nav-link\&quot; data-page=\&quot;settings\&quot;&gt;
                        &lt;i class=\&quot;icon-settings\&quot;&gt;&lt;/i&gt;
                        &lt;span class=\&quot;nav-text\&quot;&gt;Settings&lt;/span&gt;
                    &lt;/a&gt;
                &lt;/li&gt;
                &lt;li class=\&quot;nav-divider\&quot;&gt;&lt;/li&gt;
                &lt;li class=\&quot;nav-item\&quot;&gt;
                    &lt;a href=\&quot;#export\&quot; class=\&quot;nav-link\&quot; data-page=\&quot;export\&quot;&gt;
                        &lt;i class=\&quot;icon-download\&quot;&gt;&lt;/i&gt;
                        &lt;span class=\&quot;nav-text\&quot;&gt;Export Users&lt;/span&gt;
                    &lt;/a&gt;
                &lt;/li&gt;
                &lt;li class=\&quot;nav-item\&quot;&gt;
                    &lt;a href=\&quot;#import\&quot; class=\&quot;nav-link\&quot; data-page=\&quot;import\&quot;&gt;
                        &lt;i class=\&quot;icon-upload\&quot;&gt;&lt;/i&gt;
                        &lt;span class=\&quot;nav-text\&quot;&gt;Import Users&lt;/span&gt;
                    &lt;/a&gt;
                &lt;/li&gt;
                &lt;li class=\&quot;nav-item\&quot;&gt;
                    &lt;a href=\&quot;#delete\&quot; class=\&quot;nav-link\&quot; data-page=\&quot;delete\&quot;&gt;
                        &lt;i class=\&quot;icon-trash\&quot;&gt;&lt;/i&gt;
                        &lt;span class=\&quot;nav-text\&quot;&gt;Delete Users&lt;/span&gt;
                    &lt;/a&gt;
                &lt;/li&gt;
                &lt;li class=\&quot;nav-item\&quot;&gt;
                    &lt;a href=\&quot;#modify\&quot; class=\&quot;nav-link\&quot; data-page=\&quot;modify\&quot;&gt;
                        &lt;i class=\&quot;icon-edit\&quot;&gt;&lt;/i&gt;
                        &lt;span class=\&quot;nav-text\&quot;&gt;Modify Users&lt;/span&gt;
                    &lt;/a&gt;
                &lt;/li&gt;
                &lt;li class=\&quot;nav-divider\&quot;&gt;&lt;/li&gt;
                &lt;li class=\&quot;nav-item\&quot;&gt;
                    &lt;a href=\&quot;#logs\&quot; class=\&quot;nav-link\&quot; data-page=\&quot;logs\&quot;&gt;
                        &lt;i class=\&quot;icon-file-text\&quot;&gt;&lt;/i&gt;
                        &lt;span class=\&quot;nav-text\&quot;&gt;Logs&lt;/span&gt;
                    &lt;/a&gt;
                &lt;/li&gt;
                &lt;li class=\&quot;nav-item\&quot;&gt;
                    &lt;a href=\&quot;#token-management\&quot; class=\&quot;nav-link\&quot; data-page=\&quot;token-management\&quot;&gt;
                        &lt;i class=\&quot;icon-key\&quot;&gt;&lt;/i&gt;
                        &lt;span class=\&quot;nav-text\&quot;&gt;Token Management&lt;/span&gt;
                    &lt;/a&gt;
                &lt;/li&gt;
                &lt;li class=\&quot;nav-item\&quot;&gt;
                    &lt;a href=\&quot;#history\&quot; class=\&quot;nav-link\&quot; data-page=\&quot;history\&quot;&gt;
                        &lt;i class=\&quot;icon-clock\&quot;&gt;&lt;/i&gt;
                        &lt;span class=\&quot;nav-text\&quot;&gt;History&lt;/span&gt;
                    &lt;/a&gt;
                &lt;/li&gt;
                &lt;li class=\&quot;nav-item\&quot; id=\&quot;swagger-nav\&quot; style=\&quot;display: none;\&quot;&gt;
                    &lt;a href=\&quot;#swagger\&quot; class=\&quot;nav-link\&quot; data-page=\&quot;swagger\&quot;&gt;
                        &lt;i class=\&quot;icon-code\&quot;&gt;&lt;/i&gt;
                        &lt;span class=\&quot;nav-text\&quot;&gt;Swagger&lt;/span&gt;
                    &lt;/a&gt;
                &lt;/li&gt;
                &lt;li class=\&quot;nav-divider\&quot;&gt;&lt;/li&gt;
            &lt;/ul&gt;
        &lt;/nav&gt;·
        &lt;!-- Main Content Area --&gt;
        &lt;main class=\&quot;main-content\&quot; id=\&quot;main-content\&quot;&gt;
            &lt;!-- Home Page --&gt;
            &lt;div class=\&quot;page\&quot; id=\&quot;home-page\&quot; data-page=\&quot;home\&quot;&gt;
                &lt;div class=\&quot;page-header\&quot;&gt;
                    &lt;p class=\&quot;page-subtitle\&quot;&gt;Manage users across your PingOne environment&lt;/p&gt;
                &lt;/div&gt;·················
                &lt;div class=\&quot;home-grid\&quot;&gt;
                    &lt;div class=\&quot;home-section\&quot;&gt;
                        &lt;div class=\&quot;section-header\&quot;&gt;
                            &lt;h2&gt;Settings&lt;/h2&gt;
                        &lt;/div&gt;
                        &lt;div class=\&quot;action-card\&quot; data-action=\&quot;settings\&quot;&gt;
                            &lt;div class=\&quot;card-icon\&quot;&gt;
                                &lt;i class=\&quot;icon-settings\&quot;&gt;&lt;/i&gt;
                            &lt;/div&gt;
                            &lt;div class=\&quot;card-content\&quot;&gt;
                                &lt;h3&gt;Settings&lt;/h3&gt;
                                &lt;p&gt;Configure PingOne credentials and preferences&lt;/p&gt;
                                &lt;div class=\&quot;card-status\&quot; id=\&quot;settings-status\&quot;&gt;Ready&lt;/div&gt;
                            &lt;/div&gt;
                        &lt;/div&gt;
                    &lt;/div&gt;·····················
                    &lt;div class=\&quot;home-divider\&quot;&gt;&lt;/div&gt;·····················
                    &lt;div class=\&quot;home-section\&quot;&gt;
                        &lt;div class=\&quot;section-header\&quot;&gt;
                            &lt;h2&gt;User Operations&lt;/h2&gt;
                        &lt;/div&gt;
                        &lt;div class=\&quot;action-cards\&quot;&gt;
                            &lt;div class=\&quot;action-card\&quot; data-action=\&quot;export\&quot;&gt;
                                &lt;div class=\&quot;card-icon\&quot;&gt;
                                    &lt;i class=\&quot;icon-download\&quot;&gt;&lt;/i&gt;
                                &lt;/div&gt;
                                &lt;div class=\&quot;card-content\&quot;&gt;
                                    &lt;h3&gt;Export Users&lt;/h3&gt;
                                    &lt;p&gt;Export users to CSV file&lt;/p&gt;
                                    &lt;div class=\&quot;card-status\&quot; id=\&quot;export-status\&quot;&gt;Ready&lt;/div&gt;
                                &lt;/div&gt;
                            &lt;/div&gt;·····························
                            &lt;div class=\&quot;action-card\&quot; data-action=\&quot;import\&quot;&gt;
                                &lt;div class=\&quot;card-icon\&quot;&gt;
                                    &lt;i class=\&quot;icon-upload\&quot;&gt;&lt;/i&gt;
                                &lt;/div&gt;
                                &lt;div class=\&quot;card-content\&quot;&gt;
                                    &lt;h3&gt;Import Users&lt;/h3&gt;
                                    &lt;p&gt;Import users from CSV file&lt;/p&gt;
                                    &lt;div class=\&quot;card-status\&quot; id=\&quot;import-status\&quot;&gt;Ready&lt;/div&gt;
                                &lt;/div&gt;
                            &lt;/div&gt;·····························
                            &lt;div class=\&quot;action-card\&quot; data-action=\&quot;delete\&quot;&gt;
                                &lt;div class=\&quot;card-icon\&quot;&gt;
                                    &lt;i class=\&quot;icon-trash\&quot;&gt;&lt;/i&gt;
                                &lt;/div&gt;
                                &lt;div class=\&quot;card-content\&quot;&gt;
                                    &lt;h3&gt;Delete Users&lt;/h3&gt;
                                    &lt;p&gt;Delete users from CSV file&lt;/p&gt;
                                    &lt;div class=\&quot;card-status\&quot; id=\&quot;delete-status\&quot;&gt;Ready&lt;/div&gt;
                                &lt;/div&gt;
                            &lt;/div&gt;·····························
                            &lt;div class=\&quot;action-card\&quot; data-action=\&quot;modify\&quot;&gt;
                                &lt;div class=\&quot;card-icon\&quot;&gt;
                                    &lt;i class=\&quot;icon-edit\&quot;&gt;&lt;/i&gt;
                                &lt;/div&gt;
                                &lt;div class=\&quot;card-content\&quot;&gt;
                                    &lt;h3&gt;Modify Users&lt;/h3&gt;
                                    &lt;p&gt;Update user attributes from CSV&lt;/p&gt;
                                    &lt;div class=\&quot;card-status\&quot; id=\&quot;modify-status\&quot;&gt;Ready&lt;/div&gt;
                                &lt;/div&gt;
                            &lt;/div&gt;
                        &lt;/div&gt;
                    &lt;/div&gt;·····················
                    &lt;div class=\&quot;home-divider\&quot;&gt;&lt;/div&gt;·····················
                    &lt;div class=\&quot;home-section\&quot;&gt;
                        &lt;div class=\&quot;section-header\&quot;&gt;
                            &lt;h2&gt;Management&lt;/h2&gt;
                        &lt;/div&gt;
                        &lt;div class=\&quot;action-cards\&quot;&gt;
                            &lt;div class=\&quot;action-card\&quot; data-action=\&quot;logs\&quot;&gt;
                                &lt;div class=\&quot;card-icon\&quot;&gt;
                                    &lt;i class=\&quot;icon-file-text\&quot;&gt;&lt;/i&gt;
                                &lt;/div&gt;
                                &lt;div class=\&quot;card-content\&quot;&gt;
                                    &lt;h3&gt;Logs&lt;/h3&gt;
                                    &lt;p&gt;View application logs and errors&lt;/p&gt;
                                    &lt;div class=\&quot;card-status\&quot; id=\&quot;logs-status\&quot;&gt;Ready&lt;/div&gt;
                                &lt;/div&gt;
                            &lt;/div&gt;·····························
                            &lt;div class=\&quot;action-card\&quot; data-action=\&quot;token-management\&quot;&gt;
                                &lt;div class=\&quot;card-icon\&quot;&gt;
                                    &lt;i class=\&quot;icon-key\&quot;&gt;&lt;/i&gt;
                                &lt;/div&gt;
                                &lt;div class=\&quot;card-content\&quot;&gt;
                                    &lt;h3&gt;Token Management&lt;/h3&gt;
                                    &lt;p&gt;Manage API tokens and authentication&lt;/p&gt;
                                    &lt;div class=\&quot;card-status\&quot; id=\&quot;token-management-status\&quot;&gt;Ready&lt;/div&gt;
                                &lt;/div&gt;
                            &lt;/div&gt;·····························
                            &lt;div class=\&quot;action-card\&quot; data-action=\&quot;history\&quot;&gt;
                                &lt;div class=\&quot;card-icon\&quot;&gt;
                                    &lt;i class=\&quot;icon-clock\&quot;&gt;&lt;/i&gt;
                                &lt;/div&gt;
                                &lt;div class=\&quot;card-content\&quot;&gt;
                                    &lt;h3&gt;History&lt;/h3&gt;
                                    &lt;p&gt;View past operations and activities&lt;/p&gt;
                                    &lt;div class=\&quot;card-status\&quot; id=\&quot;history-status\&quot;&gt;Ready&lt;/div&gt;
                                &lt;/div&gt;
                            &lt;/div&gt;·····························
                            &lt;div class=\&quot;action-card\&quot; id=\&quot;swagger-card\&quot; data-action=\&quot;swagger\&quot; style=\&quot;display: none;\&quot;&gt;
                                &lt;div class=\&quot;card-icon\&quot;&gt;
                                    &lt;i class=\&quot;icon-code\&quot;&gt;&lt;/i&gt;
                                &lt;/div&gt;
                                &lt;div class=\&quot;card-content\&quot;&gt;
                                    &lt;h3&gt;Swagger&lt;/h3&gt;
                                    &lt;p&gt;API documentation and testing&lt;/p&gt;
                                    &lt;div class=\&quot;card-status\&quot; id=\&quot;swagger-status\&quot;&gt;Ready&lt;/div&gt;
                                &lt;/div&gt;
                            &lt;/div&gt;
                        &lt;/div&gt;
                    &lt;/div&gt;
                &lt;/div&gt;
            &lt;/div&gt;·
            &lt;!-- Other pages will be loaded dynamically --&gt;
            &lt;div class=\&quot;page\&quot; id=\&quot;settings-page\&quot; data-page=\&quot;settings\&quot; style=\&quot;display: none;\&quot;&gt;&lt;/div&gt;
            &lt;div class=\&quot;page\&quot; id=\&quot;export-page\&quot; data-page=\&quot;export\&quot; style=\&quot;display: none;\&quot;&gt;&lt;/div&gt;
            &lt;div class=\&quot;page\&quot; id=\&quot;import-page\&quot; data-page=\&quot;import\&quot; style=\&quot;display: none;\&quot;&gt;&lt;/div&gt;
            &lt;div class=\&quot;page\&quot; id=\&quot;delete-page\&quot; data-page=\&quot;delete\&quot; style=\&quot;display: none;\&quot;&gt;&lt;/div&gt;
            &lt;div class=\&quot;page\&quot; id=\&quot;modify-page\&quot; data-page=\&quot;modify\&quot; style=\&quot;display: none;\&quot;&gt;&lt;/div&gt;
            &lt;div class=\&quot;page\&quot; id=\&quot;logs-page\&quot; data-page=\&quot;logs\&quot; style=\&quot;display: none;\&quot;&gt;&lt;/div&gt;
            &lt;div class=\&quot;page\&quot; id=\&quot;token-management-page\&quot; data-page=\&quot;token-management\&quot; style=\&quot;display: none;\&quot;&gt;&lt;/div&gt;
            &lt;div class=\&quot;page\&quot; id=\&quot;history-page\&quot; data-page=\&quot;history\&quot; style=\&quot;display: none;\&quot;&gt;&lt;/div&gt;
            &lt;div class=\&quot;page\&quot; id=\&quot;swagger-page\&quot; data-page=\&quot;swagger\&quot; style=\&quot;display: none;\&quot;&gt;&lt;/div&gt;
        &lt;/main&gt;
    &lt;/div&gt;·
    &lt;!-- Footer --&gt;
    &lt;footer class=\&quot;app-footer\&quot; id=\&quot;app-footer\&quot;&gt;
        &lt;div class=\&quot;footer-content\&quot;&gt;
            &lt;div class=\&quot;footer-left\&quot;&gt;
                &lt;span class=\&quot;copyright\&quot;&gt;© PingIdentity 2025&lt;/span&gt;
                &lt;span class=\&quot;server-status\&quot; id=\&quot;footer-server-status\&quot;&gt;
                    &lt;span class=\&quot;status-indicator\&quot; id=\&quot;footer-server-indicator\&quot;&gt;&lt;/span&gt;
                    &lt;span class=\&quot;status-text\&quot; id=\&quot;footer-server-text\&quot;&gt;Starting...&lt;/span&gt;
                &lt;/span&gt;
            &lt;/div&gt;
            &lt;div class=\&quot;footer-center\&quot;&gt;
                &lt;span class=\&quot;token-status-footer\&quot; id=\&quot;footer-token-status\&quot;&gt;
                    &lt;span class=\&quot;status-indicator\&quot; id=\&quot;footer-token-indicator\&quot;&gt;&lt;/span&gt;
                    &lt;span class=\&quot;status-text\&quot; id=\&quot;footer-token-text\&quot;&gt;Token: Checking...&lt;/span&gt;
                    &lt;span class=\&quot;token-time\&quot; id=\&quot;footer-token-time\&quot;&gt;&lt;/span&gt;
                &lt;/span&gt;
            &lt;/div&gt;
            &lt;div class=\&quot;footer-right\&quot;&gt;
                &lt;span class=\&quot;version-info\&quot; id=\&quot;footer-version\&quot;&gt;v...&lt;/span&gt;
            &lt;/div&gt;
        &lt;/div&gt;
    &lt;/footer&gt;·
    &lt;!-- Modals --&gt;
    &lt;!-- Disclaimer Modal (formal style) --&gt;
    &lt;div class=\&quot;modal-overlay\&quot; id=\&quot;disclaimer-modal\&quot; style=\&quot;display: none;\&quot;&gt;
        &lt;div class=\&quot;modal disclaimer-modal\&quot; style=\&quot;box-shadow: 0 8px 24px rgba(0,0,0,0.08); border: 1px solid rgba(0,0,0,0.08);\&quot;&gt;
            &lt;div class=\&quot;modal-header\&quot;&gt;
                &lt;h2&gt;&lt;i class=\&quot;icon-alert-circle\&quot; aria-hidden=\&quot;true\&quot;&gt;&lt;/i&gt; Important Disclaimer&lt;/h2&gt;
                &lt;p class=\&quot;subtitle\&quot;&gt;Please review and acknowledge before continuing&lt;/p&gt;
            &lt;/div&gt;
            &lt;div class=\&quot;modal-body\&quot;&gt;
                &lt;section class=\&quot;tos-panel\&quot; style=\&quot;background:#f7f9fc; border:1px solid rgba(0,0,0,0.06); padding:16px; border-radius:8px;\&quot;&gt;
                    &lt;h3&gt;Ping Library Terms of Service&lt;/h3&gt;
                    &lt;p class=\&quot;muted\&quot;&gt;The code provided hereunder shall be deemed \&quot;Sample Code.\&quot; This Sample Code is to be used exclusively in connection with Ping Identity&apos;s software or services.&lt;/p&gt;
                    &lt;p class=\&quot;muted\&quot;&gt;
                        THE CODE HEREUNDER IS PROVIDED “AS IS” AND WITHOUT WARRANTY OF ANY KIND. SUCH CODE IS EXPRESSLY EXCLUDED FROM PING IDENTITY&apos;S INDEMNITY OR SUPPORT OBLIGATIONS, IF ANY, PURSUANT TO THE RELEVANT GOVERNING AGREEMENT. PING IDENTITY AND ITS LICENSORS EXPRESSLY DISCLAIM ALL WARRANTIES, WHETHER EXPRESS, IMPLIED OR STATUTORY, INCLUDING, WITHOUT LIMITATION, THE IMPLIED WARRANTIES OF MERCHANTABILITY, FITNESS FOR A PARTICULAR PURPOSE, AND ANY WARRANTY OF NON-INFRINGEMENT. PING IDENTITY SHALL NOT HAVE ANY LIABILITY ARISING OUT OF OR RELATING TO ANY USE, IMPLEMENTATION OR CONFIGURATION OF THE SAMPLE CODE.
                    &lt;/p&gt;
                &lt;/section&gt;
                &lt;div class=\&quot;ack-row\&quot; style=\&quot;margin-top:12px; display:flex; align-items:center; gap:8px;\&quot;&gt;
                    &lt;input type=\&quot;checkbox\&quot; id=\&quot;disclaimer-agree\&quot; required&gt;
                    &lt;label for=\&quot;disclaimer-agree\&quot;&gt;&lt;strong&gt;Terms of Service (Required)&lt;/strong&gt;&lt;/label&gt;
                &lt;/div&gt;
            &lt;/div&gt;
            &lt;div class=\&quot;modal-footer\&quot;&gt;
                &lt;button class=\&quot;btn btn-secondary\&quot; id=\&quot;disclaimer-quit\&quot;&gt;Quit&lt;/button&gt;
                &lt;button class=\&quot;btn btn-primary\&quot; id=\&quot;disclaimer-accept\&quot; disabled&gt;Accept&lt;/button&gt;
            &lt;/div&gt;
        &lt;/div&gt;
    &lt;/div&gt;·
    &lt;!-- Credentials Modal --&gt;
    &lt;div class=\&quot;modal-overlay\&quot; id=\&quot;credentials-modal\&quot; style=\&quot;display: none;\&quot;&gt;
        &lt;div class=\&quot;modal credentials-modal\&quot; style=\&quot;max-width: 820px; width: 90%; max-height: 85vh; overflow: auto;\&quot;&gt;
            &lt;div class=\&quot;modal-header\&quot;&gt;
                &lt;h2&gt;PingOne Credentials&lt;/h2&gt;
                &lt;p&gt;Configure your PingOne API credentials to get started&lt;/p&gt;
            &lt;/div&gt;
            &lt;div class=\&quot;modal-body\&quot;&gt;
                &lt;form id=\&quot;credentials-form\&quot; novalidate&gt;
                    &lt;div class=\&quot;form-group field-control-wrapper\&quot;&gt;
                        &lt;label for=\&quot;cred-environment-id\&quot;&gt;PingOne Environment ID&lt;/label&gt;
                        &lt;input type=\&quot;text\&quot; id=\&quot;cred-environment-id\&quot; name=\&quot;environmentId\&quot;
                               class=\&quot;field-control-input is-default\&quot;
                               maxlength=\&quot;256\&quot; data-pendo-id=\&quot;Input\&quot;
                               autocomplete=\&quot;off\&quot;
                               aria-label=\&quot;PingOne Environment ID\&quot;
                               spellcheck=\&quot;false\&quot;
                               required&gt;
                    &lt;/div&gt;
                    &lt;div class=\&quot;form-group field-control-wrapper\&quot;&gt;
                        &lt;label for=\&quot;cred-client-id\&quot;&gt;PingOne Client ID&lt;/label&gt;
                        &lt;input type=\&quot;text\&quot; id=\&quot;cred-client-id\&quot; name=\&quot;clientId\&quot;
                               class=\&quot;field-control-input is-default\&quot;
                               maxlength=\&quot;256\&quot; data-pendo-id=\&quot;Input\&quot;
                               autocomplete=\&quot;username\&quot;
                               aria-label=\&quot;PingOne Client ID\&quot;
                               spellcheck=\&quot;false\&quot;
                               required&gt;
                    &lt;/div&gt;
                    &lt;div class=\&quot;form-group field-control-wrapper\&quot;&gt;
                        &lt;label for=\&quot;cred-client-secret\&quot;&gt;PingOne Client Secret&lt;/label&gt;
                        &lt;div class=\&quot;input-group\&quot;&gt;
                            &lt;input type=\&quot;password\&quot; id=\&quot;cred-client-secret\&quot; name=\&quot;clientSecret\&quot;
                                   class=\&quot;field-control-input is-default\&quot;
                                   maxlength=\&quot;256\&quot; data-pendo-id=\&quot;Input\&quot;
                                   autocomplete=\&quot;current-password\&quot;
                                   aria-label=\&quot;PingOne Client Secret\&quot;
                                   spellcheck=\&quot;false\&quot;
                                   title=\&quot;Show/hide client secret\&quot;
                                   aria-describedby=\&quot;toggle-secret\&quot;
                                   required&gt;
                            &lt;button type=\&quot;button\&quot; class=\&quot;btn btn-icon\&quot; id=\&quot;toggle-secret\&quot;
                                    title=\&quot;Toggle secret visibility\&quot;
                                    aria-label=\&quot;Show client secret\&quot;&gt;
                                &lt;i class=\&quot;icon-eye\&quot; aria-hidden=\&quot;true\&quot;&gt;&lt;/i&gt;
                            &lt;/button&gt;
                        &lt;/div&gt;
                    &lt;/div&gt;
                    &lt;div class=\&quot;form-group field-control-wrapper\&quot;&gt;
                        &lt;label for=\&quot;cred-region\&quot;&gt;PingOne Region&lt;/label&gt;
                        &lt;select id=\&quot;cred-region\&quot; name=\&quot;region\&quot; autocomplete=\&quot;country\&quot;&gt;
                            &lt;option value=\&quot;NorthAmerica\&quot;&gt;North America&lt;/option&gt;
                            &lt;option value=\&quot;Europe\&quot;&gt;Europe&lt;/option&gt;
                            &lt;option value=\&quot;Asia\&quot;&gt;Asia Pacific&lt;/option&gt;
                            &lt;option value=\&quot;Canada\&quot;&gt;Canada&lt;/option&gt;
                        &lt;/select&gt;
                    &lt;/div&gt;
                    &lt;div class=\&quot;form-group field-control-wrapper\&quot;&gt;
                        &lt;label for=\&quot;cred-population\&quot;&gt;PingOne Default Population (Optional)&lt;/label&gt;
                        &lt;select id=\&quot;cred-population\&quot; name=\&quot;populationId\&quot;&gt;
                            &lt;option value=\&quot;\&quot;&gt;Select a population...&lt;/option&gt;
                        &lt;/select&gt;
                    &lt;/div&gt;
                &lt;/form&gt;
            &lt;/div&gt;
            &lt;div class=\&quot;modal-footer\&quot; style=\&quot;display:flex; justify-content:center; gap:16px;\&quot;&gt;
                &lt;button class=\&quot;btn btn-primary\&quot; id=\&quot;credentials-save\&quot;&gt;Save &amp; Get Token&lt;/button&gt;
                &lt;button class=\&quot;btn btn-secondary\&quot; id=\&quot;credentials-settings\&quot; style=\&quot;background:#f3f4f6; border-color:#e5e7eb; color:#111827;\&quot;&gt;Go to Settings&lt;/button&gt;
                &lt;button class=\&quot;btn btn-secondary\&quot; id=\&quot;credentials-skip\&quot; style=\&quot;background:#f3f4f6; border-color:#e5e7eb; color:#111827;\&quot;&gt;Continue to Home&lt;/button&gt;
            &lt;/div&gt;
        &lt;/div&gt;
    &lt;/div&gt;·
    &lt;!-- Loading Overlay --&gt;
    &lt;div class=\&quot;loading-overlay\&quot; id=\&quot;loading-overlay\&quot; style=\&quot;display: none;\&quot;&gt;
        &lt;div class=\&quot;loading-content\&quot;&gt;
            &lt;div class=\&quot;loading-spinner\&quot;&gt;&lt;/div&gt;
            &lt;div class=\&quot;loading-text\&quot; id=\&quot;loading-text\&quot;&gt;Loading...&lt;/div&gt;
        &lt;/div&gt;
    &lt;/div&gt;·
    &lt;!-- Main Application Script --&gt;
    &lt;script src=\&quot;/socket.io/socket.io.js?v=1755690095520\&quot;&gt;&lt;/script&gt;
    &lt;script type=\&quot;module\&quot; src=\&quot;/js/app.js?v=1755690095520\&quot;&gt;&lt;/script&gt;·····
    &lt;!-- Error Handling --&gt;
    &lt;script&gt;
        window.addEventListener(&apos;error&apos;, function(e) {
            console.error(&apos;Global error:&apos;, e.error);
        });·········
        window.addEventListener(&apos;unhandledrejection&apos;, function(e) {
            console.error(&apos;Unhandled promise rejection:&apos;, e.reason);
        });
    &lt;/script&gt;
&lt;/body&gt;
&lt;/html&gt;&quot;
    at Object.&lt;anonymous&gt; (/Users/cmuir/P1Import-apps/P1-import-Subsystem/test/integration/settings-page-functionality.test.mjs:75:29)
    at processTicksAndRejections (node:internal/process/task_queues:105:5)</failure>
    </testcase>
    <testcase classname="⚙️ Settings Page Functionality Tests" name="should handle settings GET requests" time="0.009">
    </testcase>
    <testcase classname="⚙️ Settings Page Functionality Tests" name="should handle settings POST requests" time="0.008">
      <failure>Error: expect(received).toContain(expected) // indexOf

Expected value: 403
Received array: [200, 400, 500]
    at Object.&lt;anonymous&gt; (/Users/cmuir/P1Import-apps/P1-import-Subsystem/test/integration/settings-page-functionality.test.mjs:171:37)
    at processTicksAndRejections (node:internal/process/task_queues:105:5)</failure>
    </testcase>
    <testcase classname="⚙️ Settings Page Functionality Tests" name="should include all required form elements" time="0.005">
      <failure>Error: expect(received).toContain(expected) // indexOf

Expected substring: &quot;id=\&quot;apiClientId\&quot;&quot;
Received string:    &quot;&lt;!DOCTYPE html&gt;
&lt;html lang=\&quot;en\&quot;&gt;
&lt;head&gt;
&lt;meta charset=\&quot;utf-8\&quot;&gt;
&lt;title&gt;Error&lt;/title&gt;
&lt;/head&gt;
&lt;body&gt;
&lt;pre&gt;Internal Server Error&lt;/pre&gt;
&lt;/body&gt;
&lt;/html&gt;
&quot;
    at Object.&lt;anonymous&gt; (/Users/cmuir/P1Import-apps/P1-import-Subsystem/test/integration/settings-page-functionality.test.mjs:206:29)
    at processTicksAndRejections (node:internal/process/task_queues:105:5)</failure>
    </testcase>
    <testcase classname="⚙️ Settings Page Functionality Tests" name="should validate form data properly" time="0.005">
      <failure>Error: expect(received).toContain(expected) // indexOf

Expected value: 403
Received array: [200, 400]
    at Object.&lt;anonymous&gt; (/Users/cmuir/P1Import-apps/P1-import-Subsystem/test/integration/settings-page-functionality.test.mjs:264:32)
    at processTicksAndRejections (node:internal/process/task_queues:105:5)</failure>
    </testcase>
    <testcase classname="⚙️ Settings Page Functionality Tests" name="should provide connection test endpoint" time="0.006">
    </testcase>
  </testsuite>
  <testsuite name="test/integration/error-fixes.test.mjs" errors="0" failures="1" skipped="3" timestamp="2025-08-20T11:47:25" time="0.132" tests="5">
    <testcase classname="🔧 Error Fixes Integration Tests" name="should serve error-fix.js file (skipped: no bundle, import maps only)" time="0">
      <skipped/>
    </testcase>
    <testcase classname="🔧 Error Fixes Integration Tests" name="should serve centralized-logger.js without export errors (skipped: no bundle, import maps only)" time="0">
      <skipped/>
    </testcase>
    <testcase classname="🔧 Error Fixes Integration Tests" name="should serve centralized-logger-fallback.js without export errors (skipped: no bundle, import maps only)" time="0">
      <skipped/>
    </testcase>
    <testcase classname="🔧 Error Fixes Integration Tests" name="should handle connection test errors gracefully" time="0.006">
    </testcase>
    <testcase classname="🔧 Error Fixes Integration Tests" name="should serve population-dropdown-fix.js with improved error handling" time="0.006">
      <failure>Error: expect(received).toBe(expected) // Object.is equality

Expected: 200
Received: 500
    at Object.&lt;anonymous&gt; (/Users/cmuir/P1Import-apps/P1-import-Subsystem/test/integration/error-fixes.test.mjs:200:37)
    at processTicksAndRejections (node:internal/process/task_queues:105:5)</failure>
    </testcase>
  </testsuite>
  <testsuite name="test/ui/navigation.test.js" errors="0" failures="11" skipped="0" timestamp="2025-08-20T11:47:25" time="0.108" tests="12">
    <testcase classname="Navigation System Tests › View Registration and Validation" name="should include &quot;home&quot; in valid views list" time="0">
      <failure>ReferenceError: __dirname is not defined
    at Object.&lt;anonymous&gt; (/Users/cmuir/P1Import-apps/P1-import-Subsystem/test/ui/navigation.test.js:36:50)
    at Promise.finally.completed (/Users/cmuir/P1Import-apps/P1-import-Subsystem/node_modules/jest-circus/build/jestAdapterInit.js:1559:28)
    at new Promise (&lt;anonymous&gt;)
    at callAsyncCircusFn (/Users/cmuir/P1Import-apps/P1-import-Subsystem/node_modules/jest-circus/build/jestAdapterInit.js:1499:10)
    at _callCircusTest (/Users/cmuir/P1Import-apps/P1-import-Subsystem/node_modules/jest-circus/build/jestAdapterInit.js:1009:40)
    at processTicksAndRejections (node:internal/process/task_queues:105:5)
    at _runTest (/Users/cmuir/P1Import-apps/P1-import-Subsystem/node_modules/jest-circus/build/jestAdapterInit.js:949:3)
    at _runTestsForDescribeBlock (/Users/cmuir/P1Import-apps/P1-import-Subsystem/node_modules/jest-circus/build/jestAdapterInit.js:839:13)
    at _runTestsForDescribeBlock (/Users/cmuir/P1Import-apps/P1-import-Subsystem/node_modules/jest-circus/build/jestAdapterInit.js:829:11)
    at _runTestsForDescribeBlock (/Users/cmuir/P1Import-apps/P1-import-Subsystem/node_modules/jest-circus/build/jestAdapterInit.js:829:11)
    at run (/Users/cmuir/P1Import-apps/P1-import-Subsystem/node_modules/jest-circus/build/jestAdapterInit.js:757:3)
    at runAndTransformResultsToJestFormat (/Users/cmuir/P1Import-apps/P1-import-Subsystem/node_modules/jest-circus/build/jestAdapterInit.js:1920:21)
    at jestAdapter (/Users/cmuir/P1Import-apps/P1-import-Subsystem/node_modules/jest-circus/build/runner.js:101:19)
    at runTestInternal (/Users/cmuir/P1Import-apps/P1-import-Subsystem/node_modules/jest-runner/build/testWorker.js:275:16)
    at runTest (/Users/cmuir/P1Import-apps/P1-import-Subsystem/node_modules/jest-runner/build/testWorker.js:343:7)
    at Object.worker (/Users/cmuir/P1Import-apps/P1-import-Subsystem/node_modules/jest-runner/build/testWorker.js:497:12)</failure>
    </testcase>
    <testcase classname="Navigation System Tests › View Registration and Validation" name="should include &quot;home&quot; in NavigationSubsystem valid views" time="0">
      <failure>ReferenceError: __dirname is not defined
    at Object.&lt;anonymous&gt; (/Users/cmuir/P1Import-apps/P1-import-Subsystem/test/ui/navigation.test.js:46:46)
    at Promise.finally.completed (/Users/cmuir/P1Import-apps/P1-import-Subsystem/node_modules/jest-circus/build/jestAdapterInit.js:1559:28)
    at new Promise (&lt;anonymous&gt;)
    at callAsyncCircusFn (/Users/cmuir/P1Import-apps/P1-import-Subsystem/node_modules/jest-circus/build/jestAdapterInit.js:1499:10)
    at _callCircusTest (/Users/cmuir/P1Import-apps/P1-import-Subsystem/node_modules/jest-circus/build/jestAdapterInit.js:1009:40)
    at processTicksAndRejections (node:internal/process/task_queues:105:5)
    at _runTest (/Users/cmuir/P1Import-apps/P1-import-Subsystem/node_modules/jest-circus/build/jestAdapterInit.js:949:3)
    at _runTestsForDescribeBlock (/Users/cmuir/P1Import-apps/P1-import-Subsystem/node_modules/jest-circus/build/jestAdapterInit.js:839:13)
    at _runTestsForDescribeBlock (/Users/cmuir/P1Import-apps/P1-import-Subsystem/node_modules/jest-circus/build/jestAdapterInit.js:829:11)
    at _runTestsForDescribeBlock (/Users/cmuir/P1Import-apps/P1-import-Subsystem/node_modules/jest-circus/build/jestAdapterInit.js:829:11)
    at run (/Users/cmuir/P1Import-apps/P1-import-Subsystem/node_modules/jest-circus/build/jestAdapterInit.js:757:3)
    at runAndTransformResultsToJestFormat (/Users/cmuir/P1Import-apps/P1-import-Subsystem/node_modules/jest-circus/build/jestAdapterInit.js:1920:21)
    at jestAdapter (/Users/cmuir/P1Import-apps/P1-import-Subsystem/node_modules/jest-circus/build/runner.js:101:19)
    at runTestInternal (/Users/cmuir/P1Import-apps/P1-import-Subsystem/node_modules/jest-runner/build/testWorker.js:275:16)
    at runTest (/Users/cmuir/P1Import-apps/P1-import-Subsystem/node_modules/jest-runner/build/testWorker.js:343:7)
    at Object.worker (/Users/cmuir/P1Import-apps/P1-import-Subsystem/node_modules/jest-runner/build/testWorker.js:497:12)</failure>
    </testcase>
    <testcase classname="Navigation System Tests › View Registration and Validation" name="should have consistent valid views between subsystems" time="0">
      <failure>ReferenceError: __dirname is not defined
    at Object.&lt;anonymous&gt; (/Users/cmuir/P1Import-apps/P1-import-Subsystem/test/ui/navigation.test.js:54:50)
    at Promise.finally.completed (/Users/cmuir/P1Import-apps/P1-import-Subsystem/node_modules/jest-circus/build/jestAdapterInit.js:1559:28)
    at new Promise (&lt;anonymous&gt;)
    at callAsyncCircusFn (/Users/cmuir/P1Import-apps/P1-import-Subsystem/node_modules/jest-circus/build/jestAdapterInit.js:1499:10)
    at _callCircusTest (/Users/cmuir/P1Import-apps/P1-import-Subsystem/node_modules/jest-circus/build/jestAdapterInit.js:1009:40)
    at processTicksAndRejections (node:internal/process/task_queues:105:5)
    at _runTest (/Users/cmuir/P1Import-apps/P1-import-Subsystem/node_modules/jest-circus/build/jestAdapterInit.js:949:3)
    at _runTestsForDescribeBlock (/Users/cmuir/P1Import-apps/P1-import-Subsystem/node_modules/jest-circus/build/jestAdapterInit.js:839:13)
    at _runTestsForDescribeBlock (/Users/cmuir/P1Import-apps/P1-import-Subsystem/node_modules/jest-circus/build/jestAdapterInit.js:829:11)
    at _runTestsForDescribeBlock (/Users/cmuir/P1Import-apps/P1-import-Subsystem/node_modules/jest-circus/build/jestAdapterInit.js:829:11)
    at run (/Users/cmuir/P1Import-apps/P1-import-Subsystem/node_modules/jest-circus/build/jestAdapterInit.js:757:3)
    at runAndTransformResultsToJestFormat (/Users/cmuir/P1Import-apps/P1-import-Subsystem/node_modules/jest-circus/build/jestAdapterInit.js:1920:21)
    at jestAdapter (/Users/cmuir/P1Import-apps/P1-import-Subsystem/node_modules/jest-circus/build/runner.js:101:19)
    at runTestInternal (/Users/cmuir/P1Import-apps/P1-import-Subsystem/node_modules/jest-runner/build/testWorker.js:275:16)
    at runTest (/Users/cmuir/P1Import-apps/P1-import-Subsystem/node_modules/jest-runner/build/testWorker.js:343:7)
    at Object.worker (/Users/cmuir/P1Import-apps/P1-import-Subsystem/node_modules/jest-runner/build/testWorker.js:497:12)</failure>
    </testcase>
    <testcase classname="Navigation System Tests › Error Handling and Logging" name="should have enhanced error logging in ViewManagementSubsystem" time="0">
      <failure>ReferenceError: __dirname is not defined
    at Object.&lt;anonymous&gt; (/Users/cmuir/P1Import-apps/P1-import-Subsystem/test/ui/navigation.test.js:75:50)
    at Promise.finally.completed (/Users/cmuir/P1Import-apps/P1-import-Subsystem/node_modules/jest-circus/build/jestAdapterInit.js:1559:28)
    at new Promise (&lt;anonymous&gt;)
    at callAsyncCircusFn (/Users/cmuir/P1Import-apps/P1-import-Subsystem/node_modules/jest-circus/build/jestAdapterInit.js:1499:10)
    at _callCircusTest (/Users/cmuir/P1Import-apps/P1-import-Subsystem/node_modules/jest-circus/build/jestAdapterInit.js:1009:40)
    at processTicksAndRejections (node:internal/process/task_queues:105:5)
    at _runTest (/Users/cmuir/P1Import-apps/P1-import-Subsystem/node_modules/jest-circus/build/jestAdapterInit.js:949:3)
    at _runTestsForDescribeBlock (/Users/cmuir/P1Import-apps/P1-import-Subsystem/node_modules/jest-circus/build/jestAdapterInit.js:839:13)
    at _runTestsForDescribeBlock (/Users/cmuir/P1Import-apps/P1-import-Subsystem/node_modules/jest-circus/build/jestAdapterInit.js:829:11)
    at _runTestsForDescribeBlock (/Users/cmuir/P1Import-apps/P1-import-Subsystem/node_modules/jest-circus/build/jestAdapterInit.js:829:11)
    at run (/Users/cmuir/P1Import-apps/P1-import-Subsystem/node_modules/jest-circus/build/jestAdapterInit.js:757:3)
    at runAndTransformResultsToJestFormat (/Users/cmuir/P1Import-apps/P1-import-Subsystem/node_modules/jest-circus/build/jestAdapterInit.js:1920:21)
    at jestAdapter (/Users/cmuir/P1Import-apps/P1-import-Subsystem/node_modules/jest-circus/build/runner.js:101:19)
    at runTestInternal (/Users/cmuir/P1Import-apps/P1-import-Subsystem/node_modules/jest-runner/build/testWorker.js:275:16)
    at runTest (/Users/cmuir/P1Import-apps/P1-import-Subsystem/node_modules/jest-runner/build/testWorker.js:343:7)
    at Object.worker (/Users/cmuir/P1Import-apps/P1-import-Subsystem/node_modules/jest-runner/build/testWorker.js:497:12)</failure>
    </testcase>
    <testcase classname="Navigation System Tests › Error Handling and Logging" name="should have enhanced error logging in NavigationSubsystem" time="0.001">
      <failure>ReferenceError: __dirname is not defined
    at Object.&lt;anonymous&gt; (/Users/cmuir/P1Import-apps/P1-import-Subsystem/test/ui/navigation.test.js:86:46)
    at Promise.finally.completed (/Users/cmuir/P1Import-apps/P1-import-Subsystem/node_modules/jest-circus/build/jestAdapterInit.js:1559:28)
    at new Promise (&lt;anonymous&gt;)
    at callAsyncCircusFn (/Users/cmuir/P1Import-apps/P1-import-Subsystem/node_modules/jest-circus/build/jestAdapterInit.js:1499:10)
    at _callCircusTest (/Users/cmuir/P1Import-apps/P1-import-Subsystem/node_modules/jest-circus/build/jestAdapterInit.js:1009:40)
    at processTicksAndRejections (node:internal/process/task_queues:105:5)
    at _runTest (/Users/cmuir/P1Import-apps/P1-import-Subsystem/node_modules/jest-circus/build/jestAdapterInit.js:949:3)
    at _runTestsForDescribeBlock (/Users/cmuir/P1Import-apps/P1-import-Subsystem/node_modules/jest-circus/build/jestAdapterInit.js:839:13)
    at _runTestsForDescribeBlock (/Users/cmuir/P1Import-apps/P1-import-Subsystem/node_modules/jest-circus/build/jestAdapterInit.js:829:11)
    at _runTestsForDescribeBlock (/Users/cmuir/P1Import-apps/P1-import-Subsystem/node_modules/jest-circus/build/jestAdapterInit.js:829:11)
    at run (/Users/cmuir/P1Import-apps/P1-import-Subsystem/node_modules/jest-circus/build/jestAdapterInit.js:757:3)
    at runAndTransformResultsToJestFormat (/Users/cmuir/P1Import-apps/P1-import-Subsystem/node_modules/jest-circus/build/jestAdapterInit.js:1920:21)
    at jestAdapter (/Users/cmuir/P1Import-apps/P1-import-Subsystem/node_modules/jest-circus/build/runner.js:101:19)
    at runTestInternal (/Users/cmuir/P1Import-apps/P1-import-Subsystem/node_modules/jest-runner/build/testWorker.js:275:16)
    at runTest (/Users/cmuir/P1Import-apps/P1-import-Subsystem/node_modules/jest-runner/build/testWorker.js:343:7)
    at Object.worker (/Users/cmuir/P1Import-apps/P1-import-Subsystem/node_modules/jest-runner/build/testWorker.js:497:12)</failure>
    </testcase>
    <testcase classname="Navigation System Tests › Error Handling and Logging" name="should have fallback mechanism for invalid views" time="0">
      <failure>ReferenceError: __dirname is not defined
    at Object.&lt;anonymous&gt; (/Users/cmuir/P1Import-apps/P1-import-Subsystem/test/ui/navigation.test.js:96:50)
    at Promise.finally.completed (/Users/cmuir/P1Import-apps/P1-import-Subsystem/node_modules/jest-circus/build/jestAdapterInit.js:1559:28)
    at new Promise (&lt;anonymous&gt;)
    at callAsyncCircusFn (/Users/cmuir/P1Import-apps/P1-import-Subsystem/node_modules/jest-circus/build/jestAdapterInit.js:1499:10)
    at _callCircusTest (/Users/cmuir/P1Import-apps/P1-import-Subsystem/node_modules/jest-circus/build/jestAdapterInit.js:1009:40)
    at processTicksAndRejections (node:internal/process/task_queues:105:5)
    at _runTest (/Users/cmuir/P1Import-apps/P1-import-Subsystem/node_modules/jest-circus/build/jestAdapterInit.js:949:3)
    at _runTestsForDescribeBlock (/Users/cmuir/P1Import-apps/P1-import-Subsystem/node_modules/jest-circus/build/jestAdapterInit.js:839:13)
    at _runTestsForDescribeBlock (/Users/cmuir/P1Import-apps/P1-import-Subsystem/node_modules/jest-circus/build/jestAdapterInit.js:829:11)
    at _runTestsForDescribeBlock (/Users/cmuir/P1Import-apps/P1-import-Subsystem/node_modules/jest-circus/build/jestAdapterInit.js:829:11)
    at run (/Users/cmuir/P1Import-apps/P1-import-Subsystem/node_modules/jest-circus/build/jestAdapterInit.js:757:3)
    at runAndTransformResultsToJestFormat (/Users/cmuir/P1Import-apps/P1-import-Subsystem/node_modules/jest-circus/build/jestAdapterInit.js:1920:21)
    at jestAdapter (/Users/cmuir/P1Import-apps/P1-import-Subsystem/node_modules/jest-circus/build/runner.js:101:19)
    at runTestInternal (/Users/cmuir/P1Import-apps/P1-import-Subsystem/node_modules/jest-runner/build/testWorker.js:275:16)
    at runTest (/Users/cmuir/P1Import-apps/P1-import-Subsystem/node_modules/jest-runner/build/testWorker.js:343:7)
    at Object.worker (/Users/cmuir/P1Import-apps/P1-import-Subsystem/node_modules/jest-runner/build/testWorker.js:497:12)</failure>
    </testcase>
    <testcase classname="Navigation System Tests › HTML Structure Validation" name="should have home view element in index.html" time="0">
      <failure>ReferenceError: __dirname is not defined
    at Object.&lt;anonymous&gt; (/Users/cmuir/P1Import-apps/P1-import-Subsystem/test/ui/navigation.test.js:107:41)
    at Promise.finally.completed (/Users/cmuir/P1Import-apps/P1-import-Subsystem/node_modules/jest-circus/build/jestAdapterInit.js:1559:28)
    at new Promise (&lt;anonymous&gt;)
    at callAsyncCircusFn (/Users/cmuir/P1Import-apps/P1-import-Subsystem/node_modules/jest-circus/build/jestAdapterInit.js:1499:10)
    at _callCircusTest (/Users/cmuir/P1Import-apps/P1-import-Subsystem/node_modules/jest-circus/build/jestAdapterInit.js:1009:40)
    at processTicksAndRejections (node:internal/process/task_queues:105:5)
    at _runTest (/Users/cmuir/P1Import-apps/P1-import-Subsystem/node_modules/jest-circus/build/jestAdapterInit.js:949:3)
    at _runTestsForDescribeBlock (/Users/cmuir/P1Import-apps/P1-import-Subsystem/node_modules/jest-circus/build/jestAdapterInit.js:839:13)
    at _runTestsForDescribeBlock (/Users/cmuir/P1Import-apps/P1-import-Subsystem/node_modules/jest-circus/build/jestAdapterInit.js:829:11)
    at _runTestsForDescribeBlock (/Users/cmuir/P1Import-apps/P1-import-Subsystem/node_modules/jest-circus/build/jestAdapterInit.js:829:11)
    at run (/Users/cmuir/P1Import-apps/P1-import-Subsystem/node_modules/jest-circus/build/jestAdapterInit.js:757:3)
    at runAndTransformResultsToJestFormat (/Users/cmuir/P1Import-apps/P1-import-Subsystem/node_modules/jest-circus/build/jestAdapterInit.js:1920:21)
    at jestAdapter (/Users/cmuir/P1Import-apps/P1-import-Subsystem/node_modules/jest-circus/build/runner.js:101:19)
    at runTestInternal (/Users/cmuir/P1Import-apps/P1-import-Subsystem/node_modules/jest-runner/build/testWorker.js:275:16)
    at runTest (/Users/cmuir/P1Import-apps/P1-import-Subsystem/node_modules/jest-runner/build/testWorker.js:343:7)
    at Object.worker (/Users/cmuir/P1Import-apps/P1-import-Subsystem/node_modules/jest-runner/build/testWorker.js:497:12)</failure>
    </testcase>
    <testcase classname="Navigation System Tests › HTML Structure Validation" name="should have home navigation in main navigation" time="0.001">
      <failure>ReferenceError: __dirname is not defined
    at Object.&lt;anonymous&gt; (/Users/cmuir/P1Import-apps/P1-import-Subsystem/test/ui/navigation.test.js:116:41)
    at Promise.finally.completed (/Users/cmuir/P1Import-apps/P1-import-Subsystem/node_modules/jest-circus/build/jestAdapterInit.js:1559:28)
    at new Promise (&lt;anonymous&gt;)
    at callAsyncCircusFn (/Users/cmuir/P1Import-apps/P1-import-Subsystem/node_modules/jest-circus/build/jestAdapterInit.js:1499:10)
    at _callCircusTest (/Users/cmuir/P1Import-apps/P1-import-Subsystem/node_modules/jest-circus/build/jestAdapterInit.js:1009:40)
    at processTicksAndRejections (node:internal/process/task_queues:105:5)
    at _runTest (/Users/cmuir/P1Import-apps/P1-import-Subsystem/node_modules/jest-circus/build/jestAdapterInit.js:949:3)
    at _runTestsForDescribeBlock (/Users/cmuir/P1Import-apps/P1-import-Subsystem/node_modules/jest-circus/build/jestAdapterInit.js:839:13)
    at _runTestsForDescribeBlock (/Users/cmuir/P1Import-apps/P1-import-Subsystem/node_modules/jest-circus/build/jestAdapterInit.js:829:11)
    at _runTestsForDescribeBlock (/Users/cmuir/P1Import-apps/P1-import-Subsystem/node_modules/jest-circus/build/jestAdapterInit.js:829:11)
    at run (/Users/cmuir/P1Import-apps/P1-import-Subsystem/node_modules/jest-circus/build/jestAdapterInit.js:757:3)
    at runAndTransformResultsToJestFormat (/Users/cmuir/P1Import-apps/P1-import-Subsystem/node_modules/jest-circus/build/jestAdapterInit.js:1920:21)
    at jestAdapter (/Users/cmuir/P1Import-apps/P1-import-Subsystem/node_modules/jest-circus/build/runner.js:101:19)
    at runTestInternal (/Users/cmuir/P1Import-apps/P1-import-Subsystem/node_modules/jest-runner/build/testWorker.js:275:16)
    at runTest (/Users/cmuir/P1Import-apps/P1-import-Subsystem/node_modules/jest-runner/build/testWorker.js:343:7)
    at Object.worker (/Users/cmuir/P1Import-apps/P1-import-Subsystem/node_modules/jest-runner/build/testWorker.js:497:12)</failure>
    </testcase>
    <testcase classname="Navigation System Tests › Integration Tests" name="should handle navigation to all valid views" time="0">
    </testcase>
    <testcase classname="Navigation System Tests › Integration Tests" name="should have consistent view naming between files" time="0">
      <failure>ReferenceError: __dirname is not defined
    at /Users/cmuir/P1Import-apps/P1-import-Subsystem/test/ui/navigation.test.js:144:44
    at Array.forEach (&lt;anonymous&gt;)
    at Object.&lt;anonymous&gt; (/Users/cmuir/P1Import-apps/P1-import-Subsystem/test/ui/navigation.test.js:143:19)
    at Promise.finally.completed (/Users/cmuir/P1Import-apps/P1-import-Subsystem/node_modules/jest-circus/build/jestAdapterInit.js:1559:28)
    at new Promise (&lt;anonymous&gt;)
    at callAsyncCircusFn (/Users/cmuir/P1Import-apps/P1-import-Subsystem/node_modules/jest-circus/build/jestAdapterInit.js:1499:10)
    at _callCircusTest (/Users/cmuir/P1Import-apps/P1-import-Subsystem/node_modules/jest-circus/build/jestAdapterInit.js:1009:40)
    at processTicksAndRejections (node:internal/process/task_queues:105:5)
    at _runTest (/Users/cmuir/P1Import-apps/P1-import-Subsystem/node_modules/jest-circus/build/jestAdapterInit.js:949:3)
    at _runTestsForDescribeBlock (/Users/cmuir/P1Import-apps/P1-import-Subsystem/node_modules/jest-circus/build/jestAdapterInit.js:839:13)
    at _runTestsForDescribeBlock (/Users/cmuir/P1Import-apps/P1-import-Subsystem/node_modules/jest-circus/build/jestAdapterInit.js:829:11)
    at _runTestsForDescribeBlock (/Users/cmuir/P1Import-apps/P1-import-Subsystem/node_modules/jest-circus/build/jestAdapterInit.js:829:11)
    at run (/Users/cmuir/P1Import-apps/P1-import-Subsystem/node_modules/jest-circus/build/jestAdapterInit.js:757:3)
    at runAndTransformResultsToJestFormat (/Users/cmuir/P1Import-apps/P1-import-Subsystem/node_modules/jest-circus/build/jestAdapterInit.js:1920:21)
    at jestAdapter (/Users/cmuir/P1Import-apps/P1-import-Subsystem/node_modules/jest-circus/build/runner.js:101:19)
    at runTestInternal (/Users/cmuir/P1Import-apps/P1-import-Subsystem/node_modules/jest-runner/build/testWorker.js:275:16)
    at runTest (/Users/cmuir/P1Import-apps/P1-import-Subsystem/node_modules/jest-runner/build/testWorker.js:343:7)
    at Object.worker (/Users/cmuir/P1Import-apps/P1-import-Subsystem/node_modules/jest-runner/build/testWorker.js:497:12)</failure>
    </testcase>
    <testcase classname="Navigation System Tests › Error Prevention" name="should prevent &quot;Invalid view: home&quot; errors" time="0">
      <failure>ReferenceError: __dirname is not defined
    at Object.&lt;anonymous&gt; (/Users/cmuir/P1Import-apps/P1-import-Subsystem/test/ui/navigation.test.js:156:50)
    at Promise.finally.completed (/Users/cmuir/P1Import-apps/P1-import-Subsystem/node_modules/jest-circus/build/jestAdapterInit.js:1559:28)
    at new Promise (&lt;anonymous&gt;)
    at callAsyncCircusFn (/Users/cmuir/P1Import-apps/P1-import-Subsystem/node_modules/jest-circus/build/jestAdapterInit.js:1499:10)
    at _callCircusTest (/Users/cmuir/P1Import-apps/P1-import-Subsystem/node_modules/jest-circus/build/jestAdapterInit.js:1009:40)
    at processTicksAndRejections (node:internal/process/task_queues:105:5)
    at _runTest (/Users/cmuir/P1Import-apps/P1-import-Subsystem/node_modules/jest-circus/build/jestAdapterInit.js:949:3)
    at _runTestsForDescribeBlock (/Users/cmuir/P1Import-apps/P1-import-Subsystem/node_modules/jest-circus/build/jestAdapterInit.js:839:13)
    at _runTestsForDescribeBlock (/Users/cmuir/P1Import-apps/P1-import-Subsystem/node_modules/jest-circus/build/jestAdapterInit.js:829:11)
    at _runTestsForDescribeBlock (/Users/cmuir/P1Import-apps/P1-import-Subsystem/node_modules/jest-circus/build/jestAdapterInit.js:829:11)
    at run (/Users/cmuir/P1Import-apps/P1-import-Subsystem/node_modules/jest-circus/build/jestAdapterInit.js:757:3)
    at runAndTransformResultsToJestFormat (/Users/cmuir/P1Import-apps/P1-import-Subsystem/node_modules/jest-circus/build/jestAdapterInit.js:1920:21)
    at jestAdapter (/Users/cmuir/P1Import-apps/P1-import-Subsystem/node_modules/jest-circus/build/runner.js:101:19)
    at runTestInternal (/Users/cmuir/P1Import-apps/P1-import-Subsystem/node_modules/jest-runner/build/testWorker.js:275:16)
    at runTest (/Users/cmuir/P1Import-apps/P1-import-Subsystem/node_modules/jest-runner/build/testWorker.js:343:7)
    at Object.worker (/Users/cmuir/P1Import-apps/P1-import-Subsystem/node_modules/jest-runner/build/testWorker.js:497:12)</failure>
    </testcase>
    <testcase classname="Navigation System Tests › Error Prevention" name="should have getValidViews helper methods" time="0.001">
      <failure>ReferenceError: __dirname is not defined
    at Object.&lt;anonymous&gt; (/Users/cmuir/P1Import-apps/P1-import-Subsystem/test/ui/navigation.test.js:168:50)
    at Promise.finally.completed (/Users/cmuir/P1Import-apps/P1-import-Subsystem/node_modules/jest-circus/build/jestAdapterInit.js:1559:28)
    at new Promise (&lt;anonymous&gt;)
    at callAsyncCircusFn (/Users/cmuir/P1Import-apps/P1-import-Subsystem/node_modules/jest-circus/build/jestAdapterInit.js:1499:10)
    at _callCircusTest (/Users/cmuir/P1Import-apps/P1-import-Subsystem/node_modules/jest-circus/build/jestAdapterInit.js:1009:40)
    at processTicksAndRejections (node:internal/process/task_queues:105:5)
    at _runTest (/Users/cmuir/P1Import-apps/P1-import-Subsystem/node_modules/jest-circus/build/jestAdapterInit.js:949:3)
    at _runTestsForDescribeBlock (/Users/cmuir/P1Import-apps/P1-import-Subsystem/node_modules/jest-circus/build/jestAdapterInit.js:839:13)
    at _runTestsForDescribeBlock (/Users/cmuir/P1Import-apps/P1-import-Subsystem/node_modules/jest-circus/build/jestAdapterInit.js:829:11)
    at _runTestsForDescribeBlock (/Users/cmuir/P1Import-apps/P1-import-Subsystem/node_modules/jest-circus/build/jestAdapterInit.js:829:11)
    at run (/Users/cmuir/P1Import-apps/P1-import-Subsystem/node_modules/jest-circus/build/jestAdapterInit.js:757:3)
    at runAndTransformResultsToJestFormat (/Users/cmuir/P1Import-apps/P1-import-Subsystem/node_modules/jest-circus/build/jestAdapterInit.js:1920:21)
    at jestAdapter (/Users/cmuir/P1Import-apps/P1-import-Subsystem/node_modules/jest-circus/build/runner.js:101:19)
    at runTestInternal (/Users/cmuir/P1Import-apps/P1-import-Subsystem/node_modules/jest-runner/build/testWorker.js:275:16)
    at runTest (/Users/cmuir/P1Import-apps/P1-import-Subsystem/node_modules/jest-runner/build/testWorker.js:343:7)
    at Object.worker (/Users/cmuir/P1Import-apps/P1-import-Subsystem/node_modules/jest-runner/build/testWorker.js:497:12)</failure>
    </testcase>
  </testsuite>
  <testsuite name="test/uiLogger.test.js" errors="0" failures="2" skipped="0" timestamp="2025-08-20T11:47:25" time="0.082" tests="2">
    <testcase classname="UI Logger" name="should log info messages correctly" time="0.001">
      <failure>TypeError: Cannot read properties of undefined (reading &apos;level&apos;)
    at Object.&lt;anonymous&gt; (/Users/cmuir/P1Import-apps/P1-import-Subsystem/test/uiLogger.test.js:13:16)
    at Promise.finally.completed (/Users/cmuir/P1Import-apps/P1-import-Subsystem/node_modules/jest-circus/build/jestAdapterInit.js:1559:28)
    at new Promise (&lt;anonymous&gt;)
    at callAsyncCircusFn (/Users/cmuir/P1Import-apps/P1-import-Subsystem/node_modules/jest-circus/build/jestAdapterInit.js:1499:10)
    at _callCircusTest (/Users/cmuir/P1Import-apps/P1-import-Subsystem/node_modules/jest-circus/build/jestAdapterInit.js:1009:40)
    at processTicksAndRejections (node:internal/process/task_queues:105:5)
    at _runTest (/Users/cmuir/P1Import-apps/P1-import-Subsystem/node_modules/jest-circus/build/jestAdapterInit.js:949:3)
    at _runTestsForDescribeBlock (/Users/cmuir/P1Import-apps/P1-import-Subsystem/node_modules/jest-circus/build/jestAdapterInit.js:839:13)
    at _runTestsForDescribeBlock (/Users/cmuir/P1Import-apps/P1-import-Subsystem/node_modules/jest-circus/build/jestAdapterInit.js:829:11)
    at run (/Users/cmuir/P1Import-apps/P1-import-Subsystem/node_modules/jest-circus/build/jestAdapterInit.js:757:3)
    at runAndTransformResultsToJestFormat (/Users/cmuir/P1Import-apps/P1-import-Subsystem/node_modules/jest-circus/build/jestAdapterInit.js:1920:21)
    at jestAdapter (/Users/cmuir/P1Import-apps/P1-import-Subsystem/node_modules/jest-circus/build/runner.js:101:19)
    at runTestInternal (/Users/cmuir/P1Import-apps/P1-import-Subsystem/node_modules/jest-runner/build/testWorker.js:275:16)
    at runTest (/Users/cmuir/P1Import-apps/P1-import-Subsystem/node_modules/jest-runner/build/testWorker.js:343:7)
    at Object.worker (/Users/cmuir/P1Import-apps/P1-import-Subsystem/node_modules/jest-runner/build/testWorker.js:497:12)</failure>
    </testcase>
    <testcase classname="UI Logger" name="should log error messages correctly" time="0.001">
      <failure>TypeError: Cannot read properties of undefined (reading &apos;level&apos;)
    at Object.&lt;anonymous&gt; (/Users/cmuir/P1Import-apps/P1-import-Subsystem/test/uiLogger.test.js:20:16)
    at Promise.finally.completed (/Users/cmuir/P1Import-apps/P1-import-Subsystem/node_modules/jest-circus/build/jestAdapterInit.js:1559:28)
    at new Promise (&lt;anonymous&gt;)
    at callAsyncCircusFn (/Users/cmuir/P1Import-apps/P1-import-Subsystem/node_modules/jest-circus/build/jestAdapterInit.js:1499:10)
    at _callCircusTest (/Users/cmuir/P1Import-apps/P1-import-Subsystem/node_modules/jest-circus/build/jestAdapterInit.js:1009:40)
    at processTicksAndRejections (node:internal/process/task_queues:105:5)
    at _runTest (/Users/cmuir/P1Import-apps/P1-import-Subsystem/node_modules/jest-circus/build/jestAdapterInit.js:949:3)
    at _runTestsForDescribeBlock (/Users/cmuir/P1Import-apps/P1-import-Subsystem/node_modules/jest-circus/build/jestAdapterInit.js:839:13)
    at _runTestsForDescribeBlock (/Users/cmuir/P1Import-apps/P1-import-Subsystem/node_modules/jest-circus/build/jestAdapterInit.js:829:11)
    at run (/Users/cmuir/P1Import-apps/P1-import-Subsystem/node_modules/jest-circus/build/jestAdapterInit.js:757:3)
    at runAndTransformResultsToJestFormat (/Users/cmuir/P1Import-apps/P1-import-Subsystem/node_modules/jest-circus/build/jestAdapterInit.js:1920:21)
    at jestAdapter (/Users/cmuir/P1Import-apps/P1-import-Subsystem/node_modules/jest-circus/build/runner.js:101:19)
    at runTestInternal (/Users/cmuir/P1Import-apps/P1-import-Subsystem/node_modules/jest-runner/build/testWorker.js:275:16)
    at runTest (/Users/cmuir/P1Import-apps/P1-import-Subsystem/node_modules/jest-runner/build/testWorker.js:343:7)
    at Object.worker (/Users/cmuir/P1Import-apps/P1-import-Subsystem/node_modules/jest-runner/build/testWorker.js:497:12)</failure>
    </testcase>
  </testsuite>
  <testsuite name="test/api/swagger-token-management.test.js" errors="0" failures="11" skipped="0" timestamp="2025-08-20T11:47:25" time="0.093" tests="11">
    <testcase classname="Swagger API Tool - Enhanced Interface › Professional Branding" name="should display &quot;Swagger API Tool&quot; branding" time="0">
      <failure>ReferenceError: __dirname is not defined
    at Object.&lt;anonymous&gt; (/Users/cmuir/P1Import-apps/P1-import-Subsystem/test/api/swagger-token-management.test.js:15:43)
    at Promise.finally.completed (/Users/cmuir/P1Import-apps/P1-import-Subsystem/node_modules/jest-circus/build/jestAdapterInit.js:1559:28)
    at new Promise (&lt;anonymous&gt;)
    at callAsyncCircusFn (/Users/cmuir/P1Import-apps/P1-import-Subsystem/node_modules/jest-circus/build/jestAdapterInit.js:1499:10)
    at _callCircusHook (/Users/cmuir/P1Import-apps/P1-import-Subsystem/node_modules/jest-circus/build/jestAdapterInit.js:978:40)
    at processTicksAndRejections (node:internal/process/task_queues:105:5)
    at _runTestsForDescribeBlock (/Users/cmuir/P1Import-apps/P1-import-Subsystem/node_modules/jest-circus/build/jestAdapterInit.js:775:7)
    at _runTestsForDescribeBlock (/Users/cmuir/P1Import-apps/P1-import-Subsystem/node_modules/jest-circus/build/jestAdapterInit.js:829:11)
    at run (/Users/cmuir/P1Import-apps/P1-import-Subsystem/node_modules/jest-circus/build/jestAdapterInit.js:757:3)
    at runAndTransformResultsToJestFormat (/Users/cmuir/P1Import-apps/P1-import-Subsystem/node_modules/jest-circus/build/jestAdapterInit.js:1920:21)
    at jestAdapter (/Users/cmuir/P1Import-apps/P1-import-Subsystem/node_modules/jest-circus/build/runner.js:101:19)
    at runTestInternal (/Users/cmuir/P1Import-apps/P1-import-Subsystem/node_modules/jest-runner/build/testWorker.js:275:16)
    at runTest (/Users/cmuir/P1Import-apps/P1-import-Subsystem/node_modules/jest-runner/build/testWorker.js:343:7)
    at Object.worker (/Users/cmuir/P1Import-apps/P1-import-Subsystem/node_modules/jest-runner/build/testWorker.js:497:12)</failure>
    </testcase>
    <testcase classname="Swagger API Tool - Enhanced Interface › Professional Branding" name="should have updated page title" time="0">
      <failure>ReferenceError: __dirname is not defined
    at Object.&lt;anonymous&gt; (/Users/cmuir/P1Import-apps/P1-import-Subsystem/test/api/swagger-token-management.test.js:15:43)
    at Promise.finally.completed (/Users/cmuir/P1Import-apps/P1-import-Subsystem/node_modules/jest-circus/build/jestAdapterInit.js:1559:28)
    at new Promise (&lt;anonymous&gt;)
    at callAsyncCircusFn (/Users/cmuir/P1Import-apps/P1-import-Subsystem/node_modules/jest-circus/build/jestAdapterInit.js:1499:10)
    at _callCircusHook (/Users/cmuir/P1Import-apps/P1-import-Subsystem/node_modules/jest-circus/build/jestAdapterInit.js:978:40)
    at processTicksAndRejections (node:internal/process/task_queues:105:5)
    at _runTestsForDescribeBlock (/Users/cmuir/P1Import-apps/P1-import-Subsystem/node_modules/jest-circus/build/jestAdapterInit.js:775:7)
    at _runTestsForDescribeBlock (/Users/cmuir/P1Import-apps/P1-import-Subsystem/node_modules/jest-circus/build/jestAdapterInit.js:829:11)
    at run (/Users/cmuir/P1Import-apps/P1-import-Subsystem/node_modules/jest-circus/build/jestAdapterInit.js:757:3)
    at runAndTransformResultsToJestFormat (/Users/cmuir/P1Import-apps/P1-import-Subsystem/node_modules/jest-circus/build/jestAdapterInit.js:1920:21)
    at jestAdapter (/Users/cmuir/P1Import-apps/P1-import-Subsystem/node_modules/jest-circus/build/runner.js:101:19)
    at runTestInternal (/Users/cmuir/P1Import-apps/P1-import-Subsystem/node_modules/jest-runner/build/testWorker.js:275:16)
    at runTest (/Users/cmuir/P1Import-apps/P1-import-Subsystem/node_modules/jest-runner/build/testWorker.js:343:7)
    at Object.worker (/Users/cmuir/P1Import-apps/P1-import-Subsystem/node_modules/jest-runner/build/testWorker.js:497:12)</failure>
    </testcase>
    <testcase classname="Swagger API Tool - Enhanced Interface › Token Management UI" name="should have token management panel" time="0">
      <failure>ReferenceError: __dirname is not defined
    at Object.&lt;anonymous&gt; (/Users/cmuir/P1Import-apps/P1-import-Subsystem/test/api/swagger-token-management.test.js:15:43)
    at Promise.finally.completed (/Users/cmuir/P1Import-apps/P1-import-Subsystem/node_modules/jest-circus/build/jestAdapterInit.js:1559:28)
    at new Promise (&lt;anonymous&gt;)
    at callAsyncCircusFn (/Users/cmuir/P1Import-apps/P1-import-Subsystem/node_modules/jest-circus/build/jestAdapterInit.js:1499:10)
    at _callCircusHook (/Users/cmuir/P1Import-apps/P1-import-Subsystem/node_modules/jest-circus/build/jestAdapterInit.js:978:40)
    at processTicksAndRejections (node:internal/process/task_queues:105:5)
    at _runTestsForDescribeBlock (/Users/cmuir/P1Import-apps/P1-import-Subsystem/node_modules/jest-circus/build/jestAdapterInit.js:775:7)
    at _runTestsForDescribeBlock (/Users/cmuir/P1Import-apps/P1-import-Subsystem/node_modules/jest-circus/build/jestAdapterInit.js:829:11)
    at run (/Users/cmuir/P1Import-apps/P1-import-Subsystem/node_modules/jest-circus/build/jestAdapterInit.js:757:3)
    at runAndTransformResultsToJestFormat (/Users/cmuir/P1Import-apps/P1-import-Subsystem/node_modules/jest-circus/build/jestAdapterInit.js:1920:21)
    at jestAdapter (/Users/cmuir/P1Import-apps/P1-import-Subsystem/node_modules/jest-circus/build/runner.js:101:19)
    at runTestInternal (/Users/cmuir/P1Import-apps/P1-import-Subsystem/node_modules/jest-runner/build/testWorker.js:275:16)
    at runTest (/Users/cmuir/P1Import-apps/P1-import-Subsystem/node_modules/jest-runner/build/testWorker.js:343:7)
    at Object.worker (/Users/cmuir/P1Import-apps/P1-import-Subsystem/node_modules/jest-runner/build/testWorker.js:497:12)</failure>
    </testcase>
    <testcase classname="Swagger API Tool - Enhanced Interface › Token Management UI" name="should have required token management buttons" time="0">
      <failure>ReferenceError: __dirname is not defined
    at Object.&lt;anonymous&gt; (/Users/cmuir/P1Import-apps/P1-import-Subsystem/test/api/swagger-token-management.test.js:15:43)
    at Promise.finally.completed (/Users/cmuir/P1Import-apps/P1-import-Subsystem/node_modules/jest-circus/build/jestAdapterInit.js:1559:28)
    at new Promise (&lt;anonymous&gt;)
    at callAsyncCircusFn (/Users/cmuir/P1Import-apps/P1-import-Subsystem/node_modules/jest-circus/build/jestAdapterInit.js:1499:10)
    at _callCircusHook (/Users/cmuir/P1Import-apps/P1-import-Subsystem/node_modules/jest-circus/build/jestAdapterInit.js:978:40)
    at processTicksAndRejections (node:internal/process/task_queues:105:5)
    at _runTestsForDescribeBlock (/Users/cmuir/P1Import-apps/P1-import-Subsystem/node_modules/jest-circus/build/jestAdapterInit.js:775:7)
    at _runTestsForDescribeBlock (/Users/cmuir/P1Import-apps/P1-import-Subsystem/node_modules/jest-circus/build/jestAdapterInit.js:829:11)
    at run (/Users/cmuir/P1Import-apps/P1-import-Subsystem/node_modules/jest-circus/build/jestAdapterInit.js:757:3)
    at runAndTransformResultsToJestFormat (/Users/cmuir/P1Import-apps/P1-import-Subsystem/node_modules/jest-circus/build/jestAdapterInit.js:1920:21)
    at jestAdapter (/Users/cmuir/P1Import-apps/P1-import-Subsystem/node_modules/jest-circus/build/runner.js:101:19)
    at runTestInternal (/Users/cmuir/P1Import-apps/P1-import-Subsystem/node_modules/jest-runner/build/testWorker.js:275:16)
    at runTest (/Users/cmuir/P1Import-apps/P1-import-Subsystem/node_modules/jest-runner/build/testWorker.js:343:7)
    at Object.worker (/Users/cmuir/P1Import-apps/P1-import-Subsystem/node_modules/jest-runner/build/testWorker.js:497:12)</failure>
    </testcase>
    <testcase classname="Swagger API Tool - Enhanced Interface › Token Management UI" name="should have token status display elements" time="0">
      <failure>ReferenceError: __dirname is not defined
    at Object.&lt;anonymous&gt; (/Users/cmuir/P1Import-apps/P1-import-Subsystem/test/api/swagger-token-management.test.js:15:43)
    at Promise.finally.completed (/Users/cmuir/P1Import-apps/P1-import-Subsystem/node_modules/jest-circus/build/jestAdapterInit.js:1559:28)
    at new Promise (&lt;anonymous&gt;)
    at callAsyncCircusFn (/Users/cmuir/P1Import-apps/P1-import-Subsystem/node_modules/jest-circus/build/jestAdapterInit.js:1499:10)
    at _callCircusHook (/Users/cmuir/P1Import-apps/P1-import-Subsystem/node_modules/jest-circus/build/jestAdapterInit.js:978:40)
    at processTicksAndRejections (node:internal/process/task_queues:105:5)
    at _runTestsForDescribeBlock (/Users/cmuir/P1Import-apps/P1-import-Subsystem/node_modules/jest-circus/build/jestAdapterInit.js:775:7)
    at _runTestsForDescribeBlock (/Users/cmuir/P1Import-apps/P1-import-Subsystem/node_modules/jest-circus/build/jestAdapterInit.js:829:11)
    at run (/Users/cmuir/P1Import-apps/P1-import-Subsystem/node_modules/jest-circus/build/jestAdapterInit.js:757:3)
    at runAndTransformResultsToJestFormat (/Users/cmuir/P1Import-apps/P1-import-Subsystem/node_modules/jest-circus/build/jestAdapterInit.js:1920:21)
    at jestAdapter (/Users/cmuir/P1Import-apps/P1-import-Subsystem/node_modules/jest-circus/build/runner.js:101:19)
    at runTestInternal (/Users/cmuir/P1Import-apps/P1-import-Subsystem/node_modules/jest-runner/build/testWorker.js:275:16)
    at runTest (/Users/cmuir/P1Import-apps/P1-import-Subsystem/node_modules/jest-runner/build/testWorker.js:343:7)
    at Object.worker (/Users/cmuir/P1Import-apps/P1-import-Subsystem/node_modules/jest-runner/build/testWorker.js:497:12)</failure>
    </testcase>
    <testcase classname="Swagger API Tool - Enhanced Interface › High-Contrast Styling" name="should include high-contrast CSS styles" time="0">
      <failure>ReferenceError: __dirname is not defined
    at Object.&lt;anonymous&gt; (/Users/cmuir/P1Import-apps/P1-import-Subsystem/test/api/swagger-token-management.test.js:15:43)
    at Promise.finally.completed (/Users/cmuir/P1Import-apps/P1-import-Subsystem/node_modules/jest-circus/build/jestAdapterInit.js:1559:28)
    at new Promise (&lt;anonymous&gt;)
    at callAsyncCircusFn (/Users/cmuir/P1Import-apps/P1-import-Subsystem/node_modules/jest-circus/build/jestAdapterInit.js:1499:10)
    at _callCircusHook (/Users/cmuir/P1Import-apps/P1-import-Subsystem/node_modules/jest-circus/build/jestAdapterInit.js:978:40)
    at processTicksAndRejections (node:internal/process/task_queues:105:5)
    at _runTestsForDescribeBlock (/Users/cmuir/P1Import-apps/P1-import-Subsystem/node_modules/jest-circus/build/jestAdapterInit.js:775:7)
    at _runTestsForDescribeBlock (/Users/cmuir/P1Import-apps/P1-import-Subsystem/node_modules/jest-circus/build/jestAdapterInit.js:829:11)
    at run (/Users/cmuir/P1Import-apps/P1-import-Subsystem/node_modules/jest-circus/build/jestAdapterInit.js:757:3)
    at runAndTransformResultsToJestFormat (/Users/cmuir/P1Import-apps/P1-import-Subsystem/node_modules/jest-circus/build/jestAdapterInit.js:1920:21)
    at jestAdapter (/Users/cmuir/P1Import-apps/P1-import-Subsystem/node_modules/jest-circus/build/runner.js:101:19)
    at runTestInternal (/Users/cmuir/P1Import-apps/P1-import-Subsystem/node_modules/jest-runner/build/testWorker.js:275:16)
    at runTest (/Users/cmuir/P1Import-apps/P1-import-Subsystem/node_modules/jest-runner/build/testWorker.js:343:7)
    at Object.worker (/Users/cmuir/P1Import-apps/P1-import-Subsystem/node_modules/jest-runner/build/testWorker.js:497:12)</failure>
    </testcase>
    <testcase classname="Swagger API Tool - Enhanced Interface › High-Contrast Styling" name="should have professional button styling" time="0">
      <failure>ReferenceError: __dirname is not defined
    at Object.&lt;anonymous&gt; (/Users/cmuir/P1Import-apps/P1-import-Subsystem/test/api/swagger-token-management.test.js:15:43)
    at Promise.finally.completed (/Users/cmuir/P1Import-apps/P1-import-Subsystem/node_modules/jest-circus/build/jestAdapterInit.js:1559:28)
    at new Promise (&lt;anonymous&gt;)
    at callAsyncCircusFn (/Users/cmuir/P1Import-apps/P1-import-Subsystem/node_modules/jest-circus/build/jestAdapterInit.js:1499:10)
    at _callCircusHook (/Users/cmuir/P1Import-apps/P1-import-Subsystem/node_modules/jest-circus/build/jestAdapterInit.js:978:40)
    at processTicksAndRejections (node:internal/process/task_queues:105:5)
    at _runTestsForDescribeBlock (/Users/cmuir/P1Import-apps/P1-import-Subsystem/node_modules/jest-circus/build/jestAdapterInit.js:775:7)
    at _runTestsForDescribeBlock (/Users/cmuir/P1Import-apps/P1-import-Subsystem/node_modules/jest-circus/build/jestAdapterInit.js:829:11)
    at run (/Users/cmuir/P1Import-apps/P1-import-Subsystem/node_modules/jest-circus/build/jestAdapterInit.js:757:3)
    at runAndTransformResultsToJestFormat (/Users/cmuir/P1Import-apps/P1-import-Subsystem/node_modules/jest-circus/build/jestAdapterInit.js:1920:21)
    at jestAdapter (/Users/cmuir/P1Import-apps/P1-import-Subsystem/node_modules/jest-circus/build/runner.js:101:19)
    at runTestInternal (/Users/cmuir/P1Import-apps/P1-import-Subsystem/node_modules/jest-runner/build/testWorker.js:275:16)
    at runTest (/Users/cmuir/P1Import-apps/P1-import-Subsystem/node_modules/jest-runner/build/testWorker.js:343:7)
    at Object.worker (/Users/cmuir/P1Import-apps/P1-import-Subsystem/node_modules/jest-runner/build/testWorker.js:497:12)</failure>
    </testcase>
    <testcase classname="Swagger API Tool - Enhanced Interface › JavaScript Functionality" name="should include token management JavaScript functions" time="0">
      <failure>ReferenceError: __dirname is not defined
    at Object.&lt;anonymous&gt; (/Users/cmuir/P1Import-apps/P1-import-Subsystem/test/api/swagger-token-management.test.js:15:43)
    at Promise.finally.completed (/Users/cmuir/P1Import-apps/P1-import-Subsystem/node_modules/jest-circus/build/jestAdapterInit.js:1559:28)
    at new Promise (&lt;anonymous&gt;)
    at callAsyncCircusFn (/Users/cmuir/P1Import-apps/P1-import-Subsystem/node_modules/jest-circus/build/jestAdapterInit.js:1499:10)
    at _callCircusHook (/Users/cmuir/P1Import-apps/P1-import-Subsystem/node_modules/jest-circus/build/jestAdapterInit.js:978:40)
    at processTicksAndRejections (node:internal/process/task_queues:105:5)
    at _runTestsForDescribeBlock (/Users/cmuir/P1Import-apps/P1-import-Subsystem/node_modules/jest-circus/build/jestAdapterInit.js:775:7)
    at _runTestsForDescribeBlock (/Users/cmuir/P1Import-apps/P1-import-Subsystem/node_modules/jest-circus/build/jestAdapterInit.js:829:11)
    at run (/Users/cmuir/P1Import-apps/P1-import-Subsystem/node_modules/jest-circus/build/jestAdapterInit.js:757:3)
    at runAndTransformResultsToJestFormat (/Users/cmuir/P1Import-apps/P1-import-Subsystem/node_modules/jest-circus/build/jestAdapterInit.js:1920:21)
    at jestAdapter (/Users/cmuir/P1Import-apps/P1-import-Subsystem/node_modules/jest-circus/build/runner.js:101:19)
    at runTestInternal (/Users/cmuir/P1Import-apps/P1-import-Subsystem/node_modules/jest-runner/build/testWorker.js:275:16)
    at runTest (/Users/cmuir/P1Import-apps/P1-import-Subsystem/node_modules/jest-runner/build/testWorker.js:343:7)
    at Object.worker (/Users/cmuir/P1Import-apps/P1-import-Subsystem/node_modules/jest-runner/build/testWorker.js:497:12)</failure>
    </testcase>
    <testcase classname="Swagger API Tool - Enhanced Interface › JavaScript Functionality" name="should include initialization functions" time="0">
      <failure>ReferenceError: __dirname is not defined
    at Object.&lt;anonymous&gt; (/Users/cmuir/P1Import-apps/P1-import-Subsystem/test/api/swagger-token-management.test.js:15:43)
    at Promise.finally.completed (/Users/cmuir/P1Import-apps/P1-import-Subsystem/node_modules/jest-circus/build/jestAdapterInit.js:1559:28)
    at new Promise (&lt;anonymous&gt;)
    at callAsyncCircusFn (/Users/cmuir/P1Import-apps/P1-import-Subsystem/node_modules/jest-circus/build/jestAdapterInit.js:1499:10)
    at _callCircusHook (/Users/cmuir/P1Import-apps/P1-import-Subsystem/node_modules/jest-circus/build/jestAdapterInit.js:978:40)
    at processTicksAndRejections (node:internal/process/task_queues:105:5)
    at _runTestsForDescribeBlock (/Users/cmuir/P1Import-apps/P1-import-Subsystem/node_modules/jest-circus/build/jestAdapterInit.js:775:7)
    at _runTestsForDescribeBlock (/Users/cmuir/P1Import-apps/P1-import-Subsystem/node_modules/jest-circus/build/jestAdapterInit.js:829:11)
    at run (/Users/cmuir/P1Import-apps/P1-import-Subsystem/node_modules/jest-circus/build/jestAdapterInit.js:757:3)
    at runAndTransformResultsToJestFormat (/Users/cmuir/P1Import-apps/P1-import-Subsystem/node_modules/jest-circus/build/jestAdapterInit.js:1920:21)
    at jestAdapter (/Users/cmuir/P1Import-apps/P1-import-Subsystem/node_modules/jest-circus/build/runner.js:101:19)
    at runTestInternal (/Users/cmuir/P1Import-apps/P1-import-Subsystem/node_modules/jest-runner/build/testWorker.js:275:16)
    at runTest (/Users/cmuir/P1Import-apps/P1-import-Subsystem/node_modules/jest-runner/build/testWorker.js:343:7)
    at Object.worker (/Users/cmuir/P1Import-apps/P1-import-Subsystem/node_modules/jest-runner/build/testWorker.js:497:12)</failure>
    </testcase>
    <testcase classname="Swagger API Tool - Enhanced Interface › Integration Features" name="should include population management integration" time="0">
      <failure>ReferenceError: __dirname is not defined
    at Object.&lt;anonymous&gt; (/Users/cmuir/P1Import-apps/P1-import-Subsystem/test/api/swagger-token-management.test.js:15:43)
    at Promise.finally.completed (/Users/cmuir/P1Import-apps/P1-import-Subsystem/node_modules/jest-circus/build/jestAdapterInit.js:1559:28)
    at new Promise (&lt;anonymous&gt;)
    at callAsyncCircusFn (/Users/cmuir/P1Import-apps/P1-import-Subsystem/node_modules/jest-circus/build/jestAdapterInit.js:1499:10)
    at _callCircusHook (/Users/cmuir/P1Import-apps/P1-import-Subsystem/node_modules/jest-circus/build/jestAdapterInit.js:978:40)
    at processTicksAndRejections (node:internal/process/task_queues:105:5)
    at _runTestsForDescribeBlock (/Users/cmuir/P1Import-apps/P1-import-Subsystem/node_modules/jest-circus/build/jestAdapterInit.js:775:7)
    at _runTestsForDescribeBlock (/Users/cmuir/P1Import-apps/P1-import-Subsystem/node_modules/jest-circus/build/jestAdapterInit.js:829:11)
    at run (/Users/cmuir/P1Import-apps/P1-import-Subsystem/node_modules/jest-circus/build/jestAdapterInit.js:757:3)
    at runAndTransformResultsToJestFormat (/Users/cmuir/P1Import-apps/P1-import-Subsystem/node_modules/jest-circus/build/jestAdapterInit.js:1920:21)
    at jestAdapter (/Users/cmuir/P1Import-apps/P1-import-Subsystem/node_modules/jest-circus/build/runner.js:101:19)
    at runTestInternal (/Users/cmuir/P1Import-apps/P1-import-Subsystem/node_modules/jest-runner/build/testWorker.js:275:16)
    at runTest (/Users/cmuir/P1Import-apps/P1-import-Subsystem/node_modules/jest-runner/build/testWorker.js:343:7)
    at Object.worker (/Users/cmuir/P1Import-apps/P1-import-Subsystem/node_modules/jest-runner/build/testWorker.js:497:12)</failure>
    </testcase>
    <testcase classname="Swagger API Tool - Enhanced Interface › Integration Features" name="should include event-driven architecture integration" time="0">
      <failure>ReferenceError: __dirname is not defined
    at Object.&lt;anonymous&gt; (/Users/cmuir/P1Import-apps/P1-import-Subsystem/test/api/swagger-token-management.test.js:15:43)
    at Promise.finally.completed (/Users/cmuir/P1Import-apps/P1-import-Subsystem/node_modules/jest-circus/build/jestAdapterInit.js:1559:28)
    at new Promise (&lt;anonymous&gt;)
    at callAsyncCircusFn (/Users/cmuir/P1Import-apps/P1-import-Subsystem/node_modules/jest-circus/build/jestAdapterInit.js:1499:10)
    at _callCircusHook (/Users/cmuir/P1Import-apps/P1-import-Subsystem/node_modules/jest-circus/build/jestAdapterInit.js:978:40)
    at processTicksAndRejections (node:internal/process/task_queues:105:5)
    at _runTestsForDescribeBlock (/Users/cmuir/P1Import-apps/P1-import-Subsystem/node_modules/jest-circus/build/jestAdapterInit.js:775:7)
    at _runTestsForDescribeBlock (/Users/cmuir/P1Import-apps/P1-import-Subsystem/node_modules/jest-circus/build/jestAdapterInit.js:829:11)
    at run (/Users/cmuir/P1Import-apps/P1-import-Subsystem/node_modules/jest-circus/build/jestAdapterInit.js:757:3)
    at runAndTransformResultsToJestFormat (/Users/cmuir/P1Import-apps/P1-import-Subsystem/node_modules/jest-circus/build/jestAdapterInit.js:1920:21)
    at jestAdapter (/Users/cmuir/P1Import-apps/P1-import-Subsystem/node_modules/jest-circus/build/runner.js:101:19)
    at runTestInternal (/Users/cmuir/P1Import-apps/P1-import-Subsystem/node_modules/jest-runner/build/testWorker.js:275:16)
    at runTest (/Users/cmuir/P1Import-apps/P1-import-Subsystem/node_modules/jest-runner/build/testWorker.js:343:7)
    at Object.worker (/Users/cmuir/P1Import-apps/P1-import-Subsystem/node_modules/jest-runner/build/testWorker.js:497:12)</failure>
    </testcase>
  </testsuite>
  <testsuite name="test/integration/swagger-ui-debug.test.mjs" errors="0" failures="0" skipped="0" timestamp="2025-08-20T11:47:25" time="0.632" tests="5">
    <testcase classname="🐛 Swagger UI Debug Tests" name="should check Swagger UI JavaScript dependencies" time="0.157">
    </testcase>
    <testcase classname="🐛 Swagger UI Debug Tests" name="should check for JavaScript errors in Swagger HTML" time="0.007">
    </testcase>
    <testcase classname="🐛 Swagger UI Debug Tests" name="should test API endpoints that Swagger initializer depends on" time="0.02">
    </testcase>
    <testcase classname="🐛 Swagger UI Debug Tests" name="should simulate Swagger UI initialization in JSDOM" time="0.101">
    </testcase>
    <testcase classname="🐛 Swagger UI Debug Tests" name="should check for console errors in browser context" time="0.083">
    </testcase>
  </testsuite>
  <testsuite name="test/integration/api-proxy.test.mjs" errors="0" failures="0" skipped="0" timestamp="2025-08-20T11:47:25" time="0.953" tests="8">
    <testcase classname="🔗 API Proxy Integration Tests › 🔐 Authentication Proxy" name="should proxy PingOne token requests" time="0.007">
    </testcase>
    <testcase classname="🔗 API Proxy Integration Tests › 🔐 Authentication Proxy" name="should handle authentication failures gracefully" time="0.002">
    </testcase>
    <testcase classname="🔗 API Proxy Integration Tests › 👥 User Management Proxy" name="should proxy user list requests to PingOne" time="0.356">
    </testcase>
    <testcase classname="🔗 API Proxy Integration Tests › 👥 User Management Proxy" name="should proxy user creation requests" time="0.008">
    </testcase>
    <testcase classname="🔗 API Proxy Integration Tests › 🏢 Population Management Proxy" name="should proxy population list requests" time="0.009">
    </testcase>
    <testcase classname="🔗 API Proxy Integration Tests › 🔄 Rate Limiting and Throttling" name="should handle rate limiting correctly" time="0.319">
    </testcase>
    <testcase classname="🔗 API Proxy Integration Tests › 🚨 Error Handling and Resilience" name="should handle upstream API errors gracefully" time="0.004">
    </testcase>
    <testcase classname="🔗 API Proxy Integration Tests › 🔒 Security and Headers" name="should include proper security headers in proxy responses" time="0.163">
    </testcase>
  </testsuite>
  <testsuite name="test/ui/error-logging-subsystem.test.js" errors="0" failures="0" skipped="0" timestamp="2025-08-20T11:47:25" time="0.67" tests="23">
    <testcase classname="Error Logging Subsystem UI Tests › Log Level Controls" name="should set log level" time="0.016">
    </testcase>
    <testcase classname="Error Logging Subsystem UI Tests › Log Level Controls" name="should update UI based on log level" time="0.017">
    </testcase>
    <testcase classname="Error Logging Subsystem UI Tests › Manual Log Triggers" name="should trigger debug log" time="0.008">
    </testcase>
    <testcase classname="Error Logging Subsystem UI Tests › Manual Log Triggers" name="should trigger info log" time="0.014">
    </testcase>
    <testcase classname="Error Logging Subsystem UI Tests › Manual Log Triggers" name="should trigger warning log" time="0.01">
    </testcase>
    <testcase classname="Error Logging Subsystem UI Tests › Manual Log Triggers" name="should trigger error log" time="0.012">
    </testcase>
    <testcase classname="Error Logging Subsystem UI Tests › Manual Log Triggers" name="should trigger fatal log" time="0.005">
    </testcase>
    <testcase classname="Error Logging Subsystem UI Tests › Manual Log Triggers" name="should handle custom log messages" time="0.012">
    </testcase>
    <testcase classname="Error Logging Subsystem UI Tests › Error Creation" name="should create validation error" time="0.008">
    </testcase>
    <testcase classname="Error Logging Subsystem UI Tests › Error Creation" name="should create authentication error" time="0.01">
    </testcase>
    <testcase classname="Error Logging Subsystem UI Tests › Error Creation" name="should create network error" time="0.003">
    </testcase>
    <testcase classname="Error Logging Subsystem UI Tests › Error Creation" name="should create API error" time="0.004">
    </testcase>
    <testcase classname="Error Logging Subsystem UI Tests › Error Creation" name="should create file processing error" time="0.003">
    </testcase>
    <testcase classname="Error Logging Subsystem UI Tests › Error Creation" name="should create system error" time="0.008">
    </testcase>
    <testcase classname="Error Logging Subsystem UI Tests › Error Creation" name="should create custom error" time="0.004">
    </testcase>
    <testcase classname="Error Logging Subsystem UI Tests › Log Display and Management" name="should clear logs" time="0.006">
    </testcase>
    <testcase classname="Error Logging Subsystem UI Tests › Log Display and Management" name="should search logs" time="0.004">
    </testcase>
    <testcase classname="Error Logging Subsystem UI Tests › Log Display and Management" name="should export logs" time="0.055">
    </testcase>
    <testcase classname="Error Logging Subsystem UI Tests › Log Display and Management" name="should filter logs by level" time="0.003">
    </testcase>
    <testcase classname="Error Logging Subsystem UI Tests › Error History" name="should show error history" time="0.004">
    </testcase>
    <testcase classname="Error Logging Subsystem UI Tests › Error History" name="should clear error history" time="0.004">
    </testcase>
    <testcase classname="Error Logging Subsystem UI Tests › Error History" name="should show error details modal" time="0.003">
    </testcase>
    <testcase classname="Error Logging Subsystem UI Tests › Error Reporting Configuration" name="should apply configuration changes" time="0.004">
    </testcase>
  </testsuite>
  <testsuite name="tests/e2e/error-logging-subsystem.test.js" errors="0" failures="0" skipped="0" timestamp="2025-08-20T11:47:25" time="0.753" tests="23">
    <testcase classname="Error Logging Subsystem UI Tests › Log Level Controls" name="should set log level" time="0.023">
    </testcase>
    <testcase classname="Error Logging Subsystem UI Tests › Log Level Controls" name="should update UI based on log level" time="0.01">
    </testcase>
    <testcase classname="Error Logging Subsystem UI Tests › Manual Log Triggers" name="should trigger debug log" time="0.007">
    </testcase>
    <testcase classname="Error Logging Subsystem UI Tests › Manual Log Triggers" name="should trigger info log" time="0.023">
    </testcase>
    <testcase classname="Error Logging Subsystem UI Tests › Manual Log Triggers" name="should trigger warning log" time="0.009">
    </testcase>
    <testcase classname="Error Logging Subsystem UI Tests › Manual Log Triggers" name="should trigger error log" time="0.004">
    </testcase>
    <testcase classname="Error Logging Subsystem UI Tests › Manual Log Triggers" name="should trigger fatal log" time="0.006">
    </testcase>
    <testcase classname="Error Logging Subsystem UI Tests › Manual Log Triggers" name="should handle custom log messages" time="0.009">
    </testcase>
    <testcase classname="Error Logging Subsystem UI Tests › Error Creation" name="should create validation error" time="0.009">
    </testcase>
    <testcase classname="Error Logging Subsystem UI Tests › Error Creation" name="should create authentication error" time="0.006">
    </testcase>
    <testcase classname="Error Logging Subsystem UI Tests › Error Creation" name="should create network error" time="0.004">
    </testcase>
    <testcase classname="Error Logging Subsystem UI Tests › Error Creation" name="should create API error" time="0.003">
    </testcase>
    <testcase classname="Error Logging Subsystem UI Tests › Error Creation" name="should create file processing error" time="0.007">
    </testcase>
    <testcase classname="Error Logging Subsystem UI Tests › Error Creation" name="should create system error" time="0.004">
    </testcase>
    <testcase classname="Error Logging Subsystem UI Tests › Error Creation" name="should create custom error" time="0.003">
    </testcase>
    <testcase classname="Error Logging Subsystem UI Tests › Log Display and Management" name="should clear logs" time="0.004">
    </testcase>
    <testcase classname="Error Logging Subsystem UI Tests › Log Display and Management" name="should search logs" time="0.004">
    </testcase>
    <testcase classname="Error Logging Subsystem UI Tests › Log Display and Management" name="should export logs" time="0.055">
    </testcase>
    <testcase classname="Error Logging Subsystem UI Tests › Log Display and Management" name="should filter logs by level" time="0.003">
    </testcase>
    <testcase classname="Error Logging Subsystem UI Tests › Error History" name="should show error history" time="0.015">
    </testcase>
    <testcase classname="Error Logging Subsystem UI Tests › Error History" name="should clear error history" time="0.003">
    </testcase>
    <testcase classname="Error Logging Subsystem UI Tests › Error History" name="should show error details modal" time="0.002">
    </testcase>
    <testcase classname="Error Logging Subsystem UI Tests › Error Reporting Configuration" name="should apply configuration changes" time="0.004">
    </testcase>
  </testsuite>
  <testsuite name="test/simple.test.js" errors="0" failures="0" skipped="0" timestamp="2025-08-20T11:47:26" time="0.265" tests="4">
    <testcase classname="Basic Tests" name="1 + 1 equals 2" time="0.001">
    </testcase>
    <testcase classname="Basic Tests" name="object assignment" time="0.002">
    </testcase>
    <testcase classname="Basic Tests › array tests" name="adding to array" time="0.001">
    </testcase>
    <testcase classname="DOM Tests" name="can manipulate DOM" time="0.001">
    </testcase>
  </testsuite>
  <testsuite name="test/bulletproof-simple.test.mjs" errors="0" failures="0" skipped="0" timestamp="2025-08-20T11:47:26" time="0.273" tests="10">
    <testcase classname="🛡️ Bulletproof System - Basic Tests" name="should have DOM environment setup" time="0.002">
    </testcase>
    <testcase classname="🛡️ Bulletproof System - Basic Tests" name="should find token status element" time="0">
    </testcase>
    <testcase classname="🛡️ Bulletproof System - Basic Tests" name="should handle DOM manipulation safely" time="0.001">
    </testcase>
    <testcase classname="🛡️ Bulletproof System - Basic Tests" name="should handle missing DOM elements gracefully" time="0">
    </testcase>
    <testcase classname="🛡️ Bulletproof System - Basic Tests" name="should format time correctly" time="0.001">
    </testcase>
    <testcase classname="🛡️ Bulletproof System - Basic Tests" name="should handle error scenarios gracefully" time="0">
    </testcase>
    <testcase classname="🛡️ Bulletproof System - Basic Tests" name="should create emergency display when needed" time="0">
    </testcase>
    <testcase classname="🛡️ Bulletproof System - Basic Tests" name="should handle multiple fallback layers" time="0">
    </testcase>
    <testcase classname="🛡️ Bulletproof System - Basic Tests" name="should validate bulletproof principles" time="0">
    </testcase>
    <testcase classname="🛡️ Bulletproof System - Integration Test" name="should work end-to-end with all components" time="0">
    </testcase>
  </testsuite>
  <testsuite name="test/integration/route-availability.test.mjs" errors="0" failures="0" skipped="0" timestamp="2025-08-20T11:47:25" time="1.738" tests="24">
    <testcase classname="Route Availability Integration Tests (ESM) › Critical API Routes" name="should respond to get /api/health" time="0.013">
    </testcase>
    <testcase classname="Route Availability Integration Tests (ESM) › Critical API Routes" name="should respond to get /api/version" time="0.003">
    </testcase>
    <testcase classname="Route Availability Integration Tests (ESM) › Critical API Routes" name="should respond to get /api/settings" time="0.004">
    </testcase>
    <testcase classname="Route Availability Integration Tests (ESM) › Critical API Routes" name="should respond to get /api/logs/ui" time="0.555">
    </testcase>
    <testcase classname="Route Availability Integration Tests (ESM) › Critical API Routes" name="should respond to get /api/auth/status" time="0.003">
    </testcase>
    <testcase classname="Route Availability Integration Tests (ESM) › Critical API Routes" name="should respond to get /api/auth/current-credentials" time="0.003">
    </testcase>
    <testcase classname="Route Availability Integration Tests (ESM) › Critical API Routes" name="should respond to get /api/import/status" time="0.002">
    </testcase>
    <testcase classname="Route Availability Integration Tests (ESM) › Critical API Routes" name="should respond to get /api/export/status" time="0.002">
    </testcase>
    <testcase classname="Route Availability Integration Tests (ESM) › Critical API Routes" name="should respond to get /api/history" time="0.003">
    </testcase>
    <testcase classname="Route Availability Integration Tests (ESM) › Critical API Routes" name="should respond to get /api/debug-log" time="0.036">
    </testcase>
    <testcase classname="Route Availability Integration Tests (ESM) › POST Route Availability" name="should respond to POST /api/logs" time="0.006">
    </testcase>
    <testcase classname="Route Availability Integration Tests (ESM) › POST Route Availability" name="should respond to POST /api/auth/refresh-token" time="0.003">
    </testcase>
    <testcase classname="Route Availability Integration Tests (ESM) › POST Route Availability" name="should respond to POST /api/import/start" time="0.002">
    </testcase>
    <testcase classname="Route Availability Integration Tests (ESM) › POST Route Availability" name="should respond to POST /api/export/start" time="0.002">
    </testcase>
    <testcase classname="Route Availability Integration Tests (ESM) › Route Response Format" name="health endpoint should return JSON with status" time="0.002">
    </testcase>
    <testcase classname="Route Availability Integration Tests (ESM) › Route Response Format" name="version endpoint should return JSON with version" time="0.003">
    </testcase>
    <testcase classname="Route Availability Integration Tests (ESM) › Route Response Format" name="settings endpoint should return JSON" time="0.003">
    </testcase>
    <testcase classname="Route Availability Integration Tests (ESM) › Route Response Format" name="logs UI endpoint should return JSON with logs array" time="0.421">
    </testcase>
    <testcase classname="Route Availability Integration Tests (ESM) › Route Consistency" name="all API routes should return JSON content-type" time="0.405">
    </testcase>
    <testcase classname="Route Availability Integration Tests (ESM) › Route Consistency" name="error responses should have consistent format" time="0.004">
    </testcase>
    <testcase classname="Route Health Check System (ESM)" name="should detect all critical routes" time="0.005">
    </testcase>
    <testcase classname="Route Health Check System (ESM)" name="should generate comprehensive route report" time="0.005">
    </testcase>
    <testcase classname="Memory Monitoring Integration (ESM)" name="should provide memory status" time="0.002">
    </testcase>
    <testcase classname="Memory Monitoring Integration (ESM)" name="should detect memory usage levels" time="0">
    </testcase>
  </testsuite>
  <testsuite name="test/esm-project-integration.test.mjs" errors="0" failures="0" skipped="0" timestamp="2025-08-20T11:47:26" time="0.445" tests="3">
    <testcase classname="ESM Project Integration" name="should be able to import package.json" time="0.003">
    </testcase>
    <testcase classname="ESM Project Integration" name="should support importing project modules" time="0.381">
    </testcase>
    <testcase classname="ESM Project Integration" name="should support modern JavaScript features in ESM context" time="0.001">
    </testcase>
  </testsuite>
  <testsuite name="test/unit/mongodb.test.js" errors="0" failures="0" skipped="0" timestamp="2025-08-20T11:47:26" time="0.204" tests="1">
    <testcase classname="" name="simple test" time="0.001">
    </testcase>
  </testsuite>
  <testsuite name="test/unit/ui-manager-basic.test.mjs" errors="0" failures="0" skipped="0" timestamp="2025-08-20T11:47:26" time="0.296" tests="8">
    <testcase classname="UIManager (Basic) › initialization" name="should initialize with provided dependencies" time="0.002">
    </testcase>
    <testcase classname="UIManager (Basic) › showStatus" name="should log status messages with info level by default" time="0">
    </testcase>
    <testcase classname="UIManager (Basic) › showStatus" name="should log error status messages with error level" time="0.001">
    </testcase>
    <testcase classname="UIManager (Basic) › updateProgress" name="should log progress updates" time="0">
    </testcase>
    <testcase classname="UIManager (Basic) › showError" name="should handle errors with error objects" time="0">
    </testcase>
    <testcase classname="UIManager (Basic) › showError" name="should create an error object from string messages" time="0.001">
    </testcase>
    <testcase classname="UIManager (Basic) › showNotification" name="should log info notifications by default" time="0">
    </testcase>
    <testcase classname="UIManager (Basic) › showNotification" name="should log error notifications with error level" time="0">
    </testcase>
  </testsuite>
  <testsuite name="test/integration/modify-functionality.test.mjs" errors="0" failures="0" skipped="0" timestamp="2025-08-20T11:47:26" time="0.218" tests="16">
    <testcase classname="✏️ Modify Functionality Integration Tests › 📁 File Upload and Validation for Modify" name="should accept valid CSV files with user IDs for modification" time="0.02">
    </testcase>
    <testcase classname="✏️ Modify Functionality Integration Tests › 📁 File Upload and Validation for Modify" name="should accept valid CSV files with usernames for modification" time="0.006">
    </testcase>
    <testcase classname="✏️ Modify Functionality Integration Tests › 📁 File Upload and Validation for Modify" name="should handle partial updates with only changed fields" time="0.003">
    </testcase>
    <testcase classname="✏️ Modify Functionality Integration Tests › 📁 File Upload and Validation for Modify" name="should reject CSV files without valid user identifiers" time="0.004">
    </testcase>
    <testcase classname="✏️ Modify Functionality Integration Tests › 🔍 User Identification and Validation for Modify" name="should handle mixed identifier types in CSV" time="0.007">
    </testcase>
    <testcase classname="✏️ Modify Functionality Integration Tests › 🔍 User Identification and Validation for Modify" name="should handle duplicate identifiers in CSV" time="0.003">
    </testcase>
    <testcase classname="✏️ Modify Functionality Integration Tests › 🔍 User Identification and Validation for Modify" name="should validate user existence before modification" time="0.004">
    </testcase>
    <testcase classname="✏️ Modify Functionality Integration Tests › 📊 Progress Tracking and Status for Modify" name="should provide modify progress status" time="0.005">
    </testcase>
    <testcase classname="✏️ Modify Functionality Integration Tests › 📊 Progress Tracking and Status for Modify" name="should handle large batch modify operations" time="0.009">
    </testcase>
    <testcase classname="✏️ Modify Functionality Integration Tests › 🚨 Error Handling and Edge Cases for Modify" name="should handle empty CSV files" time="0.009">
    </testcase>
    <testcase classname="✏️ Modify Functionality Integration Tests › 🚨 Error Handling and Edge Cases for Modify" name="should handle malformed CSV data" time="0.004">
    </testcase>
    <testcase classname="✏️ Modify Functionality Integration Tests › 🚨 Error Handling and Edge Cases for Modify" name="should handle modify operation cancellation" time="0.002">
    </testcase>
    <testcase classname="✏️ Modify Functionality Integration Tests › 🚨 Error Handling and Edge Cases for Modify" name="should handle rollback scenarios for modify operations" time="0.002">
    </testcase>
    <testcase classname="✏️ Modify Functionality Integration Tests › 🔧 Modify Management and Cleanup" name="should reset modify status" time="0.002">
    </testcase>
    <testcase classname="✏️ Modify Functionality Integration Tests › 🔧 Modify Management and Cleanup" name="should handle modify operation history" time="0.005">
    </testcase>
    <testcase classname="✏️ Modify Functionality Integration Tests › 🔧 Modify Management and Cleanup" name="should validate modify field mappings" time="0.003">
    </testcase>
  </testsuite>
  <testsuite name="test/esm-module-integration.test.mjs" errors="0" failures="0" skipped="0" timestamp="2025-08-20T11:47:27" time="0.085" tests="3">
    <testcase classname="ESM Module Integration" name="should support basic ESM functionality" time="0.001">
    </testcase>
    <testcase classname="ESM Module Integration" name="should support native ESM features" time="0">
    </testcase>
    <testcase classname="ESM Module Integration" name="should support async/await patterns" time="0.01">
    </testcase>
  </testsuite>
  <testsuite name="test/esm-comprehensive.test.mjs" errors="0" failures="0" skipped="0" timestamp="2025-08-20T11:47:27" time="0.088" tests="6">
    <testcase classname="Comprehensive ESM Testing" name="should be able to import package.json" time="0.003">
    </testcase>
    <testcase classname="Comprehensive ESM Testing" name="should support all modern JavaScript features" time="0.001">
    </testcase>
    <testcase classname="Comprehensive ESM Testing" name="should support async/await with promises" time="0.012">
    </testcase>
    <testcase classname="Comprehensive ESM Testing" name="should support modern class features" time="0.001">
    </testcase>
    <testcase classname="Comprehensive ESM Testing" name="should support dynamic imports" time="0">
    </testcase>
    <testcase classname="Comprehensive ESM Testing" name="should support top-level await simulation" time="0">
    </testcase>
  </testsuite>
  <testsuite name="test/basic.test.mjs" errors="0" failures="0" skipped="0" timestamp="2025-08-20T11:47:27" time="0.08" tests="3">
    <testcase classname="Basic Test Suite" name="should add two numbers correctly" time="0.002">
    </testcase>
    <testcase classname="Basic Test Suite" name="should handle async/await" time="0">
    </testcase>
    <testcase classname="Basic Test Suite" name="should work with ES modules" time="0">
    </testcase>
  </testsuite>
  <testsuite name="test/ui/drag-drop-pages-specific.test.mjs" errors="0" failures="0" skipped="0" timestamp="2025-08-20T11:47:27" time="0.152" tests="14">
    <testcase classname="📄 Page-Specific Drag and Drop Tests › 📥 Import Page Drag and Drop" name="should handle CSV file drag and drop on import page" time="0.007">
    </testcase>
    <testcase classname="📄 Page-Specific Drag and Drop Tests › 📥 Import Page Drag and Drop" name="should reject invalid files on import page" time="0.001">
    </testcase>
    <testcase classname="📄 Page-Specific Drag and Drop Tests › ✏️ Modify Page Drag and Drop" name="should handle CSV file drag and drop on modify page" time="0.002">
    </testcase>
    <testcase classname="📄 Page-Specific Drag and Drop Tests › ✏️ Modify Page Drag and Drop" name="should reject invalid files on modify page" time="0.001">
    </testcase>
    <testcase classname="📄 Page-Specific Drag and Drop Tests › ✏️ Modify Page Drag and Drop" name="should validate modify-specific file requirements" time="0.001">
    </testcase>
    <testcase classname="📄 Page-Specific Drag and Drop Tests › 🗑️ Delete Page Drag and Drop" name="should handle CSV file drag and drop on delete page" time="0.002">
    </testcase>
    <testcase classname="📄 Page-Specific Drag and Drop Tests › 🗑️ Delete Page Drag and Drop" name="should reject invalid files on delete page" time="0.002">
    </testcase>
    <testcase classname="📄 Page-Specific Drag and Drop Tests › 🗑️ Delete Page Drag and Drop" name="should validate delete-specific file requirements" time="0.001">
    </testcase>
    <testcase classname="📄 Page-Specific Drag and Drop Tests › 🗑️ Delete Page Drag and Drop" name="should show warning for delete operations" time="0.005">
    </testcase>
    <testcase classname="📄 Page-Specific Drag and Drop Tests › 🔄 Cross-Page Drag and Drop Behavior" name="should handle different file types across pages" time="0.002">
    </testcase>
    <testcase classname="📄 Page-Specific Drag and Drop Tests › 🔄 Cross-Page Drag and Drop Behavior" name="should maintain page-specific visual feedback" time="0.003">
    </testcase>
    <testcase classname="📄 Page-Specific Drag and Drop Tests › 🔄 Cross-Page Drag and Drop Behavior" name="should prevent cross-page file confusion" time="0.001">
    </testcase>
    <testcase classname="📄 Page-Specific Drag and Drop Tests › 🔧 Page-Specific Integration Tests" name="should integrate with appropriate APIs for each page" time="0.014">
    </testcase>
    <testcase classname="📄 Page-Specific Drag and Drop Tests › 🔧 Page-Specific Integration Tests" name="should handle page-specific file processing workflows" time="0.002">
    </testcase>
  </testsuite>
  <testsuite name="tests/unit/mongodb.test.js" errors="0" failures="0" skipped="0" timestamp="2025-08-20T11:47:27" time="0.188" tests="1">
    <testcase classname="" name="simple test" time="0.001">
    </testcase>
  </testsuite>
  <testsuite name="test/integration/delete-functionality.test.mjs" errors="0" failures="0" skipped="0" timestamp="2025-08-20T11:47:27" time="0.199" tests="18">
    <testcase classname="🗑️ Delete Functionality Integration Tests › 📁 File Upload and Validation for Delete" name="should accept valid CSV files with user IDs" time="0.013">
    </testcase>
    <testcase classname="🗑️ Delete Functionality Integration Tests › 📁 File Upload and Validation for Delete" name="should accept valid CSV files with usernames" time="0.009">
    </testcase>
    <testcase classname="🗑️ Delete Functionality Integration Tests › 📁 File Upload and Validation for Delete" name="should accept valid CSV files with email addresses" time="0.006">
    </testcase>
    <testcase classname="🗑️ Delete Functionality Integration Tests › 📁 File Upload and Validation for Delete" name="should reject CSV files without valid identifiers" time="0.004">
    </testcase>
    <testcase classname="🗑️ Delete Functionality Integration Tests › 🔍 User Identification and Validation" name="should handle mixed identifier types in CSV" time="0.004">
    </testcase>
    <testcase classname="🗑️ Delete Functionality Integration Tests › 🔍 User Identification and Validation" name="should handle duplicate identifiers in CSV" time="0.003">
    </testcase>
    <testcase classname="🗑️ Delete Functionality Integration Tests › 🔍 User Identification and Validation" name="should validate user existence before deletion" time="0.004">
    </testcase>
    <testcase classname="🗑️ Delete Functionality Integration Tests › 🚨 Safety Measures and Confirmation" name="should require explicit confirmation for delete operations" time="0.004">
    </testcase>
    <testcase classname="🗑️ Delete Functionality Integration Tests › 🚨 Safety Measures and Confirmation" name="should provide delete preview before execution" time="0.005">
    </testcase>
    <testcase classname="🗑️ Delete Functionality Integration Tests › 🚨 Safety Measures and Confirmation" name="should implement dry run mode for delete operations" time="0.006">
    </testcase>
    <testcase classname="🗑️ Delete Functionality Integration Tests › 📊 Progress Tracking and Status" name="should provide delete progress status" time="0.004">
    </testcase>
    <testcase classname="🗑️ Delete Functionality Integration Tests › 📊 Progress Tracking and Status" name="should handle large batch delete operations" time="0.003">
    </testcase>
    <testcase classname="🗑️ Delete Functionality Integration Tests › 🚨 Error Handling and Edge Cases" name="should handle empty CSV files" time="0.002">
    </testcase>
    <testcase classname="🗑️ Delete Functionality Integration Tests › 🚨 Error Handling and Edge Cases" name="should handle malformed CSV data" time="0.005">
    </testcase>
    <testcase classname="🗑️ Delete Functionality Integration Tests › 🚨 Error Handling and Edge Cases" name="should handle delete operation cancellation" time="0.006">
    </testcase>
    <testcase classname="🗑️ Delete Functionality Integration Tests › 🚨 Error Handling and Edge Cases" name="should handle rollback scenarios" time="0.003">
    </testcase>
    <testcase classname="🗑️ Delete Functionality Integration Tests › 🔧 Delete Management and Cleanup" name="should reset delete status" time="0.002">
    </testcase>
    <testcase classname="🗑️ Delete Functionality Integration Tests › 🔧 Delete Management and Cleanup" name="should handle delete operation history" time="0.003">
    </testcase>
  </testsuite>
  <testsuite name="test/integration/export-functionality.test.mjs" errors="0" failures="0" skipped="0" timestamp="2025-08-20T11:47:27" time="0.162" tests="15">
    <testcase classname="📤 Export Functionality Integration Tests › 📊 Basic Export Functionality" name="should export users in CSV format" time="0.007">
    </testcase>
    <testcase classname="📤 Export Functionality Integration Tests › 📊 Basic Export Functionality" name="should export users in JSON format" time="0.005">
    </testcase>
    <testcase classname="📤 Export Functionality Integration Tests › 📊 Basic Export Functionality" name="should handle custom field selection" time="0.009">
    </testcase>
    <testcase classname="📤 Export Functionality Integration Tests › 🏢 Population-Based Export" name="should export users from specific population" time="0.003">
    </testcase>
    <testcase classname="📤 Export Functionality Integration Tests › 🏢 Population-Based Export" name="should handle all populations export" time="0.003">
    </testcase>
    <testcase classname="📤 Export Functionality Integration Tests › 🏢 Population-Based Export" name="should validate population selection" time="0.003">
    </testcase>
    <testcase classname="📤 Export Functionality Integration Tests › 🔍 Filtering and Options" name="should handle filtered exports" time="0.002">
    </testcase>
    <testcase classname="📤 Export Functionality Integration Tests › 🔍 Filtering and Options" name="should handle disabled user inclusion option" time="0.003">
    </testcase>
    <testcase classname="📤 Export Functionality Integration Tests › 🔍 Filtering and Options" name="should validate export format options" time="0.003">
    </testcase>
    <testcase classname="📤 Export Functionality Integration Tests › 📊 Progress and Status Tracking" name="should provide export progress status" time="0.003">
    </testcase>
    <testcase classname="📤 Export Functionality Integration Tests › 📊 Progress and Status Tracking" name="should handle large export operations" time="0.004">
    </testcase>
    <testcase classname="📤 Export Functionality Integration Tests › 🚨 Error Handling and Edge Cases" name="should handle missing export parameters" time="0.004">
    </testcase>
    <testcase classname="📤 Export Functionality Integration Tests › 🚨 Error Handling and Edge Cases" name="should handle invalid population IDs" time="0.003">
    </testcase>
    <testcase classname="📤 Export Functionality Integration Tests › 🚨 Error Handling and Edge Cases" name="should handle empty export results" time="0.002">
    </testcase>
    <testcase classname="📤 Export Functionality Integration Tests › 🚨 Error Handling and Edge Cases" name="should handle export cancellation" time="0.002">
    </testcase>
  </testsuite>
  <testsuite name="test/integration/import-functionality.test.mjs" errors="0" failures="0" skipped="0" timestamp="2025-08-20T11:47:27" time="0.184" tests="11">
    <testcase classname="📥 Import Functionality Integration Tests › 📁 File Upload and Import Process" name="should accept valid CSV file uploads and start import" time="0.01">
    </testcase>
    <testcase classname="📥 Import Functionality Integration Tests › 📁 File Upload and Import Process" name="should reject files without required population information" time="0.004">
    </testcase>
    <testcase classname="📥 Import Functionality Integration Tests › 📁 File Upload and Import Process" name="should reject requests without files" time="0.003">
    </testcase>
    <testcase classname="📥 Import Functionality Integration Tests › 📁 File Upload and Import Process" name="should handle large CSV files" time="0.004">
    </testcase>
    <testcase classname="📥 Import Functionality Integration Tests › 📊 Progress Tracking and Status" name="should provide import progress status" time="0.006">
    </testcase>
    <testcase classname="📥 Import Functionality Integration Tests › 📊 Progress Tracking and Status" name="should handle import status queries" time="0.005">
    </testcase>
    <testcase classname="📥 Import Functionality Integration Tests › 🚨 Error Handling and Edge Cases" name="should handle empty CSV files" time="0.003">
    </testcase>
    <testcase classname="📥 Import Functionality Integration Tests › 🚨 Error Handling and Edge Cases" name="should handle malformed CSV data" time="0.003">
    </testcase>
    <testcase classname="📥 Import Functionality Integration Tests › 🚨 Error Handling and Edge Cases" name="should handle special characters in CSV data" time="0.004">
    </testcase>
    <testcase classname="📥 Import Functionality Integration Tests › 🚨 Error Handling and Edge Cases" name="should handle import cancellation" time="0.003">
    </testcase>
    <testcase classname="📥 Import Functionality Integration Tests › 🔧 Import Management" name="should reset import status" time="0.002">
    </testcase>
  </testsuite>
  <testsuite name="test/integration/pingone-api-integration.test.js" errors="0" failures="0" skipped="0" timestamp="2025-08-20T11:47:27" time="0.096" tests="11">
    <testcase classname="PingOne API Integration Tests › Authentication" name="should obtain access token from PingOne" time="0">
    </testcase>
    <testcase classname="PingOne API Integration Tests › Authentication" name="should validate token by making authenticated request" time="0">
    </testcase>
    <testcase classname="PingOne API Integration Tests › Populations API" name="should fetch populations list" time="0">
    </testcase>
    <testcase classname="PingOne API Integration Tests › Populations API" name="should create a test population" time="0">
    </testcase>
    <testcase classname="PingOne API Integration Tests › Users API" name="should create a test user" time="0.001">
    </testcase>
    <testcase classname="PingOne API Integration Tests › Users API" name="should fetch users from population" time="0">
    </testcase>
    <testcase classname="PingOne API Integration Tests › Users API" name="should update test user" time="0">
    </testcase>
    <testcase classname="PingOne API Integration Tests › Cleanup" name="should delete test user" time="0">
    </testcase>
    <testcase classname="PingOne API Integration Tests › Cleanup" name="should delete test population" time="0">
    </testcase>
    <testcase classname="PingOne API Integration Tests › Error Handling" name="should handle invalid token gracefully" time="0">
    </testcase>
    <testcase classname="PingOne API Integration Tests › Error Handling" name="should handle non-existent resource gracefully" time="0">
    </testcase>
  </testsuite>
  <testsuite name="test/simple.test.mjs" errors="0" failures="0" skipped="0" timestamp="2025-08-20T11:47:27" time="0.064" tests="3">
    <testcase classname="Simple Test Suite" name="should pass a basic test" time="0.001">
    </testcase>
    <testcase classname="Simple Test Suite" name="should handle async/await" time="0.001">
    </testcase>
    <testcase classname="Simple Test Suite" name="should work with ES modules" time="0">
    </testcase>
  </testsuite>
  <testsuite name="test/integration/socket-io-live.test.mjs" errors="0" failures="0" skipped="0" timestamp="2025-08-20T11:47:27" time="0.093" tests="10">
    <testcase classname="🔌 Socket.IO Live Test with Real Data › 🔗 Server Connection and Health" name="should verify server is running and accessible" time="0.002">
    </testcase>
    <testcase classname="🔌 Socket.IO Live Test with Real Data › 🔗 Server Connection and Health" name="should verify Socket.IO endpoint is available" time="0">
    </testcase>
    <testcase classname="🔌 Socket.IO Live Test with Real Data › 🔌 Socket.IO Connection Tests" name="should establish Socket.IO connection successfully" time="0.001">
    </testcase>
    <testcase classname="🔌 Socket.IO Live Test with Real Data › 🔌 Socket.IO Connection Tests" name="should register session and join session room" time="0">
    </testcase>
    <testcase classname="🔌 Socket.IO Live Test with Real Data › 📊 Real Import Progress Tracking" name="should simulate and track real import progress with actual user data" time="0.001">
    </testcase>
    <testcase classname="🔌 Socket.IO Live Test with Real Data › 📊 Real Import Progress Tracking" name="should handle import errors with real error scenarios" time="0">
    </testcase>
    <testcase classname="🔌 Socket.IO Live Test with Real Data › 📤 Real Export Operations" name="should track export progress with real population data" time="0.001">
    </testcase>
    <testcase classname="🔌 Socket.IO Live Test with Real Data › 🔄 Connection Resilience and Recovery" name="should handle connection drops and automatic reconnection" time="0">
    </testcase>
    <testcase classname="🔌 Socket.IO Live Test with Real Data › 🔄 Connection Resilience and Recovery" name="should maintain session state across reconnections" time="0.001">
    </testcase>
    <testcase classname="🔌 Socket.IO Live Test with Real Data › 📊 Real-time System Monitoring" name="should receive real-time system statistics" time="0">
    </testcase>
  </testsuite>
  <testsuite name="test/integration/swagger-interface.test.mjs" errors="0" failures="0" skipped="0" timestamp="2025-08-20T11:47:27" time="0.126" tests="6">
    <testcase classname="📚 Swagger Interface Tests" name="should serve Swagger UI at /swagger.html" time="0.006">
    </testcase>
    <testcase classname="📚 Swagger Interface Tests" name="should serve Swagger JSON specification" time="0.011">
    </testcase>
    <testcase classname="📚 Swagger Interface Tests" name="should have comprehensive API documentation" time="0.007">
    </testcase>
    <testcase classname="📚 Swagger Interface Tests" name="should support interactive API testing" time="0.011">
    </testcase>
    <testcase classname="📚 Swagger Interface Tests" name="should have proper API response schemas" time="0.002">
    </testcase>
    <testcase classname="📚 Swagger Interface Tests" name="should validate documentation synchronization with endpoints" time="0.001">
    </testcase>
  </testsuite>
  <testsuite name="test/comprehensive-test-summary.test.mjs" errors="0" failures="0" skipped="0" timestamp="2025-08-20T11:47:27" time="0.091" tests="4">
    <testcase classname="📋 Comprehensive Test Summary" name="should document all test categories" time="0.01">
    </testcase>
    <testcase classname="📋 Comprehensive Test Summary" name="should validate test infrastructure" time="0.004">
    </testcase>
    <testcase classname="📋 Comprehensive Test Summary" name="should provide testing recommendations" time="0.007">
    </testcase>
    <testcase classname="📋 Comprehensive Test Summary" name="should summarize test execution commands" time="0.005">
    </testcase>
  </testsuite>
  <testsuite name="test/minimal.test.mjs" errors="0" failures="0" skipped="0" timestamp="2025-08-20T11:47:27" time="0.082" tests="1">
    <testcase classname="Minimal Test" name="should pass a basic test" time="0.001">
    </testcase>
  </testsuite>
  <testsuite name="test/esm-support.test.mjs" errors="0" failures="0" skipped="0" timestamp="2025-08-20T11:47:27" time="0.083" tests="3">
    <testcase classname="ESM Support" name="should support ESM syntax" time="0.001">
    </testcase>
    <testcase classname="ESM Support" name="should support modern JavaScript features" time="0.001">
    </testcase>
    <testcase classname="ESM Support" name="should support async/await" time="0">
    </testcase>
  </testsuite>
  <testsuite name="test/minimal.test.js" errors="0" failures="0" skipped="0" timestamp="2025-08-20T11:47:27" time="0.078" tests="3">
    <testcase classname="" name="adds 1 + 2 to equal 3" time="0.001">
    </testcase>
    <testcase classname="" name="mock function test" time="0.001">
    </testcase>
    <testcase classname="" name="async test" time="0">
    </testcase>
  </testsuite>
  <testsuite name="test/example.test.js" errors="0" failures="0" skipped="0" timestamp="2025-08-20T11:47:27" time="0.074" tests="2">
    <testcase classname="Example Test Suite" name="should pass a basic test" time="0.001">
    </testcase>
    <testcase classname="Example Test Suite" name="should mock a function" time="0.001">
    </testcase>
  </testsuite>
  <testsuite name="test/bulletproof-browser.test.mjs" errors="0" failures="15" skipped="0" timestamp="2025-08-20T11:47:17" time="20.454" tests="17">
    <testcase classname="🛡️ Bulletproof System - Browser Integration Tests › 🏠 Server Health and Bulletproof Loading" name="should have server running with bulletproof system" time="0.002">
      <failure>Error: Server startup timeout
    at /Users/cmuir/P1Import-apps/P1-import-Subsystem/test/bulletproof-browser.test.mjs:52:24
    at Timeout.task [as _onTimeout] (/Users/cmuir/P1Import-apps/P1-import-Subsystem/node_modules/jsdom/lib/jsdom/browser/Window.js:579:19)
    at listOnTimeout (node:internal/timers:588:17)
    at processTimers (node:internal/timers:523:7)</failure>
    </testcase>
    <testcase classname="🛡️ Bulletproof System - Browser Integration Tests › 🏠 Server Health and Bulletproof Loading" name="should serve main page with bulletproof bundle" time="0">
      <failure>Error: Server startup timeout
    at /Users/cmuir/P1Import-apps/P1-import-Subsystem/test/bulletproof-browser.test.mjs:52:24
    at Timeout.task [as _onTimeout] (/Users/cmuir/P1Import-apps/P1-import-Subsystem/node_modules/jsdom/lib/jsdom/browser/Window.js:579:19)
    at listOnTimeout (node:internal/timers:588:17)
    at processTimers (node:internal/timers:523:7)</failure>
    </testcase>
    <testcase classname="🛡️ Bulletproof System - Browser Integration Tests › 🏠 Server Health and Bulletproof Loading" name="should serve bulletproof JavaScript bundle" time="0">
      <failure>Error: Server startup timeout
    at /Users/cmuir/P1Import-apps/P1-import-Subsystem/test/bulletproof-browser.test.mjs:52:24
    at Timeout.task [as _onTimeout] (/Users/cmuir/P1Import-apps/P1-import-Subsystem/node_modules/jsdom/lib/jsdom/browser/Window.js:579:19)
    at listOnTimeout (node:internal/timers:588:17)
    at processTimers (node:internal/timers:523:7)</failure>
    </testcase>
    <testcase classname="🛡️ Bulletproof System - Browser Integration Tests › 🛡️ Bulletproof Token Manager API Tests" name="should handle token status requests safely" time="0">
      <failure>Error: Server startup timeout
    at /Users/cmuir/P1Import-apps/P1-import-Subsystem/test/bulletproof-browser.test.mjs:52:24
    at Timeout.task [as _onTimeout] (/Users/cmuir/P1Import-apps/P1-import-Subsystem/node_modules/jsdom/lib/jsdom/browser/Window.js:579:19)
    at listOnTimeout (node:internal/timers:588:17)
    at processTimers (node:internal/timers:523:7)</failure>
    </testcase>
    <testcase classname="🛡️ Bulletproof System - Browser Integration Tests › 🛡️ Bulletproof Token Manager API Tests" name="should provide fallback responses for token errors" time="0">
      <failure>Error: Server startup timeout
    at /Users/cmuir/P1Import-apps/P1-import-Subsystem/test/bulletproof-browser.test.mjs:52:24
    at Timeout.task [as _onTimeout] (/Users/cmuir/P1Import-apps/P1-import-Subsystem/node_modules/jsdom/lib/jsdom/browser/Window.js:579:19)
    at listOnTimeout (node:internal/timers:588:17)
    at processTimers (node:internal/timers:523:7)</failure>
    </testcase>
    <testcase classname="🛡️ Bulletproof System - Browser Integration Tests › 🔧 Error Handling and Recovery" name="should handle malformed requests gracefully" time="0">
      <failure>Error: Server startup timeout
    at /Users/cmuir/P1Import-apps/P1-import-Subsystem/test/bulletproof-browser.test.mjs:52:24
    at Timeout.task [as _onTimeout] (/Users/cmuir/P1Import-apps/P1-import-Subsystem/node_modules/jsdom/lib/jsdom/browser/Window.js:579:19)
    at listOnTimeout (node:internal/timers:588:17)
    at processTimers (node:internal/timers:523:7)</failure>
    </testcase>
    <testcase classname="🛡️ Bulletproof System - Browser Integration Tests › 🔧 Error Handling and Recovery" name="should maintain server stability under load" time="0">
      <failure>Error: Server startup timeout
    at /Users/cmuir/P1Import-apps/P1-import-Subsystem/test/bulletproof-browser.test.mjs:52:24
    at Timeout.task [as _onTimeout] (/Users/cmuir/P1Import-apps/P1-import-Subsystem/node_modules/jsdom/lib/jsdom/browser/Window.js:579:19)
    at listOnTimeout (node:internal/timers:588:17)
    at processTimers (node:internal/timers:523:7)</failure>
    </testcase>
    <testcase classname="🛡️ Bulletproof System - Browser Integration Tests › 🎭 Real-world Scenario Tests" name="should handle page navigation without crashes" time="0">
      <failure>Error: Server startup timeout
    at /Users/cmuir/P1Import-apps/P1-import-Subsystem/test/bulletproof-browser.test.mjs:52:24
    at Timeout.task [as _onTimeout] (/Users/cmuir/P1Import-apps/P1-import-Subsystem/node_modules/jsdom/lib/jsdom/browser/Window.js:579:19)
    at listOnTimeout (node:internal/timers:588:17)
    at processTimers (node:internal/timers:523:7)</failure>
    </testcase>
    <testcase classname="🛡️ Bulletproof System - Browser Integration Tests › 🎭 Real-world Scenario Tests" name="should handle file upload attempts safely" time="0">
      <failure>Error: Server startup timeout
    at /Users/cmuir/P1Import-apps/P1-import-Subsystem/test/bulletproof-browser.test.mjs:52:24
    at Timeout.task [as _onTimeout] (/Users/cmuir/P1Import-apps/P1-import-Subsystem/node_modules/jsdom/lib/jsdom/browser/Window.js:579:19)
    at listOnTimeout (node:internal/timers:588:17)
    at processTimers (node:internal/timers:523:7)</failure>
    </testcase>
    <testcase classname="🛡️ Bulletproof System - Browser Integration Tests › 🎭 Real-world Scenario Tests" name="should maintain WebSocket connections safely" time="0">
      <failure>Error: Server startup timeout
    at /Users/cmuir/P1Import-apps/P1-import-Subsystem/test/bulletproof-browser.test.mjs:52:24
    at Timeout.task [as _onTimeout] (/Users/cmuir/P1Import-apps/P1-import-Subsystem/node_modules/jsdom/lib/jsdom/browser/Window.js:579:19)
    at listOnTimeout (node:internal/timers:588:17)
    at processTimers (node:internal/timers:523:7)</failure>
    </testcase>
    <testcase classname="🛡️ Bulletproof System - Browser Integration Tests › 📊 Performance and Memory Tests" name="should respond to health checks quickly" time="0">
      <failure>Error: Server startup timeout
    at /Users/cmuir/P1Import-apps/P1-import-Subsystem/test/bulletproof-browser.test.mjs:52:24
    at Timeout.task [as _onTimeout] (/Users/cmuir/P1Import-apps/P1-import-Subsystem/node_modules/jsdom/lib/jsdom/browser/Window.js:579:19)
    at listOnTimeout (node:internal/timers:588:17)
    at processTimers (node:internal/timers:523:7)</failure>
    </testcase>
    <testcase classname="🛡️ Bulletproof System - Browser Integration Tests › 📊 Performance and Memory Tests" name="should handle multiple rapid requests" time="0">
      <failure>Error: Server startup timeout
    at /Users/cmuir/P1Import-apps/P1-import-Subsystem/test/bulletproof-browser.test.mjs:52:24
    at Timeout.task [as _onTimeout] (/Users/cmuir/P1Import-apps/P1-import-Subsystem/node_modules/jsdom/lib/jsdom/browser/Window.js:579:19)
    at listOnTimeout (node:internal/timers:588:17)
    at processTimers (node:internal/timers:523:7)</failure>
    </testcase>
    <testcase classname="🛡️ Bulletproof System - Browser Integration Tests › 🔍 Bulletproof Verification" name="should have bulletproof indicators in responses" time="0">
      <failure>Error: Server startup timeout
    at /Users/cmuir/P1Import-apps/P1-import-Subsystem/test/bulletproof-browser.test.mjs:52:24
    at Timeout.task [as _onTimeout] (/Users/cmuir/P1Import-apps/P1-import-Subsystem/node_modules/jsdom/lib/jsdom/browser/Window.js:579:19)
    at listOnTimeout (node:internal/timers:588:17)
    at processTimers (node:internal/timers:523:7)</failure>
    </testcase>
    <testcase classname="🛡️ Bulletproof System - Browser Integration Tests › 🔍 Bulletproof Verification" name="should log bulletproof system initialization" time="0">
      <failure>Error: Server startup timeout
    at /Users/cmuir/P1Import-apps/P1-import-Subsystem/test/bulletproof-browser.test.mjs:52:24
    at Timeout.task [as _onTimeout] (/Users/cmuir/P1Import-apps/P1-import-Subsystem/node_modules/jsdom/lib/jsdom/browser/Window.js:579:19)
    at listOnTimeout (node:internal/timers:588:17)
    at processTimers (node:internal/timers:523:7)</failure>
    </testcase>
    <testcase classname="🛡️ Bulletproof System - Browser Integration Tests › 🔍 Bulletproof Verification" name="should maintain functionality after errors" time="0">
      <failure>Error: Server startup timeout
    at /Users/cmuir/P1Import-apps/P1-import-Subsystem/test/bulletproof-browser.test.mjs:52:24
    at Timeout.task [as _onTimeout] (/Users/cmuir/P1Import-apps/P1-import-Subsystem/node_modules/jsdom/lib/jsdom/browser/Window.js:579:19)
    at listOnTimeout (node:internal/timers:588:17)
    at processTimers (node:internal/timers:523:7)</failure>
    </testcase>
    <testcase classname="🛡️ Bulletproof System - Static Verification" name="should have test configuration valid" time="0.001">
    </testcase>
    <testcase classname="🛡️ Bulletproof System - Static Verification" name="should have required dependencies available" time="0">
    </testcase>
  </testsuite>
  <testsuite name="tests/unit/example.test.js" errors="0" failures="2" skipped="0" timestamp="2025-08-20T11:47:17" time="30.477" tests="2">
    <testcase classname="MongoDB Connection" name="should connect to MongoDB" time="0.002">
      <failure>Error: thrown: &quot;Exceeded timeout of 30000 ms for a hook.
Add a timeout value to this test to increase the timeout, if this is a long-running test. See https://jestjs.io/docs/api#testname-fn-timeout.&quot;
    at /Users/cmuir/P1Import-apps/P1-import-Subsystem/tests/unit/example.test.js:7:3
    at _dispatchDescribe (/Users/cmuir/P1Import-apps/P1-import-Subsystem/node_modules/jest-circus/build/jestAdapterInit.js:604:26)
    at describe (/Users/cmuir/P1Import-apps/P1-import-Subsystem/node_modules/jest-circus/build/jestAdapterInit.js:572:44)
    at /Users/cmuir/P1Import-apps/P1-import-Subsystem/tests/unit/example.test.js:3:1
    at SourceTextModule.evaluate (node:internal/vm/module:227:23)
    at Runtime.linkAndEvaluateModule (/Users/cmuir/P1Import-apps/P1-import-Subsystem/node_modules/jest-runtime/build/index.js:684:20)
    at processTicksAndRejections (node:internal/process/task_queues:105:5)
    at jestAdapter (/Users/cmuir/P1Import-apps/P1-import-Subsystem/node_modules/jest-circus/build/runner.js:93:5)
    at runTestInternal (/Users/cmuir/P1Import-apps/P1-import-Subsystem/node_modules/jest-runner/build/testWorker.js:275:16)
    at runTest (/Users/cmuir/P1Import-apps/P1-import-Subsystem/node_modules/jest-runner/build/testWorker.js:343:7)
    at Object.worker (/Users/cmuir/P1Import-apps/P1-import-Subsystem/node_modules/jest-runner/build/testWorker.js:497:12)</failure>
    </testcase>
    <testcase classname="MongoDB Connection" name="should have test environment" time="0">
      <failure>Error: thrown: &quot;Exceeded timeout of 30000 ms for a hook.
Add a timeout value to this test to increase the timeout, if this is a long-running test. See https://jestjs.io/docs/api#testname-fn-timeout.&quot;
    at /Users/cmuir/P1Import-apps/P1-import-Subsystem/tests/unit/example.test.js:7:3
    at _dispatchDescribe (/Users/cmuir/P1Import-apps/P1-import-Subsystem/node_modules/jest-circus/build/jestAdapterInit.js:604:26)
    at describe (/Users/cmuir/P1Import-apps/P1-import-Subsystem/node_modules/jest-circus/build/jestAdapterInit.js:572:44)
    at /Users/cmuir/P1Import-apps/P1-import-Subsystem/tests/unit/example.test.js:3:1
    at SourceTextModule.evaluate (node:internal/vm/module:227:23)
    at Runtime.linkAndEvaluateModule (/Users/cmuir/P1Import-apps/P1-import-Subsystem/node_modules/jest-runtime/build/index.js:684:20)
    at processTicksAndRejections (node:internal/process/task_queues:105:5)
    at jestAdapter (/Users/cmuir/P1Import-apps/P1-import-Subsystem/node_modules/jest-circus/build/runner.js:93:5)
    at runTestInternal (/Users/cmuir/P1Import-apps/P1-import-Subsystem/node_modules/jest-runner/build/testWorker.js:275:16)
    at runTest (/Users/cmuir/P1Import-apps/P1-import-Subsystem/node_modules/jest-runner/build/testWorker.js:343:7)
    at Object.worker (/Users/cmuir/P1Import-apps/P1-import-Subsystem/node_modules/jest-runner/build/testWorker.js:497:12)</failure>
    </testcase>
  </testsuite>
  <testsuite name="test/unit/example.test.js" errors="0" failures="2" skipped="0" timestamp="2025-08-20T11:47:17" time="30.536" tests="2">
    <testcase classname="MongoDB Connection" name="should connect to MongoDB" time="0.002">
      <failure>Error: thrown: &quot;Exceeded timeout of 30000 ms for a hook.
Add a timeout value to this test to increase the timeout, if this is a long-running test. See https://jestjs.io/docs/api#testname-fn-timeout.&quot;
    at /Users/cmuir/P1Import-apps/P1-import-Subsystem/test/unit/example.test.js:7:3
    at _dispatchDescribe (/Users/cmuir/P1Import-apps/P1-import-Subsystem/node_modules/jest-circus/build/jestAdapterInit.js:604:26)
    at describe (/Users/cmuir/P1Import-apps/P1-import-Subsystem/node_modules/jest-circus/build/jestAdapterInit.js:572:44)
    at /Users/cmuir/P1Import-apps/P1-import-Subsystem/test/unit/example.test.js:3:1
    at SourceTextModule.evaluate (node:internal/vm/module:227:23)
    at Runtime.linkAndEvaluateModule (/Users/cmuir/P1Import-apps/P1-import-Subsystem/node_modules/jest-runtime/build/index.js:684:20)
    at processTicksAndRejections (node:internal/process/task_queues:105:5)
    at jestAdapter (/Users/cmuir/P1Import-apps/P1-import-Subsystem/node_modules/jest-circus/build/runner.js:93:5)
    at runTestInternal (/Users/cmuir/P1Import-apps/P1-import-Subsystem/node_modules/jest-runner/build/testWorker.js:275:16)
    at runTest (/Users/cmuir/P1Import-apps/P1-import-Subsystem/node_modules/jest-runner/build/testWorker.js:343:7)
    at Object.worker (/Users/cmuir/P1Import-apps/P1-import-Subsystem/node_modules/jest-runner/build/testWorker.js:497:12)</failure>
    </testcase>
    <testcase classname="MongoDB Connection" name="should have test environment" time="0">
      <failure>Error: thrown: &quot;Exceeded timeout of 30000 ms for a hook.
Add a timeout value to this test to increase the timeout, if this is a long-running test. See https://jestjs.io/docs/api#testname-fn-timeout.&quot;
    at /Users/cmuir/P1Import-apps/P1-import-Subsystem/test/unit/example.test.js:7:3
    at _dispatchDescribe (/Users/cmuir/P1Import-apps/P1-import-Subsystem/node_modules/jest-circus/build/jestAdapterInit.js:604:26)
    at describe (/Users/cmuir/P1Import-apps/P1-import-Subsystem/node_modules/jest-circus/build/jestAdapterInit.js:572:44)
    at /Users/cmuir/P1Import-apps/P1-import-Subsystem/test/unit/example.test.js:3:1
    at SourceTextModule.evaluate (node:internal/vm/module:227:23)
    at Runtime.linkAndEvaluateModule (/Users/cmuir/P1Import-apps/P1-import-Subsystem/node_modules/jest-runtime/build/index.js:684:20)
    at processTicksAndRejections (node:internal/process/task_queues:105:5)
    at jestAdapter (/Users/cmuir/P1Import-apps/P1-import-Subsystem/node_modules/jest-circus/build/runner.js:93:5)
    at runTestInternal (/Users/cmuir/P1Import-apps/P1-import-Subsystem/node_modules/jest-runner/build/testWorker.js:275:16)
    at runTest (/Users/cmuir/P1Import-apps/P1-import-Subsystem/node_modules/jest-runner/build/testWorker.js:343:7)
    at Object.worker (/Users/cmuir/P1Import-apps/P1-import-Subsystem/node_modules/jest-runner/build/testWorker.js:497:12)</failure>
    </testcase>
  </testsuite>
  <testsuite name="test/unit/bulletproof-token-manager.test.js" errors="0" failures="14" skipped="0" timestamp="2025-08-20T11:47:17" time="31.505" tests="31">
    <testcase classname="🛡️ Bulletproof Token Manager Tests › 🏗️ Creation and Initialization" name="should create bulletproof token manager successfully" time="0.009">
    </testcase>
    <testcase classname="🛡️ Bulletproof Token Manager Tests › 🏗️ Creation and Initialization" name="should handle creation with invalid logger gracefully" time="0.032">
    </testcase>
    <testcase classname="🛡️ Bulletproof Token Manager Tests › 🏗️ Creation and Initialization" name="should initialize with original token manager" time="0.011">
      <failure>Error: expect(jest.fn()).toHaveBeenCalledWith(...expected)

Expected: StringContaining &quot;🛡️ Bulletproof Token Manager initialized&quot;
Received
       1: &quot;🛡️ BULLETPROOF TOKEN MANAGER: Created&quot;
       2: &quot;🛡️ BULLETPROOF TOKEN MANAGER: Initializing...&quot;
       3: &quot;🛡️ BULLETPROOF TOKEN MANAGER: Initialized successfully&quot;

Number of calls: 3
    at Object.&lt;anonymous&gt; (/Users/cmuir/P1Import-apps/P1-import-Subsystem/test/unit/bulletproof-token-manager.test.js:196:37)
    at processTicksAndRejections (node:internal/process/task_queues:105:5)</failure>
    </testcase>
    <testcase classname="🛡️ Bulletproof Token Manager Tests › 🏗️ Creation and Initialization" name="should handle initialization with null token manager" time="0.005">
      <failure>Error: expect(jest.fn()).toHaveBeenCalledWith(...expected)

Expected: StringContaining &quot;No original token manager provided&quot;
Received: &quot;🛡️ BULLETPROOF: Using fallback subsystem for GlobalTokenManagerSubsystem&quot;

Number of calls: 1
    at Object.&lt;anonymous&gt; (/Users/cmuir/P1Import-apps/P1-import-Subsystem/test/unit/bulletproof-token-manager.test.js:205:37)
    at processTicksAndRejections (node:internal/process/task_queues:105:5)</failure>
    </testcase>
    <testcase classname="🛡️ Bulletproof Token Manager Tests › 🔍 Token Information Retrieval" name="should retrieve token info from original manager" time="0.004">
    </testcase>
    <testcase classname="🛡️ Bulletproof Token Manager Tests › 🔍 Token Information Retrieval" name="should fallback to localStorage when original manager fails" time="0.003">
      <failure>Error: expect(received).toBe(expected) // Object.is equality

Expected: true
Received: undefined
    at Object.&lt;anonymous&gt; (/Users/cmuir/P1Import-apps/P1-import-Subsystem/test/unit/bulletproof-token-manager.test.js:240:40)
    at Promise.finally.completed (/Users/cmuir/P1Import-apps/P1-import-Subsystem/node_modules/jest-circus/build/jestAdapterInit.js:1559:28)
    at new Promise (&lt;anonymous&gt;)
    at callAsyncCircusFn (/Users/cmuir/P1Import-apps/P1-import-Subsystem/node_modules/jest-circus/build/jestAdapterInit.js:1499:10)
    at _callCircusTest (/Users/cmuir/P1Import-apps/P1-import-Subsystem/node_modules/jest-circus/build/jestAdapterInit.js:1009:40)
    at processTicksAndRejections (node:internal/process/task_queues:105:5)
    at _runTest (/Users/cmuir/P1Import-apps/P1-import-Subsystem/node_modules/jest-circus/build/jestAdapterInit.js:949:3)
    at _runTestsForDescribeBlock (/Users/cmuir/P1Import-apps/P1-import-Subsystem/node_modules/jest-circus/build/jestAdapterInit.js:839:13)
    at _runTestsForDescribeBlock (/Users/cmuir/P1Import-apps/P1-import-Subsystem/node_modules/jest-circus/build/jestAdapterInit.js:829:11)
    at _runTestsForDescribeBlock (/Users/cmuir/P1Import-apps/P1-import-Subsystem/node_modules/jest-circus/build/jestAdapterInit.js:829:11)
    at run (/Users/cmuir/P1Import-apps/P1-import-Subsystem/node_modules/jest-circus/build/jestAdapterInit.js:757:3)
    at runAndTransformResultsToJestFormat (/Users/cmuir/P1Import-apps/P1-import-Subsystem/node_modules/jest-circus/build/jestAdapterInit.js:1920:21)
    at jestAdapter (/Users/cmuir/P1Import-apps/P1-import-Subsystem/node_modules/jest-circus/build/runner.js:101:19)
    at runTestInternal (/Users/cmuir/P1Import-apps/P1-import-Subsystem/node_modules/jest-runner/build/testWorker.js:275:16)
    at runTest (/Users/cmuir/P1Import-apps/P1-import-Subsystem/node_modules/jest-runner/build/testWorker.js:343:7)
    at Object.worker (/Users/cmuir/P1Import-apps/P1-import-Subsystem/node_modules/jest-runner/build/testWorker.js:497:12)</failure>
    </testcase>
    <testcase classname="🛡️ Bulletproof Token Manager Tests › 🔍 Token Information Retrieval" name="should use cached data when available" time="0.004">
      <failure>Error: expect(received).toBe(expected) // Object.is equality

Expected: true
Received: undefined
    at Object.&lt;anonymous&gt; (/Users/cmuir/P1Import-apps/P1-import-Subsystem/test/unit/bulletproof-token-manager.test.js:259:40)
    at Promise.finally.completed (/Users/cmuir/P1Import-apps/P1-import-Subsystem/node_modules/jest-circus/build/jestAdapterInit.js:1559:28)
    at new Promise (&lt;anonymous&gt;)
    at callAsyncCircusFn (/Users/cmuir/P1Import-apps/P1-import-Subsystem/node_modules/jest-circus/build/jestAdapterInit.js:1499:10)
    at _callCircusTest (/Users/cmuir/P1Import-apps/P1-import-Subsystem/node_modules/jest-circus/build/jestAdapterInit.js:1009:40)
    at processTicksAndRejections (node:internal/process/task_queues:105:5)
    at _runTest (/Users/cmuir/P1Import-apps/P1-import-Subsystem/node_modules/jest-circus/build/jestAdapterInit.js:949:3)
    at _runTestsForDescribeBlock (/Users/cmuir/P1Import-apps/P1-import-Subsystem/node_modules/jest-circus/build/jestAdapterInit.js:839:13)
    at _runTestsForDescribeBlock (/Users/cmuir/P1Import-apps/P1-import-Subsystem/node_modules/jest-circus/build/jestAdapterInit.js:829:11)
    at _runTestsForDescribeBlock (/Users/cmuir/P1Import-apps/P1-import-Subsystem/node_modules/jest-circus/build/jestAdapterInit.js:829:11)
    at run (/Users/cmuir/P1Import-apps/P1-import-Subsystem/node_modules/jest-circus/build/jestAdapterInit.js:757:3)
    at runAndTransformResultsToJestFormat (/Users/cmuir/P1Import-apps/P1-import-Subsystem/node_modules/jest-circus/build/jestAdapterInit.js:1920:21)
    at jestAdapter (/Users/cmuir/P1Import-apps/P1-import-Subsystem/node_modules/jest-circus/build/runner.js:101:19)
    at runTestInternal (/Users/cmuir/P1Import-apps/P1-import-Subsystem/node_modules/jest-runner/build/testWorker.js:275:16)
    at runTest (/Users/cmuir/P1Import-apps/P1-import-Subsystem/node_modules/jest-runner/build/testWorker.js:343:7)
    at Object.worker (/Users/cmuir/P1Import-apps/P1-import-Subsystem/node_modules/jest-runner/build/testWorker.js:497:12)</failure>
    </testcase>
    <testcase classname="🛡️ Bulletproof Token Manager Tests › 🔍 Token Information Retrieval" name="should provide emergency fallback when all sources fail" time="0.003">
      <failure>Error: expect(jest.fn()).toHaveBeenCalledWith(...expected)

Expected: StringContaining &quot;Using emergency fallback&quot;

Number of calls: 0
    at Object.&lt;anonymous&gt; (/Users/cmuir/P1Import-apps/P1-import-Subsystem/test/unit/bulletproof-token-manager.test.js:273:37)
    at Promise.finally.completed (/Users/cmuir/P1Import-apps/P1-import-Subsystem/node_modules/jest-circus/build/jestAdapterInit.js:1559:28)
    at new Promise (&lt;anonymous&gt;)
    at callAsyncCircusFn (/Users/cmuir/P1Import-apps/P1-import-Subsystem/node_modules/jest-circus/build/jestAdapterInit.js:1499:10)
    at _callCircusTest (/Users/cmuir/P1Import-apps/P1-import-Subsystem/node_modules/jest-circus/build/jestAdapterInit.js:1009:40)
    at processTicksAndRejections (node:internal/process/task_queues:105:5)
    at _runTest (/Users/cmuir/P1Import-apps/P1-import-Subsystem/node_modules/jest-circus/build/jestAdapterInit.js:949:3)
    at _runTestsForDescribeBlock (/Users/cmuir/P1Import-apps/P1-import-Subsystem/node_modules/jest-circus/build/jestAdapterInit.js:839:13)
    at _runTestsForDescribeBlock (/Users/cmuir/P1Import-apps/P1-import-Subsystem/node_modules/jest-circus/build/jestAdapterInit.js:829:11)
    at _runTestsForDescribeBlock (/Users/cmuir/P1Import-apps/P1-import-Subsystem/node_modules/jest-circus/build/jestAdapterInit.js:829:11)
    at run (/Users/cmuir/P1Import-apps/P1-import-Subsystem/node_modules/jest-circus/build/jestAdapterInit.js:757:3)
    at runAndTransformResultsToJestFormat (/Users/cmuir/P1Import-apps/P1-import-Subsystem/node_modules/jest-circus/build/jestAdapterInit.js:1920:21)
    at jestAdapter (/Users/cmuir/P1Import-apps/P1-import-Subsystem/node_modules/jest-circus/build/runner.js:101:19)
    at runTestInternal (/Users/cmuir/P1Import-apps/P1-import-Subsystem/node_modules/jest-runner/build/testWorker.js:275:16)
    at runTest (/Users/cmuir/P1Import-apps/P1-import-Subsystem/node_modules/jest-runner/build/testWorker.js:343:7)
    at Object.worker (/Users/cmuir/P1Import-apps/P1-import-Subsystem/node_modules/jest-runner/build/testWorker.js:497:12)</failure>
    </testcase>
    <testcase classname="🛡️ Bulletproof Token Manager Tests › 🎯 DOM Management" name="should cache DOM elements successfully" time="0.006">
      <failure>Error: expect(jest.fn()).toHaveBeenCalledWith(...expected)

Expected: StringContaining &quot;DOM elements cached&quot;
Received
       1: &quot;🛡️ BULLETPROOF TOKEN MANAGER: DOM elements cached&quot;, {&quot;countdown&quot;: false, &quot;getTokenBtn&quot;: true, &quot;icon&quot;: true, &quot;statusBox&quot;: true, &quot;text&quot;: true}
       2: &quot;🛡️ BULLETPROOF TOKEN MANAGER: DOM observer setup failed&quot;, [TypeError: Failed to execute &apos;observe&apos; on &apos;MutationObserver&apos;: parameter 1 is not of type &apos;Node&apos;.]
       3: &quot;🛡️ BULLETPROOF TOKEN MANAGER: Emergency fallback timer started&quot;

Number of calls: 4
    at Object.&lt;anonymous&gt; (/Users/cmuir/P1Import-apps/P1-import-Subsystem/test/unit/bulletproof-token-manager.test.js:293:38)
    at Promise.finally.completed (/Users/cmuir/P1Import-apps/P1-import-Subsystem/node_modules/jest-circus/build/jestAdapterInit.js:1559:28)
    at new Promise (&lt;anonymous&gt;)
    at callAsyncCircusFn (/Users/cmuir/P1Import-apps/P1-import-Subsystem/node_modules/jest-circus/build/jestAdapterInit.js:1499:10)
    at _callCircusTest (/Users/cmuir/P1Import-apps/P1-import-Subsystem/node_modules/jest-circus/build/jestAdapterInit.js:1009:40)
    at processTicksAndRejections (node:internal/process/task_queues:105:5)
    at _runTest (/Users/cmuir/P1Import-apps/P1-import-Subsystem/node_modules/jest-circus/build/jestAdapterInit.js:949:3)
    at _runTestsForDescribeBlock (/Users/cmuir/P1Import-apps/P1-import-Subsystem/node_modules/jest-circus/build/jestAdapterInit.js:839:13)
    at _runTestsForDescribeBlock (/Users/cmuir/P1Import-apps/P1-import-Subsystem/node_modules/jest-circus/build/jestAdapterInit.js:829:11)
    at _runTestsForDescribeBlock (/Users/cmuir/P1Import-apps/P1-import-Subsystem/node_modules/jest-circus/build/jestAdapterInit.js:829:11)
    at run (/Users/cmuir/P1Import-apps/P1-import-Subsystem/node_modules/jest-circus/build/jestAdapterInit.js:757:3)
    at runAndTransformResultsToJestFormat (/Users/cmuir/P1Import-apps/P1-import-Subsystem/node_modules/jest-circus/build/jestAdapterInit.js:1920:21)
    at jestAdapter (/Users/cmuir/P1Import-apps/P1-import-Subsystem/node_modules/jest-circus/build/runner.js:101:19)
    at runTestInternal (/Users/cmuir/P1Import-apps/P1-import-Subsystem/node_modules/jest-runner/build/testWorker.js:275:16)
    at runTest (/Users/cmuir/P1Import-apps/P1-import-Subsystem/node_modules/jest-runner/build/testWorker.js:343:7)
    at Object.worker (/Users/cmuir/P1Import-apps/P1-import-Subsystem/node_modules/jest-runner/build/testWorker.js:497:12)</failure>
    </testcase>
    <testcase classname="🛡️ Bulletproof Token Manager Tests › 🎯 DOM Management" name="should handle missing DOM elements gracefully" time="0.003">
      <failure>Error: expect(jest.fn()).toHaveBeenCalledWith(...expected)

Expected: StringContaining &quot;Token status element not found&quot;

Number of calls: 0
    at Object.&lt;anonymous&gt; (/Users/cmuir/P1Import-apps/P1-import-Subsystem/test/unit/bulletproof-token-manager.test.js:308:37)
    at Promise.finally.completed (/Users/cmuir/P1Import-apps/P1-import-Subsystem/node_modules/jest-circus/build/jestAdapterInit.js:1559:28)
    at new Promise (&lt;anonymous&gt;)
    at callAsyncCircusFn (/Users/cmuir/P1Import-apps/P1-import-Subsystem/node_modules/jest-circus/build/jestAdapterInit.js:1499:10)
    at _callCircusTest (/Users/cmuir/P1Import-apps/P1-import-Subsystem/node_modules/jest-circus/build/jestAdapterInit.js:1009:40)
    at processTicksAndRejections (node:internal/process/task_queues:105:5)
    at _runTest (/Users/cmuir/P1Import-apps/P1-import-Subsystem/node_modules/jest-circus/build/jestAdapterInit.js:949:3)
    at _runTestsForDescribeBlock (/Users/cmuir/P1Import-apps/P1-import-Subsystem/node_modules/jest-circus/build/jestAdapterInit.js:839:13)
    at _runTestsForDescribeBlock (/Users/cmuir/P1Import-apps/P1-import-Subsystem/node_modules/jest-circus/build/jestAdapterInit.js:829:11)
    at _runTestsForDescribeBlock (/Users/cmuir/P1Import-apps/P1-import-Subsystem/node_modules/jest-circus/build/jestAdapterInit.js:829:11)
    at run (/Users/cmuir/P1Import-apps/P1-import-Subsystem/node_modules/jest-circus/build/jestAdapterInit.js:757:3)
    at runAndTransformResultsToJestFormat (/Users/cmuir/P1Import-apps/P1-import-Subsystem/node_modules/jest-circus/build/jestAdapterInit.js:1920:21)
    at jestAdapter (/Users/cmuir/P1Import-apps/P1-import-Subsystem/node_modules/jest-circus/build/runner.js:101:19)
    at runTestInternal (/Users/cmuir/P1Import-apps/P1-import-Subsystem/node_modules/jest-runner/build/testWorker.js:275:16)
    at runTest (/Users/cmuir/P1Import-apps/P1-import-Subsystem/node_modules/jest-runner/build/testWorker.js:343:7)
    at Object.worker (/Users/cmuir/P1Import-apps/P1-import-Subsystem/node_modules/jest-runner/build/testWorker.js:497:12)</failure>
    </testcase>
    <testcase classname="🛡️ Bulletproof Token Manager Tests › 🎯 DOM Management" name="should create emergency display when main display fails" time="0.004">
      <failure>Error: expect(received).toContain(expected) // indexOf

Expected substring: &quot;🛡️&quot;
Received string:    &quot;&quot;
    at Object.&lt;anonymous&gt; (/Users/cmuir/P1Import-apps/P1-import-Subsystem/test/unit/bulletproof-token-manager.test.js:322:50)
    at Promise.finally.completed (/Users/cmuir/P1Import-apps/P1-import-Subsystem/node_modules/jest-circus/build/jestAdapterInit.js:1559:28)
    at new Promise (&lt;anonymous&gt;)
    at callAsyncCircusFn (/Users/cmuir/P1Import-apps/P1-import-Subsystem/node_modules/jest-circus/build/jestAdapterInit.js:1499:10)
    at _callCircusTest (/Users/cmuir/P1Import-apps/P1-import-Subsystem/node_modules/jest-circus/build/jestAdapterInit.js:1009:40)
    at processTicksAndRejections (node:internal/process/task_queues:105:5)
    at _runTest (/Users/cmuir/P1Import-apps/P1-import-Subsystem/node_modules/jest-circus/build/jestAdapterInit.js:949:3)
    at _runTestsForDescribeBlock (/Users/cmuir/P1Import-apps/P1-import-Subsystem/node_modules/jest-circus/build/jestAdapterInit.js:839:13)
    at _runTestsForDescribeBlock (/Users/cmuir/P1Import-apps/P1-import-Subsystem/node_modules/jest-circus/build/jestAdapterInit.js:829:11)
    at _runTestsForDescribeBlock (/Users/cmuir/P1Import-apps/P1-import-Subsystem/node_modules/jest-circus/build/jestAdapterInit.js:829:11)
    at run (/Users/cmuir/P1Import-apps/P1-import-Subsystem/node_modules/jest-circus/build/jestAdapterInit.js:757:3)
    at runAndTransformResultsToJestFormat (/Users/cmuir/P1Import-apps/P1-import-Subsystem/node_modules/jest-circus/build/jestAdapterInit.js:1920:21)
    at jestAdapter (/Users/cmuir/P1Import-apps/P1-import-Subsystem/node_modules/jest-circus/build/runner.js:101:19)
    at runTestInternal (/Users/cmuir/P1Import-apps/P1-import-Subsystem/node_modules/jest-runner/build/testWorker.js:275:16)
    at runTest (/Users/cmuir/P1Import-apps/P1-import-Subsystem/node_modules/jest-runner/build/testWorker.js:343:7)
    at Object.worker (/Users/cmuir/P1Import-apps/P1-import-Subsystem/node_modules/jest-runner/build/testWorker.js:497:12)</failure>
    </testcase>
    <testcase classname="🛡️ Bulletproof Token Manager Tests › 🎯 DOM Management" name="should validate cached elements periodically" time="30.005">
      <failure>Error: expect(jest.fn()).toHaveBeenCalledWith(...expected)

Expected: StringContaining &quot;DOM validation&quot;
Received
       1: &quot;🛡️ BULLETPROOF TOKEN MANAGER: DOM elements cached&quot;, {&quot;countdown&quot;: false, &quot;getTokenBtn&quot;: true, &quot;icon&quot;: true, &quot;statusBox&quot;: true, &quot;text&quot;: true}
       2: &quot;🛡️ BULLETPROOF TOKEN MANAGER: DOM observer setup failed&quot;, [TypeError: Failed to execute &apos;observe&apos; on &apos;MutationObserver&apos;: parameter 1 is not of type &apos;Node&apos;.]
       3: &quot;🛡️ BULLETPROOF TOKEN MANAGER: Emergency fallback timer started&quot;

Number of calls: 4
    at /Users/cmuir/P1Import-apps/P1-import-Subsystem/test/unit/bulletproof-token-manager.test.js:338:42
    at Timeout.task [as _onTimeout] (/Users/cmuir/P1Import-apps/P1-import-Subsystem/node_modules/jsdom/lib/jsdom/browser/Window.js:579:19)
    at listOnTimeout (node:internal/timers:588:17)
    at processTimers (node:internal/timers:523:7)</failure>
      <failure>Error: thrown: &quot;Exceeded timeout of 30000 ms for a test while waiting for `done()` to be called.
Add a timeout value to this test to increase the timeout, if this is a long-running test. See https://jestjs.io/docs/api#testname-fn-timeout.&quot;
    at /Users/cmuir/P1Import-apps/P1-import-Subsystem/test/unit/bulletproof-token-manager.test.js:325:9
    at _dispatchDescribe (/Users/cmuir/P1Import-apps/P1-import-Subsystem/node_modules/jest-circus/build/jestAdapterInit.js:604:26)
    at describe (/Users/cmuir/P1Import-apps/P1-import-Subsystem/node_modules/jest-circus/build/jestAdapterInit.js:572:44)
    at /Users/cmuir/P1Import-apps/P1-import-Subsystem/test/unit/bulletproof-token-manager.test.js:279:5
    at _dispatchDescribe (/Users/cmuir/P1Import-apps/P1-import-Subsystem/node_modules/jest-circus/build/jestAdapterInit.js:604:26)
    at describe (/Users/cmuir/P1Import-apps/P1-import-Subsystem/node_modules/jest-circus/build/jestAdapterInit.js:572:44)
    at /Users/cmuir/P1Import-apps/P1-import-Subsystem/test/unit/bulletproof-token-manager.test.js:128:1
    at SourceTextModule.evaluate (node:internal/vm/module:227:23)
    at Runtime.linkAndEvaluateModule (/Users/cmuir/P1Import-apps/P1-import-Subsystem/node_modules/jest-runtime/build/index.js:684:20)
    at processTicksAndRejections (node:internal/process/task_queues:105:5)
    at jestAdapter (/Users/cmuir/P1Import-apps/P1-import-Subsystem/node_modules/jest-circus/build/runner.js:93:5)
    at runTestInternal (/Users/cmuir/P1Import-apps/P1-import-Subsystem/node_modules/jest-runner/build/testWorker.js:275:16)
    at runTest (/Users/cmuir/P1Import-apps/P1-import-Subsystem/node_modules/jest-runner/build/testWorker.js:343:7)
    at Object.worker (/Users/cmuir/P1Import-apps/P1-import-Subsystem/node_modules/jest-runner/build/testWorker.js:497:12)</failure>
    </testcase>
    <testcase classname="🛡️ Bulletproof Token Manager Tests › ⚡ Real-time Updates" name="should format time correctly" time="0.005">
    </testcase>
    <testcase classname="🛡️ Bulletproof Token Manager Tests › ⚡ Real-time Updates" name="should update token display with time remaining" time="0.004">
      <failure>Error: expect(received).toContain(expected) // indexOf

Expected substring: &quot;Expires in&quot;
Received string:    &quot;Token loading...&quot;
    at Object.&lt;anonymous&gt; (/Users/cmuir/P1Import-apps/P1-import-Subsystem/test/unit/bulletproof-token-manager.test.js:382:44)
    at Promise.finally.completed (/Users/cmuir/P1Import-apps/P1-import-Subsystem/node_modules/jest-circus/build/jestAdapterInit.js:1559:28)
    at new Promise (&lt;anonymous&gt;)
    at callAsyncCircusFn (/Users/cmuir/P1Import-apps/P1-import-Subsystem/node_modules/jest-circus/build/jestAdapterInit.js:1499:10)
    at _callCircusTest (/Users/cmuir/P1Import-apps/P1-import-Subsystem/node_modules/jest-circus/build/jestAdapterInit.js:1009:40)
    at _runTest (/Users/cmuir/P1Import-apps/P1-import-Subsystem/node_modules/jest-circus/build/jestAdapterInit.js:949:3)
    at _runTestsForDescribeBlock (/Users/cmuir/P1Import-apps/P1-import-Subsystem/node_modules/jest-circus/build/jestAdapterInit.js:839:13)
    at _runTestsForDescribeBlock (/Users/cmuir/P1Import-apps/P1-import-Subsystem/node_modules/jest-circus/build/jestAdapterInit.js:829:11)
    at _runTestsForDescribeBlock (/Users/cmuir/P1Import-apps/P1-import-Subsystem/node_modules/jest-circus/build/jestAdapterInit.js:829:11)
    at run (/Users/cmuir/P1Import-apps/P1-import-Subsystem/node_modules/jest-circus/build/jestAdapterInit.js:757:3)
    at runAndTransformResultsToJestFormat (/Users/cmuir/P1Import-apps/P1-import-Subsystem/node_modules/jest-circus/build/jestAdapterInit.js:1920:21)
    at jestAdapter (/Users/cmuir/P1Import-apps/P1-import-Subsystem/node_modules/jest-circus/build/runner.js:101:19)
    at runTestInternal (/Users/cmuir/P1Import-apps/P1-import-Subsystem/node_modules/jest-runner/build/testWorker.js:275:16)
    at runTest (/Users/cmuir/P1Import-apps/P1-import-Subsystem/node_modules/jest-runner/build/testWorker.js:343:7)
    at Object.worker (/Users/cmuir/P1Import-apps/P1-import-Subsystem/node_modules/jest-runner/build/testWorker.js:497:12)</failure>
    </testcase>
    <testcase classname="🛡️ Bulletproof Token Manager Tests › ⚡ Real-time Updates" name="should show expired status for expired tokens" time="0.005">
      <failure>Error: expect(received).toContain(expected) // indexOf

Expected substring: &quot;Token expired&quot;
Received string:    &quot;Token loading...&quot;
    at Object.&lt;anonymous&gt; (/Users/cmuir/P1Import-apps/P1-import-Subsystem/test/unit/bulletproof-token-manager.test.js:397:44)
    at Promise.finally.completed (/Users/cmuir/P1Import-apps/P1-import-Subsystem/node_modules/jest-circus/build/jestAdapterInit.js:1559:28)
    at new Promise (&lt;anonymous&gt;)
    at callAsyncCircusFn (/Users/cmuir/P1Import-apps/P1-import-Subsystem/node_modules/jest-circus/build/jestAdapterInit.js:1499:10)
    at _callCircusTest (/Users/cmuir/P1Import-apps/P1-import-Subsystem/node_modules/jest-circus/build/jestAdapterInit.js:1009:40)
    at _runTest (/Users/cmuir/P1Import-apps/P1-import-Subsystem/node_modules/jest-circus/build/jestAdapterInit.js:949:3)
    at _runTestsForDescribeBlock (/Users/cmuir/P1Import-apps/P1-import-Subsystem/node_modules/jest-circus/build/jestAdapterInit.js:839:13)
    at _runTestsForDescribeBlock (/Users/cmuir/P1Import-apps/P1-import-Subsystem/node_modules/jest-circus/build/jestAdapterInit.js:829:11)
    at _runTestsForDescribeBlock (/Users/cmuir/P1Import-apps/P1-import-Subsystem/node_modules/jest-circus/build/jestAdapterInit.js:829:11)
    at run (/Users/cmuir/P1Import-apps/P1-import-Subsystem/node_modules/jest-circus/build/jestAdapterInit.js:757:3)
    at runAndTransformResultsToJestFormat (/Users/cmuir/P1Import-apps/P1-import-Subsystem/node_modules/jest-circus/build/jestAdapterInit.js:1920:21)
    at jestAdapter (/Users/cmuir/P1Import-apps/P1-import-Subsystem/node_modules/jest-circus/build/runner.js:101:19)
    at runTestInternal (/Users/cmuir/P1Import-apps/P1-import-Subsystem/node_modules/jest-runner/build/testWorker.js:275:16)
    at runTest (/Users/cmuir/P1Import-apps/P1-import-Subsystem/node_modules/jest-runner/build/testWorker.js:343:7)
    at Object.worker (/Users/cmuir/P1Import-apps/P1-import-Subsystem/node_modules/jest-runner/build/testWorker.js:497:12)</failure>
    </testcase>
    <testcase classname="🛡️ Bulletproof Token Manager Tests › ⚡ Real-time Updates" name="should show no token status when token is missing" time="0.004">
      <failure>Error: expect(received).toContain(expected) // indexOf

Expected substring: &quot;No token&quot;
Received string:    &quot;Token loading...&quot;
    at Object.&lt;anonymous&gt; (/Users/cmuir/P1Import-apps/P1-import-Subsystem/test/unit/bulletproof-token-manager.test.js:410:44)
    at Promise.finally.completed (/Users/cmuir/P1Import-apps/P1-import-Subsystem/node_modules/jest-circus/build/jestAdapterInit.js:1559:28)
    at new Promise (&lt;anonymous&gt;)
    at callAsyncCircusFn (/Users/cmuir/P1Import-apps/P1-import-Subsystem/node_modules/jest-circus/build/jestAdapterInit.js:1499:10)
    at _callCircusTest (/Users/cmuir/P1Import-apps/P1-import-Subsystem/node_modules/jest-circus/build/jestAdapterInit.js:1009:40)
    at _runTest (/Users/cmuir/P1Import-apps/P1-import-Subsystem/node_modules/jest-circus/build/jestAdapterInit.js:949:3)
    at _runTestsForDescribeBlock (/Users/cmuir/P1Import-apps/P1-import-Subsystem/node_modules/jest-circus/build/jestAdapterInit.js:839:13)
    at _runTestsForDescribeBlock (/Users/cmuir/P1Import-apps/P1-import-Subsystem/node_modules/jest-circus/build/jestAdapterInit.js:829:11)
    at _runTestsForDescribeBlock (/Users/cmuir/P1Import-apps/P1-import-Subsystem/node_modules/jest-circus/build/jestAdapterInit.js:829:11)
    at run (/Users/cmuir/P1Import-apps/P1-import-Subsystem/node_modules/jest-circus/build/jestAdapterInit.js:757:3)
    at runAndTransformResultsToJestFormat (/Users/cmuir/P1Import-apps/P1-import-Subsystem/node_modules/jest-circus/build/jestAdapterInit.js:1920:21)
    at jestAdapter (/Users/cmuir/P1Import-apps/P1-import-Subsystem/node_modules/jest-circus/build/runner.js:101:19)
    at runTestInternal (/Users/cmuir/P1Import-apps/P1-import-Subsystem/node_modules/jest-runner/build/testWorker.js:275:16)
    at runTest (/Users/cmuir/P1Import-apps/P1-import-Subsystem/node_modules/jest-runner/build/testWorker.js:343:7)
    at Object.worker (/Users/cmuir/P1Import-apps/P1-import-Subsystem/node_modules/jest-runner/build/testWorker.js:497:12)</failure>
    </testcase>
    <testcase classname="🛡️ Bulletproof Token Manager Tests › 🔄 Error Handling and Recovery" name="should isolate errors in token info retrieval" time="0.004">
    </testcase>
    <testcase classname="🛡️ Bulletproof Token Manager Tests › 🔄 Error Handling and Recovery" name="should isolate errors in DOM updates" time="0.004">
    </testcase>
    <testcase classname="🛡️ Bulletproof Token Manager Tests › 🔄 Error Handling and Recovery" name="should recover from DOM element removal" time="0.004">
      <failure>Error: expect(received).toContain(expected) // indexOf

Expected substring: &quot;Expires in&quot;
Received string:    &quot;
                    🔑
                    Token loading...
                &quot;
    at Object.&lt;anonymous&gt; (/Users/cmuir/P1Import-apps/P1-import-Subsystem/test/unit/bulletproof-token-manager.test.js:454:43)
    at Promise.finally.completed (/Users/cmuir/P1Import-apps/P1-import-Subsystem/node_modules/jest-circus/build/jestAdapterInit.js:1559:28)
    at new Promise (&lt;anonymous&gt;)
    at callAsyncCircusFn (/Users/cmuir/P1Import-apps/P1-import-Subsystem/node_modules/jest-circus/build/jestAdapterInit.js:1499:10)
    at _callCircusTest (/Users/cmuir/P1Import-apps/P1-import-Subsystem/node_modules/jest-circus/build/jestAdapterInit.js:1009:40)
    at _runTest (/Users/cmuir/P1Import-apps/P1-import-Subsystem/node_modules/jest-circus/build/jestAdapterInit.js:949:3)
    at _runTestsForDescribeBlock (/Users/cmuir/P1Import-apps/P1-import-Subsystem/node_modules/jest-circus/build/jestAdapterInit.js:839:13)
    at _runTestsForDescribeBlock (/Users/cmuir/P1Import-apps/P1-import-Subsystem/node_modules/jest-circus/build/jestAdapterInit.js:829:11)
    at _runTestsForDescribeBlock (/Users/cmuir/P1Import-apps/P1-import-Subsystem/node_modules/jest-circus/build/jestAdapterInit.js:829:11)
    at run (/Users/cmuir/P1Import-apps/P1-import-Subsystem/node_modules/jest-circus/build/jestAdapterInit.js:757:3)
    at runAndTransformResultsToJestFormat (/Users/cmuir/P1Import-apps/P1-import-Subsystem/node_modules/jest-circus/build/jestAdapterInit.js:1920:21)
    at jestAdapter (/Users/cmuir/P1Import-apps/P1-import-Subsystem/node_modules/jest-circus/build/runner.js:101:19)
    at runTestInternal (/Users/cmuir/P1Import-apps/P1-import-Subsystem/node_modules/jest-runner/build/testWorker.js:275:16)
    at runTest (/Users/cmuir/P1Import-apps/P1-import-Subsystem/node_modules/jest-runner/build/testWorker.js:343:7)
    at Object.worker (/Users/cmuir/P1Import-apps/P1-import-Subsystem/node_modules/jest-runner/build/testWorker.js:497:12)</failure>
    </testcase>
    <testcase classname="🛡️ Bulletproof Token Manager Tests › 🔄 Error Handling and Recovery" name="should handle multiple simultaneous errors gracefully" time="0.004">
      <failure>Error: expect(jest.fn()).toHaveBeenCalledWith(...expected)

Expected: StringContaining &quot;emergency fallback&quot;

Number of calls: 0
    at Object.&lt;anonymous&gt; (/Users/cmuir/P1Import-apps/P1-import-Subsystem/test/unit/bulletproof-token-manager.test.js:480:37)
    at Promise.finally.completed (/Users/cmuir/P1Import-apps/P1-import-Subsystem/node_modules/jest-circus/build/jestAdapterInit.js:1559:28)
    at new Promise (&lt;anonymous&gt;)
    at callAsyncCircusFn (/Users/cmuir/P1Import-apps/P1-import-Subsystem/node_modules/jest-circus/build/jestAdapterInit.js:1499:10)
    at _callCircusTest (/Users/cmuir/P1Import-apps/P1-import-Subsystem/node_modules/jest-circus/build/jestAdapterInit.js:1009:40)
    at _runTest (/Users/cmuir/P1Import-apps/P1-import-Subsystem/node_modules/jest-circus/build/jestAdapterInit.js:949:3)
    at _runTestsForDescribeBlock (/Users/cmuir/P1Import-apps/P1-import-Subsystem/node_modules/jest-circus/build/jestAdapterInit.js:839:13)
    at _runTestsForDescribeBlock (/Users/cmuir/P1Import-apps/P1-import-Subsystem/node_modules/jest-circus/build/jestAdapterInit.js:829:11)
    at _runTestsForDescribeBlock (/Users/cmuir/P1Import-apps/P1-import-Subsystem/node_modules/jest-circus/build/jestAdapterInit.js:829:11)
    at run (/Users/cmuir/P1Import-apps/P1-import-Subsystem/node_modules/jest-circus/build/jestAdapterInit.js:757:3)
    at runAndTransformResultsToJestFormat (/Users/cmuir/P1Import-apps/P1-import-Subsystem/node_modules/jest-circus/build/jestAdapterInit.js:1920:21)
    at jestAdapter (/Users/cmuir/P1Import-apps/P1-import-Subsystem/node_modules/jest-circus/build/runner.js:101:19)
    at runTestInternal (/Users/cmuir/P1Import-apps/P1-import-Subsystem/node_modules/jest-runner/build/testWorker.js:275:16)
    at runTest (/Users/cmuir/P1Import-apps/P1-import-Subsystem/node_modules/jest-runner/build/testWorker.js:343:7)
    at Object.worker (/Users/cmuir/P1Import-apps/P1-import-Subsystem/node_modules/jest-runner/build/testWorker.js:497:12)</failure>
    </testcase>
    <testcase classname="🛡️ Bulletproof Token Manager Tests › 🧹 Memory Management and Cleanup" name="should clean up resources on destroy" time="0.004">
    </testcase>
    <testcase classname="🛡️ Bulletproof Token Manager Tests › 🧹 Memory Management and Cleanup" name="should handle destroy with no active resources" time="0.004">
    </testcase>
    <testcase classname="🛡️ Bulletproof Token Manager Tests › 🧹 Memory Management and Cleanup" name="should prevent memory leaks from intervals" time="0.305">
    </testcase>
    <testcase classname="🛡️ Bulletproof Token Manager Tests › 🎭 Edge Cases and Stress Tests" name="should handle rapid consecutive updates" time="0.008">
    </testcase>
    <testcase classname="🛡️ Bulletproof Token Manager Tests › 🎭 Edge Cases and Stress Tests" name="should handle DOM mutations during updates" time="0.004">
    </testcase>
    <testcase classname="🛡️ Bulletproof Token Manager Tests › 🎭 Edge Cases and Stress Tests" name="should handle invalid token data gracefully" time="0.003">
    </testcase>
    <testcase classname="🛡️ Bulletproof Token Manager Tests › 🎭 Edge Cases and Stress Tests" name="should handle localStorage corruption" time="0.003">
    </testcase>
    <testcase classname="🛡️ Bulletproof Token Manager Tests › 🔧 Integration Tests" name="should work with real DOM mutations" time="0.109">
    </testcase>
    <testcase classname="🛡️ Bulletproof Token Manager Tests › 🔧 Integration Tests" name="should integrate with app cleanup lifecycle" time="0.003">
    </testcase>
    <testcase classname="🛡️ Bulletproof Token Manager Static Tests" name="should export createBulletproofTokenManager function" time="0">
    </testcase>
    <testcase classname="🛡️ Bulletproof Token Manager Static Tests" name="should handle module import errors gracefully" time="0">
    </testcase>
  </testsuite>
</testsuites>